338: ufs_model_gfs.x    0000000000447BCA  Unknown               Unknown  Unknown
338: ufs_model_gfs.x    0000000000D51C38  Unknown               Unknown  Unknown
338: ufs_model_gfs.x    0000000000D51BA6  Unknown               Unknown  Unknown
338: ufs_model_gfs.x    0000000000D5067C  Unknown               Unknown  Unknown
338: ufs_model_gfs.x    0000000000B937FE  Unknown               Unknown  Unknown
338: ufs_model_gfs.x    0000000000444BEF  Unknown               Unknown  Unknown
338: ufs_model_gfs.x    0000000000FE7855  Unknown               Unknown  Unknown
338: ufs_model_gfs.x    0000000000FEC0FF  Unknown               Unknown  Unknown
338: ufs_model_gfs.x    0000000000C9628A  Unknown               Unknown  Unknown
338: ufs_model_gfs.x    0000000000CB7D0F  Unknown               Unknown  Unknown
338: ufs_model_gfs.x    0000000000FE92FA  Unknown               Unknown  Unknown
338: ufs_model_gfs.x    0000000000A18F00  Unknown               Unknown  Unknown
338: ufs_model_gfs.x    0000000000736BE1  Unknown               Unknown  Unknown
338: ufs_model_gfs.x    0000000000436749  MAIN__                    409  UFS.F90
338: ufs_model_gfs.x    000000000043549D  Unknown               Unknown  Unknown
338: libc.so.6          0000153F1EDEAEEC  Unknown               Unknown  Unknown
338: libc.so.6          0000153F1EDEAFB5  __libc_start_main     Unknown  Unknown
338: ufs_model_gfs.x    00000000004353A1  Unknown               Unknown  Unknown
323: forrtl: error (78): process killed (SIGTERM)
323: Image              PC                Routine            Line        Source             
323: libc.so.6          0000151993401980  Unknown               Unknown  Unknown
323: libc.so.6          00001519934BE1E7  __sched_yield         Unknown  Unknown
323: libmpi_intel.so.1  000015199435C815  Unknown               Unknown  Unknown
323: libmpi_intel.so.1  0000151994399335  Unknown               Unknown  Unknown
323: libmpi_intel.so.1  0000151994399B31  MPI_Waitall           Unknown  Unknown
323: libmpifort_intel.  0000151996D5383E  pmpi_waitall          Unknown  Unknown
323: ufs_model_gfs.x    00000000064198FF  ice_boundary_mp_i        3071  ice_boundary.F90
323: ufs_model_gfs.x    000000000630A2DD  ice_state_mp_boun         253  ice_state.F90
323: ufs_model_gfs.x    00000000065ED409  ice_transport_dri         578  ice_transport_driver.F90
323: ufs_model_gfs.x    00000000066BE8EE  ice_step_mod_mp_s        1047  ice_step_mod.F90
323: ufs_model_gfs.x    000000000648DFC0  cice_runmod_mp_ci         270  CICE_RunMod.F90
323: ufs_model_gfs.x    00000000060F8F68  ice_comp_nuopc_mp        1273  ice_comp_nuopc.F90
323: ufs_model_gfs.x    0000000000D51C38  Unknown               Unknown  Unknown
323: ufs_model_gfs.x    0000000000D51BA6  Unknown               Unknown  Unknown
323: ufs_model_gfs.x    0000000000D5067C  Unknown               Unknown  Unknown
323: ufs_model_gfs.x    0000000000B937FE  Unknown               Unknown  Unknown
323: ufs_model_gfs.x    0000000006AC85DA  Unknown               Unknown  Unknown
323: ufs_model_gfs.x    0000000000FE7855  Unknown               Unknown  Unknown
323: ufs_model_gfs.x    0000000000FEC0FF  Unknown               Unknown  Unknown
323: ufs_model_gfs.x    0000000000C9649A  Unknown               Unknown  Unknown
323: ufs_model_gfs.x    0000000000CB7D0F  Unknown               Unknown  Unknown
323: ufs_model_gfs.x    0000000000FE92FA  Unknown               Unknown  Unknown
323: ufs_model_gfs.x    0000000000A18F00  Unknown               Unknown  Unknown
323: ufs_model_gfs.x    0000000000736BE1  Unknown               Unknown  Unknown
323: ufs_model_gfs.x    0000000000448377  Unknown               Unknown  Unknown
323: ufs_model_gfs.x    0000000000447BCA  Unknown               Unknown  Unknown
323: ufs_model_gfs.x    0000000000D51C38  Unknown               Unknown  Unknown
323: ufs_model_gfs.x    0000000000D51BA6  Unknown               Unknown  Unknown
323: ufs_model_gfs.x    0000000000D5067C  Unknown               Unknown  Unknown
323: ufs_model_gfs.x    0000000000B937FE  Unknown               Unknown  Unknown
323: ufs_model_gfs.x    0000000000444BEF  Unknown               Unknown  Unknown
323: ufs_model_gfs.x    0000000000FE7855  Unknown               Unknown  Unknown
323: ufs_model_gfs.x    0000000000FEC0FF  Unknown               Unknown  Unknown
323: ufs_model_gfs.x    0000000000C9628A  Unknown               Unknown  Unknown
323: ufs_model_gfs.x    0000000000CB7D0F  Unknown               Unknown  Unknown
323: ufs_model_gfs.x    0000000000FE92FA  Unknown               Unknown  Unknown
323: ufs_model_gfs.x    0000000000A18F00  Unknown               Unknown  Unknown
323: ufs_model_gfs.x    0000000000736BE1  Unknown               Unknown  Unknown
323: ufs_model_gfs.x    0000000000436749  MAIN__                    409  UFS.F90
323: ufs_model_gfs.x    000000000043549D  Unknown               Unknown  Unknown
323: libc.so.6          00001519933EAEEC  Unknown               Unknown  Unknown
323: libc.so.6          00001519933EAFB5  __libc_start_main     Unknown  Unknown
323: ufs_model_gfs.x    00000000004353A1  Unknown               Unknown  Unknown
306: forrtl: error (78): process killed (SIGTERM)
306: Image              PC                Routine            Line        Source             
306: libc.so.6          0000149038C01980  Unknown               Unknown  Unknown
306: libc.so.6          0000149038CBE1ED  __sched_yield         Unknown  Unknown
306: libmpi_intel.so.1  0000149039B5C815  Unknown               Unknown  Unknown
306: libmpi_intel.so.1  0000149039B99335  Unknown               Unknown  Unknown
306: libmpi_intel.so.1  0000149039B99B31  MPI_Waitall           Unknown  Unknown
306: libmpifort_intel.  000014903C4C083E  pmpi_waitall          Unknown  Unknown
306: ufs_model_gfs.x    000000000642C792  ice_boundary_mp_i        4698  ice_boundary.F90
306: ufs_model_gfs.x    0000000006601CB6  ice_transport_rem         600  ice_transport_remap.F90
306: ufs_model_gfs.x    00000000065ED301  ice_transport_dri         539  ice_transport_driver.F90
306: ufs_model_gfs.x    00000000066BE8EE  ice_step_mod_mp_s        1047  ice_step_mod.F90
306: ufs_model_gfs.x    000000000648DFC0  cice_runmod_mp_ci         270  CICE_RunMod.F90
306: ufs_model_gfs.x    00000000060F8F68  ice_comp_nuopc_mp        1273  ice_comp_nuopc.F90
306: ufs_model_gfs.x    0000000000D51C38  Unknown               Unknown  Unknown
306: ufs_model_gfs.x    0000000000D51BA6  Unknown               Unknown  Unknown
306: ufs_model_gfs.x    0000000000D5067C  Unknown               Unknown  Unknown
306: ufs_model_gfs.x    0000000000B937FE  Unknown               Unknown  Unknown
306: ufs_model_gfs.x    0000000006AC85DA  Unknown               Unknown  Unknown
306: ufs_model_gfs.x    0000000000FE7855  Unknown               Unknown  Unknown
306: ufs_model_gfs.x    0000000000FEC0FF  Unknown               Unknown  Unknown
306: ufs_model_gfs.x    0000000000C9649A  Unknown               Unknown  Unknown
306: ufs_model_gfs.x    0000000000CB7D0F  Unknown               Unknown  Unknown
306: ufs_model_gfs.x    0000000000FE92FA  Unknown               Unknown  Unknown
306: ufs_model_gfs.x    0000000000A18F00  Unknown               Unknown  Unknown
306: ufs_model_gfs.x    0000000000736BE1  Unknown               Unknown  Unknown
306: ufs_model_gfs.x    0000000000448377  Unknown               Unknown  Unknown
306: ufs_model_gfs.x    0000000000447BCA  Unknown               Unknown  Unknown
306: ufs_model_gfs.x    0000000000D51C38  Unknown               Unknown  Unknown
306: ufs_model_gfs.x    0000000000D51BA6  Unknown               Unknown  Unknown
306: ufs_model_gfs.x    0000000000D5067C  Unknown               Unknown  Unknown
306: ufs_model_gfs.x    0000000000B937FE  Unknown               Unknown  Unknown
306: ufs_model_gfs.x    0000000000444BEF  Unknown               Unknown  Unknown
306: ufs_model_gfs.x    0000000000FE7855  Unknown               Unknown  Unknown
306: ufs_model_gfs.x    0000000000FEC0FF  Unknown               Unknown  Unknown
306: ufs_model_gfs.x    0000000000C9628A  Unknown               Unknown  Unknown
306: ufs_model_gfs.x    0000000000CB7D0F  Unknown               Unknown  Unknown
306: ufs_model_gfs.x    0000000000FE92FA  Unknown               Unknown  Unknown
306: ufs_model_gfs.x    0000000000A18F00  Unknown               Unknown  Unknown
306: ufs_model_gfs.x    0000000000736BE1  Unknown               Unknown  Unknown
306: ufs_model_gfs.x    0000000000436749  MAIN__                    409  UFS.F90
306: ufs_model_gfs.x    000000000043549D  Unknown               Unknown  Unknown
306: libc.so.6          0000149038BEAEEC  Unknown               Unknown  Unknown
306: libc.so.6          0000149038BEAFB5  __libc_start_main     Unknown  Unknown
306: ufs_model_gfs.x    00000000004353A1  Unknown               Unknown  Unknown
309: forrtl: error (78): process killed (SIGTERM)
309: Image              PC                Routine            Line        Source             
309: libc.so.6          000014D838C01980  Unknown               Unknown  Unknown
309: libc.so.6          000014D838CBE1E7  __sched_yield         Unknown  Unknown
309: libmpi_intel.so.1  000014D839B5C815  Unknown               Unknown  Unknown
309: libmpi_intel.so.1  000014D839B99335  Unknown               Unknown  Unknown
309: libmpi_intel.so.1  000014D839B99B31  MPI_Waitall           Unknown  Unknown
309: libmpifort_intel.  000014D83BFAC83E  pmpi_waitall          Unknown  Unknown
309: ufs_model_gfs.x    00000000064198FF  ice_boundary_mp_i        3071  ice_boundary.F90
309: ufs_model_gfs.x    0000000006601A78  ice_transport_rem         557  ice_transport_remap.F90
309: ufs_model_gfs.x    00000000065ED301  ice_transport_dri         539  ice_transport_driver.F90
309: ufs_model_gfs.x    00000000066BE8EE  ice_step_mod_mp_s        1047  ice_step_mod.F90
309: ufs_model_gfs.x    000000000648DFC0  cice_runmod_mp_ci         270  CICE_RunMod.F90
309: ufs_model_gfs.x    00000000060F8F68  ice_comp_nuopc_mp        1273  ice_comp_nuopc.F90
309: ufs_model_gfs.x    0000000000D51C38  Unknown               Unknown  Unknown
309: ufs_model_gfs.x    0000000000D51BA6  Unknown               Unknown  Unknown
309: ufs_model_gfs.x    0000000000D5067C  Unknown               Unknown  Unknown
309: ufs_model_gfs.x    0000000000B937FE  Unknown               Unknown  Unknown
309: ufs_model_gfs.x    0000000006AC85DA  Unknown               Unknown  Unknown
309: ufs_model_gfs.x    0000000000FE7855  Unknown               Unknown  Unknown
309: ufs_model_gfs.x    0000000000FEC0FF  Unknown               Unknown  Unknown
309: ufs_model_gfs.x    0000000000C9649A  Unknown               Unknown  Unknown
309: ufs_model_gfs.x    0000000000CB7D0F  Unknown               Unknown  Unknown
309: ufs_model_gfs.x    0000000000FE92FA  Unknown               Unknown  Unknown
309: ufs_model_gfs.x    0000000000A18F00  Unknown               Unknown  Unknown
309: ufs_model_gfs.x    0000000000736BE1  Unknown               Unknown  Unknown
309: ufs_model_gfs.x    0000000000448377  Unknown               Unknown  Unknown
309: ufs_model_gfs.x    0000000000447BCA  Unknown               Unknown  Unknown
309: ufs_model_gfs.x    0000000000D51C38  Unknown               Unknown  Unknown
309: ufs_model_gfs.x    0000000000D51BA6  Unknown               Unknown  Unknown
309: ufs_model_gfs.x    0000000000D5067C  Unknown               Unknown  Unknown
309: ufs_model_gfs.x    0000000000B937FE  Unknown               Unknown  Unknown
309: ufs_model_gfs.x    0000000000444BEF  Unknown               Unknown  Unknown
309: ufs_model_gfs.x    0000000000FE7855  Unknown               Unknown  Unknown
309: ufs_model_gfs.x    0000000000FEC0FF  Unknown               Unknown  Unknown
309: ufs_model_gfs.x    0000000000C9628A  Unknown               Unknown  Unknown
309: ufs_model_gfs.x    0000000000CB7D0F  Unknown               Unknown  Unknown
309: ufs_model_gfs.x    0000000000FE92FA  Unknown               Unknown  Unknown
309: ufs_model_gfs.x    0000000000A18F00  Unknown               Unknown  Unknown
309: ufs_model_gfs.x    0000000000736BE1  Unknown               Unknown  Unknown
309: ufs_model_gfs.x    0000000000436749  MAIN__                    409  UFS.F90
309: ufs_model_gfs.x    000000000043549D  Unknown               Unknown  Unknown
309: libc.so.6          000014D838BEAEEC  Unknown               Unknown  Unknown
309: libc.so.6          000014D838BEAFB5  __libc_start_main     Unknown  Unknown
309: ufs_model_gfs.x    00000000004353A1  Unknown               Unknown  Unknown
283: forrtl: error (78): process killed (SIGTERM)
283: Image              PC                Routine            Line        Source             
283: libc.so.6          0000146CE0801980  Unknown               Unknown  Unknown
283: libc.so.6          0000146CE08BE1E7  __sched_yield         Unknown  Unknown
283: libmpi_intel.so.1  0000146CE11B92AC  Unknown               Unknown  Unknown
283: libmpi_intel.so.1  0000146CE11D06BC  MPI_Probe             Unknown  Unknown
283: ufs_model_gfs.x    0000000000CAC940  Unknown               Unknown  Unknown
283: ufs_model_gfs.x    000000000101F1BA  Unknown               Unknown  Unknown
283: ufs_model_gfs.x    000000000101D613  Unknown               Unknown  Unknown
283: ufs_model_gfs.x    000000000101D613  Unknown               Unknown  Unknown
283: ufs_model_gfs.x    0000000001277EB2  Unknown               Unknown  Unknown
283: ufs_model_gfs.x    0000000001269A7F  Unknown               Unknown  Unknown
283: ufs_model_gfs.x    0000000000C260A6  Unknown               Unknown  Unknown
283: ufs_model_gfs.x    00000000009D667F  Unknown               Unknown  Unknown
283: ufs_model_gfs.x    000000000049EB2A  Unknown               Unknown  Unknown
283: ufs_model_gfs.x    0000000000FE7855  Unknown               Unknown  Unknown
283: ufs_model_gfs.x    0000000000FEC0FF  Unknown               Unknown  Unknown
283: ufs_model_gfs.x    0000000000C9628A  Unknown               Unknown  Unknown
283: ufs_model_gfs.x    0000000000CB7D0F  Unknown               Unknown  Unknown
283: ufs_model_gfs.x    0000000000FE92FA  Unknown               Unknown  Unknown
283: ufs_model_gfs.x    0000000000A18F00  Unknown               Unknown  Unknown
283: ufs_model_gfs.x    0000000000A08761  Unknown               Unknown  Unknown
283: ufs_model_gfs.x    0000000000445828  Unknown               Unknown  Unknown
283: ufs_model_gfs.x    00000000004470A6  Unknown               Unknown  Unknown
283: ufs_model_gfs.x    0000000000D51C38  Unknown               Unknown  Unknown
283: ufs_model_gfs.x    0000000000D51BA6  Unknown               Unknown  Unknown
283: ufs_model_gfs.x    0000000000D5067C  Unknown               Unknown  Unknown
283: ufs_model_gfs.x    0000000000B937FE  Unknown               Unknown  Unknown
283: ufs_model_gfs.x    0000000000444BEF  Unknown               Unknown  Unknown
283: ufs_model_gfs.x    0000000000FE7855  Unknown               Unknown  Unknown
283: ufs_model_gfs.x    0000000000FEC0FF  Unknown               Unknown  Unknown
283: ufs_model_gfs.x    0000000000C9628A  Unknown               Unknown  Unknown
283: ufs_model_gfs.x    0000000000CB7D0F  Unknown               Unknown  Unknown
283: ufs_model_gfs.x    0000000000FE92FA  Unknown               Unknown  Unknown
283: ufs_model_gfs.x    0000000000A18F00  Unknown               Unknown  Unknown
283: ufs_model_gfs.x    0000000000736BE1  Unknown               Unknown  Unknown
283: ufs_model_gfs.x    0000000000436749  MAIN__                    409  UFS.F90
283: ufs_model_gfs.x    000000000043549D  Unknown               Unknown  Unknown
283: libc.so.6          0000146CE07EAEEC  Unknown               Unknown  Unknown
283: libc.so.6          0000146CE07EAFB5  __libc_start_main     Unknown  Unknown
283: ufs_model_gfs.x    00000000004353A1  Unknown               Unknown  Unknown
310: forrtl: error (78): process killed (SIGTERM)
310: Image              PC                Routine            Line        Source             
310: libc.so.6          0000149752401980  Unknown               Unknown  Unknown
310: libc.so.6          00001497524BE1E7  __sched_yield         Unknown  Unknown
310: libmpi_intel.so.1  000014975335C815  Unknown               Unknown  Unknown
310: libmpi_intel.so.1  0000149753399335  Unknown               Unknown  Unknown
310: libmpi_intel.so.1  0000149753399B31  MPI_Waitall           Unknown  Unknown
310: libmpifort_intel.  0000149755D4183E  pmpi_waitall          Unknown  Unknown
310: ufs_model_gfs.x    00000000064198FF  ice_boundary_mp_i        3071  ice_boundary.F90
310: ufs_model_gfs.x    0000000006601A5A  ice_transport_rem         555  ice_transport_remap.F90
310: ufs_model_gfs.x    00000000065ED301  ice_transport_dri         539  ice_transport_driver.F90
310: ufs_model_gfs.x    00000000066BE8EE  ice_step_mod_mp_s        1047  ice_step_mod.F90
310: ufs_model_gfs.x    000000000648DFC0  cice_runmod_mp_ci         270  CICE_RunMod.F90
310: ufs_model_gfs.x    00000000060F8F68  ice_comp_nuopc_mp        1273  ice_comp_nuopc.F90
310: ufs_model_gfs.x    0000000000D51C38  Unknown               Unknown  Unknown
310: ufs_model_gfs.x    0000000000D51BA6  Unknown               Unknown  Unknown
310: ufs_model_gfs.x    0000000000D5067C  Unknown               Unknown  Unknown
310: ufs_model_gfs.x    0000000000B937FE  Unknown               Unknown  Unknown
310: ufs_model_gfs.x    0000000006AC85DA  Unknown               Unknown  Unknown
310: ufs_model_gfs.x    0000000000FE7855  Unknown               Unknown  Unknown
310: ufs_model_gfs.x    0000000000FEC0FF  Unknown               Unknown  Unknown
310: ufs_model_gfs.x    0000000000C9649A  Unknown               Unknown  Unknown
310: ufs_model_gfs.x    0000000000CB7D0F  Unknown               Unknown  Unknown
310: ufs_model_gfs.x    0000000000FE92FA  Unknown               Unknown  Unknown
310: ufs_model_gfs.x    0000000000A18F00  Unknown               Unknown  Unknown
310: ufs_model_gfs.x    0000000000736BE1  Unknown               Unknown  Unknown
310: ufs_model_gfs.x    0000000000448377  Unknown               Unknown  Unknown
310: ufs_model_gfs.x    0000000000447BCA  Unknown               Unknown  Unknown
310: ufs_model_gfs.x    0000000000D51C38  Unknown               Unknown  Unknown
310: ufs_model_gfs.x    0000000000D51BA6  Unknown               Unknown  Unknown
310: ufs_model_gfs.x    0000000000D5067C  Unknown               Unknown  Unknown
310: ufs_model_gfs.x    0000000000B937FE  Unknown               Unknown  Unknown
310: ufs_model_gfs.x    0000000000444BEF  Unknown               Unknown  Unknown
310: ufs_model_gfs.x    0000000000FE7855  Unknown               Unknown  Unknown
310: ufs_model_gfs.x    0000000000FEC0FF  Unknown               Unknown  Unknown
310: ufs_model_gfs.x    0000000000C9628A  Unknown               Unknown  Unknown
310: ufs_model_gfs.x    0000000000CB7D0F  Unknown               Unknown  Unknown
310: ufs_model_gfs.x    0000000000FE92FA  Unknown               Unknown  Unknown
310: ufs_model_gfs.x    0000000000A18F00  Unknown               Unknown  Unknown
310: ufs_model_gfs.x    0000000000736BE1  Unknown               Unknown  Unknown
310: ufs_model_gfs.x    0000000000436749  MAIN__                    409  UFS.F90
310: ufs_model_gfs.x    000000000043549D  Unknown               Unknown  Unknown
310: libc.so.6          00001497523EAEEC  Unknown               Unknown  Unknown
310: libc.so.6          00001497523EAFB5  __libc_start_main     Unknown  Unknown
310: ufs_model_gfs.x    00000000004353A1  Unknown               Unknown  Unknown
224: forrtl: error (78): process killed (SIGTERM)
224: Image              PC                Routine            Line        Source             
224: libc.so.6          00001498A3401980  Unknown               Unknown  Unknown
224: libc.so.6          00001498A34BE1E7  __sched_yield         Unknown  Unknown
224: libmpi_intel.so.1  00001498A3DD166D  MPI_Probe             Unknown  Unknown
224: ufs_model_gfs.x    0000000000CAC940  Unknown               Unknown  Unknown
224: ufs_model_gfs.x    000000000101F1BA  Unknown               Unknown  Unknown
224: ufs_model_gfs.x    000000000101D613  Unknown               Unknown  Unknown
224: ufs_model_gfs.x    000000000101D613  Unknown               Unknown  Unknown
224: ufs_model_gfs.x    0000000001277EB2  Unknown               Unknown  Unknown
224: ufs_model_gfs.x    0000000001269A7F  Unknown               Unknown  Unknown
224: ufs_model_gfs.x    0000000000C260A6  Unknown               Unknown  Unknown
224: ufs_model_gfs.x    00000000009D667F  Unknown               Unknown  Unknown
224: ufs_model_gfs.x    000000000049EB2A  Unknown               Unknown  Unknown
224: ufs_model_gfs.x    0000000000FE7855  Unknown               Unknown  Unknown
224: ufs_model_gfs.x    0000000000FEC0FF  Unknown               Unknown  Unknown
224: ufs_model_gfs.x    0000000000C9628A  Unknown               Unknown  Unknown
224: ufs_model_gfs.x    0000000000CB7D0F  Unknown               Unknown  Unknown
224: ufs_model_gfs.x    0000000000FE92FA  Unknown               Unknown  Unknown
224: ufs_model_gfs.x    0000000000A18F00  Unknown               Unknown  Unknown
224: ufs_model_gfs.x    0000000000A08761  Unknown               Unknown  Unknown
224: ufs_model_gfs.x    0000000000445828  Unknown               Unknown  Unknown
224: ufs_model_gfs.x    00000000004470A6  Unknown               Unknown  Unknown
224: ufs_model_gfs.x    0000000000D51C38  Unknown               Unknown  Unknown
224: ufs_model_gfs.x    0000000000D51BA6  Unknown               Unknown  Unknown
224: ufs_model_gfs.x    0000000000D5067C  Unknown               Unknown  Unknown
224: ufs_model_gfs.x    0000000000B937FE  Unknown               Unknown  Unknown
224: ufs_model_gfs.x    0000000000444BEF  Unknown               Unknown  Unknown
224: ufs_model_gfs.x    0000000000FE7855  Unknown               Unknown  Unknown
224: ufs_model_gfs.x    0000000000FEC0FF  Unknown               Unknown  Unknown
224: ufs_model_gfs.x    0000000000C9628A  Unknown               Unknown  Unknown
224: ufs_model_gfs.x    0000000000CB7D0F  Unknown               Unknown  Unknown
224: ufs_model_gfs.x    0000000000FE92FA  Unknown               Unknown  Unknown
224: ufs_model_gfs.x    0000000000A18F00  Unknown               Unknown  Unknown
224: ufs_model_gfs.x    0000000000736BE1  Unknown               Unknown  Unknown
224: ufs_model_gfs.x    0000000000436749  MAIN__                    409  UFS.F90
224: ufs_model_gfs.x    000000000043549D  Unknown               Unknown  Unknown
224: libc.so.6          00001498A33EAEEC  Unknown               Unknown  Unknown
224: libc.so.6          00001498A33EAFB5  __libc_start_main     Unknown  Unknown
224: ufs_model_gfs.x    00000000004353A1  Unknown               Unknown  Unknown
243: forrtl: error (78): process killed (SIGTERM)
243: Image              PC                Routine            Line        Source             
243: libc.so.6          000014BE55C01980  Unknown               Unknown  Unknown
243: libc.so.6          000014BE55CBE1E7  __sched_yield         Unknown  Unknown
243: libmpi_intel.so.1  000014BE565D166D  MPI_Probe             Unknown  Unknown
243: ufs_model_gfs.x    0000000000CAC940  Unknown               Unknown  Unknown
243: ufs_model_gfs.x    000000000101F1BA  Unknown               Unknown  Unknown
243: ufs_model_gfs.x    000000000101D613  Unknown               Unknown  Unknown
243: ufs_model_gfs.x    000000000101D613  Unknown               Unknown  Unknown
243: ufs_model_gfs.x    0000000001277EB2  Unknown               Unknown  Unknown
243: ufs_model_gfs.x    0000000001269A7F  Unknown               Unknown  Unknown
243: ufs_model_gfs.x    0000000000C260A6  Unknown               Unknown  Unknown
243: ufs_model_gfs.x    00000000009D667F  Unknown               Unknown  Unknown
243: ufs_model_gfs.x    000000000049EB2A  Unknown               Unknown  Unknown
243: ufs_model_gfs.x    0000000000FE7855  Unknown               Unknown  Unknown
243: ufs_model_gfs.x    0000000000FEC0FF  Unknown               Unknown  Unknown
243: ufs_model_gfs.x    0000000000C9628A  Unknown               Unknown  Unknown
243: ufs_model_gfs.x    0000000000CB7D0F  Unknown               Unknown  Unknown
243: ufs_model_gfs.x    0000000000FE92FA  Unknown               Unknown  Unknown
243: ufs_model_gfs.x    0000000000A18F00  Unknown               Unknown  Unknown
243: ufs_model_gfs.x    0000000000A08761  Unknown               Unknown  Unknown
243: ufs_model_gfs.x    0000000000445828  Unknown               Unknown  Unknown
243: ufs_model_gfs.x    00000000004470A6  Unknown               Unknown  Unknown
243: ufs_model_gfs.x    0000000000D51C38  Unknown               Unknown  Unknown
243: ufs_model_gfs.x    0000000000D51BA6  Unknown               Unknown  Unknown
243: ufs_model_gfs.x    0000000000D5067C  Unknown               Unknown  Unknown
243: ufs_model_gfs.x    0000000000B937FE  Unknown               Unknown  Unknown
243: ufs_model_gfs.x    0000000000444BEF  Unknown               Unknown  Unknown
243: ufs_model_gfs.x    0000000000FE7855  Unknown               Unknown  Unknown
243: ufs_model_gfs.x    0000000000FEC0FF  Unknown               Unknown  Unknown
243: ufs_model_gfs.x    0000000000C9628A  Unknown               Unknown  Unknown
243: ufs_model_gfs.x    0000000000CB7D0F  Unknown               Unknown  Unknown
243: ufs_model_gfs.x    0000000000FE92FA  Unknown               Unknown  Unknown
243: ufs_model_gfs.x    0000000000A18F00  Unknown               Unknown  Unknown
243: ufs_model_gfs.x    0000000000736BE1  Unknown               Unknown  Unknown
243: ufs_model_gfs.x    0000000000436749  MAIN__                    409  UFS.F90
243: ufs_model_gfs.x    000000000043549D  Unknown               Unknown  Unknown
243: libc.so.6          000014BE55BEAEEC  Unknown               Unknown  Unknown
243: libc.so.6          000014BE55BEAFB5  __libc_start_main     Unknown  Unknown
243: ufs_model_gfs.x    00000000004353A1  Unknown               Unknown  Unknown
201: forrtl: error (78): process killed (SIGTERM)
201: Image              PC                Routine            Line        Source             
201: libc.so.6          00001518CDC01980  Unknown               Unknown  Unknown
201: libfabric.so.1.25  00001518CAC8595A  Unknown               Unknown  Unknown
201: libfabric.so.1.25  00001518CAC52F8D  Unknown               Unknown  Unknown
201: libfabric.so.1.25  00001518CAC5D1E9  Unknown               Unknown  Unknown
201: libfabric.so.1.25  00001518CAC35B20  Unknown               Unknown  Unknown
201: libmpi_intel.so.1  00001518CE5B87CE  Unknown               Unknown  Unknown
201: libmpi_intel.so.1  00001518CE5D06BC  MPI_Probe             Unknown  Unknown
201: ufs_model_gfs.x    0000000000CAC940  Unknown               Unknown  Unknown
201: ufs_model_gfs.x    000000000101F1BA  Unknown               Unknown  Unknown
201: ufs_model_gfs.x    000000000101D613  Unknown               Unknown  Unknown
201: ufs_model_gfs.x    0000000001277EB2  Unknown               Unknown  Unknown
201: ufs_model_gfs.x    0000000001269A7F  Unknown               Unknown  Unknown
201: ufs_model_gfs.x    0000000000C260A6  Unknown               Unknown  Unknown
201: ufs_model_gfs.x    00000000009D667F  Unknown               Unknown  Unknown
201: ufs_model_gfs.x    000000000303A444  ufsatm_cap_mod_mp        1603  ufsatm_cap.F90
201: ufs_model_gfs.x    0000000003038A72  ufsatm_cap_mod_mp        1440  ufsatm_cap.F90
201: ufs_model_gfs.x    0000000000D51C38  Unknown               Unknown  Unknown
201: ufs_model_gfs.x    0000000000D51BA6  Unknown               Unknown  Unknown
201: ufs_model_gfs.x    0000000000D5067C  Unknown               Unknown  Unknown
201: ufs_model_gfs.x    0000000000B937FE  Unknown               Unknown  Unknown
201: ufs_model_gfs.x    0000000006AC85DA  Unknown               Unknown  Unknown
201: ufs_model_gfs.x    0000000000FE7855  Unknown               Unknown  Unknown
201: ufs_model_gfs.x    0000000000FEC0FF  Unknown               Unknown  Unknown
201: ufs_model_gfs.x    0000000000C9628A  Unknown               Unknown  Unknown
201: ufs_model_gfs.x    0000000000CB7D0F  Unknown               Unknown  Unknown
201: ufs_model_gfs.x    0000000000FE92FA  Unknown               Unknown  Unknown
201: ufs_model_gfs.x    0000000000A18F00  Unknown               Unknown  Unknown
201: ufs_model_gfs.x    0000000000736BE1  Unknown               Unknown  Unknown
201: ufs_model_gfs.x    0000000000448377  Unknown               Unknown  Unknown
201: ufs_model_gfs.x    0000000000447BCA  Unknown               Unknown  Unknown
201: ufs_model_gfs.x    0000000000D51C38  Unknown               Unknown  Unknown
201: ufs_model_gfs.x    0000000000D51BA6  Unknown               Unknown  Unknown
201: ufs_model_gfs.x    0000000000D5067C  Unknown               Unknown  Unknown
201: ufs_model_gfs.x    0000000000B937FE  Unknown               Unknown  Unknown
201: ufs_model_gfs.x    0000000000444BEF  Unknown               Unknown  Unknown
201: ufs_model_gfs.x    0000000000FE7855  Unknown               Unknown  Unknown
201: ufs_model_gfs.x    0000000000FEC0FF  Unknown               Unknown  Unknown
201: ufs_model_gfs.x    0000000000C9628A  Unknown               Unknown  Unknown
201: ufs_model_gfs.x    0000000000CB7D0F  Unknown               Unknown  Unknown
201: ufs_model_gfs.x    0000000000FE92FA  Unknown               Unknown  Unknown
201: ufs_model_gfs.x    0000000000A18F00  Unknown               Unknown  Unknown
201: ufs_model_gfs.x    0000000000736BE1  Unknown               Unknown  Unknown
201: ufs_model_gfs.x    0000000000436749  MAIN__                    409  UFS.F90
201: ufs_model_gfs.x    000000000043549D  Unknown               Unknown  Unknown
201: libc.so.6          00001518CDBEAEEC  Unknown               Unknown  Unknown
201: libc.so.6          00001518CDBEAFB5  __libc_start_main     Unknown  Unknown
201: ufs_model_gfs.x    00000000004353A1  Unknown               Unknown  Unknown
200: forrtl: error (78): process killed (SIGTERM)
200: Image              PC                Routine            Line        Source             
200: libc.so.6          0000154F47C01980  Unknown               Unknown  Unknown
200: libc.so.6          0000154F47CBE1E7  __sched_yield         Unknown  Unknown
200: libmpi_intel.so.1  0000154F485B92AC  Unknown               Unknown  Unknown
200: libmpi_intel.so.1  0000154F485D06BC  MPI_Probe             Unknown  Unknown
200: ufs_model_gfs.x    0000000000CAC940  Unknown               Unknown  Unknown
200: ufs_model_gfs.x    000000000101F1BA  Unknown               Unknown  Unknown
200: ufs_model_gfs.x    000000000101D613  Unknown               Unknown  Unknown
200: ufs_model_gfs.x    0000000001277EB2  Unknown               Unknown  Unknown
200: ufs_model_gfs.x    0000000001269A7F  Unknown               Unknown  Unknown
200: ufs_model_gfs.x    0000000000C260A6  Unknown               Unknown  Unknown
200: ufs_model_gfs.x    00000000009D667F  Unknown               Unknown  Unknown
200: ufs_model_gfs.x    000000000303A444  ufsatm_cap_mod_mp        1603  ufsatm_cap.F90
200: ufs_model_gfs.x    0000000003038A72  ufsatm_cap_mod_mp        1440  ufsatm_cap.F90
200: ufs_model_gfs.x    0000000000D51C38  Unknown               Unknown  Unknown
200: ufs_model_gfs.x    0000000000D51BA6  Unknown               Unknown  Unknown
200: ufs_model_gfs.x    0000000000D5067C  Unknown               Unknown  Unknown
200: ufs_model_gfs.x    0000000000B937FE  Unknown               Unknown  Unknown
200: ufs_model_gfs.x    0000000006AC85DA  Unknown               Unknown  Unknown
200: ufs_model_gfs.x    0000000000FE7855  Unknown               Unknown  Unknown
200: ufs_model_gfs.x    0000000000FEC0FF  Unknown               Unknown  Unknown
200: ufs_model_gfs.x    0000000000C9628A  Unknown               Unknown  Unknown
200: ufs_model_gfs.x    0000000000CB7D0F  Unknown               Unknown  Unknown
200: ufs_model_gfs.x    0000000000FE92FA  Unknown               Unknown  Unknown
200: ufs_model_gfs.x    0000000000A18F00  Unknown               Unknown  Unknown
200: ufs_model_gfs.x    0000000000736BE1  Unknown               Unknown  Unknown
200: ufs_model_gfs.x    0000000000448377  Unknown               Unknown  Unknown
200: ufs_model_gfs.x    0000000000447BCA  Unknown               Unknown  Unknown
200: ufs_model_gfs.x    0000000000D51C38  Unknown               Unknown  Unknown
200: ufs_model_gfs.x    0000000000D51BA6  Unknown               Unknown  Unknown
200: ufs_model_gfs.x    0000000000D5067C  Unknown               Unknown  Unknown
200: ufs_model_gfs.x    0000000000B937FE  Unknown               Unknown  Unknown
200: ufs_model_gfs.x    0000000000444BEF  Unknown               Unknown  Unknown
200: ufs_model_gfs.x    0000000000FE7855  Unknown               Unknown  Unknown
200: ufs_model_gfs.x    0000000000FEC0FF  Unknown               Unknown  Unknown
200: ufs_model_gfs.x    0000000000C9628A  Unknown               Unknown  Unknown
200: ufs_model_gfs.x    0000000000CB7D0F  Unknown               Unknown  Unknown
200: ufs_model_gfs.x    0000000000FE92FA  Unknown               Unknown  Unknown
200: ufs_model_gfs.x    0000000000A18F00  Unknown               Unknown  Unknown
200: ufs_model_gfs.x    0000000000736BE1  Unknown               Unknown  Unknown
200: ufs_model_gfs.x    0000000000436749  MAIN__                    409  UFS.F90
200: ufs_model_gfs.x    000000000043549D  Unknown               Unknown  Unknown
200: libc.so.6          0000154F47BEAEEC  Unknown               Unknown  Unknown
200: libc.so.6          0000154F47BEAFB5  __libc_start_main     Unknown  Unknown
200: ufs_model_gfs.x    00000000004353A1  Unknown               Unknown  Unknown
288: forrtl: error (78): process killed (SIGTERM)
288: Image              PC                Routine            Line        Source             
288: libc.so.6          000014988EA01980  Unknown               Unknown  Unknown
288: libc.so.6          000014988EABE1E7  __sched_yield         Unknown  Unknown
288: libmpi_intel.so.1  000014988F3B92AC  Unknown               Unknown  Unknown
288: libmpi_intel.so.1  000014988F3D06BC  MPI_Probe             Unknown  Unknown
288: ufs_model_gfs.x    0000000000CAC940  Unknown               Unknown  Unknown
288: ufs_model_gfs.x    000000000101F1BA  Unknown               Unknown  Unknown
288: ufs_model_gfs.x    000000000101D613  Unknown               Unknown  Unknown
288: ufs_model_gfs.x    000000000101D613  Unknown               Unknown  Unknown
288: ufs_model_gfs.x    0000000001277EB2  Unknown               Unknown  Unknown
288: ufs_model_gfs.x    0000000001269A7F  Unknown               Unknown  Unknown
288: ufs_model_gfs.x    0000000000C260A6  Unknown               Unknown  Unknown
288: ufs_model_gfs.x    00000000009D667F  Unknown               Unknown  Unknown
288: ufs_model_gfs.x    000000000049EB2A  Unknown               Unknown  Unknown
288: ufs_model_gfs.x    0000000000FE7855  Unknown               Unknown  Unknown
288: ufs_model_gfs.x    0000000000FEC0FF  Unknown               Unknown  Unknown
288: ufs_model_gfs.x    0000000000C9628A  Unknown               Unknown  Unknown
288: ufs_model_gfs.x    0000000000CB7D0F  Unknown               Unknown  Unknown
288: ufs_model_gfs.x    0000000000FE92FA  Unknown               Unknown  Unknown
288: ufs_model_gfs.x    0000000000A18F00  Unknown               Unknown  Unknown
288: ufs_model_gfs.x    0000000000A08761  Unknown               Unknown  Unknown
288: ufs_model_gfs.x    0000000000445828  Unknown               Unknown  Unknown
288: ufs_model_gfs.x    00000000004470A6  Unknown               Unknown  Unknown
288: ufs_model_gfs.x    0000000000D51C38  Unknown               Unknown  Unknown
288: ufs_model_gfs.x    0000000000D51BA6  Unknown               Unknown  Unknown
288: ufs_model_gfs.x    0000000000D5067C  Unknown               Unknown  Unknown
288: ufs_model_gfs.x    0000000000B937FE  Unknown               Unknown  Unknown
288: ufs_model_gfs.x    0000000000444BEF  Unknown               Unknown  Unknown
288: ufs_model_gfs.x    0000000000FE7855  Unknown               Unknown  Unknown
288: ufs_model_gfs.x    0000000000FEC0FF  Unknown               Unknown  Unknown
288: ufs_model_gfs.x    0000000000C9628A  Unknown               Unknown  Unknown
288: ufs_model_gfs.x    0000000000CB7D0F  Unknown               Unknown  Unknown
288: ufs_model_gfs.x    0000000000FE92FA  Unknown               Unknown  Unknown
288: ufs_model_gfs.x    0000000000A18F00  Unknown               Unknown  Unknown
288: ufs_model_gfs.x    0000000000736BE1  Unknown               Unknown  Unknown
288: ufs_model_gfs.x    0000000000436749  MAIN__                    409  UFS.F90
288: ufs_model_gfs.x    000000000043549D  Unknown               Unknown  Unknown
288: libc.so.6          000014988E9EAEEC  Unknown               Unknown  Unknown
288: libc.so.6          000014988E9EAFB5  __libc_start_main     Unknown  Unknown
288: ufs_model_gfs.x    00000000004353A1  Unknown               Unknown  Unknown
339: forrtl: error (78): process killed (SIGTERM)
339: Image              PC                Routine            Line        Source             
339: libc.so.6          00001525CDC01980  Unknown               Unknown  Unknown
339: libc.so.6          00001525CDCBE1E7  __sched_yield         Unknown  Unknown
339: libmpi_intel.so.1  00001525CEB5C815  Unknown               Unknown  Unknown
339: libmpi_intel.so.1  00001525CEB99335  Unknown               Unknown  Unknown
339: libmpi_intel.so.1  00001525CEB99B31  MPI_Waitall           Unknown  Unknown
339: libmpifort_intel.  00001525D153883E  pmpi_waitall          Unknown  Unknown
339: ufs_model_gfs.x    00000000064198FF  ice_boundary_mp_i        3071  ice_boundary.F90
339: ufs_model_gfs.x    0000000006601A96  ice_transport_rem         559  ice_transport_remap.F90
339: ufs_model_gfs.x    00000000065ED301  ice_transport_dri         539  ice_transport_driver.F90
339: ufs_model_gfs.x    00000000066BE8EE  ice_step_mod_mp_s        1047  ice_step_mod.F90
339: ufs_model_gfs.x    000000000648DFC0  cice_runmod_mp_ci         270  CICE_RunMod.F90
339: ufs_model_gfs.x    00000000060F8F68  ice_comp_nuopc_mp        1273  ice_comp_nuopc.F90
339: ufs_model_gfs.x    0000000000D51C38  Unknown               Unknown  Unknown
339: ufs_model_gfs.x    0000000000D51BA6  Unknown               Unknown  Unknown
339: ufs_model_gfs.x    0000000000D5067C  Unknown               Unknown  Unknown
339: ufs_model_gfs.x    0000000000B937FE  Unknown               Unknown  Unknown
339: ufs_model_gfs.x    0000000006AC85DA  Unknown               Unknown  Unknown
339: ufs_model_gfs.x    0000000000FE7855  Unknown               Unknown  Unknown
339: ufs_model_gfs.x    0000000000FEC0FF  Unknown               Unknown  Unknown
339: ufs_model_gfs.x    0000000000C9649A  Unknown               Unknown  Unknown
339: ufs_model_gfs.x    0000000000CB7D0F  Unknown               Unknown  Unknown
339: ufs_model_gfs.x    0000000000FE92FA  Unknown               Unknown  Unknown
339: ufs_model_gfs.x    0000000000A18F00  Unknown               Unknown  Unknown
339: ufs_model_gfs.x    0000000000736BE1  Unknown               Unknown  Unknown
339: ufs_model_gfs.x    0000000000448377  Unknown               Unknown  Unknown
339: ufs_model_gfs.x    0000000000447BCA  Unknown               Unknown  Unknown
339: ufs_model_gfs.x    0000000000D51C38  Unknown               Unknown  Unknown
339: ufs_model_gfs.x    0000000000D51BA6  Unknown               Unknown  Unknown
339: ufs_model_gfs.x    0000000000D5067C  Unknown               Unknown  Unknown
339: ufs_model_gfs.x    0000000000B937FE  Unknown               Unknown  Unknown
339: ufs_model_gfs.x    0000000000444BEF  Unknown               Unknown  Unknown
339: ufs_model_gfs.x    0000000000FE7855  Unknown               Unknown  Unknown
339: ufs_model_gfs.x    0000000000FEC0FF  Unknown               Unknown  Unknown
339: ufs_model_gfs.x    0000000000C9628A  Unknown               Unknown  Unknown
339: ufs_model_gfs.x    0000000000CB7D0F  Unknown               Unknown  Unknown
339: ufs_model_gfs.x    0000000000FE92FA  Unknown               Unknown  Unknown
339: ufs_model_gfs.x    0000000000A18F00  Unknown               Unknown  Unknown
339: ufs_model_gfs.x    0000000000736BE1  Unknown               Unknown  Unknown
339: ufs_model_gfs.x    0000000000436749  MAIN__                    409  UFS.F90
339: ufs_model_gfs.x    000000000043549D  Unknown               Unknown  Unknown
339: libc.so.6          00001525CDBEAEEC  Unknown               Unknown  Unknown
339: libc.so.6          00001525CDBEAFB5  __libc_start_main     Unknown  Unknown
339: ufs_model_gfs.x    00000000004353A1  Unknown               Unknown  Unknown
196: forrtl: error (78): process killed (SIGTERM)
196: Image              PC                Routine            Line        Source             
196: libc.so.6          000014C54CE01980  Unknown               Unknown  Unknown
196: libc.so.6          000014C54CEBE1E7  __sched_yield         Unknown  Unknown
196: libmpi_intel.so.1  000014C54D7D166D  MPI_Probe             Unknown  Unknown
196: ufs_model_gfs.x    0000000000CAC940  Unknown               Unknown  Unknown
196: ufs_model_gfs.x    000000000101F1BA  Unknown               Unknown  Unknown
196: ufs_model_gfs.x    000000000101D613  Unknown               Unknown  Unknown
196: ufs_model_gfs.x    0000000001277EB2  Unknown               Unknown  Unknown
196: ufs_model_gfs.x    0000000001269A7F  Unknown               Unknown  Unknown
196: ufs_model_gfs.x    0000000000C260A6  Unknown               Unknown  Unknown
196: ufs_model_gfs.x    00000000009D667F  Unknown               Unknown  Unknown
196: ufs_model_gfs.x    000000000303A444  ufsatm_cap_mod_mp        1603  ufsatm_cap.F90
196: ufs_model_gfs.x    0000000003038A72  ufsatm_cap_mod_mp        1440  ufsatm_cap.F90
196: ufs_model_gfs.x    0000000000D51C38  Unknown               Unknown  Unknown
196: ufs_model_gfs.x    0000000000D51BA6  Unknown               Unknown  Unknown
196: ufs_model_gfs.x    0000000000D5067C  Unknown               Unknown  Unknown
196: ufs_model_gfs.x    0000000000B937FE  Unknown               Unknown  Unknown
196: ufs_model_gfs.x    0000000006AC85DA  Unknown               Unknown  Unknown
196: ufs_model_gfs.x    0000000000FE7855  Unknown               Unknown  Unknown
196: ufs_model_gfs.x    0000000000FEC0FF  Unknown               Unknown  Unknown
196: ufs_model_gfs.x    0000000000C9628A  Unknown               Unknown  Unknown
196: ufs_model_gfs.x    0000000000CB7D0F  Unknown               Unknown  Unknown
196: ufs_model_gfs.x    0000000000FE92FA  Unknown               Unknown  Unknown
196: ufs_model_gfs.x    0000000000A18F00  Unknown               Unknown  Unknown
196: ufs_model_gfs.x    0000000000736BE1  Unknown               Unknown  Unknown
196: ufs_model_gfs.x    0000000000448377  Unknown               Unknown  Unknown
196: ufs_model_gfs.x    0000000000447BCA  Unknown               Unknown  Unknown
196: ufs_model_gfs.x    0000000000D51C38  Unknown               Unknown  Unknown
196: ufs_model_gfs.x    0000000000D51BA6  Unknown               Unknown  Unknown
196: ufs_model_gfs.x    0000000000D5067C  Unknown               Unknown  Unknown
196: ufs_model_gfs.x    0000000000B937FE  Unknown               Unknown  Unknown
196: ufs_model_gfs.x    0000000000444BEF  Unknown               Unknown  Unknown
196: ufs_model_gfs.x    0000000000FE7855  Unknown               Unknown  Unknown
196: ufs_model_gfs.x    0000000000FEC0FF  Unknown               Unknown  Unknown
196: ufs_model_gfs.x    0000000000C9628A  Unknown               Unknown  Unknown
196: ufs_model_gfs.x    0000000000CB7D0F  Unknown               Unknown  Unknown
196: ufs_model_gfs.x    0000000000FE92FA  Unknown               Unknown  Unknown
196: ufs_model_gfs.x    0000000000A18F00  Unknown               Unknown  Unknown
196: ufs_model_gfs.x    0000000000736BE1  Unknown               Unknown  Unknown
196: ufs_model_gfs.x    0000000000436749  MAIN__                    409  UFS.F90
196: ufs_model_gfs.x    000000000043549D  Unknown               Unknown  Unknown
196: libc.so.6          000014C54CDEAEEC  Unknown               Unknown  Unknown
196: libc.so.6          000014C54CDEAFB5  __libc_start_main     Unknown  Unknown
196: ufs_model_gfs.x    00000000004353A1  Unknown               Unknown  Unknown
301: forrtl: error (78): process killed (SIGTERM)
301: Image              PC                Routine            Line        Source             
301: libc.so.6          000014A0EEA01980  Unknown               Unknown  Unknown
301: libfabric.so.1.25  000014A0EBA742C1  Unknown               Unknown  Unknown
301: libfabric.so.1.25  000014A0EBA65377  Unknown               Unknown  Unknown
301: libmpi_intel.so.1  000014A0EF3B841E  Unknown               Unknown  Unknown
301: libmpi_intel.so.1  000014A0EF3D06BC  MPI_Probe             Unknown  Unknown
301: ufs_model_gfs.x    0000000000CAC940  Unknown               Unknown  Unknown
301: ufs_model_gfs.x    000000000101F1BA  Unknown               Unknown  Unknown
301: ufs_model_gfs.x    000000000101D613  Unknown               Unknown  Unknown
301: ufs_model_gfs.x    000000000101D613  Unknown               Unknown  Unknown
301: ufs_model_gfs.x    0000000001277EB2  Unknown               Unknown  Unknown
301: ufs_model_gfs.x    0000000001269A7F  Unknown               Unknown  Unknown
301: ufs_model_gfs.x    0000000000C260A6  Unknown               Unknown  Unknown
301: ufs_model_gfs.x    00000000009D667F  Unknown               Unknown  Unknown
301: ufs_model_gfs.x    000000000049EB2A  Unknown               Unknown  Unknown
301: ufs_model_gfs.x    0000000000FE7855  Unknown               Unknown  Unknown
301: ufs_model_gfs.x    0000000000FEC0FF  Unknown               Unknown  Unknown
301: ufs_model_gfs.x    0000000000C9628A  Unknown               Unknown  Unknown
301: ufs_model_gfs.x    0000000000CB7D0F  Unknown               Unknown  Unknown
301: ufs_model_gfs.x    0000000000FE92FA  Unknown               Unknown  Unknown
301: ufs_model_gfs.x    0000000000A18F00  Unknown               Unknown  Unknown
301: ufs_model_gfs.x    0000000000A08761  Unknown               Unknown  Unknown
301: ufs_model_gfs.x    0000000000445828  Unknown               Unknown  Unknown
301: ufs_model_gfs.x    00000000004470A6  Unknown               Unknown  Unknown
301: ufs_model_gfs.x    0000000000D51C38  Unknown               Unknown  Unknown
301: ufs_model_gfs.x    0000000000D51BA6  Unknown               Unknown  Unknown
301: ufs_model_gfs.x    0000000000D5067C  Unknown               Unknown  Unknown
301: ufs_model_gfs.x    0000000000B937FE  Unknown               Unknown  Unknown
301: ufs_model_gfs.x    0000000000444BEF  Unknown               Unknown  Unknown
301: ufs_model_gfs.x    0000000000FE7855  Unknown               Unknown  Unknown
301: ufs_model_gfs.x    0000000000FEC0FF  Unknown               Unknown  Unknown
301: ufs_model_gfs.x    0000000000C9628A  Unknown               Unknown  Unknown
301: ufs_model_gfs.x    0000000000CB7D0F  Unknown               Unknown  Unknown
301: ufs_model_gfs.x    0000000000FE92FA  Unknown               Unknown  Unknown
301: ufs_model_gfs.x    0000000000A18F00  Unknown               Unknown  Unknown
301: ufs_model_gfs.x    0000000000736BE1  Unknown               Unknown  Unknown
301: ufs_model_gfs.x    0000000000436749  MAIN__                    409  UFS.F90
301: ufs_model_gfs.x    000000000043549D  Unknown               Unknown  Unknown
301: libc.so.6          000014A0EE9EAEEC  Unknown               Unknown  Unknown
301: libc.so.6          000014A0EE9EAFB5  __libc_start_main     Unknown  Unknown
301: ufs_model_gfs.x    00000000004353A1  Unknown               Unknown  Unknown
321: forrtl: error (78): process killed (SIGTERM)
321: Image              PC                Routine            Line        Source             
321: libc.so.6          000014A5A5C01980  Unknown               Unknown  Unknown
321: libc.so.6          000014A5A5CBE1E7  __sched_yield         Unknown  Unknown
321: libmpi_intel.so.1  000014A5A6B5C815  Unknown               Unknown  Unknown
321: libmpi_intel.so.1  000014A5A6B99335  Unknown               Unknown  Unknown
321: libmpi_intel.so.1  000014A5A6B99B31  MPI_Waitall           Unknown  Unknown
321: libmpifort_intel.  000014A5A94A083E  pmpi_waitall          Unknown  Unknown
321: ufs_model_gfs.x    000000000642C792  ice_boundary_mp_i        4698  ice_boundary.F90
321: ufs_model_gfs.x    0000000006601CB6  ice_transport_rem         600  ice_transport_remap.F90
321: ufs_model_gfs.x    00000000065ED301  ice_transport_dri         539  ice_transport_driver.F90
321: ufs_model_gfs.x    00000000066BE8EE  ice_step_mod_mp_s        1047  ice_step_mod.F90
321: ufs_model_gfs.x    000000000648DFC0  cice_runmod_mp_ci         270  CICE_RunMod.F90
321: ufs_model_gfs.x    00000000060F8F68  ice_comp_nuopc_mp        1273  ice_comp_nuopc.F90
321: ufs_model_gfs.x    0000000000D51C38  Unknown               Unknown  Unknown
321: ufs_model_gfs.x    0000000000D51BA6  Unknown               Unknown  Unknown
321: ufs_model_gfs.x    0000000000D5067C  Unknown               Unknown  Unknown
321: ufs_model_gfs.x    0000000000B937FE  Unknown               Unknown  Unknown
321: ufs_model_gfs.x    0000000006AC85DA  Unknown               Unknown  Unknown
321: ufs_model_gfs.x    0000000000FE7855  Unknown               Unknown  Unknown
321: ufs_model_gfs.x    0000000000FEC0FF  Unknown               Unknown  Unknown
321: ufs_model_gfs.x    0000000000C9649A  Unknown               Unknown  Unknown
321: ufs_model_gfs.x    0000000000CB7D0F  Unknown               Unknown  Unknown
321: ufs_model_gfs.x    0000000000FE92FA  Unknown               Unknown  Unknown
321: ufs_model_gfs.x    0000000000A18F00  Unknown               Unknown  Unknown
321: ufs_model_gfs.x    0000000000736BE1  Unknown               Unknown  Unknown
321: ufs_model_gfs.x    0000000000448377  Unknown               Unknown  Unknown
321: ufs_model_gfs.x    0000000000447BCA  Unknown               Unknown  Unknown
321: ufs_model_gfs.x    0000000000D51C38  Unknown               Unknown  Unknown
321: ufs_model_gfs.x    0000000000D51BA6  Unknown               Unknown  Unknown
321: ufs_model_gfs.x    0000000000D5067C  Unknown               Unknown  Unknown
321: ufs_model_gfs.x    0000000000B937FE  Unknown               Unknown  Unknown
321: ufs_model_gfs.x    0000000000444BEF  Unknown               Unknown  Unknown
321: ufs_model_gfs.x    0000000000FE7855  Unknown               Unknown  Unknown
321: ufs_model_gfs.x    0000000000FEC0FF  Unknown               Unknown  Unknown
321: ufs_model_gfs.x    0000000000C9628A  Unknown               Unknown  Unknown
321: ufs_model_gfs.x    0000000000CB7D0F  Unknown               Unknown  Unknown
321: ufs_model_gfs.x    0000000000FE92FA  Unknown               Unknown  Unknown
321: ufs_model_gfs.x    0000000000A18F00  Unknown               Unknown  Unknown
321: ufs_model_gfs.x    0000000000736BE1  Unknown               Unknown  Unknown
321: ufs_model_gfs.x    0000000000436749  MAIN__                    409  UFS.F90
321: ufs_model_gfs.x    000000000043549D  Unknown               Unknown  Unknown
321: libc.so.6          000014A5A5BEAEEC  Unknown               Unknown  Unknown
321: libc.so.6          000014A5A5BEAFB5  __libc_start_main     Unknown  Unknown
321: ufs_model_gfs.x    00000000004353A1  Unknown               Unknown  Unknown
337: forrtl: error (78): process killed (SIGTERM)
337: Image              PC                Routine            Line        Source             
337: libc.so.6          0000146B57A01980  Unknown               Unknown  Unknown
337: libc.so.6          0000146B57ABE1E7  __sched_yield         Unknown  Unknown
337: libmpi_intel.so.1  0000146B5895C815  Unknown               Unknown  Unknown
337: libmpi_intel.so.1  0000146B58999335  Unknown               Unknown  Unknown
337: libmpi_intel.so.1  0000146B58999B31  MPI_Waitall           Unknown  Unknown
337: libmpifort_intel.  0000146B5B2C883E  pmpi_waitall          Unknown  Unknown
337: ufs_model_gfs.x    00000000064198FF  ice_boundary_mp_i        3071  ice_boundary.F90
337: ufs_model_gfs.x    0000000006601A5A  ice_transport_rem         555  ice_transport_remap.F90
337: ufs_model_gfs.x    00000000065ED301  ice_transport_dri         539  ice_transport_driver.F90
337: ufs_model_gfs.x    00000000066BE8EE  ice_step_mod_mp_s        1047  ice_step_mod.F90
337: ufs_model_gfs.x    000000000648DFC0  cice_runmod_mp_ci         270  CICE_RunMod.F90
337: ufs_model_gfs.x    00000000060F8F68  ice_comp_nuopc_mp        1273  ice_comp_nuopc.F90
337: ufs_model_gfs.x    0000000000D51C38  Unknown               Unknown  Unknown
337: ufs_model_gfs.x    0000000000D51BA6  Unknown               Unknown  Unknown
337: ufs_model_gfs.x    0000000000D5067C  Unknown               Unknown  Unknown
337: ufs_model_gfs.x    0000000000B937FE  Unknown               Unknown  Unknown
337: ufs_model_gfs.x    0000000006AC85DA  Unknown               Unknown  Unknown
337: ufs_model_gfs.x    0000000000FE7855  Unknown               Unknown  Unknown
337: ufs_model_gfs.x    0000000000FEC0FF  Unknown               Unknown  Unknown
337: ufs_model_gfs.x    0000000000C9649A  Unknown               Unknown  Unknown
337: ufs_model_gfs.x    0000000000CB7D0F  Unknown               Unknown  Unknown
337: ufs_model_gfs.x    0000000000FE92FA  Unknown               Unknown  Unknown
337: ufs_model_gfs.x    0000000000A18F00  Unknown               Unknown  Unknown
337: ufs_model_gfs.x    0000000000736BE1  Unknown               Unknown  Unknown
337: ufs_model_gfs.x    0000000000448377  Unknown               Unknown  Unknown
337: ufs_model_gfs.x    0000000000447BCA  Unknown               Unknown  Unknown
337: ufs_model_gfs.x    0000000000D51C38  Unknown               Unknown  Unknown
337: ufs_model_gfs.x    0000000000D51BA6  Unknown               Unknown  Unknown
337: ufs_model_gfs.x    0000000000D5067C  Unknown               Unknown  Unknown
337: ufs_model_gfs.x    0000000000B937FE  Unknown               Unknown  Unknown
337: ufs_model_gfs.x    0000000000444BEF  Unknown               Unknown  Unknown
337: ufs_model_gfs.x    0000000000FE7855  Unknown               Unknown  Unknown
337: ufs_model_gfs.x    0000000000FEC0FF  Unknown               Unknown  Unknown
337: ufs_model_gfs.x    0000000000C9628A  Unknown               Unknown  Unknown
337: ufs_model_gfs.x    0000000000CB7D0F  Unknown               Unknown  Unknown
337: ufs_model_gfs.x    0000000000FE92FA  Unknown               Unknown  Unknown
337: ufs_model_gfs.x    0000000000A18F00  Unknown               Unknown  Unknown
337: ufs_model_gfs.x    0000000000736BE1  Unknown               Unknown  Unknown
337: ufs_model_gfs.x    0000000000436749  MAIN__                    409  UFS.F90
337: ufs_model_gfs.x    000000000043549D  Unknown               Unknown  Unknown
337: libc.so.6          0000146B579EAEEC  Unknown               Unknown  Unknown
337: libc.so.6          0000146B579EAFB5  __libc_start_main     Unknown  Unknown
337: ufs_model_gfs.x    00000000004353A1  Unknown               Unknown  Unknown
202: forrtl: error (78): process killed (SIGTERM)
202: Image              PC                Routine            Line        Source             
202: libc.so.6          000014585F801980  Unknown               Unknown  Unknown
202: libc.so.6          000014585F8BE1E7  __sched_yield         Unknown  Unknown
202: libmpi_intel.so.1  00001458601D166D  MPI_Probe             Unknown  Unknown
202: ufs_model_gfs.x    0000000000CAC940  Unknown               Unknown  Unknown
202: ufs_model_gfs.x    000000000101F1BA  Unknown               Unknown  Unknown
202: ufs_model_gfs.x    000000000101D613  Unknown               Unknown  Unknown
202: ufs_model_gfs.x    0000000001277EB2  Unknown               Unknown  Unknown
202: ufs_model_gfs.x    0000000001269A7F  Unknown               Unknown  Unknown
202: ufs_model_gfs.x    0000000000C260A6  Unknown               Unknown  Unknown
202: ufs_model_gfs.x    00000000009D667F  Unknown               Unknown  Unknown
202: ufs_model_gfs.x    000000000303A444  ufsatm_cap_mod_mp        1603  ufsatm_cap.F90
202: ufs_model_gfs.x    0000000003038A72  ufsatm_cap_mod_mp        1440  ufsatm_cap.F90
202: ufs_model_gfs.x    0000000000D51C38  Unknown               Unknown  Unknown
202: ufs_model_gfs.x    0000000000D51BA6  Unknown               Unknown  Unknown
202: ufs_model_gfs.x    0000000000D5067C  Unknown               Unknown  Unknown
202: ufs_model_gfs.x    0000000000B937FE  Unknown               Unknown  Unknown
202: ufs_model_gfs.x    0000000006AC85DA  Unknown               Unknown  Unknown
202: ufs_model_gfs.x    0000000000FE7855  Unknown               Unknown  Unknown
202: ufs_model_gfs.x    0000000000FEC0FF  Unknown               Unknown  Unknown
202: ufs_model_gfs.x    0000000000C9628A  Unknown               Unknown  Unknown
202: ufs_model_gfs.x    0000000000CB7D0F  Unknown               Unknown  Unknown
202: ufs_model_gfs.x    0000000000FE92FA  Unknown               Unknown  Unknown
202: ufs_model_gfs.x    0000000000A18F00  Unknown               Unknown  Unknown
202: ufs_model_gfs.x    0000000000736BE1  Unknown               Unknown  Unknown
202: ufs_model_gfs.x    0000000000448377  Unknown               Unknown  Unknown
202: ufs_model_gfs.x    0000000000447BCA  Unknown               Unknown  Unknown
202: ufs_model_gfs.x    0000000000D51C38  Unknown               Unknown  Unknown
202: ufs_model_gfs.x    0000000000D51BA6  Unknown               Unknown  Unknown
202: ufs_model_gfs.x    0000000000D5067C  Unknown               Unknown  Unknown
202: ufs_model_gfs.x    0000000000B937FE  Unknown               Unknown  Unknown
202: ufs_model_gfs.x    0000000000444BEF  Unknown               Unknown  Unknown
202: ufs_model_gfs.x    0000000000FE7855  Unknown               Unknown  Unknown
202: ufs_model_gfs.x    0000000000FEC0FF  Unknown               Unknown  Unknown
202: ufs_model_gfs.x    0000000000C9628A  Unknown               Unknown  Unknown
202: ufs_model_gfs.x    0000000000CB7D0F  Unknown               Unknown  Unknown
202: ufs_model_gfs.x    0000000000FE92FA  Unknown               Unknown  Unknown
202: ufs_model_gfs.x    0000000000A18F00  Unknown               Unknown  Unknown
202: ufs_model_gfs.x    0000000000736BE1  Unknown               Unknown  Unknown
202: ufs_model_gfs.x    0000000000436749  MAIN__                    409  UFS.F90
202: ufs_model_gfs.x    000000000043549D  Unknown               Unknown  Unknown
202: libc.so.6          000014585F7EAEEC  Unknown               Unknown  Unknown
202: libc.so.6          000014585F7EAFB5  __libc_start_main     Unknown  Unknown
202: ufs_model_gfs.x    00000000004353A1  Unknown               Unknown  Unknown
296: forrtl: error (78): process killed (SIGTERM)
296: Image              PC                Routine            Line        Source             
296: libc.so.6          0000145E7B401980  Unknown               Unknown  Unknown
296: libc.so.6          0000145E7B4BE1E7  __sched_yield         Unknown  Unknown
296: libmpi_intel.so.1  0000145E7BDB92AC  Unknown               Unknown  Unknown
296: libmpi_intel.so.1  0000145E7BDD06BC  MPI_Probe             Unknown  Unknown
296: ufs_model_gfs.x    0000000000CAC940  Unknown               Unknown  Unknown
296: ufs_model_gfs.x    000000000101F1BA  Unknown               Unknown  Unknown
296: ufs_model_gfs.x    000000000101D613  Unknown               Unknown  Unknown
296: ufs_model_gfs.x    000000000101D613  Unknown               Unknown  Unknown
296: ufs_model_gfs.x    0000000001277EB2  Unknown               Unknown  Unknown
296: ufs_model_gfs.x    0000000001269A7F  Unknown               Unknown  Unknown
296: ufs_model_gfs.x    0000000000C260A6  Unknown               Unknown  Unknown
296: ufs_model_gfs.x    00000000009D667F  Unknown               Unknown  Unknown
296: ufs_model_gfs.x    000000000049EB2A  Unknown               Unknown  Unknown
296: ufs_model_gfs.x    0000000000FE7855  Unknown               Unknown  Unknown
296: ufs_model_gfs.x    0000000000FEC0FF  Unknown               Unknown  Unknown
296: ufs_model_gfs.x    0000000000C9628A  Unknown               Unknown  Unknown
296: ufs_model_gfs.x    0000000000CB7D0F  Unknown               Unknown  Unknown
296: ufs_model_gfs.x    0000000000FE92FA  Unknown               Unknown  Unknown
296: ufs_model_gfs.x    0000000000A18F00  Unknown               Unknown  Unknown
296: ufs_model_gfs.x    0000000000A08761  Unknown               Unknown  Unknown
296: ufs_model_gfs.x    0000000000445828  Unknown               Unknown  Unknown
296: ufs_model_gfs.x    00000000004470A6  Unknown               Unknown  Unknown
296: ufs_model_gfs.x    0000000000D51C38  Unknown               Unknown  Unknown
296: ufs_model_gfs.x    0000000000D51BA6  Unknown               Unknown  Unknown
296: ufs_model_gfs.x    0000000000D5067C  Unknown               Unknown  Unknown
296: ufs_model_gfs.x    0000000000B937FE  Unknown               Unknown  Unknown
296: ufs_model_gfs.x    0000000000444BEF  Unknown               Unknown  Unknown
296: ufs_model_gfs.x    0000000000FE7855  Unknown               Unknown  Unknown
296: ufs_model_gfs.x    0000000000FEC0FF  Unknown               Unknown  Unknown
296: ufs_model_gfs.x    0000000000C9628A  Unknown               Unknown  Unknown
296: ufs_model_gfs.x    0000000000CB7D0F  Unknown               Unknown  Unknown
296: ufs_model_gfs.x    0000000000FE92FA  Unknown               Unknown  Unknown
296: ufs_model_gfs.x    0000000000A18F00  Unknown               Unknown  Unknown
296: ufs_model_gfs.x    0000000000736BE1  Unknown               Unknown  Unknown
296: ufs_model_gfs.x    0000000000436749  MAIN__                    409  UFS.F90
296: ufs_model_gfs.x    000000000043549D  Unknown               Unknown  Unknown
296: libc.so.6          0000145E7B3EAEEC  Unknown               Unknown  Unknown
296: libc.so.6          0000145E7B3EAFB5  __libc_start_main     Unknown  Unknown
296: ufs_model_gfs.x    00000000004353A1  Unknown               Unknown  Unknown
285: forrtl: error (78): process killed (SIGTERM)
285: Image              PC                Routine            Line        Source             
285: libc.so.6          000014F753601980  Unknown               Unknown  Unknown
285: libc.so.6          000014F7536BE1E7  __sched_yield         Unknown  Unknown
285: libmpi_intel.so.1  000014F753FB92AC  Unknown               Unknown  Unknown
285: libmpi_intel.so.1  000014F753FD06BC  MPI_Probe             Unknown  Unknown
285: ufs_model_gfs.x    0000000000CAC940  Unknown               Unknown  Unknown
285: ufs_model_gfs.x    000000000101F1BA  Unknown               Unknown  Unknown
285: ufs_model_gfs.x    000000000101D613  Unknown               Unknown  Unknown
285: ufs_model_gfs.x    000000000101D613  Unknown               Unknown  Unknown
285: ufs_model_gfs.x    0000000001277EB2  Unknown               Unknown  Unknown
285: ufs_model_gfs.x    0000000001269A7F  Unknown               Unknown  Unknown
285: ufs_model_gfs.x    0000000000C260A6  Unknown               Unknown  Unknown
285: ufs_model_gfs.x    00000000009D667F  Unknown               Unknown  Unknown
285: ufs_model_gfs.x    000000000049EB2A  Unknown               Unknown  Unknown
285: ufs_model_gfs.x    0000000000FE7855  Unknown               Unknown  Unknown
285: ufs_model_gfs.x    0000000000FEC0FF  Unknown               Unknown  Unknown
285: ufs_model_gfs.x    0000000000C9628A  Unknown               Unknown  Unknown
285: ufs_model_gfs.x    0000000000CB7D0F  Unknown               Unknown  Unknown
285: ufs_model_gfs.x    0000000000FE92FA  Unknown               Unknown  Unknown
285: ufs_model_gfs.x    0000000000A18F00  Unknown               Unknown  Unknown
285: ufs_model_gfs.x    0000000000A08761  Unknown               Unknown  Unknown
285: ufs_model_gfs.x    0000000000445828  Unknown               Unknown  Unknown
285: ufs_model_gfs.x    00000000004470A6  Unknown               Unknown  Unknown
285: ufs_model_gfs.x    0000000000D51C38  Unknown               Unknown  Unknown
285: ufs_model_gfs.x    0000000000D51BA6  Unknown               Unknown  Unknown
285: ufs_model_gfs.x    0000000000D5067C  Unknown               Unknown  Unknown
285: ufs_model_gfs.x    0000000000B937FE  Unknown               Unknown  Unknown
285: ufs_model_gfs.x    0000000000444BEF  Unknown               Unknown  Unknown
285: ufs_model_gfs.x    0000000000FE7855  Unknown               Unknown  Unknown
285: ufs_model_gfs.x    0000000000FEC0FF  Unknown               Unknown  Unknown
285: ufs_model_gfs.x    0000000000C9628A  Unknown               Unknown  Unknown
285: ufs_model_gfs.x    0000000000CB7D0F  Unknown               Unknown  Unknown
285: ufs_model_gfs.x    0000000000FE92FA  Unknown               Unknown  Unknown
285: ufs_model_gfs.x    0000000000A18F00  Unknown               Unknown  Unknown
285: ufs_model_gfs.x    0000000000736BE1  Unknown               Unknown  Unknown
285: ufs_model_gfs.x    0000000000436749  MAIN__                    409  UFS.F90
285: ufs_model_gfs.x    000000000043549D  Unknown               Unknown  Unknown
285: libc.so.6          000014F7535EAEEC  Unknown               Unknown  Unknown
285: libc.so.6          000014F7535EAFB5  __libc_start_main     Unknown  Unknown
285: ufs_model_gfs.x    00000000004353A1  Unknown               Unknown  Unknown
326: forrtl: error (78): process killed (SIGTERM)
326: Image              PC                Routine            Line        Source             
326: libc.so.6          0000149806E01980  Unknown               Unknown  Unknown
326: libc.so.6          0000149806EBE1E7  __sched_yield         Unknown  Unknown
326: libmpi_intel.so.1  0000149807D5C815  Unknown               Unknown  Unknown
326: libmpi_intel.so.1  0000149807D99335  Unknown               Unknown  Unknown
326: libmpi_intel.so.1  0000149807D99B31  MPI_Waitall           Unknown  Unknown
326: libmpifort_intel.  000014980A69483E  pmpi_waitall          Unknown  Unknown
326: ufs_model_gfs.x    000000000642C792  ice_boundary_mp_i        4698  ice_boundary.F90
326: ufs_model_gfs.x    0000000006601CB6  ice_transport_rem         600  ice_transport_remap.F90
326: ufs_model_gfs.x    00000000065ED301  ice_transport_dri         539  ice_transport_driver.F90
326: ufs_model_gfs.x    00000000066BE8EE  ice_step_mod_mp_s        1047  ice_step_mod.F90
326: ufs_model_gfs.x    000000000648DFC0  cice_runmod_mp_ci         270  CICE_RunMod.F90
326: ufs_model_gfs.x    00000000060F8F68  ice_comp_nuopc_mp        1273  ice_comp_nuopc.F90
326: ufs_model_gfs.x    0000000000D51C38  Unknown               Unknown  Unknown
326: ufs_model_gfs.x    0000000000D51BA6  Unknown               Unknown  Unknown
326: ufs_model_gfs.x    0000000000D5067C  Unknown               Unknown  Unknown
326: ufs_model_gfs.x    0000000000B937FE  Unknown               Unknown  Unknown
326: ufs_model_gfs.x    0000000006AC85DA  Unknown               Unknown  Unknown
326: ufs_model_gfs.x    0000000000FE7855  Unknown               Unknown  Unknown
326: ufs_model_gfs.x    0000000000FEC0FF  Unknown               Unknown  Unknown
326: ufs_model_gfs.x    0000000000C9649A  Unknown               Unknown  Unknown
326: ufs_model_gfs.x    0000000000CB7D0F  Unknown               Unknown  Unknown
326: ufs_model_gfs.x    0000000000FE92FA  Unknown               Unknown  Unknown
326: ufs_model_gfs.x    0000000000A18F00  Unknown               Unknown  Unknown
326: ufs_model_gfs.x    0000000000736BE1  Unknown               Unknown  Unknown
326: ufs_model_gfs.x    0000000000448377  Unknown               Unknown  Unknown
326: ufs_model_gfs.x    0000000000447BCA  Unknown               Unknown  Unknown
326: ufs_model_gfs.x    0000000000D51C38  Unknown               Unknown  Unknown
326: ufs_model_gfs.x    0000000000D51BA6  Unknown               Unknown  Unknown
326: ufs_model_gfs.x    0000000000D5067C  Unknown               Unknown  Unknown
326: ufs_model_gfs.x    0000000000B937FE  Unknown               Unknown  Unknown
326: ufs_model_gfs.x    0000000000444BEF  Unknown               Unknown  Unknown
326: ufs_model_gfs.x    0000000000FE7855  Unknown               Unknown  Unknown
326: ufs_model_gfs.x    0000000000FEC0FF  Unknown               Unknown  Unknown
326: ufs_model_gfs.x    0000000000C9628A  Unknown               Unknown  Unknown
326: ufs_model_gfs.x    0000000000CB7D0F  Unknown               Unknown  Unknown
326: ufs_model_gfs.x    0000000000FE92FA  Unknown               Unknown  Unknown
326: ufs_model_gfs.x    0000000000A18F00  Unknown               Unknown  Unknown
326: ufs_model_gfs.x    0000000000736BE1  Unknown               Unknown  Unknown
326: ufs_model_gfs.x    0000000000436749  MAIN__                    409  UFS.F90
326: ufs_model_gfs.x    000000000043549D  Unknown               Unknown  Unknown
326: libc.so.6          0000149806DEAEEC  Unknown               Unknown  Unknown
326: libc.so.6          0000149806DEAFB5  __libc_start_main     Unknown  Unknown
326: ufs_model_gfs.x    00000000004353A1  Unknown               Unknown  Unknown
303: forrtl: error (78): process killed (SIGTERM)
303: Image              PC                Routine            Line        Source             
303: libc.so.6          0000147DF0E01980  Unknown               Unknown  Unknown
303: libc.so.6          0000147DF0EBE1E7  __sched_yield         Unknown  Unknown
303: libmpi_intel.so.1  0000147DF17B92AC  Unknown               Unknown  Unknown
303: libmpi_intel.so.1  0000147DF17D06BC  MPI_Probe             Unknown  Unknown
303: ufs_model_gfs.x    0000000000CAC940  Unknown               Unknown  Unknown
303: ufs_model_gfs.x    000000000101F1BA  Unknown               Unknown  Unknown
303: ufs_model_gfs.x    000000000101D613  Unknown               Unknown  Unknown
303: ufs_model_gfs.x    000000000101D613  Unknown               Unknown  Unknown
303: ufs_model_gfs.x    0000000001277EB2  Unknown               Unknown  Unknown
303: ufs_model_gfs.x    0000000001269A7F  Unknown               Unknown  Unknown
303: ufs_model_gfs.x    0000000000C260A6  Unknown               Unknown  Unknown
303: ufs_model_gfs.x    00000000009D667F  Unknown               Unknown  Unknown
303: ufs_model_gfs.x    000000000049EB2A  Unknown               Unknown  Unknown
303: ufs_model_gfs.x    0000000000FE7855  Unknown               Unknown  Unknown
303: ufs_model_gfs.x    0000000000FEC0FF  Unknown               Unknown  Unknown
303: ufs_model_gfs.x    0000000000C9628A  Unknown               Unknown  Unknown
303: ufs_model_gfs.x    0000000000CB7D0F  Unknown               Unknown  Unknown
303: ufs_model_gfs.x    0000000000FE92FA  Unknown               Unknown  Unknown
303: ufs_model_gfs.x    0000000000A18F00  Unknown               Unknown  Unknown
303: ufs_model_gfs.x    0000000000A08761  Unknown               Unknown  Unknown
303: ufs_model_gfs.x    0000000000445828  Unknown               Unknown  Unknown
303: ufs_model_gfs.x    00000000004470A6  Unknown               Unknown  Unknown
303: ufs_model_gfs.x    0000000000D51C38  Unknown               Unknown  Unknown
303: ufs_model_gfs.x    0000000000D51BA6  Unknown               Unknown  Unknown
303: ufs_model_gfs.x    0000000000D5067C  Unknown               Unknown  Unknown
303: ufs_model_gfs.x    0000000000B937FE  Unknown               Unknown  Unknown
303: ufs_model_gfs.x    0000000000444BEF  Unknown               Unknown  Unknown
303: ufs_model_gfs.x    0000000000FE7855  Unknown               Unknown  Unknown
303: ufs_model_gfs.x    0000000000FEC0FF  Unknown               Unknown  Unknown
303: ufs_model_gfs.x    0000000000C9628A  Unknown               Unknown  Unknown
303: ufs_model_gfs.x    0000000000CB7D0F  Unknown               Unknown  Unknown
303: ufs_model_gfs.x    0000000000FE92FA  Unknown               Unknown  Unknown
303: ufs_model_gfs.x    0000000000A18F00  Unknown               Unknown  Unknown
303: ufs_model_gfs.x    0000000000736BE1  Unknown               Unknown  Unknown
303: ufs_model_gfs.x    0000000000436749  MAIN__                    409  UFS.F90
303: ufs_model_gfs.x    000000000043549D  Unknown               Unknown  Unknown
303: libc.so.6          0000147DF0DEAEEC  Unknown               Unknown  Unknown
303: libc.so.6          0000147DF0DEAFB5  __libc_start_main     Unknown  Unknown
303: ufs_model_gfs.x    00000000004353A1  Unknown               Unknown  Unknown
297: forrtl: error (78): process killed (SIGTERM)
297: Image              PC                Routine            Line        Source             
297: libc.so.6          000014DE85801980  Unknown               Unknown  Unknown
297: libc.so.6          000014DE858BE1E7  __sched_yield         Unknown  Unknown
297: libmpi_intel.so.1  000014DE861B92AC  Unknown               Unknown  Unknown
297: libmpi_intel.so.1  000014DE861D06BC  MPI_Probe             Unknown  Unknown
297: ufs_model_gfs.x    0000000000CAC940  Unknown               Unknown  Unknown
297: ufs_model_gfs.x    000000000101F1BA  Unknown               Unknown  Unknown
297: ufs_model_gfs.x    000000000101D613  Unknown               Unknown  Unknown
297: ufs_model_gfs.x    000000000101D613  Unknown               Unknown  Unknown
