211: libc.so.6          00001524695EAEEC  Unknown               Unknown  Unknown
211: libc.so.6          00001524695EAFB5  __libc_start_main     Unknown  Unknown
211: ufs_model_gfs.x    00000000004353A1  Unknown               Unknown  Unknown
225: forrtl: error (78): process killed (SIGTERM)
225: Image              PC                Routine            Line        Source             
225: libc.so.6          0000149064601980  Unknown               Unknown  Unknown
225: libc.so.6          00001490646BE1E7  __sched_yield         Unknown  Unknown
225: libmpi_intel.so.1  0000149064FD166D  MPI_Probe             Unknown  Unknown
225: ufs_model_gfs.x    0000000000CAC940  Unknown               Unknown  Unknown
225: ufs_model_gfs.x    000000000101F1BA  Unknown               Unknown  Unknown
225: ufs_model_gfs.x    000000000101D613  Unknown               Unknown  Unknown
225: ufs_model_gfs.x    000000000101D613  Unknown               Unknown  Unknown
225: ufs_model_gfs.x    0000000001277EB2  Unknown               Unknown  Unknown
225: ufs_model_gfs.x    0000000001269A7F  Unknown               Unknown  Unknown
225: ufs_model_gfs.x    0000000000C260A6  Unknown               Unknown  Unknown
225: ufs_model_gfs.x    00000000009D667F  Unknown               Unknown  Unknown
225: ufs_model_gfs.x    000000000049EB2A  Unknown               Unknown  Unknown
225: ufs_model_gfs.x    0000000000FE7855  Unknown               Unknown  Unknown
225: ufs_model_gfs.x    0000000000FEC0FF  Unknown               Unknown  Unknown
225: ufs_model_gfs.x    0000000000C9628A  Unknown               Unknown  Unknown
225: ufs_model_gfs.x    0000000000CB7D0F  Unknown               Unknown  Unknown
225: ufs_model_gfs.x    0000000000FE92FA  Unknown               Unknown  Unknown
225: ufs_model_gfs.x    0000000000A18F00  Unknown               Unknown  Unknown
225: ufs_model_gfs.x    0000000000A08761  Unknown               Unknown  Unknown
225: ufs_model_gfs.x    0000000000445828  Unknown               Unknown  Unknown
225: ufs_model_gfs.x    00000000004470A6  Unknown               Unknown  Unknown
225: ufs_model_gfs.x    0000000000D51C38  Unknown               Unknown  Unknown
225: ufs_model_gfs.x    0000000000D51BA6  Unknown               Unknown  Unknown
225: ufs_model_gfs.x    0000000000D5067C  Unknown               Unknown  Unknown
225: ufs_model_gfs.x    0000000000B937FE  Unknown               Unknown  Unknown
225: ufs_model_gfs.x    0000000000444BEF  Unknown               Unknown  Unknown
225: ufs_model_gfs.x    0000000000FE7855  Unknown               Unknown  Unknown
225: ufs_model_gfs.x    0000000000FEC0FF  Unknown               Unknown  Unknown
225: ufs_model_gfs.x    0000000000C9628A  Unknown               Unknown  Unknown
225: ufs_model_gfs.x    0000000000CB7D0F  Unknown               Unknown  Unknown
225: ufs_model_gfs.x    0000000000FE92FA  Unknown               Unknown  Unknown
225: ufs_model_gfs.x    0000000000A18F00  Unknown               Unknown  Unknown
225: ufs_model_gfs.x    0000000000736BE1  Unknown               Unknown  Unknown
225: ufs_model_gfs.x    0000000000436749  MAIN__                    409  UFS.F90
225: ufs_model_gfs.x    000000000043549D  Unknown               Unknown  Unknown
225: libc.so.6          00001490645EAEEC  Unknown               Unknown  Unknown
225: libc.so.6          00001490645EAFB5  __libc_start_main     Unknown  Unknown
225: ufs_model_gfs.x    00000000004353A1  Unknown               Unknown  Unknown
343: forrtl: error (78): process killed (SIGTERM)
343: Image              PC                Routine            Line        Source             
343: libc.so.6          000015139B401980  Unknown               Unknown  Unknown
343: libc.so.6          000015139B4BE1E7  __sched_yield         Unknown  Unknown
343: libmpi_intel.so.1  000015139C35C815  Unknown               Unknown  Unknown
343: libmpi_intel.so.1  000015139C399335  Unknown               Unknown  Unknown
343: libmpi_intel.so.1  000015139C399B31  MPI_Waitall           Unknown  Unknown
343: libmpifort_intel.  000015139ECB883E  pmpi_waitall          Unknown  Unknown
343: ufs_model_gfs.x    00000000064198FF  ice_boundary_mp_i        3071  ice_boundary.F90
343: ufs_model_gfs.x    000000000630A2DD  ice_state_mp_boun         253  ice_state.F90
343: ufs_model_gfs.x    00000000065ED409  ice_transport_dri         578  ice_transport_driver.F90
343: ufs_model_gfs.x    00000000066BE8EE  ice_step_mod_mp_s        1047  ice_step_mod.F90
343: ufs_model_gfs.x    000000000648DFC0  cice_runmod_mp_ci         270  CICE_RunMod.F90
343: ufs_model_gfs.x    00000000060F8F68  ice_comp_nuopc_mp        1273  ice_comp_nuopc.F90
343: ufs_model_gfs.x    0000000000D51C38  Unknown               Unknown  Unknown
343: ufs_model_gfs.x    0000000000D51BA6  Unknown               Unknown  Unknown
343: ufs_model_gfs.x    0000000000D5067C  Unknown               Unknown  Unknown
343: ufs_model_gfs.x    0000000000B937FE  Unknown               Unknown  Unknown
343: ufs_model_gfs.x    0000000006AC85DA  Unknown               Unknown  Unknown
343: ufs_model_gfs.x    0000000000FE7855  Unknown               Unknown  Unknown
343: ufs_model_gfs.x    0000000000FEC0FF  Unknown               Unknown  Unknown
343: ufs_model_gfs.x    0000000000C9649A  Unknown               Unknown  Unknown
343: ufs_model_gfs.x    0000000000CB7D0F  Unknown               Unknown  Unknown
343: ufs_model_gfs.x    0000000000FE92FA  Unknown               Unknown  Unknown
343: ufs_model_gfs.x    0000000000A18F00  Unknown               Unknown  Unknown
343: ufs_model_gfs.x    0000000000736BE1  Unknown               Unknown  Unknown
343: ufs_model_gfs.x    0000000000448377  Unknown               Unknown  Unknown
343: ufs_model_gfs.x    0000000000447BCA  Unknown               Unknown  Unknown
343: ufs_model_gfs.x    0000000000D51C38  Unknown               Unknown  Unknown
343: ufs_model_gfs.x    0000000000D51BA6  Unknown               Unknown  Unknown
343: ufs_model_gfs.x    0000000000D5067C  Unknown               Unknown  Unknown
343: ufs_model_gfs.x    0000000000B937FE  Unknown               Unknown  Unknown
343: ufs_model_gfs.x    0000000000444BEF  Unknown               Unknown  Unknown
343: ufs_model_gfs.x    0000000000FE7855  Unknown               Unknown  Unknown
343: ufs_model_gfs.x    0000000000FEC0FF  Unknown               Unknown  Unknown
343: ufs_model_gfs.x    0000000000C9628A  Unknown               Unknown  Unknown
343: ufs_model_gfs.x    0000000000CB7D0F  Unknown               Unknown  Unknown
343: ufs_model_gfs.x    0000000000FE92FA  Unknown               Unknown  Unknown
343: ufs_model_gfs.x    0000000000A18F00  Unknown               Unknown  Unknown
343: ufs_model_gfs.x    0000000000736BE1  Unknown               Unknown  Unknown
343: ufs_model_gfs.x    0000000000436749  MAIN__                    409  UFS.F90
343: ufs_model_gfs.x    000000000043549D  Unknown               Unknown  Unknown
343: libc.so.6          000015139B3EAEEC  Unknown               Unknown  Unknown
343: libc.so.6          000015139B3EAFB5  __libc_start_main     Unknown  Unknown
343: ufs_model_gfs.x    00000000004353A1  Unknown               Unknown  Unknown
332: forrtl: error (78): process killed (SIGTERM)
332: Image              PC                Routine            Line        Source             
332: libc.so.6          00001458D7E01980  Unknown               Unknown  Unknown
332: libc.so.6          00001458D7EBE1E7  __sched_yield         Unknown  Unknown
332: libmpi_intel.so.1  00001458D8D5C815  Unknown               Unknown  Unknown
332: libmpi_intel.so.1  00001458D8D99335  Unknown               Unknown  Unknown
332: libmpi_intel.so.1  00001458D8D99B31  MPI_Waitall           Unknown  Unknown
332: libmpifort_intel.  00001458DB1AC83E  pmpi_waitall          Unknown  Unknown
332: ufs_model_gfs.x    000000000640CFA7  ice_boundary_mp_i        1511  ice_boundary.F90
332: ufs_model_gfs.x    0000000006601A3E  ice_transport_rem         551  ice_transport_remap.F90
332: ufs_model_gfs.x    00000000065ED301  ice_transport_dri         539  ice_transport_driver.F90
332: ufs_model_gfs.x    00000000066BE8EE  ice_step_mod_mp_s        1047  ice_step_mod.F90
332: ufs_model_gfs.x    000000000648DFC0  cice_runmod_mp_ci         270  CICE_RunMod.F90
332: ufs_model_gfs.x    00000000060F8F68  ice_comp_nuopc_mp        1273  ice_comp_nuopc.F90
332: ufs_model_gfs.x    0000000000D51C38  Unknown               Unknown  Unknown
332: ufs_model_gfs.x    0000000000D51BA6  Unknown               Unknown  Unknown
332: ufs_model_gfs.x    0000000000D5067C  Unknown               Unknown  Unknown
332: ufs_model_gfs.x    0000000000B937FE  Unknown               Unknown  Unknown
332: ufs_model_gfs.x    0000000006AC85DA  Unknown               Unknown  Unknown
332: ufs_model_gfs.x    0000000000FE7855  Unknown               Unknown  Unknown
332: ufs_model_gfs.x    0000000000FEC0FF  Unknown               Unknown  Unknown
332: ufs_model_gfs.x    0000000000C9649A  Unknown               Unknown  Unknown
332: ufs_model_gfs.x    0000000000CB7D0F  Unknown               Unknown  Unknown
332: ufs_model_gfs.x    0000000000FE92FA  Unknown               Unknown  Unknown
332: ufs_model_gfs.x    0000000000A18F00  Unknown               Unknown  Unknown
332: ufs_model_gfs.x    0000000000736BE1  Unknown               Unknown  Unknown
332: ufs_model_gfs.x    0000000000448377  Unknown               Unknown  Unknown
332: ufs_model_gfs.x    0000000000447BCA  Unknown               Unknown  Unknown
332: ufs_model_gfs.x    0000000000D51C38  Unknown               Unknown  Unknown
332: ufs_model_gfs.x    0000000000D51BA6  Unknown               Unknown  Unknown
332: ufs_model_gfs.x    0000000000D5067C  Unknown               Unknown  Unknown
332: ufs_model_gfs.x    0000000000B937FE  Unknown               Unknown  Unknown
332: ufs_model_gfs.x    0000000000444BEF  Unknown               Unknown  Unknown
332: ufs_model_gfs.x    0000000000FE7855  Unknown               Unknown  Unknown
332: ufs_model_gfs.x    0000000000FEC0FF  Unknown               Unknown  Unknown
332: ufs_model_gfs.x    0000000000C9628A  Unknown               Unknown  Unknown
332: ufs_model_gfs.x    0000000000CB7D0F  Unknown               Unknown  Unknown
332: ufs_model_gfs.x    0000000000FE92FA  Unknown               Unknown  Unknown
332: ufs_model_gfs.x    0000000000A18F00  Unknown               Unknown  Unknown
332: ufs_model_gfs.x    0000000000736BE1  Unknown               Unknown  Unknown
332: ufs_model_gfs.x    0000000000436749  MAIN__                    409  UFS.F90
332: ufs_model_gfs.x    000000000043549D  Unknown               Unknown  Unknown
332: libc.so.6          00001458D7DEAEEC  Unknown               Unknown  Unknown
332: libc.so.6          00001458D7DEAFB5  __libc_start_main     Unknown  Unknown
332: ufs_model_gfs.x    00000000004353A1  Unknown               Unknown  Unknown
334: forrtl: error (78): process killed (SIGTERM)
334: Image              PC                Routine            Line        Source             
334: libc.so.6          00001502ECA01980  Unknown               Unknown  Unknown
334: libc.so.6          00001502ECABE1E7  __sched_yield         Unknown  Unknown
334: libmpi_intel.so.1  00001502ED95C815  Unknown               Unknown  Unknown
334: libmpi_intel.so.1  00001502ED999335  Unknown               Unknown  Unknown
334: libmpi_intel.so.1  00001502ED999B31  MPI_Waitall           Unknown  Unknown
334: libmpifort_intel.  00001502F03E683E  pmpi_waitall          Unknown  Unknown
334: ufs_model_gfs.x    000000000640CFA7  ice_boundary_mp_i        1511  ice_boundary.F90
334: ufs_model_gfs.x    0000000006601A1F  ice_transport_rem         549  ice_transport_remap.F90
334: ufs_model_gfs.x    00000000065ED301  ice_transport_dri         539  ice_transport_driver.F90
334: ufs_model_gfs.x    00000000066BE8EE  ice_step_mod_mp_s        1047  ice_step_mod.F90
334: ufs_model_gfs.x    000000000648DFC0  cice_runmod_mp_ci         270  CICE_RunMod.F90
334: ufs_model_gfs.x    00000000060F8F68  ice_comp_nuopc_mp        1273  ice_comp_nuopc.F90
334: ufs_model_gfs.x    0000000000D51C38  Unknown               Unknown  Unknown
334: ufs_model_gfs.x    0000000000D51BA6  Unknown               Unknown  Unknown
334: ufs_model_gfs.x    0000000000D5067C  Unknown               Unknown  Unknown
334: ufs_model_gfs.x    0000000000B937FE  Unknown               Unknown  Unknown
334: ufs_model_gfs.x    0000000006AC85DA  Unknown               Unknown  Unknown
334: ufs_model_gfs.x    0000000000FE7855  Unknown               Unknown  Unknown
334: ufs_model_gfs.x    0000000000FEC0FF  Unknown               Unknown  Unknown
334: ufs_model_gfs.x    0000000000C9649A  Unknown               Unknown  Unknown
334: ufs_model_gfs.x    0000000000CB7D0F  Unknown               Unknown  Unknown
334: ufs_model_gfs.x    0000000000FE92FA  Unknown               Unknown  Unknown
334: ufs_model_gfs.x    0000000000A18F00  Unknown               Unknown  Unknown
334: ufs_model_gfs.x    0000000000736BE1  Unknown               Unknown  Unknown
334: ufs_model_gfs.x    0000000000448377  Unknown               Unknown  Unknown
334: ufs_model_gfs.x    0000000000447BCA  Unknown               Unknown  Unknown
334: ufs_model_gfs.x    0000000000D51C38  Unknown               Unknown  Unknown
334: ufs_model_gfs.x    0000000000D51BA6  Unknown               Unknown  Unknown
334: ufs_model_gfs.x    0000000000D5067C  Unknown               Unknown  Unknown
334: ufs_model_gfs.x    0000000000B937FE  Unknown               Unknown  Unknown
334: ufs_model_gfs.x    0000000000444BEF  Unknown               Unknown  Unknown
334: ufs_model_gfs.x    0000000000FE7855  Unknown               Unknown  Unknown
334: ufs_model_gfs.x    0000000000FEC0FF  Unknown               Unknown  Unknown
334: ufs_model_gfs.x    0000000000C9628A  Unknown               Unknown  Unknown
334: ufs_model_gfs.x    0000000000CB7D0F  Unknown               Unknown  Unknown
334: ufs_model_gfs.x    0000000000FE92FA  Unknown               Unknown  Unknown
334: ufs_model_gfs.x    0000000000A18F00  Unknown               Unknown  Unknown
334: ufs_model_gfs.x    0000000000736BE1  Unknown               Unknown  Unknown
334: ufs_model_gfs.x    0000000000436749  MAIN__                    409  UFS.F90
334: ufs_model_gfs.x    000000000043549D  Unknown               Unknown  Unknown
334: libc.so.6          00001502EC9EAEEC  Unknown               Unknown  Unknown
334: libc.so.6          00001502EC9EAFB5  __libc_start_main     Unknown  Unknown
334: ufs_model_gfs.x    00000000004353A1  Unknown               Unknown  Unknown
217: forrtl: error (78): process killed (SIGTERM)
217: Image              PC                Routine            Line        Source             
217: libc.so.6          0000146F67E01980  Unknown               Unknown  Unknown
217: libc.so.6          0000146F67EBE1E7  __sched_yield         Unknown  Unknown
217: libmpi_intel.so.1  0000146F687D166D  MPI_Probe             Unknown  Unknown
217: ufs_model_gfs.x    0000000000CAC940  Unknown               Unknown  Unknown
217: ufs_model_gfs.x    000000000101F1BA  Unknown               Unknown  Unknown
217: ufs_model_gfs.x    000000000101D613  Unknown               Unknown  Unknown
217: ufs_model_gfs.x    000000000101D613  Unknown               Unknown  Unknown
217: ufs_model_gfs.x    0000000001277EB2  Unknown               Unknown  Unknown
217: ufs_model_gfs.x    0000000001269A7F  Unknown               Unknown  Unknown
217: ufs_model_gfs.x    0000000000C260A6  Unknown               Unknown  Unknown
217: ufs_model_gfs.x    00000000009D667F  Unknown               Unknown  Unknown
217: ufs_model_gfs.x    000000000049EB2A  Unknown               Unknown  Unknown
217: ufs_model_gfs.x    0000000000FE7855  Unknown               Unknown  Unknown
217: ufs_model_gfs.x    0000000000FEC0FF  Unknown               Unknown  Unknown
217: ufs_model_gfs.x    0000000000C9628A  Unknown               Unknown  Unknown
217: ufs_model_gfs.x    0000000000CB7D0F  Unknown               Unknown  Unknown
217: ufs_model_gfs.x    0000000000FE92FA  Unknown               Unknown  Unknown
217: ufs_model_gfs.x    0000000000A18F00  Unknown               Unknown  Unknown
217: ufs_model_gfs.x    0000000000A08761  Unknown               Unknown  Unknown
217: ufs_model_gfs.x    0000000000445828  Unknown               Unknown  Unknown
217: ufs_model_gfs.x    00000000004470A6  Unknown               Unknown  Unknown
217: ufs_model_gfs.x    0000000000D51C38  Unknown               Unknown  Unknown
217: ufs_model_gfs.x    0000000000D51BA6  Unknown               Unknown  Unknown
217: ufs_model_gfs.x    0000000000D5067C  Unknown               Unknown  Unknown
217: ufs_model_gfs.x    0000000000B937FE  Unknown               Unknown  Unknown
217: ufs_model_gfs.x    0000000000444BEF  Unknown               Unknown  Unknown
217: ufs_model_gfs.x    0000000000FE7855  Unknown               Unknown  Unknown
217: ufs_model_gfs.x    0000000000FEC0FF  Unknown               Unknown  Unknown
217: ufs_model_gfs.x    0000000000C9628A  Unknown               Unknown  Unknown
217: ufs_model_gfs.x    0000000000CB7D0F  Unknown               Unknown  Unknown
217: ufs_model_gfs.x    0000000000FE92FA  Unknown               Unknown  Unknown
217: ufs_model_gfs.x    0000000000A18F00  Unknown               Unknown  Unknown
217: ufs_model_gfs.x    0000000000736BE1  Unknown               Unknown  Unknown
217: ufs_model_gfs.x    0000000000436749  MAIN__                    409  UFS.F90
217: ufs_model_gfs.x    000000000043549D  Unknown               Unknown  Unknown
217: libc.so.6          0000146F67DEAEEC  Unknown               Unknown  Unknown
217: libc.so.6          0000146F67DEAFB5  __libc_start_main     Unknown  Unknown
217: ufs_model_gfs.x    00000000004353A1  Unknown               Unknown  Unknown
304: forrtl: error (78): process killed (SIGTERM)
304: Image              PC                Routine            Line        Source             
304: libc.so.6          000014657AA01980  Unknown               Unknown  Unknown
304: libc.so.6          000014657AABE1E7  __sched_yield         Unknown  Unknown
304: libmpi_intel.so.1  000014657B95C815  Unknown               Unknown  Unknown
304: libmpi_intel.so.1  000014657B999335  Unknown               Unknown  Unknown
304: libmpi_intel.so.1  000014657B999B31  MPI_Waitall           Unknown  Unknown
304: libmpifort_intel.  000014657DDAC83E  pmpi_waitall          Unknown  Unknown
304: ufs_model_gfs.x    00000000064198FF  ice_boundary_mp_i        3071  ice_boundary.F90
304: ufs_model_gfs.x    000000000630A2DD  ice_state_mp_boun         253  ice_state.F90
304: ufs_model_gfs.x    00000000065ED409  ice_transport_dri         578  ice_transport_driver.F90
304: ufs_model_gfs.x    00000000066BE8EE  ice_step_mod_mp_s        1047  ice_step_mod.F90
304: ufs_model_gfs.x    000000000648DFC0  cice_runmod_mp_ci         270  CICE_RunMod.F90
304: ufs_model_gfs.x    00000000060F8F68  ice_comp_nuopc_mp        1273  ice_comp_nuopc.F90
304: ufs_model_gfs.x    0000000000D51C38  Unknown               Unknown  Unknown
304: ufs_model_gfs.x    0000000000D51BA6  Unknown               Unknown  Unknown
304: ufs_model_gfs.x    0000000000D5067C  Unknown               Unknown  Unknown
304: ufs_model_gfs.x    0000000000B937FE  Unknown               Unknown  Unknown
304: ufs_model_gfs.x    0000000006AC85DA  Unknown               Unknown  Unknown
304: ufs_model_gfs.x    0000000000FE7855  Unknown               Unknown  Unknown
304: ufs_model_gfs.x    0000000000FEC0FF  Unknown               Unknown  Unknown
304: ufs_model_gfs.x    0000000000C9649A  Unknown               Unknown  Unknown
304: ufs_model_gfs.x    0000000000CB7D0F  Unknown               Unknown  Unknown
304: ufs_model_gfs.x    0000000000FE92FA  Unknown               Unknown  Unknown
304: ufs_model_gfs.x    0000000000A18F00  Unknown               Unknown  Unknown
304: ufs_model_gfs.x    0000000000736BE1  Unknown               Unknown  Unknown
304: ufs_model_gfs.x    0000000000448377  Unknown               Unknown  Unknown
304: ufs_model_gfs.x    0000000000447BCA  Unknown               Unknown  Unknown
304: ufs_model_gfs.x    0000000000D51C38  Unknown               Unknown  Unknown
304: ufs_model_gfs.x    0000000000D51BA6  Unknown               Unknown  Unknown
304: ufs_model_gfs.x    0000000000D5067C  Unknown               Unknown  Unknown
304: ufs_model_gfs.x    0000000000B937FE  Unknown               Unknown  Unknown
304: ufs_model_gfs.x    0000000000444BEF  Unknown               Unknown  Unknown
304: ufs_model_gfs.x    0000000000FE7855  Unknown               Unknown  Unknown
304: ufs_model_gfs.x    0000000000FEC0FF  Unknown               Unknown  Unknown
304: ufs_model_gfs.x    0000000000C9628A  Unknown               Unknown  Unknown
304: ufs_model_gfs.x    0000000000CB7D0F  Unknown               Unknown  Unknown
304: ufs_model_gfs.x    0000000000FE92FA  Unknown               Unknown  Unknown
304: ufs_model_gfs.x    0000000000A18F00  Unknown               Unknown  Unknown
304: ufs_model_gfs.x    0000000000736BE1  Unknown               Unknown  Unknown
304: ufs_model_gfs.x    0000000000436749  MAIN__                    409  UFS.F90
304: ufs_model_gfs.x    000000000043549D  Unknown               Unknown  Unknown
304: libc.so.6          000014657A9EAEEC  Unknown               Unknown  Unknown
274: forrtl: error (78): process killed (SIGTERM)
274: Image              PC                Routine            Line        Source             
274: libc.so.6          000014A91B401980  Unknown               Unknown  Unknown
274: libc.so.6          000014A91B4BE1E7  __sched_yield         Unknown  Unknown
274: libmpi_intel.so.1  000014A91BDD166D  MPI_Probe             Unknown  Unknown
274: ufs_model_gfs.x    0000000000CAC940  Unknown               Unknown  Unknown
274: ufs_model_gfs.x    000000000101F1BA  Unknown               Unknown  Unknown
274: ufs_model_gfs.x    000000000101D613  Unknown               Unknown  Unknown
274: ufs_model_gfs.x    000000000101D613  Unknown               Unknown  Unknown
274: ufs_model_gfs.x    0000000001277EB2  Unknown               Unknown  Unknown
274: ufs_model_gfs.x    0000000001269A7F  Unknown               Unknown  Unknown
274: ufs_model_gfs.x    0000000000C260A6  Unknown               Unknown  Unknown
274: ufs_model_gfs.x    00000000009D667F  Unknown               Unknown  Unknown
274: ufs_model_gfs.x    000000000049EB2A  Unknown               Unknown  Unknown
274: ufs_model_gfs.x    0000000000FE7855  Unknown               Unknown  Unknown
274: ufs_model_gfs.x    0000000000FEC0FF  Unknown               Unknown  Unknown
274: ufs_model_gfs.x    0000000000C9628A  Unknown               Unknown  Unknown
274: ufs_model_gfs.x    0000000000CB7D0F  Unknown               Unknown  Unknown
274: ufs_model_gfs.x    0000000000FE92FA  Unknown               Unknown  Unknown
274: ufs_model_gfs.x    0000000000A18F00  Unknown               Unknown  Unknown
274: ufs_model_gfs.x    0000000000A08761  Unknown               Unknown  Unknown
274: ufs_model_gfs.x    0000000000445828  Unknown               Unknown  Unknown
274: ufs_model_gfs.x    00000000004470A6  Unknown               Unknown  Unknown
274: ufs_model_gfs.x    0000000000D51C38  Unknown               Unknown  Unknown
274: ufs_model_gfs.x    0000000000D51BA6  Unknown               Unknown  Unknown
274: ufs_model_gfs.x    0000000000D5067C  Unknown               Unknown  Unknown
274: ufs_model_gfs.x    0000000000B937FE  Unknown               Unknown  Unknown
274: ufs_model_gfs.x    0000000000444BEF  Unknown               Unknown  Unknown
274: ufs_model_gfs.x    0000000000FE7855  Unknown               Unknown  Unknown
274: ufs_model_gfs.x    0000000000FEC0FF  Unknown               Unknown  Unknown
274: ufs_model_gfs.x    0000000000C9628A  Unknown               Unknown  Unknown
274: ufs_model_gfs.x    0000000000CB7D0F  Unknown               Unknown  Unknown
274: ufs_model_gfs.x    0000000000FE92FA  Unknown               Unknown  Unknown
274: ufs_model_gfs.x    0000000000A18F00  Unknown               Unknown  Unknown
274: ufs_model_gfs.x    0000000000736BE1  Unknown               Unknown  Unknown
274: ufs_model_gfs.x    0000000000436749  MAIN__                    409  UFS.F90
274: ufs_model_gfs.x    000000000043549D  Unknown               Unknown  Unknown
274: libc.so.6          000014A91B3EAEEC  Unknown               Unknown  Unknown
274: libc.so.6          000014A91B3EAFB5  __libc_start_main     Unknown  Unknown
274: ufs_model_gfs.x    00000000004353A1  Unknown               Unknown  Unknown
304: libc.so.6          000014657A9EAFB5  __libc_start_main     Unknown  Unknown
304: ufs_model_gfs.x    00000000004353A1  Unknown               Unknown  Unknown
299: forrtl: error (78): process killed (SIGTERM)
299: Image              PC                Routine            Line        Source             
299: libc.so.6          000014B0F6A01980  Unknown               Unknown  Unknown
299: libc.so.6          000014B0F6ABE1DE  __sched_yield         Unknown  Unknown
299: libmpi_intel.so.1  000014B0F73D166D  MPI_Probe             Unknown  Unknown
299: ufs_model_gfs.x    0000000000CAC940  Unknown               Unknown  Unknown
299: ufs_model_gfs.x    000000000101F1BA  Unknown               Unknown  Unknown
299: ufs_model_gfs.x    000000000101D613  Unknown               Unknown  Unknown
299: ufs_model_gfs.x    000000000101D613  Unknown               Unknown  Unknown
299: ufs_model_gfs.x    0000000001277EB2  Unknown               Unknown  Unknown
299: ufs_model_gfs.x    0000000001269A7F  Unknown               Unknown  Unknown
299: ufs_model_gfs.x    0000000000C260A6  Unknown               Unknown  Unknown
299: ufs_model_gfs.x    00000000009D667F  Unknown               Unknown  Unknown
299: ufs_model_gfs.x    000000000049EB2A  Unknown               Unknown  Unknown
299: ufs_model_gfs.x    0000000000FE7855  Unknown               Unknown  Unknown
299: ufs_model_gfs.x    0000000000FEC0FF  Unknown               Unknown  Unknown
299: ufs_model_gfs.x    0000000000C9628A  Unknown               Unknown  Unknown
299: ufs_model_gfs.x    0000000000CB7D0F  Unknown               Unknown  Unknown
299: ufs_model_gfs.x    0000000000FE92FA  Unknown               Unknown  Unknown
299: ufs_model_gfs.x    0000000000A18F00  Unknown               Unknown  Unknown
299: ufs_model_gfs.x    0000000000A08761  Unknown               Unknown  Unknown
299: ufs_model_gfs.x    0000000000445828  Unknown               Unknown  Unknown
299: ufs_model_gfs.x    00000000004470A6  Unknown               Unknown  Unknown
299: ufs_model_gfs.x    0000000000D51C38  Unknown               Unknown  Unknown
299: ufs_model_gfs.x    0000000000D51BA6  Unknown               Unknown  Unknown
299: ufs_model_gfs.x    0000000000D5067C  Unknown               Unknown  Unknown
299: ufs_model_gfs.x    0000000000B937FE  Unknown               Unknown  Unknown
299: ufs_model_gfs.x    0000000000444BEF  Unknown               Unknown  Unknown
299: ufs_model_gfs.x    0000000000FE7855  Unknown               Unknown  Unknown
299: ufs_model_gfs.x    0000000000FEC0FF  Unknown               Unknown  Unknown
299: ufs_model_gfs.x    0000000000C9628A  Unknown               Unknown  Unknown
299: ufs_model_gfs.x    0000000000CB7D0F  Unknown               Unknown  Unknown
299: ufs_model_gfs.x    0000000000FE92FA  Unknown               Unknown  Unknown
299: ufs_model_gfs.x    0000000000A18F00  Unknown               Unknown  Unknown
299: ufs_model_gfs.x    0000000000736BE1  Unknown               Unknown  Unknown
299: ufs_model_gfs.x    0000000000436749  MAIN__                    409  UFS.F90
299: ufs_model_gfs.x    000000000043549D  Unknown               Unknown  Unknown
299: libc.so.6          000014B0F69EAEEC  Unknown               Unknown  Unknown
299: libc.so.6          000014B0F69EAFB5  __libc_start_main     Unknown  Unknown
299: ufs_model_gfs.x    00000000004353A1  Unknown               Unknown  Unknown
292: forrtl: error (78): process killed (SIGTERM)
292: Image              PC                Routine            Line        Source             
292: libc.so.6          0000145CB3401980  Unknown               Unknown  Unknown
292: libfabric.so.1.25  0000145CB045D1CC  Unknown               Unknown  Unknown
292: libfabric.so.1.25  0000145CB0435B20  Unknown               Unknown  Unknown
292: libmpi_intel.so.1  0000145CB3DD098F  MPI_Probe             Unknown  Unknown
292: ufs_model_gfs.x    0000000000CAC940  Unknown               Unknown  Unknown
292: ufs_model_gfs.x    000000000101F1BA  Unknown               Unknown  Unknown
292: ufs_model_gfs.x    000000000101D613  Unknown               Unknown  Unknown
292: ufs_model_gfs.x    000000000101D613  Unknown               Unknown  Unknown
292: ufs_model_gfs.x    0000000001277EB2  Unknown               Unknown  Unknown
292: ufs_model_gfs.x    0000000001269A7F  Unknown               Unknown  Unknown
292: ufs_model_gfs.x    0000000000C260A6  Unknown               Unknown  Unknown
292: ufs_model_gfs.x    00000000009D667F  Unknown               Unknown  Unknown
292: ufs_model_gfs.x    000000000049EB2A  Unknown               Unknown  Unknown
292: ufs_model_gfs.x    0000000000FE7855  Unknown               Unknown  Unknown
292: ufs_model_gfs.x    0000000000FEC0FF  Unknown               Unknown  Unknown
292: ufs_model_gfs.x    0000000000C9628A  Unknown               Unknown  Unknown
292: ufs_model_gfs.x    0000000000CB7D0F  Unknown               Unknown  Unknown
292: ufs_model_gfs.x    0000000000FE92FA  Unknown               Unknown  Unknown
292: ufs_model_gfs.x    0000000000A18F00  Unknown               Unknown  Unknown
292: ufs_model_gfs.x    0000000000A08761  Unknown               Unknown  Unknown
292: ufs_model_gfs.x    0000000000445828  Unknown               Unknown  Unknown
292: ufs_model_gfs.x    00000000004470A6  Unknown               Unknown  Unknown
292: ufs_model_gfs.x    0000000000D51C38  Unknown               Unknown  Unknown
292: ufs_model_gfs.x    0000000000D51BA6  Unknown               Unknown  Unknown
292: ufs_model_gfs.x    0000000000D5067C  Unknown               Unknown  Unknown
292: ufs_model_gfs.x    0000000000B937FE  Unknown               Unknown  Unknown
292: ufs_model_gfs.x    0000000000444BEF  Unknown               Unknown  Unknown
292: ufs_model_gfs.x    0000000000FE7855  Unknown               Unknown  Unknown
292: ufs_model_gfs.x    0000000000FEC0FF  Unknown               Unknown  Unknown
292: ufs_model_gfs.x    0000000000C9628A  Unknown               Unknown  Unknown
292: ufs_model_gfs.x    0000000000CB7D0F  Unknown               Unknown  Unknown
292: ufs_model_gfs.x    0000000000FE92FA  Unknown               Unknown  Unknown
292: ufs_model_gfs.x    0000000000A18F00  Unknown               Unknown  Unknown
292: ufs_model_gfs.x    0000000000736BE1  Unknown               Unknown  Unknown
292: ufs_model_gfs.x    0000000000436749  MAIN__                    409  UFS.F90
292: ufs_model_gfs.x    000000000043549D  Unknown               Unknown  Unknown
292: libc.so.6          0000145CB33EAEEC  Unknown               Unknown  Unknown
292: libc.so.6          0000145CB33EAFB5  __libc_start_main     Unknown  Unknown
292: ufs_model_gfs.x    00000000004353A1  Unknown               Unknown  Unknown
215: forrtl: error (78): process killed (SIGTERM)
215: Image              PC                Routine            Line        Source             
215: libc.so.6          0000149186601980  Unknown               Unknown  Unknown
215: libc.so.6          00001491866BE1E7  __sched_yield         Unknown  Unknown
215: libmpi_intel.so.1  0000149186FD166D  MPI_Probe             Unknown  Unknown
215: ufs_model_gfs.x    0000000000CAC940  Unknown               Unknown  Unknown
215: ufs_model_gfs.x    000000000101F1BA  Unknown               Unknown  Unknown
215: ufs_model_gfs.x    000000000101D613  Unknown               Unknown  Unknown
215: ufs_model_gfs.x    000000000101D613  Unknown               Unknown  Unknown
215: ufs_model_gfs.x    0000000001277EB2  Unknown               Unknown  Unknown
215: ufs_model_gfs.x    0000000001269A7F  Unknown               Unknown  Unknown
215: ufs_model_gfs.x    0000000000C260A6  Unknown               Unknown  Unknown
215: ufs_model_gfs.x    00000000009D667F  Unknown               Unknown  Unknown
215: ufs_model_gfs.x    000000000049EB2A  Unknown               Unknown  Unknown
215: ufs_model_gfs.x    0000000000FE7855  Unknown               Unknown  Unknown
215: ufs_model_gfs.x    0000000000FEC0FF  Unknown               Unknown  Unknown
215: ufs_model_gfs.x    0000000000C9628A  Unknown               Unknown  Unknown
215: ufs_model_gfs.x    0000000000CB7D0F  Unknown               Unknown  Unknown
215: ufs_model_gfs.x    0000000000FE92FA  Unknown               Unknown  Unknown
215: ufs_model_gfs.x    0000000000A18F00  Unknown               Unknown  Unknown
215: ufs_model_gfs.x    0000000000A08761  Unknown               Unknown  Unknown
215: ufs_model_gfs.x    0000000000445828  Unknown               Unknown  Unknown
215: ufs_model_gfs.x    00000000004470A6  Unknown               Unknown  Unknown
215: ufs_model_gfs.x    0000000000D51C38  Unknown               Unknown  Unknown
215: ufs_model_gfs.x    0000000000D51BA6  Unknown               Unknown  Unknown
215: ufs_model_gfs.x    0000000000D5067C  Unknown               Unknown  Unknown
215: ufs_model_gfs.x    0000000000B937FE  Unknown               Unknown  Unknown
215: ufs_model_gfs.x    0000000000444BEF  Unknown               Unknown  Unknown
215: ufs_model_gfs.x    0000000000FE7855  Unknown               Unknown  Unknown
215: ufs_model_gfs.x    0000000000FEC0FF  Unknown               Unknown  Unknown
215: ufs_model_gfs.x    0000000000C9628A  Unknown               Unknown  Unknown
215: ufs_model_gfs.x    0000000000CB7D0F  Unknown               Unknown  Unknown
215: ufs_model_gfs.x    0000000000FE92FA  Unknown               Unknown  Unknown
215: ufs_model_gfs.x    0000000000A18F00  Unknown               Unknown  Unknown
215: ufs_model_gfs.x    0000000000736BE1  Unknown               Unknown  Unknown
215: ufs_model_gfs.x    0000000000436749  MAIN__                    409  UFS.F90
215: ufs_model_gfs.x    000000000043549D  Unknown               Unknown  Unknown
215: libc.so.6          00001491865EAEEC  Unknown               Unknown  Unknown
215: libc.so.6          00001491865EAFB5  __libc_start_main     Unknown  Unknown
215: ufs_model_gfs.x    00000000004353A1  Unknown               Unknown  Unknown
235: forrtl: error (78): process killed (SIGTERM)
235: Image              PC                Routine            Line        Source             
235: libc.so.6          000014D0C6E01980  Unknown               Unknown  Unknown
235: libc.so.6          000014D0C6EBE1E7  __sched_yield         Unknown  Unknown
235: libmpi_intel.so.1  000014D0C77B92AC  Unknown               Unknown  Unknown
235: libmpi_intel.so.1  000014D0C77D06BC  MPI_Probe             Unknown  Unknown
235: ufs_model_gfs.x    0000000000CAC940  Unknown               Unknown  Unknown
235: ufs_model_gfs.x    000000000101F1BA  Unknown               Unknown  Unknown
235: ufs_model_gfs.x    000000000101D613  Unknown               Unknown  Unknown
235: ufs_model_gfs.x    000000000101D613  Unknown               Unknown  Unknown
235: ufs_model_gfs.x    0000000001277EB2  Unknown               Unknown  Unknown
235: ufs_model_gfs.x    0000000001269A7F  Unknown               Unknown  Unknown
235: ufs_model_gfs.x    0000000000C260A6  Unknown               Unknown  Unknown
235: ufs_model_gfs.x    00000000009D667F  Unknown               Unknown  Unknown
235: ufs_model_gfs.x    000000000049EB2A  Unknown               Unknown  Unknown
235: ufs_model_gfs.x    0000000000FE7855  Unknown               Unknown  Unknown
235: ufs_model_gfs.x    0000000000FEC0FF  Unknown               Unknown  Unknown
235: ufs_model_gfs.x    0000000000C9628A  Unknown               Unknown  Unknown
235: ufs_model_gfs.x    0000000000CB7D0F  Unknown               Unknown  Unknown
235: ufs_model_gfs.x    0000000000FE92FA  Unknown               Unknown  Unknown
235: ufs_model_gfs.x    0000000000A18F00  Unknown               Unknown  Unknown
235: ufs_model_gfs.x    0000000000A08761  Unknown               Unknown  Unknown
235: ufs_model_gfs.x    0000000000445828  Unknown               Unknown  Unknown
235: ufs_model_gfs.x    00000000004470A6  Unknown               Unknown  Unknown
235: ufs_model_gfs.x    0000000000D51C38  Unknown               Unknown  Unknown
235: ufs_model_gfs.x    0000000000D51BA6  Unknown               Unknown  Unknown
235: ufs_model_gfs.x    0000000000D5067C  Unknown               Unknown  Unknown
235: ufs_model_gfs.x    0000000000B937FE  Unknown               Unknown  Unknown
235: ufs_model_gfs.x    0000000000444BEF  Unknown               Unknown  Unknown
235: ufs_model_gfs.x    0000000000FE7855  Unknown               Unknown  Unknown
235: ufs_model_gfs.x    0000000000FEC0FF  Unknown               Unknown  Unknown
235: ufs_model_gfs.x    0000000000C9628A  Unknown               Unknown  Unknown
235: ufs_model_gfs.x    0000000000CB7D0F  Unknown               Unknown  Unknown
235: ufs_model_gfs.x    0000000000FE92FA  Unknown               Unknown  Unknown
235: ufs_model_gfs.x    0000000000A18F00  Unknown               Unknown  Unknown
235: ufs_model_gfs.x    0000000000736BE1  Unknown               Unknown  Unknown
235: ufs_model_gfs.x    0000000000436749  MAIN__                    409  UFS.F90
235: ufs_model_gfs.x    000000000043549D  Unknown               Unknown  Unknown
235: libc.so.6          000014D0C6DEAEEC  Unknown               Unknown  Unknown
235: libc.so.6          000014D0C6DEAFB5  __libc_start_main     Unknown  Unknown
235: ufs_model_gfs.x    00000000004353A1  Unknown               Unknown  Unknown
228: forrtl: error (78): process killed (SIGTERM)
228: Image              PC                Routine            Line        Source             
228: libc.so.6          0000153FF8801980  Unknown               Unknown  Unknown
228: libfabric.so.1.25  0000153FF57B6F65  Unknown               Unknown  Unknown
228: libmpi_intel.so.1  0000153FF91B8BF7  Unknown               Unknown  Unknown
228: libmpi_intel.so.1  0000153FF91D06BC  MPI_Probe             Unknown  Unknown
228: ufs_model_gfs.x    0000000000CAC940  Unknown               Unknown  Unknown
228: ufs_model_gfs.x    000000000101F1BA  Unknown               Unknown  Unknown
228: ufs_model_gfs.x    000000000101D613  Unknown               Unknown  Unknown
228: ufs_model_gfs.x    000000000101D613  Unknown               Unknown  Unknown
228: ufs_model_gfs.x    0000000001277EB2  Unknown               Unknown  Unknown
228: ufs_model_gfs.x    0000000001269A7F  Unknown               Unknown  Unknown
228: ufs_model_gfs.x    0000000000C260A6  Unknown               Unknown  Unknown
228: ufs_model_gfs.x    00000000009D667F  Unknown               Unknown  Unknown
228: ufs_model_gfs.x    000000000049EB2A  Unknown               Unknown  Unknown
228: ufs_model_gfs.x    0000000000FE7855  Unknown               Unknown  Unknown
228: ufs_model_gfs.x    0000000000FEC0FF  Unknown               Unknown  Unknown
228: ufs_model_gfs.x    0000000000C9628A  Unknown               Unknown  Unknown
228: ufs_model_gfs.x    0000000000CB7D0F  Unknown               Unknown  Unknown
228: ufs_model_gfs.x    0000000000FE92FA  Unknown               Unknown  Unknown
228: ufs_model_gfs.x    0000000000A18F00  Unknown               Unknown  Unknown
228: ufs_model_gfs.x    0000000000A08761  Unknown               Unknown  Unknown
228: ufs_model_gfs.x    0000000000445828  Unknown               Unknown  Unknown
228: ufs_model_gfs.x    00000000004470A6  Unknown               Unknown  Unknown
228: ufs_model_gfs.x    0000000000D51C38  Unknown               Unknown  Unknown
228: ufs_model_gfs.x    0000000000D51BA6  Unknown               Unknown  Unknown
228: ufs_model_gfs.x    0000000000D5067C  Unknown               Unknown  Unknown
228: ufs_model_gfs.x    0000000000B937FE  Unknown               Unknown  Unknown
228: ufs_model_gfs.x    0000000000444BEF  Unknown               Unknown  Unknown
228: ufs_model_gfs.x    0000000000FE7855  Unknown               Unknown  Unknown
228: ufs_model_gfs.x    0000000000FEC0FF  Unknown               Unknown  Unknown
228: ufs_model_gfs.x    0000000000C9628A  Unknown               Unknown  Unknown
228: ufs_model_gfs.x    0000000000CB7D0F  Unknown               Unknown  Unknown
228: ufs_model_gfs.x    0000000000FE92FA  Unknown               Unknown  Unknown
228: ufs_model_gfs.x    0000000000A18F00  Unknown               Unknown  Unknown
228: ufs_model_gfs.x    0000000000736BE1  Unknown               Unknown  Unknown
228: ufs_model_gfs.x    0000000000436749  MAIN__                    409  UFS.F90
228: ufs_model_gfs.x    000000000043549D  Unknown               Unknown  Unknown
228: libc.so.6          0000153FF87EAEEC  Unknown               Unknown  Unknown
228: libc.so.6          0000153FF87EAFB5  __libc_start_main     Unknown  Unknown
228: ufs_model_gfs.x    00000000004353A1  Unknown               Unknown  Unknown
267: forrtl: error (78): process killed (SIGTERM)
267: Image              PC                Routine            Line        Source             
267: libc.so.6          00001460DCE01980  Unknown               Unknown  Unknown
267: libmpi_intel.so.1  00001460DD7B8E39  Unknown               Unknown  Unknown
267: libmpi_intel.so.1  00001460DD7D06BC  MPI_Probe             Unknown  Unknown
267: ufs_model_gfs.x    0000000000CAC940  Unknown               Unknown  Unknown
267: ufs_model_gfs.x    000000000101F1BA  Unknown               Unknown  Unknown
267: ufs_model_gfs.x    000000000101D613  Unknown               Unknown  Unknown
267: ufs_model_gfs.x    000000000101D613  Unknown               Unknown  Unknown
267: ufs_model_gfs.x    0000000001277EB2  Unknown               Unknown  Unknown
267: ufs_model_gfs.x    0000000001269A7F  Unknown               Unknown  Unknown
267: ufs_model_gfs.x    0000000000C260A6  Unknown               Unknown  Unknown
267: ufs_model_gfs.x    00000000009D667F  Unknown               Unknown  Unknown
267: ufs_model_gfs.x    000000000049EB2A  Unknown               Unknown  Unknown
267: ufs_model_gfs.x    0000000000FE7855  Unknown               Unknown  Unknown
267: ufs_model_gfs.x    0000000000FEC0FF  Unknown               Unknown  Unknown
267: ufs_model_gfs.x    0000000000C9628A  Unknown               Unknown  Unknown
267: ufs_model_gfs.x    0000000000CB7D0F  Unknown               Unknown  Unknown
267: ufs_model_gfs.x    0000000000FE92FA  Unknown               Unknown  Unknown
267: ufs_model_gfs.x    0000000000A18F00  Unknown               Unknown  Unknown
267: ufs_model_gfs.x    0000000000A08761  Unknown               Unknown  Unknown
267: ufs_model_gfs.x    0000000000445828  Unknown               Unknown  Unknown
267: ufs_model_gfs.x    00000000004470A6  Unknown               Unknown  Unknown
267: ufs_model_gfs.x    0000000000D51C38  Unknown               Unknown  Unknown
267: ufs_model_gfs.x    0000000000D51BA6  Unknown               Unknown  Unknown
267: ufs_model_gfs.x    0000000000D5067C  Unknown               Unknown  Unknown
267: ufs_model_gfs.x    0000000000B937FE  Unknown               Unknown  Unknown
267: ufs_model_gfs.x    0000000000444BEF  Unknown               Unknown  Unknown
267: ufs_model_gfs.x    0000000000FE7855  Unknown               Unknown  Unknown
267: ufs_model_gfs.x    0000000000FEC0FF  Unknown               Unknown  Unknown
267: ufs_model_gfs.x    0000000000C9628A  Unknown               Unknown  Unknown
267: ufs_model_gfs.x    0000000000CB7D0F  Unknown               Unknown  Unknown
267: ufs_model_gfs.x    0000000000FE92FA  Unknown               Unknown  Unknown
267: ufs_model_gfs.x    0000000000A18F00  Unknown               Unknown  Unknown
267: ufs_model_gfs.x    0000000000736BE1  Unknown               Unknown  Unknown
267: ufs_model_gfs.x    0000000000436749  MAIN__                    409  UFS.F90
267: ufs_model_gfs.x    000000000043549D  Unknown               Unknown  Unknown
267: libc.so.6          00001460DCDEAEEC  Unknown               Unknown  Unknown
267: libc.so.6          00001460DCDEAFB5  __libc_start_main     Unknown  Unknown
267: ufs_model_gfs.x    00000000004353A1  Unknown               Unknown  Unknown
247: forrtl: error (78): process killed (SIGTERM)
247: Image              PC                Routine            Line        Source             
247: libc.so.6          0000153D72E01980  Unknown               Unknown  Unknown
247: libc.so.6          0000153D72EBE1E7  __sched_yield         Unknown  Unknown
247: libmpi_intel.so.1  0000153D737D166D  MPI_Probe             Unknown  Unknown
247: ufs_model_gfs.x    0000000000CAC940  Unknown               Unknown  Unknown
247: ufs_model_gfs.x    000000000101F1BA  Unknown               Unknown  Unknown
247: ufs_model_gfs.x    000000000101D613  Unknown               Unknown  Unknown
247: ufs_model_gfs.x    000000000101D613  Unknown               Unknown  Unknown
247: ufs_model_gfs.x    0000000001277EB2  Unknown               Unknown  Unknown
247: ufs_model_gfs.x    0000000001269A7F  Unknown               Unknown  Unknown
247: ufs_model_gfs.x    0000000000C260A6  Unknown               Unknown  Unknown
247: ufs_model_gfs.x    00000000009D667F  Unknown               Unknown  Unknown
247: ufs_model_gfs.x    000000000049EB2A  Unknown               Unknown  Unknown
247: ufs_model_gfs.x    0000000000FE7855  Unknown               Unknown  Unknown
247: ufs_model_gfs.x    0000000000FEC0FF  Unknown               Unknown  Unknown
247: ufs_model_gfs.x    0000000000C9628A  Unknown               Unknown  Unknown
247: ufs_model_gfs.x    0000000000CB7D0F  Unknown               Unknown  Unknown
247: ufs_model_gfs.x    0000000000FE92FA  Unknown               Unknown  Unknown
247: ufs_model_gfs.x    0000000000A18F00  Unknown               Unknown  Unknown
247: ufs_model_gfs.x    0000000000A08761  Unknown               Unknown  Unknown
247: ufs_model_gfs.x    0000000000445828  Unknown               Unknown  Unknown
247: ufs_model_gfs.x    00000000004470A6  Unknown               Unknown  Unknown
247: ufs_model_gfs.x    0000000000D51C38  Unknown               Unknown  Unknown
247: ufs_model_gfs.x    0000000000D51BA6  Unknown               Unknown  Unknown
247: ufs_model_gfs.x    0000000000D5067C  Unknown               Unknown  Unknown
247: ufs_model_gfs.x    0000000000B937FE  Unknown               Unknown  Unknown
247: ufs_model_gfs.x    0000000000444BEF  Unknown               Unknown  Unknown
247: ufs_model_gfs.x    0000000000FE7855  Unknown               Unknown  Unknown
247: ufs_model_gfs.x    0000000000FEC0FF  Unknown               Unknown  Unknown
247: ufs_model_gfs.x    0000000000C9628A  Unknown               Unknown  Unknown
247: ufs_model_gfs.x    0000000000CB7D0F  Unknown               Unknown  Unknown
247: ufs_model_gfs.x    0000000000FE92FA  Unknown               Unknown  Unknown
247: ufs_model_gfs.x    0000000000A18F00  Unknown               Unknown  Unknown
247: ufs_model_gfs.x    0000000000736BE1  Unknown               Unknown  Unknown
247: ufs_model_gfs.x    0000000000436749  MAIN__                    409  UFS.F90
247: ufs_model_gfs.x    000000000043549D  Unknown               Unknown  Unknown
247: libc.so.6          0000153D72DEAEEC  Unknown               Unknown  Unknown
247: libc.so.6          0000153D72DEAFB5  __libc_start_main     Unknown  Unknown
247: ufs_model_gfs.x    00000000004353A1  Unknown               Unknown  Unknown
300: forrtl: error (78): process killed (SIGTERM)
300: Image              PC                Routine            Line        Source             
300: libc.so.6          0000150ED8A01980  Unknown               Unknown  Unknown
300: libc.so.6          0000150ED8ABE1E7  __sched_yield         Unknown  Unknown
300: libmpi_intel.so.1  0000150ED93B92AC  Unknown               Unknown  Unknown
300: libmpi_intel.so.1  0000150ED93D06BC  MPI_Probe             Unknown  Unknown
300: ufs_model_gfs.x    0000000000CAC940  Unknown               Unknown  Unknown
300: ufs_model_gfs.x    000000000101F1BA  Unknown               Unknown  Unknown
300: ufs_model_gfs.x    000000000101D613  Unknown               Unknown  Unknown
300: ufs_model_gfs.x    000000000101D613  Unknown               Unknown  Unknown
300: ufs_model_gfs.x    0000000001277EB2  Unknown               Unknown  Unknown
300: ufs_model_gfs.x    0000000001269A7F  Unknown               Unknown  Unknown
300: ufs_model_gfs.x    0000000000C260A6  Unknown               Unknown  Unknown
300: ufs_model_gfs.x    00000000009D667F  Unknown               Unknown  Unknown
300: ufs_model_gfs.x    000000000049EB2A  Unknown               Unknown  Unknown
300: ufs_model_gfs.x    0000000000FE7855  Unknown               Unknown  Unknown
300: ufs_model_gfs.x    0000000000FEC0FF  Unknown               Unknown  Unknown
300: ufs_model_gfs.x    0000000000C9628A  Unknown               Unknown  Unknown
300: ufs_model_gfs.x    0000000000CB7D0F  Unknown               Unknown  Unknown
300: ufs_model_gfs.x    0000000000FE92FA  Unknown               Unknown  Unknown
300: ufs_model_gfs.x    0000000000A18F00  Unknown               Unknown  Unknown
300: ufs_model_gfs.x    0000000000A08761  Unknown               Unknown  Unknown
300: ufs_model_gfs.x    0000000000445828  Unknown               Unknown  Unknown
300: ufs_model_gfs.x    00000000004470A6  Unknown               Unknown  Unknown
300: ufs_model_gfs.x    0000000000D51C38  Unknown               Unknown  Unknown
300: ufs_model_gfs.x    0000000000D51BA6  Unknown               Unknown  Unknown
300: ufs_model_gfs.x    0000000000D5067C  Unknown               Unknown  Unknown
300: ufs_model_gfs.x    0000000000B937FE  Unknown               Unknown  Unknown
300: ufs_model_gfs.x    0000000000444BEF  Unknown               Unknown  Unknown
300: ufs_model_gfs.x    0000000000FE7855  Unknown               Unknown  Unknown
300: ufs_model_gfs.x    0000000000FEC0FF  Unknown               Unknown  Unknown
300: ufs_model_gfs.x    0000000000C9628A  Unknown               Unknown  Unknown
300: ufs_model_gfs.x    0000000000CB7D0F  Unknown               Unknown  Unknown
300: ufs_model_gfs.x    0000000000FE92FA  Unknown               Unknown  Unknown
300: ufs_model_gfs.x    0000000000A18F00  Unknown               Unknown  Unknown
300: ufs_model_gfs.x    0000000000736BE1  Unknown               Unknown  Unknown
300: ufs_model_gfs.x    0000000000436749  MAIN__                    409  UFS.F90
300: ufs_model_gfs.x    000000000043549D  Unknown               Unknown  Unknown
300: libc.so.6          0000150ED89EAEEC  Unknown               Unknown  Unknown
300: libc.so.6          0000150ED89EAFB5  __libc_start_main     Unknown  Unknown
300: ufs_model_gfs.x    00000000004353A1  Unknown               Unknown  Unknown
289: forrtl: error (78): process killed (SIGTERM)
289: Image              PC                Routine            Line        Source             
289: libc.so.6          0000154ECFA01980  Unknown               Unknown  Unknown
289: libc.so.6          0000154ECFABE1E7  __sched_yield         Unknown  Unknown
289: libmpi_intel.so.1  0000154ED03D166D  MPI_Probe             Unknown  Unknown
289: ufs_model_gfs.x    0000000000CAC940  Unknown               Unknown  Unknown
289: ufs_model_gfs.x    000000000101F1BA  Unknown               Unknown  Unknown
289: ufs_model_gfs.x    000000000101D613  Unknown               Unknown  Unknown
289: ufs_model_gfs.x    000000000101D613  Unknown               Unknown  Unknown
289: ufs_model_gfs.x    0000000001277EB2  Unknown               Unknown  Unknown
289: ufs_model_gfs.x    0000000001269A7F  Unknown               Unknown  Unknown
289: ufs_model_gfs.x    0000000000C260A6  Unknown               Unknown  Unknown
289: ufs_model_gfs.x    00000000009D667F  Unknown               Unknown  Unknown
289: ufs_model_gfs.x    000000000049EB2A  Unknown               Unknown  Unknown
289: ufs_model_gfs.x    0000000000FE7855  Unknown               Unknown  Unknown
289: ufs_model_gfs.x    0000000000FEC0FF  Unknown               Unknown  Unknown
289: ufs_model_gfs.x    0000000000C9628A  Unknown               Unknown  Unknown
289: ufs_model_gfs.x    0000000000CB7D0F  Unknown               Unknown  Unknown
289: ufs_model_gfs.x    0000000000FE92FA  Unknown               Unknown  Unknown
289: ufs_model_gfs.x    0000000000A18F00  Unknown               Unknown  Unknown
289: ufs_model_gfs.x    0000000000A08761  Unknown               Unknown  Unknown
289: ufs_model_gfs.x    0000000000445828  Unknown               Unknown  Unknown
289: ufs_model_gfs.x    00000000004470A6  Unknown               Unknown  Unknown
289: ufs_model_gfs.x    0000000000D51C38  Unknown               Unknown  Unknown
289: ufs_model_gfs.x    0000000000D51BA6  Unknown               Unknown  Unknown
289: ufs_model_gfs.x    0000000000D5067C  Unknown               Unknown  Unknown
289: ufs_model_gfs.x    0000000000B937FE  Unknown               Unknown  Unknown
289: ufs_model_gfs.x    0000000000444BEF  Unknown               Unknown  Unknown
289: ufs_model_gfs.x    0000000000FE7855  Unknown               Unknown  Unknown
289: ufs_model_gfs.x    0000000000FEC0FF  Unknown               Unknown  Unknown
289: ufs_model_gfs.x    0000000000C9628A  Unknown               Unknown  Unknown
289: ufs_model_gfs.x    0000000000CB7D0F  Unknown               Unknown  Unknown
289: ufs_model_gfs.x    0000000000FE92FA  Unknown               Unknown  Unknown
289: ufs_model_gfs.x    0000000000A18F00  Unknown               Unknown  Unknown
289: ufs_model_gfs.x    0000000000736BE1  Unknown               Unknown  Unknown
289: ufs_model_gfs.x    0000000000436749  MAIN__                    409  UFS.F90
289: ufs_model_gfs.x    000000000043549D  Unknown               Unknown  Unknown
289: libc.so.6          0000154ECF9EAEEC  Unknown               Unknown  Unknown
289: libc.so.6          0000154ECF9EAFB5  __libc_start_main     Unknown  Unknown
289: ufs_model_gfs.x    00000000004353A1  Unknown               Unknown  Unknown
290: forrtl: error (78): process killed (SIGTERM)
290: Image              PC                Routine            Line        Source             
290: libc.so.6          00001469E2C01980  Unknown               Unknown  Unknown
290: libc.so.6          00001469E2CBE1E7  __sched_yield         Unknown  Unknown
290: libmpi_intel.so.1  00001469E35D166D  MPI_Probe             Unknown  Unknown
290: ufs_model_gfs.x    0000000000CAC940  Unknown               Unknown  Unknown
290: ufs_model_gfs.x    000000000101F1BA  Unknown               Unknown  Unknown
290: ufs_model_gfs.x    000000000101D613  Unknown               Unknown  Unknown
290: ufs_model_gfs.x    000000000101D613  Unknown               Unknown  Unknown
290: ufs_model_gfs.x    0000000001277EB2  Unknown               Unknown  Unknown
290: ufs_model_gfs.x    0000000001269A7F  Unknown               Unknown  Unknown
290: ufs_model_gfs.x    0000000000C260A6  Unknown               Unknown  Unknown
290: ufs_model_gfs.x    00000000009D667F  Unknown               Unknown  Unknown
290: ufs_model_gfs.x    000000000049EB2A  Unknown               Unknown  Unknown
290: ufs_model_gfs.x    0000000000FE7855  Unknown               Unknown  Unknown
290: ufs_model_gfs.x    0000000000FEC0FF  Unknown               Unknown  Unknown
290: ufs_model_gfs.x    0000000000C9628A  Unknown               Unknown  Unknown
290: ufs_model_gfs.x    0000000000CB7D0F  Unknown               Unknown  Unknown
290: ufs_model_gfs.x    0000000000FE92FA  Unknown               Unknown  Unknown
290: ufs_model_gfs.x    0000000000A18F00  Unknown               Unknown  Unknown
290: ufs_model_gfs.x    0000000000A08761  Unknown               Unknown  Unknown
290: ufs_model_gfs.x    0000000000445828  Unknown               Unknown  Unknown
290: ufs_model_gfs.x    00000000004470A6  Unknown               Unknown  Unknown
290: ufs_model_gfs.x    0000000000D51C38  Unknown               Unknown  Unknown
290: ufs_model_gfs.x    0000000000D51BA6  Unknown               Unknown  Unknown
290: ufs_model_gfs.x    0000000000D5067C  Unknown               Unknown  Unknown
290: ufs_model_gfs.x    0000000000B937FE  Unknown               Unknown  Unknown
290: ufs_model_gfs.x    0000000000444BEF  Unknown               Unknown  Unknown
290: ufs_model_gfs.x    0000000000FE7855  Unknown               Unknown  Unknown
290: ufs_model_gfs.x    0000000000FEC0FF  Unknown               Unknown  Unknown
290: ufs_model_gfs.x    0000000000C9628A  Unknown               Unknown  Unknown
290: ufs_model_gfs.x    0000000000CB7D0F  Unknown               Unknown  Unknown
290: ufs_model_gfs.x    0000000000FE92FA  Unknown               Unknown  Unknown
290: ufs_model_gfs.x    0000000000A18F00  Unknown               Unknown  Unknown
290: ufs_model_gfs.x    0000000000736BE1  Unknown               Unknown  Unknown
290: ufs_model_gfs.x    0000000000436749  MAIN__                    409  UFS.F90
290: ufs_model_gfs.x    000000000043549D  Unknown               Unknown  Unknown
290: libc.so.6          00001469E2BEAEEC  Unknown               Unknown  Unknown
290: libc.so.6          00001469E2BEAFB5  __libc_start_main     Unknown  Unknown
290: ufs_model_gfs.x    00000000004353A1  Unknown               Unknown  Unknown
219: forrtl: error (78): process killed (SIGTERM)
219: Image              PC                Routine            Line        Source             
219: libc.so.6          000015544D601980  Unknown               Unknown  Unknown
219: libc.so.6          000015544D6BE1E7  __sched_yield         Unknown  Unknown
219: libmpi_intel.so.1  000015544DFB92AC  Unknown               Unknown  Unknown
219: libmpi_intel.so.1  000015544DFD06BC  MPI_Probe             Unknown  Unknown
219: ufs_model_gfs.x    0000000000CAC940  Unknown               Unknown  Unknown
219: ufs_model_gfs.x    000000000101F1BA  Unknown               Unknown  Unknown
219: ufs_model_gfs.x    000000000101D613  Unknown               Unknown  Unknown
219: ufs_model_gfs.x    000000000101D613  Unknown               Unknown  Unknown
219: ufs_model_gfs.x    0000000001277EB2  Unknown               Unknown  Unknown
219: ufs_model_gfs.x    0000000001269A7F  Unknown               Unknown  Unknown
219: ufs_model_gfs.x    0000000000C260A6  Unknown               Unknown  Unknown
219: ufs_model_gfs.x    00000000009D667F  Unknown               Unknown  Unknown
219: ufs_model_gfs.x    000000000049EB2A  Unknown               Unknown  Unknown
219: ufs_model_gfs.x    0000000000FE7855  Unknown               Unknown  Unknown
219: ufs_model_gfs.x    0000000000FEC0FF  Unknown               Unknown  Unknown
219: ufs_model_gfs.x    0000000000C9628A  Unknown               Unknown  Unknown
219: ufs_model_gfs.x    0000000000CB7D0F  Unknown               Unknown  Unknown
219: ufs_model_gfs.x    0000000000FE92FA  Unknown               Unknown  Unknown
219: ufs_model_gfs.x    0000000000A18F00  Unknown               Unknown  Unknown
219: ufs_model_gfs.x    0000000000A08761  Unknown               Unknown  Unknown
219: ufs_model_gfs.x    0000000000445828  Unknown               Unknown  Unknown
219: ufs_model_gfs.x    00000000004470A6  Unknown               Unknown  Unknown
219: ufs_model_gfs.x    0000000000D51C38  Unknown               Unknown  Unknown
219: ufs_model_gfs.x    0000000000D51BA6  Unknown               Unknown  Unknown
219: ufs_model_gfs.x    0000000000D5067C  Unknown               Unknown  Unknown
219: ufs_model_gfs.x    0000000000B937FE  Unknown               Unknown  Unknown
219: ufs_model_gfs.x    0000000000444BEF  Unknown               Unknown  Unknown
219: ufs_model_gfs.x    0000000000FE7855  Unknown               Unknown  Unknown
219: ufs_model_gfs.x    0000000000FEC0FF  Unknown               Unknown  Unknown
219: ufs_model_gfs.x    0000000000C9628A  Unknown               Unknown  Unknown
219: ufs_model_gfs.x    0000000000CB7D0F  Unknown               Unknown  Unknown
219: ufs_model_gfs.x    0000000000FE92FA  Unknown               Unknown  Unknown
219: ufs_model_gfs.x    0000000000A18F00  Unknown               Unknown  Unknown
219: ufs_model_gfs.x    0000000000736BE1  Unknown               Unknown  Unknown
219: ufs_model_gfs.x    0000000000436749  MAIN__                    409  UFS.F90
219: ufs_model_gfs.x    000000000043549D  Unknown               Unknown  Unknown
219: libc.so.6          000015544D5EAEEC  Unknown               Unknown  Unknown
219: libc.so.6          000015544D5EAFB5  __libc_start_main     Unknown  Unknown
219: ufs_model_gfs.x    00000000004353A1  Unknown               Unknown  Unknown
206: forrtl: error (78): process killed (SIGTERM)
206: Image              PC                Routine            Line        Source             
206: libc.so.6          000014A120A01980  Unknown               Unknown  Unknown
206: libc.so.6          000014A120ABE1E7  __sched_yield         Unknown  Unknown
206: libmpi_intel.so.1  000014A1213D166D  MPI_Probe             Unknown  Unknown
206: ufs_model_gfs.x    0000000000CAC940  Unknown               Unknown  Unknown
206: ufs_model_gfs.x    000000000101F1BA  Unknown               Unknown  Unknown
206: ufs_model_gfs.x    000000000101D613  Unknown               Unknown  Unknown
206: ufs_model_gfs.x    000000000101D613  Unknown               Unknown  Unknown
206: ufs_model_gfs.x    0000000001277EB2  Unknown               Unknown  Unknown
206: ufs_model_gfs.x    0000000001269A7F  Unknown               Unknown  Unknown
206: ufs_model_gfs.x    0000000000C260A6  Unknown               Unknown  Unknown
206: ufs_model_gfs.x    00000000009D667F  Unknown               Unknown  Unknown
206: ufs_model_gfs.x    000000000049EB2A  Unknown               Unknown  Unknown
206: ufs_model_gfs.x    0000000000FE7855  Unknown               Unknown  Unknown
206: ufs_model_gfs.x    0000000000FEC0FF  Unknown               Unknown  Unknown
206: ufs_model_gfs.x    0000000000C9628A  Unknown               Unknown  Unknown
206: ufs_model_gfs.x    0000000000CB7D0F  Unknown               Unknown  Unknown
206: ufs_model_gfs.x    0000000000FE92FA  Unknown               Unknown  Unknown
206: ufs_model_gfs.x    0000000000A18F00  Unknown               Unknown  Unknown
206: ufs_model_gfs.x    0000000000A08761  Unknown               Unknown  Unknown
206: ufs_model_gfs.x    0000000000445828  Unknown               Unknown  Unknown
206: ufs_model_gfs.x    00000000004470A6  Unknown               Unknown  Unknown
206: ufs_model_gfs.x    0000000000D51C38  Unknown               Unknown  Unknown
206: ufs_model_gfs.x    0000000000D51BA6  Unknown               Unknown  Unknown
206: ufs_model_gfs.x    0000000000D5067C  Unknown               Unknown  Unknown
206: ufs_model_gfs.x    0000000000B937FE  Unknown               Unknown  Unknown
206: ufs_model_gfs.x    0000000000444BEF  Unknown               Unknown  Unknown
206: ufs_model_gfs.x    0000000000FE7855  Unknown               Unknown  Unknown
206: ufs_model_gfs.x    0000000000FEC0FF  Unknown               Unknown  Unknown
206: ufs_model_gfs.x    0000000000C9628A  Unknown               Unknown  Unknown
206: ufs_model_gfs.x    0000000000CB7D0F  Unknown               Unknown  Unknown
206: ufs_model_gfs.x    0000000000FE92FA  Unknown               Unknown  Unknown
206: ufs_model_gfs.x    0000000000A18F00  Unknown               Unknown  Unknown
206: ufs_model_gfs.x    0000000000736BE1  Unknown               Unknown  Unknown
206: ufs_model_gfs.x    0000000000436749  MAIN__                    409  UFS.F90
206: ufs_model_gfs.x    000000000043549D  Unknown               Unknown  Unknown
206: libc.so.6          000014A1209EAEEC  Unknown               Unknown  Unknown
206: libc.so.6          000014A1209EAFB5  __libc_start_main     Unknown  Unknown
206: ufs_model_gfs.x    00000000004353A1  Unknown               Unknown  Unknown
282: forrtl: error (78): process killed (SIGTERM)
282: Image              PC                Routine            Line        Source             
282: libc.so.6          000014CF1FC01980  Unknown               Unknown  Unknown
282: libc.so.6          000014CF1FCBE1E7  __sched_yield         Unknown  Unknown
282: libmpi_intel.so.1  000014CF205D166D  MPI_Probe             Unknown  Unknown
282: ufs_model_gfs.x    0000000000CAC940  Unknown               Unknown  Unknown
282: ufs_model_gfs.x    000000000101F1BA  Unknown               Unknown  Unknown
282: ufs_model_gfs.x    000000000101D613  Unknown               Unknown  Unknown
282: ufs_model_gfs.x    000000000101D613  Unknown               Unknown  Unknown
282: ufs_model_gfs.x    0000000001277EB2  Unknown               Unknown  Unknown
282: ufs_model_gfs.x    0000000001269A7F  Unknown               Unknown  Unknown
282: ufs_model_gfs.x    0000000000C260A6  Unknown               Unknown  Unknown
282: ufs_model_gfs.x    00000000009D667F  Unknown               Unknown  Unknown
282: ufs_model_gfs.x    000000000049EB2A  Unknown               Unknown  Unknown
282: ufs_model_gfs.x    0000000000FE7855  Unknown               Unknown  Unknown
282: ufs_model_gfs.x    0000000000FEC0FF  Unknown               Unknown  Unknown
282: ufs_model_gfs.x    0000000000C9628A  Unknown               Unknown  Unknown
282: ufs_model_gfs.x    0000000000CB7D0F  Unknown               Unknown  Unknown
282: ufs_model_gfs.x    0000000000FE92FA  Unknown               Unknown  Unknown
282: ufs_model_gfs.x    0000000000A18F00  Unknown               Unknown  Unknown
282: ufs_model_gfs.x    0000000000A08761  Unknown               Unknown  Unknown
282: ufs_model_gfs.x    0000000000445828  Unknown               Unknown  Unknown
282: ufs_model_gfs.x    00000000004470A6  Unknown               Unknown  Unknown
282: ufs_model_gfs.x    0000000000D51C38  Unknown               Unknown  Unknown
282: ufs_model_gfs.x    0000000000D51BA6  Unknown               Unknown  Unknown
282: ufs_model_gfs.x    0000000000D5067C  Unknown               Unknown  Unknown
282: ufs_model_gfs.x    0000000000B937FE  Unknown               Unknown  Unknown
282: ufs_model_gfs.x    0000000000444BEF  Unknown               Unknown  Unknown
282: ufs_model_gfs.x    0000000000FE7855  Unknown               Unknown  Unknown
282: ufs_model_gfs.x    0000000000FEC0FF  Unknown               Unknown  Unknown
282: ufs_model_gfs.x    0000000000C9628A  Unknown               Unknown  Unknown
282: ufs_model_gfs.x    0000000000CB7D0F  Unknown               Unknown  Unknown
282: ufs_model_gfs.x    0000000000FE92FA  Unknown               Unknown  Unknown
282: ufs_model_gfs.x    0000000000A18F00  Unknown               Unknown  Unknown
282: ufs_model_gfs.x    0000000000736BE1  Unknown               Unknown  Unknown
282: ufs_model_gfs.x    0000000000436749  MAIN__                    409  UFS.F90
282: ufs_model_gfs.x    000000000043549D  Unknown               Unknown  Unknown
282: libc.so.6          000014CF1FBEAEEC  Unknown               Unknown  Unknown
282: libc.so.6          000014CF1FBEAFB5  __libc_start_main     Unknown  Unknown
282: ufs_model_gfs.x    00000000004353A1  Unknown               Unknown  Unknown
192: forrtl: error (78): process killed (SIGTERM)
192: Image              PC                Routine            Line        Source             
192: libc.so.6          000014D0D9401980  Unknown               Unknown  Unknown
192: libc.so.6          000014D0D94BE1E7  __sched_yield         Unknown  Unknown
192: libmpi_intel.so.1  000014D0D9DD166D  MPI_Probe             Unknown  Unknown
192: ufs_model_gfs.x    0000000000CAC940  Unknown               Unknown  Unknown
192: ufs_model_gfs.x    000000000101F1BA  Unknown               Unknown  Unknown
192: ufs_model_gfs.x    000000000101D613  Unknown               Unknown  Unknown
192: ufs_model_gfs.x    0000000001277EB2  Unknown               Unknown  Unknown
192: ufs_model_gfs.x    0000000001269A7F  Unknown               Unknown  Unknown
192: ufs_model_gfs.x    0000000000C260A6  Unknown               Unknown  Unknown
192: ufs_model_gfs.x    00000000009D667F  Unknown               Unknown  Unknown
192: ufs_model_gfs.x    000000000303A444  ufsatm_cap_mod_mp        1603  ufsatm_cap.F90
192: ufs_model_gfs.x    0000000003038A72  ufsatm_cap_mod_mp        1440  ufsatm_cap.F90
192: ufs_model_gfs.x    0000000000D51C38  Unknown               Unknown  Unknown
192: ufs_model_gfs.x    0000000000D51BA6  Unknown               Unknown  Unknown
192: ufs_model_gfs.x    0000000000D5067C  Unknown               Unknown  Unknown
192: ufs_model_gfs.x    0000000000B937FE  Unknown               Unknown  Unknown
192: ufs_model_gfs.x    0000000006AC85DA  Unknown               Unknown  Unknown
192: ufs_model_gfs.x    0000000000FE7855  Unknown               Unknown  Unknown
192: ufs_model_gfs.x    0000000000FEC0FF  Unknown               Unknown  Unknown
192: ufs_model_gfs.x    0000000000C9628A  Unknown               Unknown  Unknown
192: ufs_model_gfs.x    0000000000CB7D0F  Unknown               Unknown  Unknown
192: ufs_model_gfs.x    0000000000FE92FA  Unknown               Unknown  Unknown
192: ufs_model_gfs.x    0000000000A18F00  Unknown               Unknown  Unknown
192: ufs_model_gfs.x    0000000000736BE1  Unknown               Unknown  Unknown
192: ufs_model_gfs.x    0000000000448377  Unknown               Unknown  Unknown
192: ufs_model_gfs.x    0000000000447BCA  Unknown               Unknown  Unknown
192: ufs_model_gfs.x    0000000000D51C38  Unknown               Unknown  Unknown
192: ufs_model_gfs.x    0000000000D51BA6  Unknown               Unknown  Unknown
192: ufs_model_gfs.x    0000000000D5067C  Unknown               Unknown  Unknown
192: ufs_model_gfs.x    0000000000B937FE  Unknown               Unknown  Unknown
192: ufs_model_gfs.x    0000000000444BEF  Unknown               Unknown  Unknown
192: ufs_model_gfs.x    0000000000FE7855  Unknown               Unknown  Unknown
192: ufs_model_gfs.x    0000000000FEC0FF  Unknown               Unknown  Unknown
192: ufs_model_gfs.x    0000000000C9628A  Unknown               Unknown  Unknown
192: ufs_model_gfs.x    0000000000CB7D0F  Unknown               Unknown  Unknown
192: ufs_model_gfs.x    0000000000FE92FA  Unknown               Unknown  Unknown
192: ufs_model_gfs.x    0000000000A18F00  Unknown               Unknown  Unknown
192: ufs_model_gfs.x    0000000000736BE1  Unknown               Unknown  Unknown
192: ufs_model_gfs.x    0000000000436749  MAIN__                    409  UFS.F90
192: ufs_model_gfs.x    000000000043549D  Unknown               Unknown  Unknown
192: libc.so.6          000014D0D93EAEEC  Unknown               Unknown  Unknown
192: libc.so.6          000014D0D93EAFB5  __libc_start_main     Unknown  Unknown
192: ufs_model_gfs.x    00000000004353A1  Unknown               Unknown  Unknown
338: forrtl: error (78): process killed (SIGTERM)
338: Image              PC                Routine            Line        Source             
338: libc.so.6          0000153F1EE01980  Unknown               Unknown  Unknown
338: libc.so.6          0000153F1EEBE1E7  __sched_yield         Unknown  Unknown
338: libmpi_intel.so.1  0000153F1FD5C815  Unknown               Unknown  Unknown
338: libmpi_intel.so.1  0000153F1FD99335  Unknown               Unknown  Unknown
338: libmpi_intel.so.1  0000153F1FD99B31  MPI_Waitall           Unknown  Unknown
338: libmpifort_intel.  0000153F221AC83E  pmpi_waitall          Unknown  Unknown
338: ufs_model_gfs.x    00000000064198FF  ice_boundary_mp_i        3071  ice_boundary.F90
338: ufs_model_gfs.x    0000000006601A78  ice_transport_rem         557  ice_transport_remap.F90
338: ufs_model_gfs.x    00000000065ED301  ice_transport_dri         539  ice_transport_driver.F90
338: ufs_model_gfs.x    00000000066BE8EE  ice_step_mod_mp_s        1047  ice_step_mod.F90
338: ufs_model_gfs.x    000000000648DFC0  cice_runmod_mp_ci         270  CICE_RunMod.F90
338: ufs_model_gfs.x    00000000060F8F68  ice_comp_nuopc_mp        1273  ice_comp_nuopc.F90
338: ufs_model_gfs.x    0000000000D51C38  Unknown               Unknown  Unknown
338: ufs_model_gfs.x    0000000000D51BA6  Unknown               Unknown  Unknown
338: ufs_model_gfs.x    0000000000D5067C  Unknown               Unknown  Unknown
338: ufs_model_gfs.x    0000000000B937FE  Unknown               Unknown  Unknown
338: ufs_model_gfs.x    0000000006AC85DA  Unknown               Unknown  Unknown
338: ufs_model_gfs.x    0000000000FE7855  Unknown               Unknown  Unknown
338: ufs_model_gfs.x    0000000000FEC0FF  Unknown               Unknown  Unknown
338: ufs_model_gfs.x    0000000000C9649A  Unknown               Unknown  Unknown
338: ufs_model_gfs.x    0000000000CB7D0F  Unknown               Unknown  Unknown
338: ufs_model_gfs.x    0000000000FE92FA  Unknown               Unknown  Unknown
338: ufs_model_gfs.x    0000000000A18F00  Unknown               Unknown  Unknown
338: ufs_model_gfs.x    0000000000736BE1  Unknown               Unknown  Unknown
338: ufs_model_gfs.x    0000000000448377  Unknown               Unknown  Unknown
