280: ufs_model_gfs.x    0000000000FE7855  Unknown               Unknown  Unknown
280: ufs_model_gfs.x    0000000000FEC0FF  Unknown               Unknown  Unknown
280: ufs_model_gfs.x    0000000000C9628A  Unknown               Unknown  Unknown
280: ufs_model_gfs.x    0000000000CB7D0F  Unknown               Unknown  Unknown
280: ufs_model_gfs.x    0000000000FE92FA  Unknown               Unknown  Unknown
280: ufs_model_gfs.x    0000000000A18F00  Unknown               Unknown  Unknown
280: ufs_model_gfs.x    0000000000A08761  Unknown               Unknown  Unknown
280: ufs_model_gfs.x    0000000000445828  Unknown               Unknown  Unknown
280: ufs_model_gfs.x    00000000004470A6  Unknown               Unknown  Unknown
280: ufs_model_gfs.x    0000000000D51C38  Unknown               Unknown  Unknown
280: ufs_model_gfs.x    0000000000D51BA6  Unknown               Unknown  Unknown
280: ufs_model_gfs.x    0000000000D5067C  Unknown               Unknown  Unknown
280: ufs_model_gfs.x    0000000000B937FE  Unknown               Unknown  Unknown
280: ufs_model_gfs.x    0000000000444BEF  Unknown               Unknown  Unknown
280: ufs_model_gfs.x    0000000000FE7855  Unknown               Unknown  Unknown
280: ufs_model_gfs.x    0000000000FEC0FF  Unknown               Unknown  Unknown
280: ufs_model_gfs.x    0000000000C9628A  Unknown               Unknown  Unknown
280: ufs_model_gfs.x    0000000000CB7D0F  Unknown               Unknown  Unknown
280: ufs_model_gfs.x    0000000000FE92FA  Unknown               Unknown  Unknown
280: ufs_model_gfs.x    0000000000A18F00  Unknown               Unknown  Unknown
280: ufs_model_gfs.x    0000000000736BE1  Unknown               Unknown  Unknown
280: ufs_model_gfs.x    0000000000436749  MAIN__                    409  UFS.F90
280: ufs_model_gfs.x    000000000043549D  Unknown               Unknown  Unknown
280: libc.so.6          000014A56D5EAEEC  Unknown               Unknown  Unknown
280: libc.so.6          000014A56D5EAFB5  __libc_start_main     Unknown  Unknown
280: ufs_model_gfs.x    00000000004353A1  Unknown               Unknown  Unknown
229: forrtl: error (78): process killed (SIGTERM)
229: Image              PC                Routine            Line        Source             
229: libc.so.6          0000146539E01980  Unknown               Unknown  Unknown
229: libc.so.6          0000146539EBE1E7  __sched_yield         Unknown  Unknown
229: libmpi_intel.so.1  000014653A7D166D  MPI_Probe             Unknown  Unknown
229: ufs_model_gfs.x    0000000000CAC940  Unknown               Unknown  Unknown
229: ufs_model_gfs.x    000000000101F1BA  Unknown               Unknown  Unknown
229: ufs_model_gfs.x    000000000101D613  Unknown               Unknown  Unknown
229: ufs_model_gfs.x    000000000101D613  Unknown               Unknown  Unknown
229: ufs_model_gfs.x    0000000001277EB2  Unknown               Unknown  Unknown
229: ufs_model_gfs.x    0000000001269A7F  Unknown               Unknown  Unknown
229: ufs_model_gfs.x    0000000000C260A6  Unknown               Unknown  Unknown
229: ufs_model_gfs.x    00000000009D667F  Unknown               Unknown  Unknown
229: ufs_model_gfs.x    000000000049EB2A  Unknown               Unknown  Unknown
229: ufs_model_gfs.x    0000000000FE7855  Unknown               Unknown  Unknown
229: ufs_model_gfs.x    0000000000FEC0FF  Unknown               Unknown  Unknown
229: ufs_model_gfs.x    0000000000C9628A  Unknown               Unknown  Unknown
229: ufs_model_gfs.x    0000000000CB7D0F  Unknown               Unknown  Unknown
229: ufs_model_gfs.x    0000000000FE92FA  Unknown               Unknown  Unknown
229: ufs_model_gfs.x    0000000000A18F00  Unknown               Unknown  Unknown
229: ufs_model_gfs.x    0000000000A08761  Unknown               Unknown  Unknown
229: ufs_model_gfs.x    0000000000445828  Unknown               Unknown  Unknown
229: ufs_model_gfs.x    00000000004470A6  Unknown               Unknown  Unknown
229: ufs_model_gfs.x    0000000000D51C38  Unknown               Unknown  Unknown
229: ufs_model_gfs.x    0000000000D51BA6  Unknown               Unknown  Unknown
229: ufs_model_gfs.x    0000000000D5067C  Unknown               Unknown  Unknown
229: ufs_model_gfs.x    0000000000B937FE  Unknown               Unknown  Unknown
229: ufs_model_gfs.x    0000000000444BEF  Unknown               Unknown  Unknown
229: ufs_model_gfs.x    0000000000FE7855  Unknown               Unknown  Unknown
229: ufs_model_gfs.x    0000000000FEC0FF  Unknown               Unknown  Unknown
229: ufs_model_gfs.x    0000000000C9628A  Unknown               Unknown  Unknown
229: ufs_model_gfs.x    0000000000CB7D0F  Unknown               Unknown  Unknown
229: ufs_model_gfs.x    0000000000FE92FA  Unknown               Unknown  Unknown
229: ufs_model_gfs.x    0000000000A18F00  Unknown               Unknown  Unknown
229: ufs_model_gfs.x    0000000000736BE1  Unknown               Unknown  Unknown
229: ufs_model_gfs.x    0000000000436749  MAIN__                    409  UFS.F90
229: ufs_model_gfs.x    000000000043549D  Unknown               Unknown  Unknown
229: libc.so.6          0000146539DEAEEC  Unknown               Unknown  Unknown
229: libc.so.6          0000146539DEAFB5  __libc_start_main     Unknown  Unknown
229: ufs_model_gfs.x    00000000004353A1  Unknown               Unknown  Unknown
324: forrtl: error (78): process killed (SIGTERM)
324: Image              PC                Routine            Line        Source             
324: libc.so.6          00001505C3401980  Unknown               Unknown  Unknown
324: libc.so.6          00001505C34BE1E7  __sched_yield         Unknown  Unknown
324: libmpi_intel.so.1  00001505C435C815  Unknown               Unknown  Unknown
324: libmpi_intel.so.1  00001505C4399335  Unknown               Unknown  Unknown
324: libmpi_intel.so.1  00001505C4399B31  MPI_Waitall           Unknown  Unknown
324: libmpifort_intel.  00001505C67AC83E  pmpi_waitall          Unknown  Unknown
324: ufs_model_gfs.x    00000000064198FF  ice_boundary_mp_i        3071  ice_boundary.F90
324: ufs_model_gfs.x    000000000630A2DD  ice_state_mp_boun         253  ice_state.F90
324: ufs_model_gfs.x    00000000065ED409  ice_transport_dri         578  ice_transport_driver.F90
324: ufs_model_gfs.x    00000000066BE8EE  ice_step_mod_mp_s        1047  ice_step_mod.F90
324: ufs_model_gfs.x    000000000648DFC0  cice_runmod_mp_ci         270  CICE_RunMod.F90
324: ufs_model_gfs.x    00000000060F8F68  ice_comp_nuopc_mp        1273  ice_comp_nuopc.F90
324: ufs_model_gfs.x    0000000000D51C38  Unknown               Unknown  Unknown
324: ufs_model_gfs.x    0000000000D51BA6  Unknown               Unknown  Unknown
324: ufs_model_gfs.x    0000000000D5067C  Unknown               Unknown  Unknown
324: ufs_model_gfs.x    0000000000B937FE  Unknown               Unknown  Unknown
324: ufs_model_gfs.x    0000000006AC85DA  Unknown               Unknown  Unknown
324: ufs_model_gfs.x    0000000000FE7855  Unknown               Unknown  Unknown
324: ufs_model_gfs.x    0000000000FEC0FF  Unknown               Unknown  Unknown
324: ufs_model_gfs.x    0000000000C9649A  Unknown               Unknown  Unknown
324: ufs_model_gfs.x    0000000000CB7D0F  Unknown               Unknown  Unknown
324: ufs_model_gfs.x    0000000000FE92FA  Unknown               Unknown  Unknown
324: ufs_model_gfs.x    0000000000A18F00  Unknown               Unknown  Unknown
324: ufs_model_gfs.x    0000000000736BE1  Unknown               Unknown  Unknown
324: ufs_model_gfs.x    0000000000448377  Unknown               Unknown  Unknown
324: ufs_model_gfs.x    0000000000447BCA  Unknown               Unknown  Unknown
324: ufs_model_gfs.x    0000000000D51C38  Unknown               Unknown  Unknown
324: ufs_model_gfs.x    0000000000D51BA6  Unknown               Unknown  Unknown
324: ufs_model_gfs.x    0000000000D5067C  Unknown               Unknown  Unknown
324: ufs_model_gfs.x    0000000000B937FE  Unknown               Unknown  Unknown
324: ufs_model_gfs.x    0000000000444BEF  Unknown               Unknown  Unknown
324: ufs_model_gfs.x    0000000000FE7855  Unknown               Unknown  Unknown
324: ufs_model_gfs.x    0000000000FEC0FF  Unknown               Unknown  Unknown
324: ufs_model_gfs.x    0000000000C9628A  Unknown               Unknown  Unknown
324: ufs_model_gfs.x    0000000000CB7D0F  Unknown               Unknown  Unknown
324: ufs_model_gfs.x    0000000000FE92FA  Unknown               Unknown  Unknown
324: ufs_model_gfs.x    0000000000A18F00  Unknown               Unknown  Unknown
324: ufs_model_gfs.x    0000000000736BE1  Unknown               Unknown  Unknown
324: ufs_model_gfs.x    0000000000436749  MAIN__                    409  UFS.F90
324: ufs_model_gfs.x    000000000043549D  Unknown               Unknown  Unknown
324: libc.so.6          00001505C33EAEEC  Unknown               Unknown  Unknown
324: libc.so.6          00001505C33EAFB5  __libc_start_main     Unknown  Unknown
324: ufs_model_gfs.x    00000000004353A1  Unknown               Unknown  Unknown
223: forrtl: error (78): process killed (SIGTERM)
223: Image              PC                Routine            Line        Source             
223: libc.so.6          0000153647401980  Unknown               Unknown  Unknown
223: libc.so.6          00001536474BE1E7  __sched_yield         Unknown  Unknown
223: libmpi_intel.so.1  0000153647DD166D  MPI_Probe             Unknown  Unknown
223: ufs_model_gfs.x    0000000000CAC940  Unknown               Unknown  Unknown
223: ufs_model_gfs.x    000000000101F1BA  Unknown               Unknown  Unknown
223: ufs_model_gfs.x    000000000101D613  Unknown               Unknown  Unknown
223: ufs_model_gfs.x    000000000101D613  Unknown               Unknown  Unknown
223: ufs_model_gfs.x    0000000001277EB2  Unknown               Unknown  Unknown
223: ufs_model_gfs.x    0000000001269A7F  Unknown               Unknown  Unknown
223: ufs_model_gfs.x    0000000000C260A6  Unknown               Unknown  Unknown
223: ufs_model_gfs.x    00000000009D667F  Unknown               Unknown  Unknown
223: ufs_model_gfs.x    000000000049EB2A  Unknown               Unknown  Unknown
223: ufs_model_gfs.x    0000000000FE7855  Unknown               Unknown  Unknown
223: ufs_model_gfs.x    0000000000FEC0FF  Unknown               Unknown  Unknown
223: ufs_model_gfs.x    0000000000C9628A  Unknown               Unknown  Unknown
223: ufs_model_gfs.x    0000000000CB7D0F  Unknown               Unknown  Unknown
223: ufs_model_gfs.x    0000000000FE92FA  Unknown               Unknown  Unknown
223: ufs_model_gfs.x    0000000000A18F00  Unknown               Unknown  Unknown
223: ufs_model_gfs.x    0000000000A08761  Unknown               Unknown  Unknown
223: ufs_model_gfs.x    0000000000445828  Unknown               Unknown  Unknown
223: ufs_model_gfs.x    00000000004470A6  Unknown               Unknown  Unknown
223: ufs_model_gfs.x    0000000000D51C38  Unknown               Unknown  Unknown
223: ufs_model_gfs.x    0000000000D51BA6  Unknown               Unknown  Unknown
223: ufs_model_gfs.x    0000000000D5067C  Unknown               Unknown  Unknown
223: ufs_model_gfs.x    0000000000B937FE  Unknown               Unknown  Unknown
223: ufs_model_gfs.x    0000000000444BEF  Unknown               Unknown  Unknown
223: ufs_model_gfs.x    0000000000FE7855  Unknown               Unknown  Unknown
223: ufs_model_gfs.x    0000000000FEC0FF  Unknown               Unknown  Unknown
223: ufs_model_gfs.x    0000000000C9628A  Unknown               Unknown  Unknown
223: ufs_model_gfs.x    0000000000CB7D0F  Unknown               Unknown  Unknown
223: ufs_model_gfs.x    0000000000FE92FA  Unknown               Unknown  Unknown
223: ufs_model_gfs.x    0000000000A18F00  Unknown               Unknown  Unknown
223: ufs_model_gfs.x    0000000000736BE1  Unknown               Unknown  Unknown
223: ufs_model_gfs.x    0000000000436749  MAIN__                    409  UFS.F90
223: ufs_model_gfs.x    000000000043549D  Unknown               Unknown  Unknown
223: libc.so.6          00001536473EAEEC  Unknown               Unknown  Unknown
223: libc.so.6          00001536473EAFB5  __libc_start_main     Unknown  Unknown
223: ufs_model_gfs.x    00000000004353A1  Unknown               Unknown  Unknown
260: forrtl: error (78): process killed (SIGTERM)
260: Image              PC                Routine            Line        Source             
260: libc.so.6          000014F2E6601980  Unknown               Unknown  Unknown
260: libc.so.6          000014F2E66BE1E7  __sched_yield         Unknown  Unknown
260: libmpi_intel.so.1  000014F2E6FD166D  MPI_Probe             Unknown  Unknown
260: ufs_model_gfs.x    0000000000CAC940  Unknown               Unknown  Unknown
260: ufs_model_gfs.x    000000000101F1BA  Unknown               Unknown  Unknown
260: ufs_model_gfs.x    000000000101D613  Unknown               Unknown  Unknown
260: ufs_model_gfs.x    000000000101D613  Unknown               Unknown  Unknown
260: ufs_model_gfs.x    0000000001277EB2  Unknown               Unknown  Unknown
260: ufs_model_gfs.x    0000000001269A7F  Unknown               Unknown  Unknown
260: ufs_model_gfs.x    0000000000C260A6  Unknown               Unknown  Unknown
260: ufs_model_gfs.x    00000000009D667F  Unknown               Unknown  Unknown
260: ufs_model_gfs.x    000000000049EB2A  Unknown               Unknown  Unknown
260: ufs_model_gfs.x    0000000000FE7855  Unknown               Unknown  Unknown
260: ufs_model_gfs.x    0000000000FEC0FF  Unknown               Unknown  Unknown
260: ufs_model_gfs.x    0000000000C9628A  Unknown               Unknown  Unknown
260: ufs_model_gfs.x    0000000000CB7D0F  Unknown               Unknown  Unknown
260: ufs_model_gfs.x    0000000000FE92FA  Unknown               Unknown  Unknown
260: ufs_model_gfs.x    0000000000A18F00  Unknown               Unknown  Unknown
260: ufs_model_gfs.x    0000000000A08761  Unknown               Unknown  Unknown
260: ufs_model_gfs.x    0000000000445828  Unknown               Unknown  Unknown
260: ufs_model_gfs.x    00000000004470A6  Unknown               Unknown  Unknown
260: ufs_model_gfs.x    0000000000D51C38  Unknown               Unknown  Unknown
260: ufs_model_gfs.x    0000000000D51BA6  Unknown               Unknown  Unknown
260: ufs_model_gfs.x    0000000000D5067C  Unknown               Unknown  Unknown
260: ufs_model_gfs.x    0000000000B937FE  Unknown               Unknown  Unknown
260: ufs_model_gfs.x    0000000000444BEF  Unknown               Unknown  Unknown
260: ufs_model_gfs.x    0000000000FE7855  Unknown               Unknown  Unknown
260: ufs_model_gfs.x    0000000000FEC0FF  Unknown               Unknown  Unknown
260: ufs_model_gfs.x    0000000000C9628A  Unknown               Unknown  Unknown
260: ufs_model_gfs.x    0000000000CB7D0F  Unknown               Unknown  Unknown
260: ufs_model_gfs.x    0000000000FE92FA  Unknown               Unknown  Unknown
260: ufs_model_gfs.x    0000000000A18F00  Unknown               Unknown  Unknown
260: ufs_model_gfs.x    0000000000736BE1  Unknown               Unknown  Unknown
260: ufs_model_gfs.x    0000000000436749  MAIN__                    409  UFS.F90
260: ufs_model_gfs.x    000000000043549D  Unknown               Unknown  Unknown
260: libc.so.6          000014F2E65EAEEC  Unknown               Unknown  Unknown
260: libc.so.6          000014F2E65EAFB5  __libc_start_main     Unknown  Unknown
260: ufs_model_gfs.x    00000000004353A1  Unknown               Unknown  Unknown
268: forrtl: error (78): process killed (SIGTERM)
268: Image              PC                Routine            Line        Source             
268: libc.so.6          0000148288E01980  Unknown               Unknown  Unknown
268: libc.so.6          0000148288EBE1E7  __sched_yield         Unknown  Unknown
268: libmpi_intel.so.1  00001482897D166D  MPI_Probe             Unknown  Unknown
268: ufs_model_gfs.x    0000000000CAC940  Unknown               Unknown  Unknown
268: ufs_model_gfs.x    000000000101F1BA  Unknown               Unknown  Unknown
268: ufs_model_gfs.x    000000000101D613  Unknown               Unknown  Unknown
268: ufs_model_gfs.x    000000000101D613  Unknown               Unknown  Unknown
268: ufs_model_gfs.x    0000000001277EB2  Unknown               Unknown  Unknown
268: ufs_model_gfs.x    0000000001269A7F  Unknown               Unknown  Unknown
268: ufs_model_gfs.x    0000000000C260A6  Unknown               Unknown  Unknown
268: ufs_model_gfs.x    00000000009D667F  Unknown               Unknown  Unknown
268: ufs_model_gfs.x    000000000049EB2A  Unknown               Unknown  Unknown
268: ufs_model_gfs.x    0000000000FE7855  Unknown               Unknown  Unknown
268: ufs_model_gfs.x    0000000000FEC0FF  Unknown               Unknown  Unknown
268: ufs_model_gfs.x    0000000000C9628A  Unknown               Unknown  Unknown
268: ufs_model_gfs.x    0000000000CB7D0F  Unknown               Unknown  Unknown
268: ufs_model_gfs.x    0000000000FE92FA  Unknown               Unknown  Unknown
268: ufs_model_gfs.x    0000000000A18F00  Unknown               Unknown  Unknown
268: ufs_model_gfs.x    0000000000A08761  Unknown               Unknown  Unknown
268: ufs_model_gfs.x    0000000000445828  Unknown               Unknown  Unknown
268: ufs_model_gfs.x    00000000004470A6  Unknown               Unknown  Unknown
268: ufs_model_gfs.x    0000000000D51C38  Unknown               Unknown  Unknown
268: ufs_model_gfs.x    0000000000D51BA6  Unknown               Unknown  Unknown
268: ufs_model_gfs.x    0000000000D5067C  Unknown               Unknown  Unknown
268: ufs_model_gfs.x    0000000000B937FE  Unknown               Unknown  Unknown
268: ufs_model_gfs.x    0000000000444BEF  Unknown               Unknown  Unknown
268: ufs_model_gfs.x    0000000000FE7855  Unknown               Unknown  Unknown
268: ufs_model_gfs.x    0000000000FEC0FF  Unknown               Unknown  Unknown
268: ufs_model_gfs.x    0000000000C9628A  Unknown               Unknown  Unknown
268: ufs_model_gfs.x    0000000000CB7D0F  Unknown               Unknown  Unknown
268: ufs_model_gfs.x    0000000000FE92FA  Unknown               Unknown  Unknown
268: ufs_model_gfs.x    0000000000A18F00  Unknown               Unknown  Unknown
268: ufs_model_gfs.x    0000000000736BE1  Unknown               Unknown  Unknown
268: ufs_model_gfs.x    0000000000436749  MAIN__                    409  UFS.F90
268: ufs_model_gfs.x    000000000043549D  Unknown               Unknown  Unknown
268: libc.so.6          0000148288DEAEEC  Unknown               Unknown  Unknown
268: libc.so.6          0000148288DEAFB5  __libc_start_main     Unknown  Unknown
268: ufs_model_gfs.x    00000000004353A1  Unknown               Unknown  Unknown
245: forrtl: error (78): process killed (SIGTERM)
245: Image              PC                Routine            Line        Source             
245: libc.so.6          00001498E1A01980  Unknown               Unknown  Unknown
245: libc.so.6          00001498E1ABE1E7  __sched_yield         Unknown  Unknown
245: libmpi_intel.so.1  00001498E23B92AC  Unknown               Unknown  Unknown
245: libmpi_intel.so.1  00001498E23D06BC  MPI_Probe             Unknown  Unknown
245: ufs_model_gfs.x    0000000000CAC940  Unknown               Unknown  Unknown
245: ufs_model_gfs.x    000000000101F1BA  Unknown               Unknown  Unknown
245: ufs_model_gfs.x    000000000101D613  Unknown               Unknown  Unknown
245: ufs_model_gfs.x    000000000101D613  Unknown               Unknown  Unknown
245: ufs_model_gfs.x    0000000001277EB2  Unknown               Unknown  Unknown
245: ufs_model_gfs.x    0000000001269A7F  Unknown               Unknown  Unknown
245: ufs_model_gfs.x    0000000000C260A6  Unknown               Unknown  Unknown
245: ufs_model_gfs.x    00000000009D667F  Unknown               Unknown  Unknown
245: ufs_model_gfs.x    000000000049EB2A  Unknown               Unknown  Unknown
245: ufs_model_gfs.x    0000000000FE7855  Unknown               Unknown  Unknown
245: ufs_model_gfs.x    0000000000FEC0FF  Unknown               Unknown  Unknown
245: ufs_model_gfs.x    0000000000C9628A  Unknown               Unknown  Unknown
245: ufs_model_gfs.x    0000000000CB7D0F  Unknown               Unknown  Unknown
245: ufs_model_gfs.x    0000000000FE92FA  Unknown               Unknown  Unknown
245: ufs_model_gfs.x    0000000000A18F00  Unknown               Unknown  Unknown
245: ufs_model_gfs.x    0000000000A08761  Unknown               Unknown  Unknown
245: ufs_model_gfs.x    0000000000445828  Unknown               Unknown  Unknown
245: ufs_model_gfs.x    00000000004470A6  Unknown               Unknown  Unknown
245: ufs_model_gfs.x    0000000000D51C38  Unknown               Unknown  Unknown
245: ufs_model_gfs.x    0000000000D51BA6  Unknown               Unknown  Unknown
245: ufs_model_gfs.x    0000000000D5067C  Unknown               Unknown  Unknown
245: ufs_model_gfs.x    0000000000B937FE  Unknown               Unknown  Unknown
245: ufs_model_gfs.x    0000000000444BEF  Unknown               Unknown  Unknown
245: ufs_model_gfs.x    0000000000FE7855  Unknown               Unknown  Unknown
245: ufs_model_gfs.x    0000000000FEC0FF  Unknown               Unknown  Unknown
245: ufs_model_gfs.x    0000000000C9628A  Unknown               Unknown  Unknown
245: ufs_model_gfs.x    0000000000CB7D0F  Unknown               Unknown  Unknown
245: ufs_model_gfs.x    0000000000FE92FA  Unknown               Unknown  Unknown
245: ufs_model_gfs.x    0000000000A18F00  Unknown               Unknown  Unknown
245: ufs_model_gfs.x    0000000000736BE1  Unknown               Unknown  Unknown
245: ufs_model_gfs.x    0000000000436749  MAIN__                    409  UFS.F90
245: ufs_model_gfs.x    000000000043549D  Unknown               Unknown  Unknown
245: libc.so.6          00001498E19EAEEC  Unknown               Unknown  Unknown
245: libc.so.6          00001498E19EAFB5  __libc_start_main     Unknown  Unknown
245: ufs_model_gfs.x    00000000004353A1  Unknown               Unknown  Unknown
265: forrtl: error (78): process killed (SIGTERM)
265: Image              PC                Routine            Line        Source             
265: libc.so.6          0000154B85E01980  Unknown               Unknown  Unknown
265: libc.so.6          0000154B85EBE1E7  __sched_yield         Unknown  Unknown
265: libmpi_intel.so.1  0000154B867B92AC  Unknown               Unknown  Unknown
265: libmpi_intel.so.1  0000154B867D06BC  MPI_Probe             Unknown  Unknown
265: ufs_model_gfs.x    0000000000CAC940  Unknown               Unknown  Unknown
265: ufs_model_gfs.x    000000000101F1BA  Unknown               Unknown  Unknown
265: ufs_model_gfs.x    000000000101D613  Unknown               Unknown  Unknown
265: ufs_model_gfs.x    000000000101D613  Unknown               Unknown  Unknown
265: ufs_model_gfs.x    0000000001277EB2  Unknown               Unknown  Unknown
265: ufs_model_gfs.x    0000000001269A7F  Unknown               Unknown  Unknown
265: ufs_model_gfs.x    0000000000C260A6  Unknown               Unknown  Unknown
265: ufs_model_gfs.x    00000000009D667F  Unknown               Unknown  Unknown
265: ufs_model_gfs.x    000000000049EB2A  Unknown               Unknown  Unknown
265: ufs_model_gfs.x    0000000000FE7855  Unknown               Unknown  Unknown
265: ufs_model_gfs.x    0000000000FEC0FF  Unknown               Unknown  Unknown
265: ufs_model_gfs.x    0000000000C9628A  Unknown               Unknown  Unknown
265: ufs_model_gfs.x    0000000000CB7D0F  Unknown               Unknown  Unknown
265: ufs_model_gfs.x    0000000000FE92FA  Unknown               Unknown  Unknown
265: ufs_model_gfs.x    0000000000A18F00  Unknown               Unknown  Unknown
265: ufs_model_gfs.x    0000000000A08761  Unknown               Unknown  Unknown
265: ufs_model_gfs.x    0000000000445828  Unknown               Unknown  Unknown
265: ufs_model_gfs.x    00000000004470A6  Unknown               Unknown  Unknown
265: ufs_model_gfs.x    0000000000D51C38  Unknown               Unknown  Unknown
265: ufs_model_gfs.x    0000000000D51BA6  Unknown               Unknown  Unknown
265: ufs_model_gfs.x    0000000000D5067C  Unknown               Unknown  Unknown
265: ufs_model_gfs.x    0000000000B937FE  Unknown               Unknown  Unknown
265: ufs_model_gfs.x    0000000000444BEF  Unknown               Unknown  Unknown
265: ufs_model_gfs.x    0000000000FE7855  Unknown               Unknown  Unknown
265: ufs_model_gfs.x    0000000000FEC0FF  Unknown               Unknown  Unknown
265: ufs_model_gfs.x    0000000000C9628A  Unknown               Unknown  Unknown
265: ufs_model_gfs.x    0000000000CB7D0F  Unknown               Unknown  Unknown
265: ufs_model_gfs.x    0000000000FE92FA  Unknown               Unknown  Unknown
265: ufs_model_gfs.x    0000000000A18F00  Unknown               Unknown  Unknown
265: ufs_model_gfs.x    0000000000736BE1  Unknown               Unknown  Unknown
265: ufs_model_gfs.x    0000000000436749  MAIN__                    409  UFS.F90
265: ufs_model_gfs.x    000000000043549D  Unknown               Unknown  Unknown
265: libc.so.6          0000154B85DEAEEC  Unknown               Unknown  Unknown
265: libc.so.6          0000154B85DEAFB5  __libc_start_main     Unknown  Unknown
265: ufs_model_gfs.x    00000000004353A1  Unknown               Unknown  Unknown
208: forrtl: error (78): process killed (SIGTERM)
208: Image              PC                Routine            Line        Source             
208: libc.so.6          000015320E201980  Unknown               Unknown  Unknown
208: libc.so.6          000015320E2BE1E7  __sched_yield         Unknown  Unknown
208: libmpi_intel.so.1  000015320EBB92AC  Unknown               Unknown  Unknown
208: libmpi_intel.so.1  000015320EBD06BC  MPI_Probe             Unknown  Unknown
208: ufs_model_gfs.x    0000000000CAC940  Unknown               Unknown  Unknown
208: ufs_model_gfs.x    000000000101F1BA  Unknown               Unknown  Unknown
208: ufs_model_gfs.x    000000000101D613  Unknown               Unknown  Unknown
208: ufs_model_gfs.x    000000000101D613  Unknown               Unknown  Unknown
208: ufs_model_gfs.x    0000000001277EB2  Unknown               Unknown  Unknown
208: ufs_model_gfs.x    0000000001269A7F  Unknown               Unknown  Unknown
208: ufs_model_gfs.x    0000000000C260A6  Unknown               Unknown  Unknown
208: ufs_model_gfs.x    00000000009D667F  Unknown               Unknown  Unknown
208: ufs_model_gfs.x    000000000049EB2A  Unknown               Unknown  Unknown
208: ufs_model_gfs.x    0000000000FE7855  Unknown               Unknown  Unknown
208: ufs_model_gfs.x    0000000000FEC0FF  Unknown               Unknown  Unknown
208: ufs_model_gfs.x    0000000000C9628A  Unknown               Unknown  Unknown
208: ufs_model_gfs.x    0000000000CB7D0F  Unknown               Unknown  Unknown
208: ufs_model_gfs.x    0000000000FE92FA  Unknown               Unknown  Unknown
208: ufs_model_gfs.x    0000000000A18F00  Unknown               Unknown  Unknown
208: ufs_model_gfs.x    0000000000A08761  Unknown               Unknown  Unknown
208: ufs_model_gfs.x    0000000000445828  Unknown               Unknown  Unknown
208: ufs_model_gfs.x    00000000004470A6  Unknown               Unknown  Unknown
208: ufs_model_gfs.x    0000000000D51C38  Unknown               Unknown  Unknown
208: ufs_model_gfs.x    0000000000D51BA6  Unknown               Unknown  Unknown
208: ufs_model_gfs.x    0000000000D5067C  Unknown               Unknown  Unknown
208: ufs_model_gfs.x    0000000000B937FE  Unknown               Unknown  Unknown
208: ufs_model_gfs.x    0000000000444BEF  Unknown               Unknown  Unknown
208: ufs_model_gfs.x    0000000000FE7855  Unknown               Unknown  Unknown
208: ufs_model_gfs.x    0000000000FEC0FF  Unknown               Unknown  Unknown
208: ufs_model_gfs.x    0000000000C9628A  Unknown               Unknown  Unknown
208: ufs_model_gfs.x    0000000000CB7D0F  Unknown               Unknown  Unknown
208: ufs_model_gfs.x    0000000000FE92FA  Unknown               Unknown  Unknown
208: ufs_model_gfs.x    0000000000A18F00  Unknown               Unknown  Unknown
208: ufs_model_gfs.x    0000000000736BE1  Unknown               Unknown  Unknown
208: ufs_model_gfs.x    0000000000436749  MAIN__                    409  UFS.F90
208: ufs_model_gfs.x    000000000043549D  Unknown               Unknown  Unknown
208: libc.so.6          000015320E1EAEEC  Unknown               Unknown  Unknown
208: libc.so.6          000015320E1EAFB5  __libc_start_main     Unknown  Unknown
208: ufs_model_gfs.x    00000000004353A1  Unknown               Unknown  Unknown
273: forrtl: error (78): process killed (SIGTERM)
273: Image              PC                Routine            Line        Source             
273: libc.so.6          00001541E5A01980  Unknown               Unknown  Unknown
273: libc.so.6          00001541E5ABE1E7  __sched_yield         Unknown  Unknown
273: libmpi_intel.so.1  00001541E63D166D  MPI_Probe             Unknown  Unknown
273: ufs_model_gfs.x    0000000000CAC940  Unknown               Unknown  Unknown
273: ufs_model_gfs.x    000000000101F1BA  Unknown               Unknown  Unknown
273: ufs_model_gfs.x    000000000101D613  Unknown               Unknown  Unknown
273: ufs_model_gfs.x    000000000101D613  Unknown               Unknown  Unknown
273: ufs_model_gfs.x    0000000001277EB2  Unknown               Unknown  Unknown
273: ufs_model_gfs.x    0000000001269A7F  Unknown               Unknown  Unknown
273: ufs_model_gfs.x    0000000000C260A6  Unknown               Unknown  Unknown
273: ufs_model_gfs.x    00000000009D667F  Unknown               Unknown  Unknown
273: ufs_model_gfs.x    000000000049EB2A  Unknown               Unknown  Unknown
273: ufs_model_gfs.x    0000000000FE7855  Unknown               Unknown  Unknown
273: ufs_model_gfs.x    0000000000FEC0FF  Unknown               Unknown  Unknown
273: ufs_model_gfs.x    0000000000C9628A  Unknown               Unknown  Unknown
273: ufs_model_gfs.x    0000000000CB7D0F  Unknown               Unknown  Unknown
273: ufs_model_gfs.x    0000000000FE92FA  Unknown               Unknown  Unknown
273: ufs_model_gfs.x    0000000000A18F00  Unknown               Unknown  Unknown
273: ufs_model_gfs.x    0000000000A08761  Unknown               Unknown  Unknown
273: ufs_model_gfs.x    0000000000445828  Unknown               Unknown  Unknown
273: ufs_model_gfs.x    00000000004470A6  Unknown               Unknown  Unknown
273: ufs_model_gfs.x    0000000000D51C38  Unknown               Unknown  Unknown
273: ufs_model_gfs.x    0000000000D51BA6  Unknown               Unknown  Unknown
273: ufs_model_gfs.x    0000000000D5067C  Unknown               Unknown  Unknown
273: ufs_model_gfs.x    0000000000B937FE  Unknown               Unknown  Unknown
273: ufs_model_gfs.x    0000000000444BEF  Unknown               Unknown  Unknown
273: ufs_model_gfs.x    0000000000FE7855  Unknown               Unknown  Unknown
273: ufs_model_gfs.x    0000000000FEC0FF  Unknown               Unknown  Unknown
273: ufs_model_gfs.x    0000000000C9628A  Unknown               Unknown  Unknown
273: ufs_model_gfs.x    0000000000CB7D0F  Unknown               Unknown  Unknown
273: ufs_model_gfs.x    0000000000FE92FA  Unknown               Unknown  Unknown
273: ufs_model_gfs.x    0000000000A18F00  Unknown               Unknown  Unknown
273: ufs_model_gfs.x    0000000000736BE1  Unknown               Unknown  Unknown
273: ufs_model_gfs.x    0000000000436749  MAIN__                    409  UFS.F90
273: ufs_model_gfs.x    000000000043549D  Unknown               Unknown  Unknown
273: libc.so.6          00001541E59EAEEC  Unknown               Unknown  Unknown
273: libc.so.6          00001541E59EAFB5  __libc_start_main     Unknown  Unknown
273: ufs_model_gfs.x    00000000004353A1  Unknown               Unknown  Unknown
212: forrtl: error (78): process killed (SIGTERM)
212: Image              PC                Routine            Line        Source             
212: libc.so.6          0000153778A01980  Unknown               Unknown  Unknown
212: libc.so.6          0000153778ABE1E7  __sched_yield         Unknown  Unknown
212: libmpi_intel.so.1  00001537793D166D  MPI_Probe             Unknown  Unknown
212: ufs_model_gfs.x    0000000000CAC940  Unknown               Unknown  Unknown
212: ufs_model_gfs.x    000000000101F1BA  Unknown               Unknown  Unknown
212: ufs_model_gfs.x    000000000101D613  Unknown               Unknown  Unknown
212: ufs_model_gfs.x    000000000101D613  Unknown               Unknown  Unknown
212: ufs_model_gfs.x    0000000001277EB2  Unknown               Unknown  Unknown
212: ufs_model_gfs.x    0000000001269A7F  Unknown               Unknown  Unknown
212: ufs_model_gfs.x    0000000000C260A6  Unknown               Unknown  Unknown
212: ufs_model_gfs.x    00000000009D667F  Unknown               Unknown  Unknown
212: ufs_model_gfs.x    000000000049EB2A  Unknown               Unknown  Unknown
212: ufs_model_gfs.x    0000000000FE7855  Unknown               Unknown  Unknown
212: ufs_model_gfs.x    0000000000FEC0FF  Unknown               Unknown  Unknown
212: ufs_model_gfs.x    0000000000C9628A  Unknown               Unknown  Unknown
212: ufs_model_gfs.x    0000000000CB7D0F  Unknown               Unknown  Unknown
212: ufs_model_gfs.x    0000000000FE92FA  Unknown               Unknown  Unknown
212: ufs_model_gfs.x    0000000000A18F00  Unknown               Unknown  Unknown
212: ufs_model_gfs.x    0000000000A08761  Unknown               Unknown  Unknown
212: ufs_model_gfs.x    0000000000445828  Unknown               Unknown  Unknown
212: ufs_model_gfs.x    00000000004470A6  Unknown               Unknown  Unknown
212: ufs_model_gfs.x    0000000000D51C38  Unknown               Unknown  Unknown
212: ufs_model_gfs.x    0000000000D51BA6  Unknown               Unknown  Unknown
212: ufs_model_gfs.x    0000000000D5067C  Unknown               Unknown  Unknown
212: ufs_model_gfs.x    0000000000B937FE  Unknown               Unknown  Unknown
212: ufs_model_gfs.x    0000000000444BEF  Unknown               Unknown  Unknown
212: ufs_model_gfs.x    0000000000FE7855  Unknown               Unknown  Unknown
212: ufs_model_gfs.x    0000000000FEC0FF  Unknown               Unknown  Unknown
212: ufs_model_gfs.x    0000000000C9628A  Unknown               Unknown  Unknown
212: ufs_model_gfs.x    0000000000CB7D0F  Unknown               Unknown  Unknown
212: ufs_model_gfs.x    0000000000FE92FA  Unknown               Unknown  Unknown
212: ufs_model_gfs.x    0000000000A18F00  Unknown               Unknown  Unknown
212: ufs_model_gfs.x    0000000000736BE1  Unknown               Unknown  Unknown
212: ufs_model_gfs.x    0000000000436749  MAIN__                    409  UFS.F90
212: ufs_model_gfs.x    000000000043549D  Unknown               Unknown  Unknown
212: libc.so.6          00001537789EAEEC  Unknown               Unknown  Unknown
212: libc.so.6          00001537789EAFB5  __libc_start_main     Unknown  Unknown
212: ufs_model_gfs.x    00000000004353A1  Unknown               Unknown  Unknown
263: forrtl: error (78): process killed (SIGTERM)
263: Image              PC                Routine            Line        Source             
263: libc.so.6          0000151F38201980  Unknown               Unknown  Unknown
263: libc.so.6          0000151F382BE1E7  __sched_yield         Unknown  Unknown
263: libmpi_intel.so.1  0000151F38BD166D  MPI_Probe             Unknown  Unknown
263: ufs_model_gfs.x    0000000000CAC940  Unknown               Unknown  Unknown
263: ufs_model_gfs.x    000000000101F1BA  Unknown               Unknown  Unknown
263: ufs_model_gfs.x    000000000101D613  Unknown               Unknown  Unknown
263: ufs_model_gfs.x    000000000101D613  Unknown               Unknown  Unknown
263: ufs_model_gfs.x    0000000001277EB2  Unknown               Unknown  Unknown
263: ufs_model_gfs.x    0000000001269A7F  Unknown               Unknown  Unknown
263: ufs_model_gfs.x    0000000000C260A6  Unknown               Unknown  Unknown
263: ufs_model_gfs.x    00000000009D667F  Unknown               Unknown  Unknown
263: ufs_model_gfs.x    000000000049EB2A  Unknown               Unknown  Unknown
263: ufs_model_gfs.x    0000000000FE7855  Unknown               Unknown  Unknown
263: ufs_model_gfs.x    0000000000FEC0FF  Unknown               Unknown  Unknown
263: ufs_model_gfs.x    0000000000C9628A  Unknown               Unknown  Unknown
263: ufs_model_gfs.x    0000000000CB7D0F  Unknown               Unknown  Unknown
263: ufs_model_gfs.x    0000000000FE92FA  Unknown               Unknown  Unknown
263: ufs_model_gfs.x    0000000000A18F00  Unknown               Unknown  Unknown
263: ufs_model_gfs.x    0000000000A08761  Unknown               Unknown  Unknown
263: ufs_model_gfs.x    0000000000445828  Unknown               Unknown  Unknown
263: ufs_model_gfs.x    00000000004470A6  Unknown               Unknown  Unknown
263: ufs_model_gfs.x    0000000000D51C38  Unknown               Unknown  Unknown
263: ufs_model_gfs.x    0000000000D51BA6  Unknown               Unknown  Unknown
263: ufs_model_gfs.x    0000000000D5067C  Unknown               Unknown  Unknown
263: ufs_model_gfs.x    0000000000B937FE  Unknown               Unknown  Unknown
263: ufs_model_gfs.x    0000000000444BEF  Unknown               Unknown  Unknown
263: ufs_model_gfs.x    0000000000FE7855  Unknown               Unknown  Unknown
263: ufs_model_gfs.x    0000000000FEC0FF  Unknown               Unknown  Unknown
263: ufs_model_gfs.x    0000000000C9628A  Unknown               Unknown  Unknown
263: ufs_model_gfs.x    0000000000CB7D0F  Unknown               Unknown  Unknown
263: ufs_model_gfs.x    0000000000FE92FA  Unknown               Unknown  Unknown
263: ufs_model_gfs.x    0000000000A18F00  Unknown               Unknown  Unknown
263: ufs_model_gfs.x    0000000000736BE1  Unknown               Unknown  Unknown
263: ufs_model_gfs.x    0000000000436749  MAIN__                    409  UFS.F90
263: ufs_model_gfs.x    000000000043549D  Unknown               Unknown  Unknown
263: libc.so.6          0000151F381EAEEC  Unknown               Unknown  Unknown
263: libc.so.6          0000151F381EAFB5  __libc_start_main     Unknown  Unknown
263: ufs_model_gfs.x    00000000004353A1  Unknown               Unknown  Unknown
226: forrtl: error (78): process killed (SIGTERM)
226: Image              PC                Routine            Line        Source             
226: libc.so.6          0000154ADBE01980  Unknown               Unknown  Unknown
226: libc.so.6          0000154ADBEBE1E7  __sched_yield         Unknown  Unknown
226: libmpi_intel.so.1  0000154ADC7B92AC  Unknown               Unknown  Unknown
226: libmpi_intel.so.1  0000154ADC7D06BC  MPI_Probe             Unknown  Unknown
226: ufs_model_gfs.x    0000000000CAC940  Unknown               Unknown  Unknown
226: ufs_model_gfs.x    000000000101F1BA  Unknown               Unknown  Unknown
226: ufs_model_gfs.x    000000000101D613  Unknown               Unknown  Unknown
226: ufs_model_gfs.x    000000000101D613  Unknown               Unknown  Unknown
226: ufs_model_gfs.x    0000000001277EB2  Unknown               Unknown  Unknown
226: ufs_model_gfs.x    0000000001269A7F  Unknown               Unknown  Unknown
226: ufs_model_gfs.x    0000000000C260A6  Unknown               Unknown  Unknown
226: ufs_model_gfs.x    00000000009D667F  Unknown               Unknown  Unknown
226: ufs_model_gfs.x    000000000049EB2A  Unknown               Unknown  Unknown
226: ufs_model_gfs.x    0000000000FE7855  Unknown               Unknown  Unknown
226: ufs_model_gfs.x    0000000000FEC0FF  Unknown               Unknown  Unknown
226: ufs_model_gfs.x    0000000000C9628A  Unknown               Unknown  Unknown
226: ufs_model_gfs.x    0000000000CB7D0F  Unknown               Unknown  Unknown
226: ufs_model_gfs.x    0000000000FE92FA  Unknown               Unknown  Unknown
226: ufs_model_gfs.x    0000000000A18F00  Unknown               Unknown  Unknown
226: ufs_model_gfs.x    0000000000A08761  Unknown               Unknown  Unknown
226: ufs_model_gfs.x    0000000000445828  Unknown               Unknown  Unknown
226: ufs_model_gfs.x    00000000004470A6  Unknown               Unknown  Unknown
226: ufs_model_gfs.x    0000000000D51C38  Unknown               Unknown  Unknown
226: ufs_model_gfs.x    0000000000D51BA6  Unknown               Unknown  Unknown
226: ufs_model_gfs.x    0000000000D5067C  Unknown               Unknown  Unknown
226: ufs_model_gfs.x    0000000000B937FE  Unknown               Unknown  Unknown
226: ufs_model_gfs.x    0000000000444BEF  Unknown               Unknown  Unknown
226: ufs_model_gfs.x    0000000000FE7855  Unknown               Unknown  Unknown
226: ufs_model_gfs.x    0000000000FEC0FF  Unknown               Unknown  Unknown
226: ufs_model_gfs.x    0000000000C9628A  Unknown               Unknown  Unknown
226: ufs_model_gfs.x    0000000000CB7D0F  Unknown               Unknown  Unknown
226: ufs_model_gfs.x    0000000000FE92FA  Unknown               Unknown  Unknown
226: ufs_model_gfs.x    0000000000A18F00  Unknown               Unknown  Unknown
226: ufs_model_gfs.x    0000000000736BE1  Unknown               Unknown  Unknown
226: ufs_model_gfs.x    0000000000436749  MAIN__                    409  UFS.F90
226: ufs_model_gfs.x    000000000043549D  Unknown               Unknown  Unknown
226: libc.so.6          0000154ADBDEAEEC  Unknown               Unknown  Unknown
226: libc.so.6          0000154ADBDEAFB5  __libc_start_main     Unknown  Unknown
226: ufs_model_gfs.x    00000000004353A1  Unknown               Unknown  Unknown
258: forrtl: error (78): process killed (SIGTERM)
258: Image              PC                Routine            Line        Source             
258: libc.so.6          000015070D401980  Unknown               Unknown  Unknown
258: libc.so.6          000015070D4BE1E7  __sched_yield         Unknown  Unknown
258: libmpi_intel.so.1  000015070DDB92AC  Unknown               Unknown  Unknown
258: libmpi_intel.so.1  000015070DDD06BC  MPI_Probe             Unknown  Unknown
258: ufs_model_gfs.x    0000000000CAC940  Unknown               Unknown  Unknown
258: ufs_model_gfs.x    000000000101F1BA  Unknown               Unknown  Unknown
258: ufs_model_gfs.x    000000000101D613  Unknown               Unknown  Unknown
258: ufs_model_gfs.x    000000000101D613  Unknown               Unknown  Unknown
258: ufs_model_gfs.x    0000000001277EB2  Unknown               Unknown  Unknown
258: ufs_model_gfs.x    0000000001269A7F  Unknown               Unknown  Unknown
258: ufs_model_gfs.x    0000000000C260A6  Unknown               Unknown  Unknown
258: ufs_model_gfs.x    00000000009D667F  Unknown               Unknown  Unknown
258: ufs_model_gfs.x    000000000049EB2A  Unknown               Unknown  Unknown
258: ufs_model_gfs.x    0000000000FE7855  Unknown               Unknown  Unknown
258: ufs_model_gfs.x    0000000000FEC0FF  Unknown               Unknown  Unknown
258: ufs_model_gfs.x    0000000000C9628A  Unknown               Unknown  Unknown
258: ufs_model_gfs.x    0000000000CB7D0F  Unknown               Unknown  Unknown
258: ufs_model_gfs.x    0000000000FE92FA  Unknown               Unknown  Unknown
258: ufs_model_gfs.x    0000000000A18F00  Unknown               Unknown  Unknown
258: ufs_model_gfs.x    0000000000A08761  Unknown               Unknown  Unknown
258: ufs_model_gfs.x    0000000000445828  Unknown               Unknown  Unknown
258: ufs_model_gfs.x    00000000004470A6  Unknown               Unknown  Unknown
258: ufs_model_gfs.x    0000000000D51C38  Unknown               Unknown  Unknown
258: ufs_model_gfs.x    0000000000D51BA6  Unknown               Unknown  Unknown
258: ufs_model_gfs.x    0000000000D5067C  Unknown               Unknown  Unknown
258: ufs_model_gfs.x    0000000000B937FE  Unknown               Unknown  Unknown
258: ufs_model_gfs.x    0000000000444BEF  Unknown               Unknown  Unknown
258: ufs_model_gfs.x    0000000000FE7855  Unknown               Unknown  Unknown
258: ufs_model_gfs.x    0000000000FEC0FF  Unknown               Unknown  Unknown
258: ufs_model_gfs.x    0000000000C9628A  Unknown               Unknown  Unknown
258: ufs_model_gfs.x    0000000000CB7D0F  Unknown               Unknown  Unknown
258: ufs_model_gfs.x    0000000000FE92FA  Unknown               Unknown  Unknown
258: ufs_model_gfs.x    0000000000A18F00  Unknown               Unknown  Unknown
258: ufs_model_gfs.x    0000000000736BE1  Unknown               Unknown  Unknown
258: ufs_model_gfs.x    0000000000436749  MAIN__                    409  UFS.F90
258: ufs_model_gfs.x    000000000043549D  Unknown               Unknown  Unknown
258: libc.so.6          000015070D3EAEEC  Unknown               Unknown  Unknown
258: libc.so.6          000015070D3EAFB5  __libc_start_main     Unknown  Unknown
258: ufs_model_gfs.x    00000000004353A1  Unknown               Unknown  Unknown
287: forrtl: error (78): process killed (SIGTERM)
287: Image              PC                Routine            Line        Source             
287: libc.so.6          0000148A82801980  Unknown               Unknown  Unknown
287: libc.so.6          0000148A828BE1E7  __sched_yield         Unknown  Unknown
287: libmpi_intel.so.1  0000148A831D166D  MPI_Probe             Unknown  Unknown
287: ufs_model_gfs.x    0000000000CAC940  Unknown               Unknown  Unknown
287: ufs_model_gfs.x    000000000101F1BA  Unknown               Unknown  Unknown
287: ufs_model_gfs.x    000000000101D613  Unknown               Unknown  Unknown
287: ufs_model_gfs.x    000000000101D613  Unknown               Unknown  Unknown
287: ufs_model_gfs.x    0000000001277EB2  Unknown               Unknown  Unknown
287: ufs_model_gfs.x    0000000001269A7F  Unknown               Unknown  Unknown
287: ufs_model_gfs.x    0000000000C260A6  Unknown               Unknown  Unknown
287: ufs_model_gfs.x    00000000009D667F  Unknown               Unknown  Unknown
287: ufs_model_gfs.x    000000000049EB2A  Unknown               Unknown  Unknown
287: ufs_model_gfs.x    0000000000FE7855  Unknown               Unknown  Unknown
287: ufs_model_gfs.x    0000000000FEC0FF  Unknown               Unknown  Unknown
287: ufs_model_gfs.x    0000000000C9628A  Unknown               Unknown  Unknown
287: ufs_model_gfs.x    0000000000CB7D0F  Unknown               Unknown  Unknown
287: ufs_model_gfs.x    0000000000FE92FA  Unknown               Unknown  Unknown
287: ufs_model_gfs.x    0000000000A18F00  Unknown               Unknown  Unknown
287: ufs_model_gfs.x    0000000000A08761  Unknown               Unknown  Unknown
287: ufs_model_gfs.x    0000000000445828  Unknown               Unknown  Unknown
287: ufs_model_gfs.x    00000000004470A6  Unknown               Unknown  Unknown
287: ufs_model_gfs.x    0000000000D51C38  Unknown               Unknown  Unknown
287: ufs_model_gfs.x    0000000000D51BA6  Unknown               Unknown  Unknown
287: ufs_model_gfs.x    0000000000D5067C  Unknown               Unknown  Unknown
287: ufs_model_gfs.x    0000000000B937FE  Unknown               Unknown  Unknown
287: ufs_model_gfs.x    0000000000444BEF  Unknown               Unknown  Unknown
287: ufs_model_gfs.x    0000000000FE7855  Unknown               Unknown  Unknown
287: ufs_model_gfs.x    0000000000FEC0FF  Unknown               Unknown  Unknown
287: ufs_model_gfs.x    0000000000C9628A  Unknown               Unknown  Unknown
287: ufs_model_gfs.x    0000000000CB7D0F  Unknown               Unknown  Unknown
287: ufs_model_gfs.x    0000000000FE92FA  Unknown               Unknown  Unknown
287: ufs_model_gfs.x    0000000000A18F00  Unknown               Unknown  Unknown
287: ufs_model_gfs.x    0000000000736BE1  Unknown               Unknown  Unknown
287: ufs_model_gfs.x    0000000000436749  MAIN__                    409  UFS.F90
287: ufs_model_gfs.x    000000000043549D  Unknown               Unknown  Unknown
287: libc.so.6          0000148A827EAEEC  Unknown               Unknown  Unknown
287: libc.so.6          0000148A827EAFB5  __libc_start_main     Unknown  Unknown
287: ufs_model_gfs.x    00000000004353A1  Unknown               Unknown  Unknown
222: forrtl: error (78): process killed (SIGTERM)
222: Image              PC                Routine            Line        Source             
222: libc.so.6          0000150AA5401980  Unknown               Unknown  Unknown
222: libc.so.6          0000150AA54BE1E7  __sched_yield         Unknown  Unknown
222: libmpi_intel.so.1  0000150AA5DD166D  MPI_Probe             Unknown  Unknown
222: ufs_model_gfs.x    0000000000CAC940  Unknown               Unknown  Unknown
222: ufs_model_gfs.x    000000000101F1BA  Unknown               Unknown  Unknown
222: ufs_model_gfs.x    000000000101D613  Unknown               Unknown  Unknown
222: ufs_model_gfs.x    000000000101D613  Unknown               Unknown  Unknown
222: ufs_model_gfs.x    0000000001277EB2  Unknown               Unknown  Unknown
222: ufs_model_gfs.x    0000000001269A7F  Unknown               Unknown  Unknown
222: ufs_model_gfs.x    0000000000C260A6  Unknown               Unknown  Unknown
222: ufs_model_gfs.x    00000000009D667F  Unknown               Unknown  Unknown
222: ufs_model_gfs.x    000000000049EB2A  Unknown               Unknown  Unknown
222: ufs_model_gfs.x    0000000000FE7855  Unknown               Unknown  Unknown
222: ufs_model_gfs.x    0000000000FEC0FF  Unknown               Unknown  Unknown
222: ufs_model_gfs.x    0000000000C9628A  Unknown               Unknown  Unknown
222: ufs_model_gfs.x    0000000000CB7D0F  Unknown               Unknown  Unknown
222: ufs_model_gfs.x    0000000000FE92FA  Unknown               Unknown  Unknown
222: ufs_model_gfs.x    0000000000A18F00  Unknown               Unknown  Unknown
222: ufs_model_gfs.x    0000000000A08761  Unknown               Unknown  Unknown
222: ufs_model_gfs.x    0000000000445828  Unknown               Unknown  Unknown
222: ufs_model_gfs.x    00000000004470A6  Unknown               Unknown  Unknown
222: ufs_model_gfs.x    0000000000D51C38  Unknown               Unknown  Unknown
222: ufs_model_gfs.x    0000000000D51BA6  Unknown               Unknown  Unknown
222: ufs_model_gfs.x    0000000000D5067C  Unknown               Unknown  Unknown
222: ufs_model_gfs.x    0000000000B937FE  Unknown               Unknown  Unknown
222: ufs_model_gfs.x    0000000000444BEF  Unknown               Unknown  Unknown
222: ufs_model_gfs.x    0000000000FE7855  Unknown               Unknown  Unknown
222: ufs_model_gfs.x    0000000000FEC0FF  Unknown               Unknown  Unknown
222: ufs_model_gfs.x    0000000000C9628A  Unknown               Unknown  Unknown
222: ufs_model_gfs.x    0000000000CB7D0F  Unknown               Unknown  Unknown
222: ufs_model_gfs.x    0000000000FE92FA  Unknown               Unknown  Unknown
222: ufs_model_gfs.x    0000000000A18F00  Unknown               Unknown  Unknown
222: ufs_model_gfs.x    0000000000736BE1  Unknown               Unknown  Unknown
222: ufs_model_gfs.x    0000000000436749  MAIN__                    409  UFS.F90
222: ufs_model_gfs.x    000000000043549D  Unknown               Unknown  Unknown
222: libc.so.6          0000150AA53EAEEC  Unknown               Unknown  Unknown
222: libc.so.6          0000150AA53EAFB5  __libc_start_main     Unknown  Unknown
222: ufs_model_gfs.x    00000000004353A1  Unknown               Unknown  Unknown
244: forrtl: error (78): process killed (SIGTERM)
244: Image              PC                Routine            Line        Source             
244: libc.so.6          0000147F2D201980  Unknown               Unknown  Unknown
244: libc.so.6          0000147F2D2BE1E5  __sched_yield         Unknown  Unknown
244: libmpi_intel.so.1  0000147F2DBD166D  MPI_Probe             Unknown  Unknown
244: ufs_model_gfs.x    0000000000CAC940  Unknown               Unknown  Unknown
244: ufs_model_gfs.x    000000000101F1BA  Unknown               Unknown  Unknown
244: ufs_model_gfs.x    000000000101D613  Unknown               Unknown  Unknown
244: ufs_model_gfs.x    000000000101D613  Unknown               Unknown  Unknown
244: ufs_model_gfs.x    0000000001277EB2  Unknown               Unknown  Unknown
244: ufs_model_gfs.x    0000000001269A7F  Unknown               Unknown  Unknown
244: ufs_model_gfs.x    0000000000C260A6  Unknown               Unknown  Unknown
244: ufs_model_gfs.x    00000000009D667F  Unknown               Unknown  Unknown
244: ufs_model_gfs.x    000000000049EB2A  Unknown               Unknown  Unknown
244: ufs_model_gfs.x    0000000000FE7855  Unknown               Unknown  Unknown
244: ufs_model_gfs.x    0000000000FEC0FF  Unknown               Unknown  Unknown
244: ufs_model_gfs.x    0000000000C9628A  Unknown               Unknown  Unknown
244: ufs_model_gfs.x    0000000000CB7D0F  Unknown               Unknown  Unknown
244: ufs_model_gfs.x    0000000000FE92FA  Unknown               Unknown  Unknown
244: ufs_model_gfs.x    0000000000A18F00  Unknown               Unknown  Unknown
244: ufs_model_gfs.x    0000000000A08761  Unknown               Unknown  Unknown
244: ufs_model_gfs.x    0000000000445828  Unknown               Unknown  Unknown
244: ufs_model_gfs.x    00000000004470A6  Unknown               Unknown  Unknown
244: ufs_model_gfs.x    0000000000D51C38  Unknown               Unknown  Unknown
244: ufs_model_gfs.x    0000000000D51BA6  Unknown               Unknown  Unknown
244: ufs_model_gfs.x    0000000000D5067C  Unknown               Unknown  Unknown
244: ufs_model_gfs.x    0000000000B937FE  Unknown               Unknown  Unknown
244: ufs_model_gfs.x    0000000000444BEF  Unknown               Unknown  Unknown
244: ufs_model_gfs.x    0000000000FE7855  Unknown               Unknown  Unknown
244: ufs_model_gfs.x    0000000000FEC0FF  Unknown               Unknown  Unknown
244: ufs_model_gfs.x    0000000000C9628A  Unknown               Unknown  Unknown
244: ufs_model_gfs.x    0000000000CB7D0F  Unknown               Unknown  Unknown
244: ufs_model_gfs.x    0000000000FE92FA  Unknown               Unknown  Unknown
244: ufs_model_gfs.x    0000000000A18F00  Unknown               Unknown  Unknown
244: ufs_model_gfs.x    0000000000736BE1  Unknown               Unknown  Unknown
244: ufs_model_gfs.x    0000000000436749  MAIN__                    409  UFS.F90
244: ufs_model_gfs.x    000000000043549D  Unknown               Unknown  Unknown
244: libc.so.6          0000147F2D1EAEEC  Unknown               Unknown  Unknown
244: libc.so.6          0000147F2D1EAFB5  __libc_start_main     Unknown  Unknown
244: ufs_model_gfs.x    00000000004353A1  Unknown               Unknown  Unknown
230: forrtl: error (78): process killed (SIGTERM)
230: Image              PC                Routine            Line        Source             
230: libc.so.6          000014779A801980  Unknown               Unknown  Unknown
230: libc.so.6          000014779A8BE1E7  __sched_yield         Unknown  Unknown
230: libmpi_intel.so.1  000014779B1D166D  MPI_Probe             Unknown  Unknown
230: ufs_model_gfs.x    0000000000CAC940  Unknown               Unknown  Unknown
230: ufs_model_gfs.x    000000000101F1BA  Unknown               Unknown  Unknown
230: ufs_model_gfs.x    000000000101D613  Unknown               Unknown  Unknown
230: ufs_model_gfs.x    000000000101D613  Unknown               Unknown  Unknown
230: ufs_model_gfs.x    0000000001277EB2  Unknown               Unknown  Unknown
230: ufs_model_gfs.x    0000000001269A7F  Unknown               Unknown  Unknown
230: ufs_model_gfs.x    0000000000C260A6  Unknown               Unknown  Unknown
230: ufs_model_gfs.x    00000000009D667F  Unknown               Unknown  Unknown
230: ufs_model_gfs.x    000000000049EB2A  Unknown               Unknown  Unknown
230: ufs_model_gfs.x    0000000000FE7855  Unknown               Unknown  Unknown
230: ufs_model_gfs.x    0000000000FEC0FF  Unknown               Unknown  Unknown
230: ufs_model_gfs.x    0000000000C9628A  Unknown               Unknown  Unknown
230: ufs_model_gfs.x    0000000000CB7D0F  Unknown               Unknown  Unknown
230: ufs_model_gfs.x    0000000000FE92FA  Unknown               Unknown  Unknown
230: ufs_model_gfs.x    0000000000A18F00  Unknown               Unknown  Unknown
230: ufs_model_gfs.x    0000000000A08761  Unknown               Unknown  Unknown
230: ufs_model_gfs.x    0000000000445828  Unknown               Unknown  Unknown
230: ufs_model_gfs.x    00000000004470A6  Unknown               Unknown  Unknown
230: ufs_model_gfs.x    0000000000D51C38  Unknown               Unknown  Unknown
230: ufs_model_gfs.x    0000000000D51BA6  Unknown               Unknown  Unknown
230: ufs_model_gfs.x    0000000000D5067C  Unknown               Unknown  Unknown
230: ufs_model_gfs.x    0000000000B937FE  Unknown               Unknown  Unknown
230: ufs_model_gfs.x    0000000000444BEF  Unknown               Unknown  Unknown
230: ufs_model_gfs.x    0000000000FE7855  Unknown               Unknown  Unknown
230: ufs_model_gfs.x    0000000000FEC0FF  Unknown               Unknown  Unknown
230: ufs_model_gfs.x    0000000000C9628A  Unknown               Unknown  Unknown
230: ufs_model_gfs.x    0000000000CB7D0F  Unknown               Unknown  Unknown
230: ufs_model_gfs.x    0000000000FE92FA  Unknown               Unknown  Unknown
230: ufs_model_gfs.x    0000000000A18F00  Unknown               Unknown  Unknown
230: ufs_model_gfs.x    0000000000736BE1  Unknown               Unknown  Unknown
230: ufs_model_gfs.x    0000000000436749  MAIN__                    409  UFS.F90
230: ufs_model_gfs.x    000000000043549D  Unknown               Unknown  Unknown
230: libc.so.6          000014779A7EAEEC  Unknown               Unknown  Unknown
230: libc.so.6          000014779A7EAFB5  __libc_start_main     Unknown  Unknown
230: ufs_model_gfs.x    00000000004353A1  Unknown               Unknown  Unknown
277: forrtl: error (78): process killed (SIGTERM)
277: Image              PC                Routine            Line        Source             
277: libc.so.6          0000148D78201980  Unknown               Unknown  Unknown
277: libc.so.6          0000148D782BE1E7  __sched_yield         Unknown  Unknown
277: libmpi_intel.so.1  0000148D78BD166D  MPI_Probe             Unknown  Unknown
277: ufs_model_gfs.x    0000000000CAC940  Unknown               Unknown  Unknown
277: ufs_model_gfs.x    000000000101F1BA  Unknown               Unknown  Unknown
277: ufs_model_gfs.x    000000000101D613  Unknown               Unknown  Unknown
277: ufs_model_gfs.x    000000000101D613  Unknown               Unknown  Unknown
277: ufs_model_gfs.x    0000000001277EB2  Unknown               Unknown  Unknown
277: ufs_model_gfs.x    0000000001269A7F  Unknown               Unknown  Unknown
277: ufs_model_gfs.x    0000000000C260A6  Unknown               Unknown  Unknown
277: ufs_model_gfs.x    00000000009D667F  Unknown               Unknown  Unknown
277: ufs_model_gfs.x    000000000049EB2A  Unknown               Unknown  Unknown
277: ufs_model_gfs.x    0000000000FE7855  Unknown               Unknown  Unknown
277: ufs_model_gfs.x    0000000000FEC0FF  Unknown               Unknown  Unknown
277: ufs_model_gfs.x    0000000000C9628A  Unknown               Unknown  Unknown
277: ufs_model_gfs.x    0000000000CB7D0F  Unknown               Unknown  Unknown
277: ufs_model_gfs.x    0000000000FE92FA  Unknown               Unknown  Unknown
277: ufs_model_gfs.x    0000000000A18F00  Unknown               Unknown  Unknown
277: ufs_model_gfs.x    0000000000A08761  Unknown               Unknown  Unknown
277: ufs_model_gfs.x    0000000000445828  Unknown               Unknown  Unknown
277: ufs_model_gfs.x    00000000004470A6  Unknown               Unknown  Unknown
277: ufs_model_gfs.x    0000000000D51C38  Unknown               Unknown  Unknown
277: ufs_model_gfs.x    0000000000D51BA6  Unknown               Unknown  Unknown
277: ufs_model_gfs.x    0000000000D5067C  Unknown               Unknown  Unknown
277: ufs_model_gfs.x    0000000000B937FE  Unknown               Unknown  Unknown
277: ufs_model_gfs.x    0000000000444BEF  Unknown               Unknown  Unknown
277: ufs_model_gfs.x    0000000000FE7855  Unknown               Unknown  Unknown
277: ufs_model_gfs.x    0000000000FEC0FF  Unknown               Unknown  Unknown
277: ufs_model_gfs.x    0000000000C9628A  Unknown               Unknown  Unknown
277: ufs_model_gfs.x    0000000000CB7D0F  Unknown               Unknown  Unknown
277: ufs_model_gfs.x    0000000000FE92FA  Unknown               Unknown  Unknown
277: ufs_model_gfs.x    0000000000A18F00  Unknown               Unknown  Unknown
277: ufs_model_gfs.x    0000000000736BE1  Unknown               Unknown  Unknown
277: ufs_model_gfs.x    0000000000436749  MAIN__                    409  UFS.F90
277: ufs_model_gfs.x    000000000043549D  Unknown               Unknown  Unknown
277: libc.so.6          0000148D781EAEEC  Unknown               Unknown  Unknown
277: libc.so.6          0000148D781EAFB5  __libc_start_main     Unknown  Unknown
277: ufs_model_gfs.x    00000000004353A1  Unknown               Unknown  Unknown
270: forrtl: error (78): process killed (SIGTERM)
270: Image              PC                Routine            Line        Source             
270: libc.so.6          0000150ACA601980  Unknown               Unknown  Unknown
270: libc.so.6          0000150ACA6BE1E7  __sched_yield         Unknown  Unknown
270: libmpi_intel.so.1  0000150ACAFB92AC  Unknown               Unknown  Unknown
270: libmpi_intel.so.1  0000150ACAFD06BC  MPI_Probe             Unknown  Unknown
270: ufs_model_gfs.x    0000000000CAC940  Unknown               Unknown  Unknown
270: ufs_model_gfs.x    000000000101F1BA  Unknown               Unknown  Unknown
270: ufs_model_gfs.x    000000000101D613  Unknown               Unknown  Unknown
270: ufs_model_gfs.x    000000000101D613  Unknown               Unknown  Unknown
270: ufs_model_gfs.x    0000000001277EB2  Unknown               Unknown  Unknown
270: ufs_model_gfs.x    0000000001269A7F  Unknown               Unknown  Unknown
270: ufs_model_gfs.x    0000000000C260A6  Unknown               Unknown  Unknown
270: ufs_model_gfs.x    00000000009D667F  Unknown               Unknown  Unknown
270: ufs_model_gfs.x    000000000049EB2A  Unknown               Unknown  Unknown
270: ufs_model_gfs.x    0000000000FE7855  Unknown               Unknown  Unknown
270: ufs_model_gfs.x    0000000000FEC0FF  Unknown               Unknown  Unknown
270: ufs_model_gfs.x    0000000000C9628A  Unknown               Unknown  Unknown
270: ufs_model_gfs.x    0000000000CB7D0F  Unknown               Unknown  Unknown
270: ufs_model_gfs.x    0000000000FE92FA  Unknown               Unknown  Unknown
270: ufs_model_gfs.x    0000000000A18F00  Unknown               Unknown  Unknown
270: ufs_model_gfs.x    0000000000A08761  Unknown               Unknown  Unknown
270: ufs_model_gfs.x    0000000000445828  Unknown               Unknown  Unknown
270: ufs_model_gfs.x    00000000004470A6  Unknown               Unknown  Unknown
270: ufs_model_gfs.x    0000000000D51C38  Unknown               Unknown  Unknown
270: ufs_model_gfs.x    0000000000D51BA6  Unknown               Unknown  Unknown
270: ufs_model_gfs.x    0000000000D5067C  Unknown               Unknown  Unknown
270: ufs_model_gfs.x    0000000000B937FE  Unknown               Unknown  Unknown
270: ufs_model_gfs.x    0000000000444BEF  Unknown               Unknown  Unknown
270: ufs_model_gfs.x    0000000000FE7855  Unknown               Unknown  Unknown
270: ufs_model_gfs.x    0000000000FEC0FF  Unknown               Unknown  Unknown
270: ufs_model_gfs.x    0000000000C9628A  Unknown               Unknown  Unknown
270: ufs_model_gfs.x    0000000000CB7D0F  Unknown               Unknown  Unknown
270: ufs_model_gfs.x    0000000000FE92FA  Unknown               Unknown  Unknown
270: ufs_model_gfs.x    0000000000A18F00  Unknown               Unknown  Unknown
270: ufs_model_gfs.x    0000000000736BE1  Unknown               Unknown  Unknown
270: ufs_model_gfs.x    0000000000436749  MAIN__                    409  UFS.F90
270: ufs_model_gfs.x    000000000043549D  Unknown               Unknown  Unknown
270: libc.so.6          0000150ACA5EAEEC  Unknown               Unknown  Unknown
270: libc.so.6          0000150ACA5EAFB5  __libc_start_main     Unknown  Unknown
270: ufs_model_gfs.x    00000000004353A1  Unknown               Unknown  Unknown
276: forrtl: error (78): process killed (SIGTERM)
276: Image              PC                Routine            Line        Source             
276: libc.so.6          0000152466201980  Unknown               Unknown  Unknown
276: libc.so.6          00001524662BE1E7  __sched_yield         Unknown  Unknown
276: libmpi_intel.so.1  0000152466BD166D  MPI_Probe             Unknown  Unknown
276: ufs_model_gfs.x    0000000000CAC940  Unknown               Unknown  Unknown
276: ufs_model_gfs.x    000000000101F1BA  Unknown               Unknown  Unknown
276: ufs_model_gfs.x    000000000101D613  Unknown               Unknown  Unknown
276: ufs_model_gfs.x    000000000101D613  Unknown               Unknown  Unknown
276: ufs_model_gfs.x    0000000001277EB2  Unknown               Unknown  Unknown
276: ufs_model_gfs.x    0000000001269A7F  Unknown               Unknown  Unknown
276: ufs_model_gfs.x    0000000000C260A6  Unknown               Unknown  Unknown
276: ufs_model_gfs.x    00000000009D667F  Unknown               Unknown  Unknown
276: ufs_model_gfs.x    000000000049EB2A  Unknown               Unknown  Unknown
276: ufs_model_gfs.x    0000000000FE7855  Unknown               Unknown  Unknown
276: ufs_model_gfs.x    0000000000FEC0FF  Unknown               Unknown  Unknown
276: ufs_model_gfs.x    0000000000C9628A  Unknown               Unknown  Unknown
276: ufs_model_gfs.x    0000000000CB7D0F  Unknown               Unknown  Unknown
276: ufs_model_gfs.x    0000000000FE92FA  Unknown               Unknown  Unknown
276: ufs_model_gfs.x    0000000000A18F00  Unknown               Unknown  Unknown
276: ufs_model_gfs.x    0000000000A08761  Unknown               Unknown  Unknown
276: ufs_model_gfs.x    0000000000445828  Unknown               Unknown  Unknown
276: ufs_model_gfs.x    00000000004470A6  Unknown               Unknown  Unknown
276: ufs_model_gfs.x    0000000000D51C38  Unknown               Unknown  Unknown
276: ufs_model_gfs.x    0000000000D51BA6  Unknown               Unknown  Unknown
276: ufs_model_gfs.x    0000000000D5067C  Unknown               Unknown  Unknown
276: ufs_model_gfs.x    0000000000B937FE  Unknown               Unknown  Unknown
276: ufs_model_gfs.x    0000000000444BEF  Unknown               Unknown  Unknown
276: ufs_model_gfs.x    0000000000FE7855  Unknown               Unknown  Unknown
276: ufs_model_gfs.x    0000000000FEC0FF  Unknown               Unknown  Unknown
276: ufs_model_gfs.x    0000000000C9628A  Unknown               Unknown  Unknown
276: ufs_model_gfs.x    0000000000CB7D0F  Unknown               Unknown  Unknown
276: ufs_model_gfs.x    0000000000FE92FA  Unknown               Unknown  Unknown
276: ufs_model_gfs.x    0000000000A18F00  Unknown               Unknown  Unknown
276: ufs_model_gfs.x    0000000000736BE1  Unknown               Unknown  Unknown
276: ufs_model_gfs.x    0000000000436749  MAIN__                    409  UFS.F90
276: ufs_model_gfs.x    000000000043549D  Unknown               Unknown  Unknown
276: libc.so.6          00001524661EAEEC  Unknown               Unknown  Unknown
276: libc.so.6          00001524661EAFB5  __libc_start_main     Unknown  Unknown
276: ufs_model_gfs.x    00000000004353A1  Unknown               Unknown  Unknown
257: forrtl: error (78): process killed (SIGTERM)
257: Image              PC                Routine            Line        Source             
257: libc.so.6          000014993CC01980  Unknown               Unknown  Unknown
257: libc.so.6          000014993CCBE1E7  __sched_yield         Unknown  Unknown
257: libmpi_intel.so.1  000014993D5B92AC  Unknown               Unknown  Unknown
257: libmpi_intel.so.1  000014993D5D06BC  MPI_Probe             Unknown  Unknown
257: ufs_model_gfs.x    0000000000CAC940  Unknown               Unknown  Unknown
257: ufs_model_gfs.x    000000000101F1BA  Unknown               Unknown  Unknown
257: ufs_model_gfs.x    000000000101D613  Unknown               Unknown  Unknown
257: ufs_model_gfs.x    000000000101D613  Unknown               Unknown  Unknown
257: ufs_model_gfs.x    0000000001277EB2  Unknown               Unknown  Unknown
257: ufs_model_gfs.x    0000000001269A7F  Unknown               Unknown  Unknown
257: ufs_model_gfs.x    0000000000C260A6  Unknown               Unknown  Unknown
257: ufs_model_gfs.x    00000000009D667F  Unknown               Unknown  Unknown
257: ufs_model_gfs.x    000000000049EB2A  Unknown               Unknown  Unknown
257: ufs_model_gfs.x    0000000000FE7855  Unknown               Unknown  Unknown
257: ufs_model_gfs.x    0000000000FEC0FF  Unknown               Unknown  Unknown
257: ufs_model_gfs.x    0000000000C9628A  Unknown               Unknown  Unknown
257: ufs_model_gfs.x    0000000000CB7D0F  Unknown               Unknown  Unknown
257: ufs_model_gfs.x    0000000000FE92FA  Unknown               Unknown  Unknown
257: ufs_model_gfs.x    0000000000A18F00  Unknown               Unknown  Unknown
257: ufs_model_gfs.x    0000000000A08761  Unknown               Unknown  Unknown
257: ufs_model_gfs.x    0000000000445828  Unknown               Unknown  Unknown
257: ufs_model_gfs.x    00000000004470A6  Unknown               Unknown  Unknown
257: ufs_model_gfs.x    0000000000D51C38  Unknown               Unknown  Unknown
257: ufs_model_gfs.x    0000000000D51BA6  Unknown               Unknown  Unknown
257: ufs_model_gfs.x    0000000000D5067C  Unknown               Unknown  Unknown
257: ufs_model_gfs.x    0000000000B937FE  Unknown               Unknown  Unknown
257: ufs_model_gfs.x    0000000000444BEF  Unknown               Unknown  Unknown
257: ufs_model_gfs.x    0000000000FE7855  Unknown               Unknown  Unknown
257: ufs_model_gfs.x    0000000000FEC0FF  Unknown               Unknown  Unknown
257: ufs_model_gfs.x    0000000000C9628A  Unknown               Unknown  Unknown
257: ufs_model_gfs.x    0000000000CB7D0F  Unknown               Unknown  Unknown
257: ufs_model_gfs.x    0000000000FE92FA  Unknown               Unknown  Unknown
257: ufs_model_gfs.x    0000000000A18F00  Unknown               Unknown  Unknown
257: ufs_model_gfs.x    0000000000736BE1  Unknown               Unknown  Unknown
257: ufs_model_gfs.x    0000000000436749  MAIN__                    409  UFS.F90
257: ufs_model_gfs.x    000000000043549D  Unknown               Unknown  Unknown
257: libc.so.6          000014993CBEAEEC  Unknown               Unknown  Unknown
257: libc.so.6          000014993CBEAFB5  __libc_start_main     Unknown  Unknown
257: ufs_model_gfs.x    00000000004353A1  Unknown               Unknown  Unknown
204: forrtl: error (78): process killed (SIGTERM)
204: Image              PC                Routine            Line        Source             
204: libc.so.6          000014DC8AA01980  Unknown               Unknown  Unknown
204: libc.so.6          000014DC8AABE1E7  __sched_yield         Unknown  Unknown
204: libmpi_intel.so.1  000014DC8B3D166D  MPI_Probe             Unknown  Unknown
204: ufs_model_gfs.x    0000000000CAC940  Unknown               Unknown  Unknown
204: ufs_model_gfs.x    000000000101F1BA  Unknown               Unknown  Unknown
204: ufs_model_gfs.x    000000000101D613  Unknown               Unknown  Unknown
204: ufs_model_gfs.x    000000000101D613  Unknown               Unknown  Unknown
204: ufs_model_gfs.x    0000000001277EB2  Unknown               Unknown  Unknown
204: ufs_model_gfs.x    0000000001269A7F  Unknown               Unknown  Unknown
204: ufs_model_gfs.x    0000000000C260A6  Unknown               Unknown  Unknown
204: ufs_model_gfs.x    00000000009D667F  Unknown               Unknown  Unknown
204: ufs_model_gfs.x    000000000049EB2A  Unknown               Unknown  Unknown
204: ufs_model_gfs.x    0000000000FE7855  Unknown               Unknown  Unknown
204: ufs_model_gfs.x    0000000000FEC0FF  Unknown               Unknown  Unknown
204: ufs_model_gfs.x    0000000000C9628A  Unknown               Unknown  Unknown
204: ufs_model_gfs.x    0000000000CB7D0F  Unknown               Unknown  Unknown
204: ufs_model_gfs.x    0000000000FE92FA  Unknown               Unknown  Unknown
204: ufs_model_gfs.x    0000000000A18F00  Unknown               Unknown  Unknown
204: ufs_model_gfs.x    0000000000A08761  Unknown               Unknown  Unknown
204: ufs_model_gfs.x    0000000000445828  Unknown               Unknown  Unknown
