182: ufs_model_gfs.x    00000000004353A1  Unknown               Unknown  Unknown
133:  NOTE: gocart aerosol initialization is reading input data with all MPI ranks
133: forrtl: error (78): process killed (SIGTERM)
133: Image              PC                Routine            Line        Source             
133: libc.so.6          00001459AF201980  Unknown               Unknown  Unknown
133: ufs_model_gfs.x    0000000003DC536D  samfdeepcnv_mp_sa         328  samfdeepcnv.f
133: ufs_model_gfs.x    0000000003B509F4  _coupled_p8_ugwpv         745  ccpp_fv3_gfs_v17_coupled_p8_ugwpv1_phys_ts_cap.F90
133: ufs_model_gfs.x    00000000039AC850  ccpp_static_api_m         644  ccpp_static_api.F90
133: ufs_model_gfs.x    00000000039A8530  ccpp_driver_mp_cc         234  CCPP_driver.F90
133: libiomp5.so        00001459B2763493  __kmp_invoke_micr     Unknown  Unknown
133: libiomp5.so        00001459B26D1CA4  __kmp_fork_call       Unknown  Unknown
133: libiomp5.so        00001459B2689D23  __kmpc_fork_call      Unknown  Unknown
133: ufs_model_gfs.x    00000000039A7479  ccpp_driver_mp_cc         204  CCPP_driver.F90
133: ufs_model_gfs.x    00000000031A5FC8  atmos_model_mod_m         387  atmos_model.F90
133: ufs_model_gfs.x    000000000304CD3F  module_fcst_grid_        1481  module_fcst_grid_comp.F90
133: ufs_model_gfs.x    0000000000FE7855  Unknown               Unknown  Unknown
133: ufs_model_gfs.x    0000000000FEC0FF  Unknown               Unknown  Unknown
133: ufs_model_gfs.x    0000000000C9649A  Unknown               Unknown  Unknown
133: ufs_model_gfs.x    0000000000CB7D0F  Unknown               Unknown  Unknown
133: ufs_model_gfs.x    0000000000FE92FA  Unknown               Unknown  Unknown
133: ufs_model_gfs.x    0000000000A18F00  Unknown               Unknown  Unknown
133: ufs_model_gfs.x    0000000000736BE1  Unknown               Unknown  Unknown
133: ufs_model_gfs.x    0000000003038F9F  ufsatm_cap_mod_mp        1497  ufsatm_cap.F90
133: ufs_model_gfs.x    0000000003038A09  ufsatm_cap_mod_mp        1437  ufsatm_cap.F90
133: ufs_model_gfs.x    0000000000D51C38  Unknown               Unknown  Unknown
133: ufs_model_gfs.x    0000000000D51BA6  Unknown               Unknown  Unknown
133: ufs_model_gfs.x    0000000000D5067C  Unknown               Unknown  Unknown
133: ufs_model_gfs.x    0000000000B937FE  Unknown               Unknown  Unknown
133: ufs_model_gfs.x    0000000006AC85DA  Unknown               Unknown  Unknown
133: ufs_model_gfs.x    0000000000FE7855  Unknown               Unknown  Unknown
133: ufs_model_gfs.x    0000000000FEC0FF  Unknown               Unknown  Unknown
133: ufs_model_gfs.x    0000000000C9628A  Unknown               Unknown  Unknown
133: ufs_model_gfs.x    0000000000CB7D0F  Unknown               Unknown  Unknown
133: ufs_model_gfs.x    0000000000FE92FA  Unknown               Unknown  Unknown
133: ufs_model_gfs.x    0000000000A18F00  Unknown               Unknown  Unknown
133: ufs_model_gfs.x    0000000000736BE1  Unknown               Unknown  Unknown
133: ufs_model_gfs.x    0000000000448377  Unknown               Unknown  Unknown
133: ufs_model_gfs.x    0000000000447BCA  Unknown               Unknown  Unknown
133: ufs_model_gfs.x    0000000000D51C38  Unknown               Unknown  Unknown
133: ufs_model_gfs.x    0000000000D51BA6  Unknown               Unknown  Unknown
133: ufs_model_gfs.x    0000000000D5067C  Unknown               Unknown  Unknown
133: ufs_model_gfs.x    0000000000B937FE  Unknown               Unknown  Unknown
133: ufs_model_gfs.x    0000000000444BEF  Unknown               Unknown  Unknown
133: ufs_model_gfs.x    0000000000FE7855  Unknown               Unknown  Unknown
133: ufs_model_gfs.x    0000000000FEC0FF  Unknown               Unknown  Unknown
133: ufs_model_gfs.x    0000000000C9628A  Unknown               Unknown  Unknown
133: ufs_model_gfs.x    0000000000CB7D0F  Unknown               Unknown  Unknown
133: ufs_model_gfs.x    0000000000FE92FA  Unknown               Unknown  Unknown
133: ufs_model_gfs.x    0000000000A18F00  Unknown               Unknown  Unknown
133: ufs_model_gfs.x    0000000000736BE1  Unknown               Unknown  Unknown
133: ufs_model_gfs.x    0000000000436749  MAIN__                    409  UFS.F90
133: ufs_model_gfs.x    000000000043549D  Unknown               Unknown  Unknown
133: libc.so.6          00001459AF1EAEEC  Unknown               Unknown  Unknown
133: libc.so.6          00001459AF1EAFB5  __libc_start_main     Unknown  Unknown
133: ufs_model_gfs.x    00000000004353A1  Unknown               Unknown  Unknown
118:  NOTE: gocart aerosol initialization is reading input data with all MPI ranks
118: forrtl: error (78): process killed (SIGTERM)
118: Image              PC                Routine            Line        Source             
118: libc.so.6          000014A147E01980  Unknown               Unknown  Unknown
118: libnetcdff.so.7.2  000014A14BBD0F3F  __libm_pow_l9         Unknown  Unknown
118: ufs_model_gfs.x    0000000003FB6592  module_mp_thompso        4034  module_mp_thompson.F90
118: ufs_model_gfs.x    0000000003F908D7  module_mp_thompso        1466  module_mp_thompson.F90
118: ufs_model_gfs.x    0000000003FE262E  mp_thompson_mp_mp         897  mp_thompson.F90
118: ufs_model_gfs.x    0000000003B5C49D  _coupled_p8_ugwpv        1349  ccpp_fv3_gfs_v17_coupled_p8_ugwpv1_phys_ts_cap.F90
118: ufs_model_gfs.x    00000000039AC850  ccpp_static_api_m         644  ccpp_static_api.F90
118: ufs_model_gfs.x    00000000039A8530  ccpp_driver_mp_cc         234  CCPP_driver.F90
118: libiomp5.so        000014A14B363493  __kmp_invoke_micr     Unknown  Unknown
118: libiomp5.so        000014A14B2D1CA4  __kmp_fork_call       Unknown  Unknown
118: libiomp5.so        000014A14B289D23  __kmpc_fork_call      Unknown  Unknown
118: ufs_model_gfs.x    00000000039A7479  ccpp_driver_mp_cc         204  CCPP_driver.F90
118: ufs_model_gfs.x    00000000031A5FC8  atmos_model_mod_m         387  atmos_model.F90
118: ufs_model_gfs.x    000000000304CD3F  module_fcst_grid_        1481  module_fcst_grid_comp.F90
118: ufs_model_gfs.x    0000000000FE7855  Unknown               Unknown  Unknown
118: ufs_model_gfs.x    0000000000FEC0FF  Unknown               Unknown  Unknown
118: ufs_model_gfs.x    0000000000C9649A  Unknown               Unknown  Unknown
118: ufs_model_gfs.x    0000000000CB7D0F  Unknown               Unknown  Unknown
118: ufs_model_gfs.x    0000000000FE92FA  Unknown               Unknown  Unknown
118: ufs_model_gfs.x    0000000000A18F00  Unknown               Unknown  Unknown
118: ufs_model_gfs.x    0000000000736BE1  Unknown               Unknown  Unknown
118: ufs_model_gfs.x    0000000003038F9F  ufsatm_cap_mod_mp        1497  ufsatm_cap.F90
118: ufs_model_gfs.x    0000000003038A09  ufsatm_cap_mod_mp        1437  ufsatm_cap.F90
118: ufs_model_gfs.x    0000000000D51C38  Unknown               Unknown  Unknown
118: ufs_model_gfs.x    0000000000D51BA6  Unknown               Unknown  Unknown
118: ufs_model_gfs.x    0000000000D5067C  Unknown               Unknown  Unknown
118: ufs_model_gfs.x    0000000000B937FE  Unknown               Unknown  Unknown
118: ufs_model_gfs.x    0000000006AC85DA  Unknown               Unknown  Unknown
118: ufs_model_gfs.x    0000000000FE7855  Unknown               Unknown  Unknown
118: ufs_model_gfs.x    0000000000FEC0FF  Unknown               Unknown  Unknown
118: ufs_model_gfs.x    0000000000C9628A  Unknown               Unknown  Unknown
118: ufs_model_gfs.x    0000000000CB7D0F  Unknown               Unknown  Unknown
118: ufs_model_gfs.x    0000000000FE92FA  Unknown               Unknown  Unknown
118: ufs_model_gfs.x    0000000000A18F00  Unknown               Unknown  Unknown
118: ufs_model_gfs.x    0000000000736BE1  Unknown               Unknown  Unknown
118: ufs_model_gfs.x    0000000000448377  Unknown               Unknown  Unknown
118: ufs_model_gfs.x    0000000000447BCA  Unknown               Unknown  Unknown
118: ufs_model_gfs.x    0000000000D51C38  Unknown               Unknown  Unknown
118: ufs_model_gfs.x    0000000000D51BA6  Unknown               Unknown  Unknown
118: ufs_model_gfs.x    0000000000D5067C  Unknown               Unknown  Unknown
118: ufs_model_gfs.x    0000000000B937FE  Unknown               Unknown  Unknown
118: ufs_model_gfs.x    0000000000444BEF  Unknown               Unknown  Unknown
118: ufs_model_gfs.x    0000000000FE7855  Unknown               Unknown  Unknown
118: ufs_model_gfs.x    0000000000FEC0FF  Unknown               Unknown  Unknown
118: ufs_model_gfs.x    0000000000C9628A  Unknown               Unknown  Unknown
118: ufs_model_gfs.x    0000000000CB7D0F  Unknown               Unknown  Unknown
118: ufs_model_gfs.x    0000000000FE92FA  Unknown               Unknown  Unknown
118: ufs_model_gfs.x    0000000000A18F00  Unknown               Unknown  Unknown
118: ufs_model_gfs.x    0000000000736BE1  Unknown               Unknown  Unknown
118: ufs_model_gfs.x    0000000000436749  MAIN__                    409  UFS.F90
118: ufs_model_gfs.x    000000000043549D  Unknown               Unknown  Unknown
118: libc.so.6          000014A147DEAEEC  Unknown               Unknown  Unknown
118: libc.so.6          000014A147DEAFB5  __libc_start_main     Unknown  Unknown
118: ufs_model_gfs.x    00000000004353A1  Unknown               Unknown  Unknown
127:  NOTE: gocart aerosol initialization is reading input data with all MPI ranks
127: forrtl: error (78): process killed (SIGTERM)
127: Image              PC                Routine            Line        Source             
127: libc.so.6          00001490EC601980  Unknown               Unknown  Unknown
127: ufs_model_gfs.x    0000000003FB1FAF  module_mp_thompso        3280  module_mp_thompson.F90
127: ufs_model_gfs.x    0000000003F908D7  module_mp_thompso        1466  module_mp_thompson.F90
127: ufs_model_gfs.x    0000000003FE262E  mp_thompson_mp_mp         897  mp_thompson.F90
127: ufs_model_gfs.x    0000000003B5C49D  _coupled_p8_ugwpv        1349  ccpp_fv3_gfs_v17_coupled_p8_ugwpv1_phys_ts_cap.F90
127: ufs_model_gfs.x    00000000039AC850  ccpp_static_api_m         644  ccpp_static_api.F90
127: ufs_model_gfs.x    00000000039A8530  ccpp_driver_mp_cc         234  CCPP_driver.F90
127: libiomp5.so        00001490EFB63493  __kmp_invoke_micr     Unknown  Unknown
127: libiomp5.so        00001490EFAD1CA4  __kmp_fork_call       Unknown  Unknown
127: libiomp5.so        00001490EFA89D23  __kmpc_fork_call      Unknown  Unknown
127: ufs_model_gfs.x    00000000039A7479  ccpp_driver_mp_cc         204  CCPP_driver.F90
127: ufs_model_gfs.x    00000000031A5FC8  atmos_model_mod_m         387  atmos_model.F90
127: ufs_model_gfs.x    000000000304CD3F  module_fcst_grid_        1481  module_fcst_grid_comp.F90
127: ufs_model_gfs.x    0000000000FE7855  Unknown               Unknown  Unknown
127: ufs_model_gfs.x    0000000000FEC0FF  Unknown               Unknown  Unknown
127: ufs_model_gfs.x    0000000000C9649A  Unknown               Unknown  Unknown
127: ufs_model_gfs.x    0000000000CB7D0F  Unknown               Unknown  Unknown
127: ufs_model_gfs.x    0000000000FE92FA  Unknown               Unknown  Unknown
127: ufs_model_gfs.x    0000000000A18F00  Unknown               Unknown  Unknown
127: ufs_model_gfs.x    0000000000736BE1  Unknown               Unknown  Unknown
127: ufs_model_gfs.x    0000000003038F9F  ufsatm_cap_mod_mp        1497  ufsatm_cap.F90
127: ufs_model_gfs.x    0000000003038A09  ufsatm_cap_mod_mp        1437  ufsatm_cap.F90
127: ufs_model_gfs.x    0000000000D51C38  Unknown               Unknown  Unknown
127: ufs_model_gfs.x    0000000000D51BA6  Unknown               Unknown  Unknown
127: ufs_model_gfs.x    0000000000D5067C  Unknown               Unknown  Unknown
127: ufs_model_gfs.x    0000000000B937FE  Unknown               Unknown  Unknown
127: ufs_model_gfs.x    0000000006AC85DA  Unknown               Unknown  Unknown
127: ufs_model_gfs.x    0000000000FE7855  Unknown               Unknown  Unknown
127: ufs_model_gfs.x    0000000000FEC0FF  Unknown               Unknown  Unknown
127: ufs_model_gfs.x    0000000000C9628A  Unknown               Unknown  Unknown
127: ufs_model_gfs.x    0000000000CB7D0F  Unknown               Unknown  Unknown
127: ufs_model_gfs.x    0000000000FE92FA  Unknown               Unknown  Unknown
127: ufs_model_gfs.x    0000000000A18F00  Unknown               Unknown  Unknown
127: ufs_model_gfs.x    0000000000736BE1  Unknown               Unknown  Unknown
127: ufs_model_gfs.x    0000000000448377  Unknown               Unknown  Unknown
127: ufs_model_gfs.x    0000000000447BCA  Unknown               Unknown  Unknown
127: ufs_model_gfs.x    0000000000D51C38  Unknown               Unknown  Unknown
127: ufs_model_gfs.x    0000000000D51BA6  Unknown               Unknown  Unknown
127: ufs_model_gfs.x    0000000000D5067C  Unknown               Unknown  Unknown
127: ufs_model_gfs.x    0000000000B937FE  Unknown               Unknown  Unknown
127: ufs_model_gfs.x    0000000000444BEF  Unknown               Unknown  Unknown
127: ufs_model_gfs.x    0000000000FE7855  Unknown               Unknown  Unknown
127: ufs_model_gfs.x    0000000000FEC0FF  Unknown               Unknown  Unknown
127: ufs_model_gfs.x    0000000000C9628A  Unknown               Unknown  Unknown
127: ufs_model_gfs.x    0000000000CB7D0F  Unknown               Unknown  Unknown
127: ufs_model_gfs.x    0000000000FE92FA  Unknown               Unknown  Unknown
127: ufs_model_gfs.x    0000000000A18F00  Unknown               Unknown  Unknown
127: ufs_model_gfs.x    0000000000736BE1  Unknown               Unknown  Unknown
127: ufs_model_gfs.x    0000000000436749  MAIN__                    409  UFS.F90
127: ufs_model_gfs.x    000000000043549D  Unknown               Unknown  Unknown
171: forrtl: error (78): process killed (SIGTERM)
171: Image              PC                Routine            Line        Source             
171: libc.so.6          000014F23A001980  Unknown               Unknown  Unknown
171: libc.so.6          000014F23A0BE1E7  __sched_yield         Unknown  Unknown
171: libmpi_intel.so.1  000014F23A9D166D  MPI_Probe             Unknown  Unknown
171: ufs_model_gfs.x    0000000000CAC940  Unknown               Unknown  Unknown
171: ufs_model_gfs.x    000000000101F1BA  Unknown               Unknown  Unknown
171: ufs_model_gfs.x    000000000101D613  Unknown               Unknown  Unknown
171: ufs_model_gfs.x    0000000001277EB2  Unknown               Unknown  Unknown
171: ufs_model_gfs.x    0000000001269A7F  Unknown               Unknown  Unknown
171: ufs_model_gfs.x    0000000000C260A6  Unknown               Unknown  Unknown
171: ufs_model_gfs.x    00000000009D667F  Unknown               Unknown  Unknown
171: ufs_model_gfs.x    000000000303A444  ufsatm_cap_mod_mp        1603  ufsatm_cap.F90
171: ufs_model_gfs.x    0000000003038A72  ufsatm_cap_mod_mp        1440  ufsatm_cap.F90
171: ufs_model_gfs.x    0000000000D51C38  Unknown               Unknown  Unknown
171: ufs_model_gfs.x    0000000000D51BA6  Unknown               Unknown  Unknown
171: ufs_model_gfs.x    0000000000D5067C  Unknown               Unknown  Unknown
171: ufs_model_gfs.x    0000000000B937FE  Unknown               Unknown  Unknown
171: ufs_model_gfs.x    0000000006AC85DA  Unknown               Unknown  Unknown
171: ufs_model_gfs.x    0000000000FE7855  Unknown               Unknown  Unknown
171: ufs_model_gfs.x    0000000000FEC0FF  Unknown               Unknown  Unknown
171: ufs_model_gfs.x    0000000000C9628A  Unknown               Unknown  Unknown
171: ufs_model_gfs.x    0000000000CB7D0F  Unknown               Unknown  Unknown
171: ufs_model_gfs.x    0000000000FE92FA  Unknown               Unknown  Unknown
171: ufs_model_gfs.x    0000000000A18F00  Unknown               Unknown  Unknown
171: ufs_model_gfs.x    0000000000736BE1  Unknown               Unknown  Unknown
171: ufs_model_gfs.x    0000000000448377  Unknown               Unknown  Unknown
171: ufs_model_gfs.x    0000000000447BCA  Unknown               Unknown  Unknown
171: ufs_model_gfs.x    0000000000D51C38  Unknown               Unknown  Unknown
171: ufs_model_gfs.x    0000000000D51BA6  Unknown               Unknown  Unknown
171: ufs_model_gfs.x    0000000000D5067C  Unknown               Unknown  Unknown
171: ufs_model_gfs.x    0000000000B937FE  Unknown               Unknown  Unknown
171: ufs_model_gfs.x    0000000000444BEF  Unknown               Unknown  Unknown
171: ufs_model_gfs.x    0000000000FE7855  Unknown               Unknown  Unknown
171: ufs_model_gfs.x    0000000000FEC0FF  Unknown               Unknown  Unknown
171: ufs_model_gfs.x    0000000000C9628A  Unknown               Unknown  Unknown
171: ufs_model_gfs.x    0000000000CB7D0F  Unknown               Unknown  Unknown
171: ufs_model_gfs.x    0000000000FE92FA  Unknown               Unknown  Unknown
171: ufs_model_gfs.x    0000000000A18F00  Unknown               Unknown  Unknown
171: ufs_model_gfs.x    0000000000736BE1  Unknown               Unknown  Unknown
171: ufs_model_gfs.x    0000000000436749  MAIN__                    409  UFS.F90
171: ufs_model_gfs.x    000000000043549D  Unknown               Unknown  Unknown
171: libc.so.6          000014F239FEAEEC  Unknown               Unknown  Unknown
171: libc.so.6          000014F239FEAFB5  __libc_start_main     Unknown  Unknown
171: ufs_model_gfs.x    00000000004353A1  Unknown               Unknown  Unknown
127: libc.so.6          00001490EC5EAEEC  Unknown               Unknown  Unknown
127: libc.so.6          00001490EC5EAFB5  __libc_start_main     Unknown  Unknown
127: ufs_model_gfs.x    00000000004353A1  Unknown               Unknown  Unknown
119: forrtl: error (78): process killed (SIGTERM)
119: Image              PC                Routine            Line        Source             
119: libc.so.6          0000155208601980  Unknown               Unknown  Unknown
119: ufs_model_gfs.x    0000000003FBB85E  module_mp_thompso        3421  module_mp_thompson.F90
119: ufs_model_gfs.x    0000000003F908D7  module_mp_thompso        1466  module_mp_thompson.F90
119: ufs_model_gfs.x    0000000003FE262E  mp_thompson_mp_mp         897  mp_thompson.F90
119: ufs_model_gfs.x    0000000003B5C49D  _coupled_p8_ugwpv        1349  ccpp_fv3_gfs_v17_coupled_p8_ugwpv1_phys_ts_cap.F90
119: ufs_model_gfs.x    00000000039AC850  ccpp_static_api_m         644  ccpp_static_api.F90
119: ufs_model_gfs.x    00000000039A8530  ccpp_driver_mp_cc         234  CCPP_driver.F90
119: libiomp5.so        000015520BB63493  __kmp_invoke_micr     Unknown  Unknown
119: libiomp5.so        000015520BAD1CA4  __kmp_fork_call       Unknown  Unknown
119: libiomp5.so        000015520BA89D23  __kmpc_fork_call      Unknown  Unknown
119: ufs_model_gfs.x    00000000039A7479  ccpp_driver_mp_cc         204  CCPP_driver.F90
119: ufs_model_gfs.x    00000000031A5FC8  atmos_model_mod_m         387  atmos_model.F90
119: ufs_model_gfs.x    000000000304CD3F  module_fcst_grid_        1481  module_fcst_grid_comp.F90
119: ufs_model_gfs.x    0000000000FE7855  Unknown               Unknown  Unknown
119: ufs_model_gfs.x    0000000000FEC0FF  Unknown               Unknown  Unknown
119: ufs_model_gfs.x    0000000000C9649A  Unknown               Unknown  Unknown
119: ufs_model_gfs.x    0000000000CB7D0F  Unknown               Unknown  Unknown
119: ufs_model_gfs.x    0000000000FE92FA  Unknown               Unknown  Unknown
119: ufs_model_gfs.x    0000000000A18F00  Unknown               Unknown  Unknown
119: ufs_model_gfs.x    0000000000736BE1  Unknown               Unknown  Unknown
119: ufs_model_gfs.x    0000000003038F9F  ufsatm_cap_mod_mp        1497  ufsatm_cap.F90
119: ufs_model_gfs.x    0000000003038A09  ufsatm_cap_mod_mp        1437  ufsatm_cap.F90
119: ufs_model_gfs.x    0000000000D51C38  Unknown               Unknown  Unknown
119: ufs_model_gfs.x    0000000000D51BA6  Unknown               Unknown  Unknown
119: ufs_model_gfs.x    0000000000D5067C  Unknown               Unknown  Unknown
119: ufs_model_gfs.x    0000000000B937FE  Unknown               Unknown  Unknown
119: ufs_model_gfs.x    0000000006AC85DA  Unknown               Unknown  Unknown
119: ufs_model_gfs.x    0000000000FE7855  Unknown               Unknown  Unknown
119: ufs_model_gfs.x    0000000000FEC0FF  Unknown               Unknown  Unknown
119: ufs_model_gfs.x    0000000000C9628A  Unknown               Unknown  Unknown
119: ufs_model_gfs.x    0000000000CB7D0F  Unknown               Unknown  Unknown
119: ufs_model_gfs.x    0000000000FE92FA  Unknown               Unknown  Unknown
119: ufs_model_gfs.x    0000000000A18F00  Unknown               Unknown  Unknown
119: ufs_model_gfs.x    0000000000736BE1  Unknown               Unknown  Unknown
119: ufs_model_gfs.x    0000000000448377  Unknown               Unknown  Unknown
119: ufs_model_gfs.x    0000000000447BCA  Unknown               Unknown  Unknown
119: ufs_model_gfs.x    0000000000D51C38  Unknown               Unknown  Unknown
119: ufs_model_gfs.x    0000000000D51BA6  Unknown               Unknown  Unknown
119: ufs_model_gfs.x    0000000000D5067C  Unknown               Unknown  Unknown
119: ufs_model_gfs.x    0000000000B937FE  Unknown               Unknown  Unknown
119: ufs_model_gfs.x    0000000000444BEF  Unknown               Unknown  Unknown
119: ufs_model_gfs.x    0000000000FE7855  Unknown               Unknown  Unknown
119: ufs_model_gfs.x    0000000000FEC0FF  Unknown               Unknown  Unknown
119: ufs_model_gfs.x    0000000000C9628A  Unknown               Unknown  Unknown
119: ufs_model_gfs.x    0000000000CB7D0F  Unknown               Unknown  Unknown
119: ufs_model_gfs.x    0000000000FE92FA  Unknown               Unknown  Unknown
119: ufs_model_gfs.x    0000000000A18F00  Unknown               Unknown  Unknown
119: ufs_model_gfs.x    0000000000736BE1  Unknown               Unknown  Unknown
119: ufs_model_gfs.x    0000000000436749  MAIN__                    409  UFS.F90
119: ufs_model_gfs.x    000000000043549D  Unknown               Unknown  Unknown
119:  NOTE: gocart aerosol initialization is reading input data with all MPI ranks
119: libc.so.6          00001552085EAEEC  Unknown               Unknown  Unknown
119: libc.so.6          00001552085EAFB5  __libc_start_main     Unknown  Unknown
119: ufs_model_gfs.x    00000000004353A1  Unknown               Unknown  Unknown
170: forrtl: error (78): process killed (SIGTERM)
170: Image              PC                Routine            Line        Source             
170: libc.so.6          000014C61F201980  Unknown               Unknown  Unknown
170: libc.so.6          000014C61F2BE1E7  __sched_yield         Unknown  Unknown
170: libmpi_intel.so.1  000014C61FBD166D  MPI_Probe             Unknown  Unknown
170: ufs_model_gfs.x    0000000000CAC940  Unknown               Unknown  Unknown
170: ufs_model_gfs.x    000000000101F1BA  Unknown               Unknown  Unknown
170: ufs_model_gfs.x    000000000101D613  Unknown               Unknown  Unknown
170: ufs_model_gfs.x    0000000001277EB2  Unknown               Unknown  Unknown
170: ufs_model_gfs.x    0000000001269A7F  Unknown               Unknown  Unknown
170: ufs_model_gfs.x    0000000000C260A6  Unknown               Unknown  Unknown
170: ufs_model_gfs.x    00000000009D667F  Unknown               Unknown  Unknown
170: ufs_model_gfs.x    000000000303A444  ufsatm_cap_mod_mp        1603  ufsatm_cap.F90
170: ufs_model_gfs.x    0000000003038A72  ufsatm_cap_mod_mp        1440  ufsatm_cap.F90
170: ufs_model_gfs.x    0000000000D51C38  Unknown               Unknown  Unknown
170: ufs_model_gfs.x    0000000000D51BA6  Unknown               Unknown  Unknown
170: ufs_model_gfs.x    0000000000D5067C  Unknown               Unknown  Unknown
170: ufs_model_gfs.x    0000000000B937FE  Unknown               Unknown  Unknown
170: ufs_model_gfs.x    0000000006AC85DA  Unknown               Unknown  Unknown
170: ufs_model_gfs.x    0000000000FE7855  Unknown               Unknown  Unknown
170: ufs_model_gfs.x    0000000000FEC0FF  Unknown               Unknown  Unknown
170: ufs_model_gfs.x    0000000000C9628A  Unknown               Unknown  Unknown
170: ufs_model_gfs.x    0000000000CB7D0F  Unknown               Unknown  Unknown
170: ufs_model_gfs.x    0000000000FE92FA  Unknown               Unknown  Unknown
170: ufs_model_gfs.x    0000000000A18F00  Unknown               Unknown  Unknown
170: ufs_model_gfs.x    0000000000736BE1  Unknown               Unknown  Unknown
170: ufs_model_gfs.x    0000000000448377  Unknown               Unknown  Unknown
170: ufs_model_gfs.x    0000000000447BCA  Unknown               Unknown  Unknown
170: ufs_model_gfs.x    0000000000D51C38  Unknown               Unknown  Unknown
170: ufs_model_gfs.x    0000000000D51BA6  Unknown               Unknown  Unknown
170: ufs_model_gfs.x    0000000000D5067C  Unknown               Unknown  Unknown
170: ufs_model_gfs.x    0000000000B937FE  Unknown               Unknown  Unknown
170: ufs_model_gfs.x    0000000000444BEF  Unknown               Unknown  Unknown
170: ufs_model_gfs.x    0000000000FE7855  Unknown               Unknown  Unknown
170: ufs_model_gfs.x    0000000000FEC0FF  Unknown               Unknown  Unknown
170: ufs_model_gfs.x    0000000000C9628A  Unknown               Unknown  Unknown
170: ufs_model_gfs.x    0000000000CB7D0F  Unknown               Unknown  Unknown
170: ufs_model_gfs.x    0000000000FE92FA  Unknown               Unknown  Unknown
170: ufs_model_gfs.x    0000000000A18F00  Unknown               Unknown  Unknown
170: ufs_model_gfs.x    0000000000736BE1  Unknown               Unknown  Unknown
170: ufs_model_gfs.x    0000000000436749  MAIN__                    409  UFS.F90
170: ufs_model_gfs.x    000000000043549D  Unknown               Unknown  Unknown
170: libc.so.6          000014C61F1EAEEC  Unknown               Unknown  Unknown
170: libc.so.6          000014C61F1EAFB5  __libc_start_main     Unknown  Unknown
170: ufs_model_gfs.x    00000000004353A1  Unknown               Unknown  Unknown
121: forrtl: error (78): process killed (SIGTERM)
121: Image              PC                Routine            Line        Source             
121: libc.so.6          000014BC52E01980  Unknown               Unknown  Unknown
121: ufs_model_gfs.x    00000000039DD034  ccpp_typedefs_mp_        1576  CCPP_typedefs.F90
121: ufs_model_gfs.x    00000000039C0AE4  ccpp_typedefs_mp_         845  CCPP_typedefs.F90
121: ufs_model_gfs.x    00000000039A80D3  ccpp_driver_mp_cc         219  CCPP_driver.F90
121: libiomp5.so        000014BC56363493  __kmp_invoke_micr     Unknown  Unknown
121: libiomp5.so        000014BC562D1CA4  __kmp_fork_call       Unknown  Unknown
121: libiomp5.so        000014BC56289D23  __kmpc_fork_call      Unknown  Unknown
121: ufs_model_gfs.x    00000000039A7479  ccpp_driver_mp_cc         204  CCPP_driver.F90
121: ufs_model_gfs.x    00000000031A609B  atmos_model_mod_m         404  atmos_model.F90
121: ufs_model_gfs.x    000000000304CD3F  module_fcst_grid_        1481  module_fcst_grid_comp.F90
121: ufs_model_gfs.x    0000000000FE7855  Unknown               Unknown  Unknown
121: ufs_model_gfs.x    0000000000FEC0FF  Unknown               Unknown  Unknown
121: ufs_model_gfs.x    0000000000C9649A  Unknown               Unknown  Unknown
121: ufs_model_gfs.x    0000000000CB7D0F  Unknown               Unknown  Unknown
121: ufs_model_gfs.x    0000000000FE92FA  Unknown               Unknown  Unknown
121: ufs_model_gfs.x    0000000000A18F00  Unknown               Unknown  Unknown
121: ufs_model_gfs.x    0000000000736BE1  Unknown               Unknown  Unknown
121: ufs_model_gfs.x    0000000003038F9F  ufsatm_cap_mod_mp        1497  ufsatm_cap.F90
121: ufs_model_gfs.x    0000000003038A09  ufsatm_cap_mod_mp        1437  ufsatm_cap.F90
121: ufs_model_gfs.x    0000000000D51C38  Unknown               Unknown  Unknown
121: ufs_model_gfs.x    0000000000D51BA6  Unknown               Unknown  Unknown
121: ufs_model_gfs.x    0000000000D5067C  Unknown               Unknown  Unknown
121: ufs_model_gfs.x    0000000000B937FE  Unknown               Unknown  Unknown
121: ufs_model_gfs.x    0000000006AC85DA  Unknown               Unknown  Unknown
121: ufs_model_gfs.x    0000000000FE7855  Unknown               Unknown  Unknown
121: ufs_model_gfs.x    0000000000FEC0FF  Unknown               Unknown  Unknown
121: ufs_model_gfs.x    0000000000C9628A  Unknown               Unknown  Unknown
121: ufs_model_gfs.x    0000000000CB7D0F  Unknown               Unknown  Unknown
121: ufs_model_gfs.x    0000000000FE92FA  Unknown               Unknown  Unknown
121: ufs_model_gfs.x    0000000000A18F00  Unknown               Unknown  Unknown
121: ufs_model_gfs.x    0000000000736BE1  Unknown               Unknown  Unknown
121: ufs_model_gfs.x    0000000000448377  Unknown               Unknown  Unknown
121: ufs_model_gfs.x    0000000000447BCA  Unknown               Unknown  Unknown
121: ufs_model_gfs.x    0000000000D51C38  Unknown               Unknown  Unknown
121: ufs_model_gfs.x    0000000000D51BA6  Unknown               Unknown  Unknown
121: ufs_model_gfs.x    0000000000D5067C  Unknown               Unknown  Unknown
121: ufs_model_gfs.x    0000000000B937FE  Unknown               Unknown  Unknown
121: ufs_model_gfs.x    0000000000444BEF  Unknown               Unknown  Unknown
121: ufs_model_gfs.x    0000000000FE7855  Unknown               Unknown  Unknown
121: ufs_model_gfs.x    0000000000FEC0FF  Unknown               Unknown  Unknown
121: ufs_model_gfs.x    0000000000C9628A  Unknown               Unknown  Unknown
121: ufs_model_gfs.x    0000000000CB7D0F  Unknown               Unknown  Unknown
121: ufs_model_gfs.x    0000000000FE92FA  Unknown               Unknown  Unknown
121: ufs_model_gfs.x    0000000000A18F00  Unknown               Unknown  Unknown
121: ufs_model_gfs.x    0000000000736BE1  Unknown               Unknown  Unknown
121: ufs_model_gfs.x    0000000000436749  MAIN__                    409  UFS.F90
121: ufs_model_gfs.x    000000000043549D  Unknown               Unknown  Unknown
121: libc.so.6          000014BC52DEAEEC  Unknown               Unknown  Unknown
121: libc.so.6          000014BC52DEAFB5  __libc_start_main     Unknown  Unknown
121: ufs_model_gfs.x    00000000004353A1  Unknown               Unknown  Unknown
121:  NOTE: gocart aerosol initialization is reading input data with all MPI ranks
 73: forrtl: error (78): process killed (SIGTERM)
 73: Image              PC                Routine            Line        Source             
 73: libc.so.6          000014B3A4601980  Unknown               Unknown  Unknown
 73: libnetcdff.so.7.2  000014B3A84F3FB0  __libm_pow_l9         Unknown  Unknown
 73: ufs_model_gfs.x    0000000003FABB19  module_mp_thompso        2382  module_mp_thompson.F90
 73: ufs_model_gfs.x    0000000003F908D7  module_mp_thompso        1466  module_mp_thompson.F90
 73: ufs_model_gfs.x    0000000003FE262E  mp_thompson_mp_mp         897  mp_thompson.F90
 73: ufs_model_gfs.x    0000000003B5C49D  _coupled_p8_ugwpv        1349  ccpp_fv3_gfs_v17_coupled_p8_ugwpv1_phys_ts_cap.F90
 73: ufs_model_gfs.x    00000000039AC850  ccpp_static_api_m         644  ccpp_static_api.F90
 73: ufs_model_gfs.x    00000000039A8530  ccpp_driver_mp_cc         234  CCPP_driver.F90
 73: libiomp5.so        000014B3A7B63493  __kmp_invoke_micr     Unknown  Unknown
 73: libiomp5.so        000014B3A7AD1CA4  __kmp_fork_call       Unknown  Unknown
 73: libiomp5.so        000014B3A7A89D23  __kmpc_fork_call      Unknown  Unknown
 73: ufs_model_gfs.x    00000000039A7479  ccpp_driver_mp_cc         204  CCPP_driver.F90
 73: ufs_model_gfs.x    00000000031A5FC8  atmos_model_mod_m         387  atmos_model.F90
 73: ufs_model_gfs.x    000000000304CD3F  module_fcst_grid_        1481  module_fcst_grid_comp.F90
 73: ufs_model_gfs.x    0000000000FE7855  Unknown               Unknown  Unknown
 73: ufs_model_gfs.x    0000000000FEC0FF  Unknown               Unknown  Unknown
 73: ufs_model_gfs.x    0000000000C9649A  Unknown               Unknown  Unknown
 73: ufs_model_gfs.x    0000000000CB7D0F  Unknown               Unknown  Unknown
 73: ufs_model_gfs.x    0000000000FE92FA  Unknown               Unknown  Unknown
 73: ufs_model_gfs.x    0000000000A18F00  Unknown               Unknown  Unknown
 73: ufs_model_gfs.x    0000000000736BE1  Unknown               Unknown  Unknown
 73: ufs_model_gfs.x    0000000003038F9F  ufsatm_cap_mod_mp        1497  ufsatm_cap.F90
 73: ufs_model_gfs.x    0000000003038A09  ufsatm_cap_mod_mp        1437  ufsatm_cap.F90
 73: ufs_model_gfs.x    0000000000D51C38  Unknown               Unknown  Unknown
 73: ufs_model_gfs.x    0000000000D51BA6  Unknown               Unknown  Unknown
 73: ufs_model_gfs.x    0000000000D5067C  Unknown               Unknown  Unknown
 73: ufs_model_gfs.x    0000000000B937FE  Unknown               Unknown  Unknown
 73: ufs_model_gfs.x    0000000006AC85DA  Unknown               Unknown  Unknown
 73: ufs_model_gfs.x    0000000000FE7855  Unknown               Unknown  Unknown
 73: ufs_model_gfs.x    0000000000FEC0FF  Unknown               Unknown  Unknown
 73: ufs_model_gfs.x    0000000000C9628A  Unknown               Unknown  Unknown
 73: ufs_model_gfs.x    0000000000CB7D0F  Unknown               Unknown  Unknown
 73: ufs_model_gfs.x    0000000000FE92FA  Unknown               Unknown  Unknown
 73: ufs_model_gfs.x    0000000000A18F00  Unknown               Unknown  Unknown
 73: ufs_model_gfs.x    0000000000736BE1  Unknown               Unknown  Unknown
 73: ufs_model_gfs.x    0000000000448377  Unknown               Unknown  Unknown
 73: ufs_model_gfs.x    0000000000447BCA  Unknown               Unknown  Unknown
 73: ufs_model_gfs.x    0000000000D51C38  Unknown               Unknown  Unknown
 73: ufs_model_gfs.x    0000000000D51BA6  Unknown               Unknown  Unknown
 73: ufs_model_gfs.x    0000000000D5067C  Unknown               Unknown  Unknown
 73: ufs_model_gfs.x    0000000000B937FE  Unknown               Unknown  Unknown
 73: ufs_model_gfs.x    0000000000444BEF  Unknown               Unknown  Unknown
 73: ufs_model_gfs.x    0000000000FE7855  Unknown               Unknown  Unknown
 73: ufs_model_gfs.x    0000000000FEC0FF  Unknown               Unknown  Unknown
 73: ufs_model_gfs.x    0000000000C9628A  Unknown               Unknown  Unknown
 73: ufs_model_gfs.x    0000000000CB7D0F  Unknown               Unknown  Unknown
 73: ufs_model_gfs.x    0000000000FE92FA  Unknown               Unknown  Unknown
 73: ufs_model_gfs.x    0000000000A18F00  Unknown               Unknown  Unknown
 73: ufs_model_gfs.x    0000000000736BE1  Unknown               Unknown  Unknown
 73: ufs_model_gfs.x    0000000000436749  MAIN__                    409  UFS.F90
 73:  NOTE: gocart aerosol initialization is reading input data with all MPI ranks
 73: ufs_model_gfs.x    000000000043549D  Unknown               Unknown  Unknown
 73: libc.so.6          000014B3A45EAEEC  Unknown               Unknown  Unknown
 73: libc.so.6          000014B3A45EAFB5  __libc_start_main     Unknown  Unknown
 73: ufs_model_gfs.x    00000000004353A1  Unknown               Unknown  Unknown
 12: forrtl: error (78): process killed (SIGTERM)
 12: Image              PC                Routine            Line        Source             
 12: libc.so.6          000014B855201980  Unknown               Unknown  Unknown
 12: libnetcdff.so.7.2  000014B858FF2D0F  __libm_log10_l9       Unknown  Unknown
 12: ufs_model_gfs.x    0000000003FBE5BC  module_mp_thompso        6485  module_mp_thompson.F90
 12: ufs_model_gfs.x    0000000003F96723  module_mp_thompso        1706  module_mp_thompson.F90
 12: ufs_model_gfs.x    0000000003FE262E  mp_thompson_mp_mp         897  mp_thompson.F90
 12: ufs_model_gfs.x    0000000003B5C49D  _coupled_p8_ugwpv        1349  ccpp_fv3_gfs_v17_coupled_p8_ugwpv1_phys_ts_cap.F90
 12: ufs_model_gfs.x    00000000039AC850  ccpp_static_api_m         644  ccpp_static_api.F90
 12: ufs_model_gfs.x    00000000039A8530  ccpp_driver_mp_cc         234  CCPP_driver.F90
 12: libiomp5.so        000014B858763493  __kmp_invoke_micr     Unknown  Unknown
 12: libiomp5.so        000014B8586D1CA4  __kmp_fork_call       Unknown  Unknown
 12: libiomp5.so        000014B858689D23  __kmpc_fork_call      Unknown  Unknown
 12: ufs_model_gfs.x    00000000039A7479  ccpp_driver_mp_cc         204  CCPP_driver.F90
 12: ufs_model_gfs.x    00000000031A5FC8  atmos_model_mod_m         387  atmos_model.F90
 12: ufs_model_gfs.x    000000000304CD3F  module_fcst_grid_        1481  module_fcst_grid_comp.F90
 12: ufs_model_gfs.x    0000000000FE7855  Unknown               Unknown  Unknown
 12: ufs_model_gfs.x    0000000000FEC0FF  Unknown               Unknown  Unknown
 12: ufs_model_gfs.x    0000000000C9649A  Unknown               Unknown  Unknown
 12: ufs_model_gfs.x    0000000000CB7D0F  Unknown               Unknown  Unknown
 12: ufs_model_gfs.x    0000000000FE92FA  Unknown               Unknown  Unknown
 12: ufs_model_gfs.x    0000000000A18F00  Unknown               Unknown  Unknown
 12: ufs_model_gfs.x    0000000000736BE1  Unknown               Unknown  Unknown
 12: ufs_model_gfs.x    0000000003038F9F  ufsatm_cap_mod_mp        1497  ufsatm_cap.F90
 12: ufs_model_gfs.x    0000000003038A09  ufsatm_cap_mod_mp        1437  ufsatm_cap.F90
 12: ufs_model_gfs.x    0000000000D51C38  Unknown               Unknown  Unknown
 12: ufs_model_gfs.x    0000000000D51BA6  Unknown               Unknown  Unknown
 12: ufs_model_gfs.x    0000000000D5067C  Unknown               Unknown  Unknown
 12: ufs_model_gfs.x    0000000000B937FE  Unknown               Unknown  Unknown
 12: ufs_model_gfs.x    0000000006AC85DA  Unknown               Unknown  Unknown
 12: ufs_model_gfs.x    0000000000FE7855  Unknown               Unknown  Unknown
 12: ufs_model_gfs.x    0000000000FEC0FF  Unknown               Unknown  Unknown
 12: ufs_model_gfs.x    0000000000C9628A  Unknown               Unknown  Unknown
 12: ufs_model_gfs.x    0000000000CB7D0F  Unknown               Unknown  Unknown
 12: ufs_model_gfs.x    0000000000FE92FA  Unknown               Unknown  Unknown
 12: ufs_model_gfs.x    0000000000A18F00  Unknown               Unknown  Unknown
 12: ufs_model_gfs.x    0000000000736BE1  Unknown               Unknown  Unknown
 12: ufs_model_gfs.x    0000000000448377  Unknown               Unknown  Unknown
 12: ufs_model_gfs.x    0000000000447BCA  Unknown               Unknown  Unknown
 12: ufs_model_gfs.x    0000000000D51C38  Unknown               Unknown  Unknown
 12: ufs_model_gfs.x    0000000000D51BA6  Unknown               Unknown  Unknown
 12: ufs_model_gfs.x    0000000000D5067C  Unknown               Unknown  Unknown
 12: ufs_model_gfs.x    0000000000B937FE  Unknown               Unknown  Unknown
 12: ufs_model_gfs.x    0000000000444BEF  Unknown               Unknown  Unknown
 12: ufs_model_gfs.x    0000000000FE7855  Unknown               Unknown  Unknown
 12: ufs_model_gfs.x    0000000000FEC0FF  Unknown               Unknown  Unknown
 12: ufs_model_gfs.x    0000000000C9628A  Unknown               Unknown  Unknown
 12: ufs_model_gfs.x    0000000000CB7D0F  Unknown               Unknown  Unknown
 12: ufs_model_gfs.x    0000000000FE92FA  Unknown               Unknown  Unknown
 12: ufs_model_gfs.x    0000000000A18F00  Unknown               Unknown  Unknown
 12: ufs_model_gfs.x    0000000000736BE1  Unknown               Unknown  Unknown
 12: ufs_model_gfs.x    0000000000436749  MAIN__                    409  UFS.F90
 12:  NOTE: gocart aerosol initialization is reading input data with all MPI ranks
 12: ufs_model_gfs.x    000000000043549D  Unknown               Unknown  Unknown
 12: libc.so.6          000014B8551EAEEC  Unknown               Unknown  Unknown
 12: libc.so.6          000014B8551EAFB5  __libc_start_main     Unknown  Unknown
 12: ufs_model_gfs.x    00000000004353A1  Unknown               Unknown  Unknown
103:  NOTE: gocart aerosol initialization is reading input data with all MPI ranks
103: forrtl: error (78): process killed (SIGTERM)
103: Image              PC                Routine            Line        Source             
103: libc.so.6          000014575B001980  Unknown               Unknown  Unknown
103: ufs_model_gfs.x    0000000003DF0A8E  samfshalcnv_mp_sa         435  samfshalcnv.f
103: ufs_model_gfs.x    0000000003B5581E  _coupled_p8_ugwpv        1024  ccpp_fv3_gfs_v17_coupled_p8_ugwpv1_phys_ts_cap.F90
103: ufs_model_gfs.x    00000000039AC850  ccpp_static_api_m         644  ccpp_static_api.F90
103: ufs_model_gfs.x    00000000039A8530  ccpp_driver_mp_cc         234  CCPP_driver.F90
103: libiomp5.so        000014575E563493  __kmp_invoke_micr     Unknown  Unknown
103: libiomp5.so        000014575E4D1CA4  __kmp_fork_call       Unknown  Unknown
103: libiomp5.so        000014575E489D23  __kmpc_fork_call      Unknown  Unknown
103: ufs_model_gfs.x    00000000039A7479  ccpp_driver_mp_cc         204  CCPP_driver.F90
103: ufs_model_gfs.x    00000000031A5FC8  atmos_model_mod_m         387  atmos_model.F90
103: ufs_model_gfs.x    000000000304CD3F  module_fcst_grid_        1481  module_fcst_grid_comp.F90
103: ufs_model_gfs.x    0000000000FE7855  Unknown               Unknown  Unknown
103: ufs_model_gfs.x    0000000000FEC0FF  Unknown               Unknown  Unknown
103: ufs_model_gfs.x    0000000000C9649A  Unknown               Unknown  Unknown
103: ufs_model_gfs.x    0000000000CB7D0F  Unknown               Unknown  Unknown
103: ufs_model_gfs.x    0000000000FE92FA  Unknown               Unknown  Unknown
103: ufs_model_gfs.x    0000000000A18F00  Unknown               Unknown  Unknown
103: ufs_model_gfs.x    0000000000736BE1  Unknown               Unknown  Unknown
103: ufs_model_gfs.x    0000000003038F9F  ufsatm_cap_mod_mp        1497  ufsatm_cap.F90
103: ufs_model_gfs.x    0000000003038A09  ufsatm_cap_mod_mp        1437  ufsatm_cap.F90
103: ufs_model_gfs.x    0000000000D51C38  Unknown               Unknown  Unknown
103: ufs_model_gfs.x    0000000000D51BA6  Unknown               Unknown  Unknown
103: ufs_model_gfs.x    0000000000D5067C  Unknown               Unknown  Unknown
103: ufs_model_gfs.x    0000000000B937FE  Unknown               Unknown  Unknown
103: ufs_model_gfs.x    0000000006AC85DA  Unknown               Unknown  Unknown
103: ufs_model_gfs.x    0000000000FE7855  Unknown               Unknown  Unknown
103: ufs_model_gfs.x    0000000000FEC0FF  Unknown               Unknown  Unknown
103: ufs_model_gfs.x    0000000000C9628A  Unknown               Unknown  Unknown
103: ufs_model_gfs.x    0000000000CB7D0F  Unknown               Unknown  Unknown
103: ufs_model_gfs.x    0000000000FE92FA  Unknown               Unknown  Unknown
103: ufs_model_gfs.x    0000000000A18F00  Unknown               Unknown  Unknown
103: ufs_model_gfs.x    0000000000736BE1  Unknown               Unknown  Unknown
103: ufs_model_gfs.x    0000000000448377  Unknown               Unknown  Unknown
103: ufs_model_gfs.x    0000000000447BCA  Unknown               Unknown  Unknown
103: ufs_model_gfs.x    0000000000D51C38  Unknown               Unknown  Unknown
103: ufs_model_gfs.x    0000000000D51BA6  Unknown               Unknown  Unknown
103: ufs_model_gfs.x    0000000000D5067C  Unknown               Unknown  Unknown
103: ufs_model_gfs.x    0000000000B937FE  Unknown               Unknown  Unknown
103: ufs_model_gfs.x    0000000000444BEF  Unknown               Unknown  Unknown
103: ufs_model_gfs.x    0000000000FE7855  Unknown               Unknown  Unknown
103: ufs_model_gfs.x    0000000000FEC0FF  Unknown               Unknown  Unknown
103: ufs_model_gfs.x    0000000000C9628A  Unknown               Unknown  Unknown
103: ufs_model_gfs.x    0000000000CB7D0F  Unknown               Unknown  Unknown
103: ufs_model_gfs.x    0000000000FE92FA  Unknown               Unknown  Unknown
103: ufs_model_gfs.x    0000000000A18F00  Unknown               Unknown  Unknown
103: ufs_model_gfs.x    0000000000736BE1  Unknown               Unknown  Unknown
103: ufs_model_gfs.x    0000000000436749  MAIN__                    409  UFS.F90
103: ufs_model_gfs.x    000000000043549D  Unknown               Unknown  Unknown
103: libc.so.6          000014575AFEAEEC  Unknown               Unknown  Unknown
103: libc.so.6          000014575AFEAFB5  __libc_start_main     Unknown  Unknown
103: ufs_model_gfs.x    00000000004353A1  Unknown               Unknown  Unknown
 33: forrtl: error (78): process killed (SIGTERM)
 33: Image              PC                Routine            Line        Source             
 33: libc.so.6          0000146D5DC01980  Unknown               Unknown  Unknown
 33: libnetcdff.so.7.2  0000146D61A18F45  __libm_pow_l9         Unknown  Unknown
 33: ufs_model_gfs.x    0000000003FAC6EB  module_mp_thompso        2526  module_mp_thompson.F90
 33: ufs_model_gfs.x    0000000003F908D7  module_mp_thompso        1466  module_mp_thompson.F90
 33: ufs_model_gfs.x    0000000003FE262E  mp_thompson_mp_mp         897  mp_thompson.F90
 33: ufs_model_gfs.x    0000000003B5C49D  _coupled_p8_ugwpv        1349  ccpp_fv3_gfs_v17_coupled_p8_ugwpv1_phys_ts_cap.F90
 33: ufs_model_gfs.x    00000000039AC850  ccpp_static_api_m         644  ccpp_static_api.F90
 33: ufs_model_gfs.x    00000000039A8530  ccpp_driver_mp_cc         234  CCPP_driver.F90
 33: libiomp5.so        0000146D61163493  __kmp_invoke_micr     Unknown  Unknown
 33: libiomp5.so        0000146D610D1CA4  __kmp_fork_call       Unknown  Unknown
 33: libiomp5.so        0000146D61089D23  __kmpc_fork_call      Unknown  Unknown
 33: ufs_model_gfs.x    00000000039A7479  ccpp_driver_mp_cc         204  CCPP_driver.F90
 33: ufs_model_gfs.x    00000000031A5FC8  atmos_model_mod_m         387  atmos_model.F90
 33: ufs_model_gfs.x    000000000304CD3F  module_fcst_grid_        1481  module_fcst_grid_comp.F90
 33: ufs_model_gfs.x    0000000000FE7855  Unknown               Unknown  Unknown
 33: ufs_model_gfs.x    0000000000FEC0FF  Unknown               Unknown  Unknown
 33: ufs_model_gfs.x    0000000000C9649A  Unknown               Unknown  Unknown
 33: ufs_model_gfs.x    0000000000CB7D0F  Unknown               Unknown  Unknown
 33: ufs_model_gfs.x    0000000000FE92FA  Unknown               Unknown  Unknown
 33: ufs_model_gfs.x    0000000000A18F00  Unknown               Unknown  Unknown
 33: ufs_model_gfs.x    0000000000736BE1  Unknown               Unknown  Unknown
 33: ufs_model_gfs.x    0000000003038F9F  ufsatm_cap_mod_mp        1497  ufsatm_cap.F90
 33: ufs_model_gfs.x    0000000003038A09  ufsatm_cap_mod_mp        1437  ufsatm_cap.F90
 33: ufs_model_gfs.x    0000000000D51C38  Unknown               Unknown  Unknown
 33: ufs_model_gfs.x    0000000000D51BA6  Unknown               Unknown  Unknown
 33: ufs_model_gfs.x    0000000000D5067C  Unknown               Unknown  Unknown
 33: ufs_model_gfs.x    0000000000B937FE  Unknown               Unknown  Unknown
 33: ufs_model_gfs.x    0000000006AC85DA  Unknown               Unknown  Unknown
 33: ufs_model_gfs.x    0000000000FE7855  Unknown               Unknown  Unknown
 33: ufs_model_gfs.x    0000000000FEC0FF  Unknown               Unknown  Unknown
 33: ufs_model_gfs.x    0000000000C9628A  Unknown               Unknown  Unknown
 33: ufs_model_gfs.x    0000000000CB7D0F  Unknown               Unknown  Unknown
 33: ufs_model_gfs.x    0000000000FE92FA  Unknown               Unknown  Unknown
 33: ufs_model_gfs.x    0000000000A18F00  Unknown               Unknown  Unknown
 33: ufs_model_gfs.x    0000000000736BE1  Unknown               Unknown  Unknown
 33: ufs_model_gfs.x    0000000000448377  Unknown               Unknown  Unknown
 33: ufs_model_gfs.x    0000000000447BCA  Unknown               Unknown  Unknown
 33: ufs_model_gfs.x    0000000000D51C38  Unknown               Unknown  Unknown
 33: ufs_model_gfs.x    0000000000D51BA6  Unknown               Unknown  Unknown
 33: ufs_model_gfs.x    0000000000D5067C  Unknown               Unknown  Unknown
 33: ufs_model_gfs.x    0000000000B937FE  Unknown               Unknown  Unknown
 33: ufs_model_gfs.x    0000000000444BEF  Unknown               Unknown  Unknown
 33: ufs_model_gfs.x    0000000000FE7855  Unknown               Unknown  Unknown
 33: ufs_model_gfs.x    0000000000FEC0FF  Unknown               Unknown  Unknown
 33: ufs_model_gfs.x    0000000000C9628A  Unknown               Unknown  Unknown
 33: ufs_model_gfs.x    0000000000CB7D0F  Unknown               Unknown  Unknown
 33: ufs_model_gfs.x    0000000000FE92FA  Unknown               Unknown  Unknown
 33: ufs_model_gfs.x    0000000000A18F00  Unknown               Unknown  Unknown
 33: ufs_model_gfs.x    0000000000736BE1  Unknown               Unknown  Unknown
 33: ufs_model_gfs.x    0000000000436749  MAIN__                    409  UFS.F90
 33:  NOTE: gocart aerosol initialization is reading input data with all MPI ranks
 33: ufs_model_gfs.x    000000000043549D  Unknown               Unknown  Unknown
 33: libc.so.6          0000146D5DBEAEEC  Unknown               Unknown  Unknown
 33: libc.so.6          0000146D5DBEAFB5  __libc_start_main     Unknown  Unknown
 33: ufs_model_gfs.x    00000000004353A1  Unknown               Unknown  Unknown
 96: forrtl: error (78): process killed (SIGTERM)
 96: Image              PC                Routine            Line        Source             
 96: libc.so.6          000014BB24801980  Unknown               Unknown  Unknown
 96: libnetcdff.so.7.2  000014BB286E7D17  __libm_log10_l9       Unknown  Unknown
 96: ufs_model_gfs.x    0000000003FAFA0A  module_mp_thompso        2908  module_mp_thompson.F90
 96: ufs_model_gfs.x    0000000003F908D7  module_mp_thompso        1466  module_mp_thompson.F90
 96: ufs_model_gfs.x    0000000003FE262E  mp_thompson_mp_mp         897  mp_thompson.F90
 96: ufs_model_gfs.x    0000000003B5C49D  _coupled_p8_ugwpv        1349  ccpp_fv3_gfs_v17_coupled_p8_ugwpv1_phys_ts_cap.F90
 96: ufs_model_gfs.x    00000000039AC850  ccpp_static_api_m         644  ccpp_static_api.F90
 96: ufs_model_gfs.x    00000000039A8530  ccpp_driver_mp_cc         234  CCPP_driver.F90
 96: libiomp5.so        000014BB27D63493  __kmp_invoke_micr     Unknown  Unknown
 96: libiomp5.so        000014BB27CD1CA4  __kmp_fork_call       Unknown  Unknown
 96: libiomp5.so        000014BB27C89D23  __kmpc_fork_call      Unknown  Unknown
 96: ufs_model_gfs.x    00000000039A7479  ccpp_driver_mp_cc         204  CCPP_driver.F90
 96: ufs_model_gfs.x    00000000031A5FC8  atmos_model_mod_m         387  atmos_model.F90
 96: ufs_model_gfs.x    000000000304CD3F  module_fcst_grid_        1481  module_fcst_grid_comp.F90
 96: ufs_model_gfs.x    0000000000FE7855  Unknown               Unknown  Unknown
 96: ufs_model_gfs.x    0000000000FEC0FF  Unknown               Unknown  Unknown
 96: ufs_model_gfs.x    0000000000C9649A  Unknown               Unknown  Unknown
 96: ufs_model_gfs.x    0000000000CB7D0F  Unknown               Unknown  Unknown
 96: ufs_model_gfs.x    0000000000FE92FA  Unknown               Unknown  Unknown
 96: ufs_model_gfs.x    0000000000A18F00  Unknown               Unknown  Unknown
 96: ufs_model_gfs.x    0000000000736BE1  Unknown               Unknown  Unknown
 96: ufs_model_gfs.x    0000000003038F9F  ufsatm_cap_mod_mp        1497  ufsatm_cap.F90
 96: ufs_model_gfs.x    0000000003038A09  ufsatm_cap_mod_mp        1437  ufsatm_cap.F90
 96: ufs_model_gfs.x    0000000000D51C38  Unknown               Unknown  Unknown
 96: ufs_model_gfs.x    0000000000D51BA6  Unknown               Unknown  Unknown
 96: ufs_model_gfs.x    0000000000D5067C  Unknown               Unknown  Unknown
 96: ufs_model_gfs.x    0000000000B937FE  Unknown               Unknown  Unknown
 96: ufs_model_gfs.x    0000000006AC85DA  Unknown               Unknown  Unknown
 96: ufs_model_gfs.x    0000000000FE7855  Unknown               Unknown  Unknown
 96: ufs_model_gfs.x    0000000000FEC0FF  Unknown               Unknown  Unknown
 96: ufs_model_gfs.x    0000000000C9628A  Unknown               Unknown  Unknown
 96: ufs_model_gfs.x    0000000000CB7D0F  Unknown               Unknown  Unknown
 96: ufs_model_gfs.x    0000000000FE92FA  Unknown               Unknown  Unknown
 96: ufs_model_gfs.x    0000000000A18F00  Unknown               Unknown  Unknown
 96: ufs_model_gfs.x    0000000000736BE1  Unknown               Unknown  Unknown
 96: ufs_model_gfs.x    0000000000448377  Unknown               Unknown  Unknown
 96: ufs_model_gfs.x    0000000000447BCA  Unknown               Unknown  Unknown
 96: ufs_model_gfs.x    0000000000D51C38  Unknown               Unknown  Unknown
 96: ufs_model_gfs.x    0000000000D51BA6  Unknown               Unknown  Unknown
 96: ufs_model_gfs.x    0000000000D5067C  Unknown               Unknown  Unknown
 96: ufs_model_gfs.x    0000000000B937FE  Unknown               Unknown  Unknown
 96: ufs_model_gfs.x    0000000000444BEF  Unknown               Unknown  Unknown
 96: ufs_model_gfs.x    0000000000FE7855  Unknown               Unknown  Unknown
 96: ufs_model_gfs.x    0000000000FEC0FF  Unknown               Unknown  Unknown
 96: ufs_model_gfs.x    0000000000C9628A  Unknown               Unknown  Unknown
 96: ufs_model_gfs.x    0000000000CB7D0F  Unknown               Unknown  Unknown
 96: ufs_model_gfs.x    0000000000FE92FA  Unknown               Unknown  Unknown
 96: ufs_model_gfs.x    0000000000A18F00  Unknown               Unknown  Unknown
 96: ufs_model_gfs.x    0000000000736BE1  Unknown               Unknown  Unknown
 96: ufs_model_gfs.x    0000000000436749  MAIN__                    409  UFS.F90
 96: ufs_model_gfs.x    000000000043549D  Unknown               Unknown  Unknown
 96: libc.so.6          000014BB247EAEEC  Unknown               Unknown  Unknown
 96: libc.so.6          000014BB247EAFB5  __libc_start_main     Unknown  Unknown
 96: ufs_model_gfs.x    00000000004353A1  Unknown               Unknown  Unknown
169: forrtl: error (78): process killed (SIGTERM)
169: Image              PC                Routine            Line        Source             
169: libc.so.6          000014684DE01980  Unknown               Unknown  Unknown
169: libc.so.6          000014684DEBE1E7  __sched_yield         Unknown  Unknown
169: libmpi_intel.so.1  000014684E7D166D  MPI_Probe             Unknown  Unknown
169: ufs_model_gfs.x    0000000000CAC940  Unknown               Unknown  Unknown
169: ufs_model_gfs.x    000000000101F1BA  Unknown               Unknown  Unknown
169: ufs_model_gfs.x    000000000101D613  Unknown               Unknown  Unknown
169: ufs_model_gfs.x    0000000001277EB2  Unknown               Unknown  Unknown
169: ufs_model_gfs.x    0000000001269A7F  Unknown               Unknown  Unknown
169: ufs_model_gfs.x    0000000000C260A6  Unknown               Unknown  Unknown
169: ufs_model_gfs.x    00000000009D667F  Unknown               Unknown  Unknown
169: ufs_model_gfs.x    000000000303A444  ufsatm_cap_mod_mp        1603  ufsatm_cap.F90
169: ufs_model_gfs.x    0000000003038A72  ufsatm_cap_mod_mp        1440  ufsatm_cap.F90
169: ufs_model_gfs.x    0000000000D51C38  Unknown               Unknown  Unknown
169: ufs_model_gfs.x    0000000000D51BA6  Unknown               Unknown  Unknown
169: ufs_model_gfs.x    0000000000D5067C  Unknown               Unknown  Unknown
169: ufs_model_gfs.x    0000000000B937FE  Unknown               Unknown  Unknown
169: ufs_model_gfs.x    0000000006AC85DA  Unknown               Unknown  Unknown
169: ufs_model_gfs.x    0000000000FE7855  Unknown               Unknown  Unknown
169: ufs_model_gfs.x    0000000000FEC0FF  Unknown               Unknown  Unknown
169: ufs_model_gfs.x    0000000000C9628A  Unknown               Unknown  Unknown
169: ufs_model_gfs.x    0000000000CB7D0F  Unknown               Unknown  Unknown
169: ufs_model_gfs.x    0000000000FE92FA  Unknown               Unknown  Unknown
169: ufs_model_gfs.x    0000000000A18F00  Unknown               Unknown  Unknown
169: ufs_model_gfs.x    0000000000736BE1  Unknown               Unknown  Unknown
169: ufs_model_gfs.x    0000000000448377  Unknown               Unknown  Unknown
169: ufs_model_gfs.x    0000000000447BCA  Unknown               Unknown  Unknown
169: ufs_model_gfs.x    0000000000D51C38  Unknown               Unknown  Unknown
169: ufs_model_gfs.x    0000000000D51BA6  Unknown               Unknown  Unknown
169: ufs_model_gfs.x    0000000000D5067C  Unknown               Unknown  Unknown
169: ufs_model_gfs.x    0000000000B937FE  Unknown               Unknown  Unknown
169: ufs_model_gfs.x    0000000000444BEF  Unknown               Unknown  Unknown
169: ufs_model_gfs.x    0000000000FE7855  Unknown               Unknown  Unknown
169: ufs_model_gfs.x    0000000000FEC0FF  Unknown               Unknown  Unknown
169: ufs_model_gfs.x    0000000000C9628A  Unknown               Unknown  Unknown
169: ufs_model_gfs.x    0000000000CB7D0F  Unknown               Unknown  Unknown
169: ufs_model_gfs.x    0000000000FE92FA  Unknown               Unknown  Unknown
169: ufs_model_gfs.x    0000000000A18F00  Unknown               Unknown  Unknown
169: ufs_model_gfs.x    0000000000736BE1  Unknown               Unknown  Unknown
169: ufs_model_gfs.x    0000000000436749  MAIN__                    409  UFS.F90
169: ufs_model_gfs.x    000000000043549D  Unknown               Unknown  Unknown
169: libc.so.6          000014684DDEAEEC  Unknown               Unknown  Unknown
169: libc.so.6          000014684DDEAFB5  __libc_start_main     Unknown  Unknown
169: ufs_model_gfs.x    00000000004353A1  Unknown               Unknown  Unknown
150: forrtl: error (78): process killed (SIGTERM)
150: Image              PC                Routine            Line        Source             
150: libc.so.6          0000146EEE801980  Unknown               Unknown  Unknown
150: libc.so.6          0000146EEE8BE1E7  __sched_yield         Unknown  Unknown
150: libmpi_intel.so.1  0000146EEF1D166D  MPI_Probe             Unknown  Unknown
150: ufs_model_gfs.x    0000000000CAC940  Unknown               Unknown  Unknown
150: ufs_model_gfs.x    000000000101F1BA  Unknown               Unknown  Unknown
150: ufs_model_gfs.x    000000000101D613  Unknown               Unknown  Unknown
150: ufs_model_gfs.x    0000000001277EB2  Unknown               Unknown  Unknown
150: ufs_model_gfs.x    0000000001269A7F  Unknown               Unknown  Unknown
150: ufs_model_gfs.x    0000000000C260A6  Unknown               Unknown  Unknown
150: ufs_model_gfs.x    00000000009D667F  Unknown               Unknown  Unknown
150: ufs_model_gfs.x    000000000303A444  ufsatm_cap_mod_mp        1603  ufsatm_cap.F90
150: ufs_model_gfs.x    0000000003038A72  ufsatm_cap_mod_mp        1440  ufsatm_cap.F90
150: ufs_model_gfs.x    0000000000D51C38  Unknown               Unknown  Unknown
150: ufs_model_gfs.x    0000000000D51BA6  Unknown               Unknown  Unknown
150: ufs_model_gfs.x    0000000000D5067C  Unknown               Unknown  Unknown
150: ufs_model_gfs.x    0000000000B937FE  Unknown               Unknown  Unknown
150: ufs_model_gfs.x    0000000006AC85DA  Unknown               Unknown  Unknown
150: ufs_model_gfs.x    0000000000FE7855  Unknown               Unknown  Unknown
150: ufs_model_gfs.x    0000000000FEC0FF  Unknown               Unknown  Unknown
150: ufs_model_gfs.x    0000000000C9628A  Unknown               Unknown  Unknown
150: ufs_model_gfs.x    0000000000CB7D0F  Unknown               Unknown  Unknown
150: ufs_model_gfs.x    0000000000FE92FA  Unknown               Unknown  Unknown
150: ufs_model_gfs.x    0000000000A18F00  Unknown               Unknown  Unknown
150: ufs_model_gfs.x    0000000000736BE1  Unknown               Unknown  Unknown
150: ufs_model_gfs.x    0000000000448377  Unknown               Unknown  Unknown
150: ufs_model_gfs.x    0000000000447BCA  Unknown               Unknown  Unknown
150: ufs_model_gfs.x    0000000000D51C38  Unknown               Unknown  Unknown
150: ufs_model_gfs.x    0000000000D51BA6  Unknown               Unknown  Unknown
150: ufs_model_gfs.x    0000000000D5067C  Unknown               Unknown  Unknown
150: ufs_model_gfs.x    0000000000B937FE  Unknown               Unknown  Unknown
150: ufs_model_gfs.x    0000000000444BEF  Unknown               Unknown  Unknown
150: ufs_model_gfs.x    0000000000FE7855  Unknown               Unknown  Unknown
150: ufs_model_gfs.x    0000000000FEC0FF  Unknown               Unknown  Unknown
150: ufs_model_gfs.x    0000000000C9628A  Unknown               Unknown  Unknown
150: ufs_model_gfs.x    0000000000CB7D0F  Unknown               Unknown  Unknown
150: ufs_model_gfs.x    0000000000FE92FA  Unknown               Unknown  Unknown
150: ufs_model_gfs.x    0000000000A18F00  Unknown               Unknown  Unknown
150: ufs_model_gfs.x    0000000000736BE1  Unknown               Unknown  Unknown
150: ufs_model_gfs.x    0000000000436749  MAIN__                    409  UFS.F90
150: ufs_model_gfs.x    000000000043549D  Unknown               Unknown  Unknown
150: libc.so.6          0000146EEE7EAEEC  Unknown               Unknown  Unknown
150: libc.so.6          0000146EEE7EAFB5  __libc_start_main     Unknown  Unknown
150: ufs_model_gfs.x    00000000004353A1  Unknown               Unknown  Unknown
149: forrtl: error (78): process killed (SIGTERM)
149: Image              PC                Routine            Line        Source             
149: libc.so.6          0000151EF8E01980  Unknown               Unknown  Unknown
149: libc.so.6          0000151EF8EBE1E7  __sched_yield         Unknown  Unknown
149: libmpi_intel.so.1  0000151EF97D166D  MPI_Probe             Unknown  Unknown
149: ufs_model_gfs.x    0000000000CAC940  Unknown               Unknown  Unknown
149: ufs_model_gfs.x    000000000101F1BA  Unknown               Unknown  Unknown
149: ufs_model_gfs.x    000000000101D613  Unknown               Unknown  Unknown
149: ufs_model_gfs.x    0000000001277EB2  Unknown               Unknown  Unknown
149: ufs_model_gfs.x    0000000001269A7F  Unknown               Unknown  Unknown
149: ufs_model_gfs.x    0000000000C260A6  Unknown               Unknown  Unknown
149: ufs_model_gfs.x    00000000009D667F  Unknown               Unknown  Unknown
149: ufs_model_gfs.x    000000000303A444  ufsatm_cap_mod_mp        1603  ufsatm_cap.F90
149: ufs_model_gfs.x    0000000003038A72  ufsatm_cap_mod_mp        1440  ufsatm_cap.F90
149: ufs_model_gfs.x    0000000000D51C38  Unknown               Unknown  Unknown
149: ufs_model_gfs.x    0000000000D51BA6  Unknown               Unknown  Unknown
149: ufs_model_gfs.x    0000000000D5067C  Unknown               Unknown  Unknown
149: ufs_model_gfs.x    0000000000B937FE  Unknown               Unknown  Unknown
149: ufs_model_gfs.x    0000000006AC85DA  Unknown               Unknown  Unknown
149: ufs_model_gfs.x    0000000000FE7855  Unknown               Unknown  Unknown
149: ufs_model_gfs.x    0000000000FEC0FF  Unknown               Unknown  Unknown
149: ufs_model_gfs.x    0000000000C9628A  Unknown               Unknown  Unknown
149: ufs_model_gfs.x    0000000000CB7D0F  Unknown               Unknown  Unknown
149: ufs_model_gfs.x    0000000000FE92FA  Unknown               Unknown  Unknown
149: ufs_model_gfs.x    0000000000A18F00  Unknown               Unknown  Unknown
149: ufs_model_gfs.x    0000000000736BE1  Unknown               Unknown  Unknown
149: ufs_model_gfs.x    0000000000448377  Unknown               Unknown  Unknown
149: ufs_model_gfs.x    0000000000447BCA  Unknown               Unknown  Unknown
149: ufs_model_gfs.x    0000000000D51C38  Unknown               Unknown  Unknown
149: ufs_model_gfs.x    0000000000D51BA6  Unknown               Unknown  Unknown
159: forrtl: error (78): process killed (SIGTERM)
159: Image              PC                Routine            Line        Source             
159: libc.so.6          00001524BA001980  Unknown               Unknown  Unknown
159: libc.so.6          00001524BA0BE1E7  __sched_yield         Unknown  Unknown
159: libmpi_intel.so.1  00001524BA9D166D  MPI_Probe             Unknown  Unknown
159: ufs_model_gfs.x    0000000000CAC940  Unknown               Unknown  Unknown
159: ufs_model_gfs.x    000000000101F1BA  Unknown               Unknown  Unknown
159: ufs_model_gfs.x    000000000101D613  Unknown               Unknown  Unknown
159: ufs_model_gfs.x    0000000001277EB2  Unknown               Unknown  Unknown
159: ufs_model_gfs.x    0000000001269A7F  Unknown               Unknown  Unknown
159: ufs_model_gfs.x    0000000000C260A6  Unknown               Unknown  Unknown
159: ufs_model_gfs.x    00000000009D667F  Unknown               Unknown  Unknown
159: ufs_model_gfs.x    000000000303A444  ufsatm_cap_mod_mp        1603  ufsatm_cap.F90
159: ufs_model_gfs.x    0000000003038A72  ufsatm_cap_mod_mp        1440  ufsatm_cap.F90
159: ufs_model_gfs.x    0000000000D51C38  Unknown               Unknown  Unknown
159: ufs_model_gfs.x    0000000000D51BA6  Unknown               Unknown  Unknown
159: ufs_model_gfs.x    0000000000D5067C  Unknown               Unknown  Unknown
159: ufs_model_gfs.x    0000000000B937FE  Unknown               Unknown  Unknown
159: ufs_model_gfs.x    0000000006AC85DA  Unknown               Unknown  Unknown
159: ufs_model_gfs.x    0000000000FE7855  Unknown               Unknown  Unknown
159: ufs_model_gfs.x    0000000000FEC0FF  Unknown               Unknown  Unknown
159: ufs_model_gfs.x    0000000000C9628A  Unknown               Unknown  Unknown
159: ufs_model_gfs.x    0000000000CB7D0F  Unknown               Unknown  Unknown
159: ufs_model_gfs.x    0000000000FE92FA  Unknown               Unknown  Unknown
159: ufs_model_gfs.x    0000000000A18F00  Unknown               Unknown  Unknown
159: ufs_model_gfs.x    0000000000736BE1  Unknown               Unknown  Unknown
159: ufs_model_gfs.x    0000000000448377  Unknown               Unknown  Unknown
159: ufs_model_gfs.x    0000000000447BCA  Unknown               Unknown  Unknown
159: ufs_model_gfs.x    0000000000D51C38  Unknown               Unknown  Unknown
159: ufs_model_gfs.x    0000000000D51BA6  Unknown               Unknown  Unknown
159: ufs_model_gfs.x    0000000000D5067C  Unknown               Unknown  Unknown
159: ufs_model_gfs.x    0000000000B937FE  Unknown               Unknown  Unknown
159: ufs_model_gfs.x    0000000000444BEF  Unknown               Unknown  Unknown
159: ufs_model_gfs.x    0000000000FE7855  Unknown               Unknown  Unknown
159: ufs_model_gfs.x    0000000000FEC0FF  Unknown               Unknown  Unknown
159: ufs_model_gfs.x    0000000000C9628A  Unknown               Unknown  Unknown
159: ufs_model_gfs.x    0000000000CB7D0F  Unknown               Unknown  Unknown
159: ufs_model_gfs.x    0000000000FE92FA  Unknown               Unknown  Unknown
159: ufs_model_gfs.x    0000000000A18F00  Unknown               Unknown  Unknown
159: ufs_model_gfs.x    0000000000736BE1  Unknown               Unknown  Unknown
159: ufs_model_gfs.x    0000000000436749  MAIN__                    409  UFS.F90
159: ufs_model_gfs.x    000000000043549D  Unknown               Unknown  Unknown
159: libc.so.6          00001524B9FEAEEC  Unknown               Unknown  Unknown
159: libc.so.6          00001524B9FEAFB5  __libc_start_main     Unknown  Unknown
159: ufs_model_gfs.x    00000000004353A1  Unknown               Unknown  Unknown
149: ufs_model_gfs.x    0000000000D5067C  Unknown               Unknown  Unknown
149: ufs_model_gfs.x    0000000000B937FE  Unknown               Unknown  Unknown
149: ufs_model_gfs.x    0000000000444BEF  Unknown               Unknown  Unknown
149: ufs_model_gfs.x    0000000000FE7855  Unknown               Unknown  Unknown
149: ufs_model_gfs.x    0000000000FEC0FF  Unknown               Unknown  Unknown
149: ufs_model_gfs.x    0000000000C9628A  Unknown               Unknown  Unknown
149: ufs_model_gfs.x    0000000000CB7D0F  Unknown               Unknown  Unknown
149: ufs_model_gfs.x    0000000000FE92FA  Unknown               Unknown  Unknown
149: ufs_model_gfs.x    0000000000A18F00  Unknown               Unknown  Unknown
149: ufs_model_gfs.x    0000000000736BE1  Unknown               Unknown  Unknown
149: ufs_model_gfs.x    0000000000436749  MAIN__                    409  UFS.F90
149: ufs_model_gfs.x    000000000043549D  Unknown               Unknown  Unknown
149: libc.so.6          0000151EF8DEAEEC  Unknown               Unknown  Unknown
149: libc.so.6          0000151EF8DEAFB5  __libc_start_main     Unknown  Unknown
149: ufs_model_gfs.x    00000000004353A1  Unknown               Unknown  Unknown
191: forrtl: error (78): process killed (SIGTERM)
191: Image              PC                Routine            Line        Source             
191: libc.so.6          000014D816001980  Unknown               Unknown  Unknown
191: libc.so.6          000014D8160BE1E7  __sched_yield         Unknown  Unknown
191: libmpi_intel.so.1  000014D8169D166D  MPI_Probe             Unknown  Unknown
191: ufs_model_gfs.x    0000000000CAC940  Unknown               Unknown  Unknown
191: ufs_model_gfs.x    000000000101F1BA  Unknown               Unknown  Unknown
191: ufs_model_gfs.x    000000000101D613  Unknown               Unknown  Unknown
191: ufs_model_gfs.x    0000000001277EB2  Unknown               Unknown  Unknown
191: ufs_model_gfs.x    0000000001269A7F  Unknown               Unknown  Unknown
191: ufs_model_gfs.x    0000000000C260A6  Unknown               Unknown  Unknown
191: ufs_model_gfs.x    00000000009D667F  Unknown               Unknown  Unknown
191: ufs_model_gfs.x    000000000303A444  ufsatm_cap_mod_mp        1603  ufsatm_cap.F90
191: ufs_model_gfs.x    0000000003038A72  ufsatm_cap_mod_mp        1440  ufsatm_cap.F90
191: ufs_model_gfs.x    0000000000D51C38  Unknown               Unknown  Unknown
191: ufs_model_gfs.x    0000000000D51BA6  Unknown               Unknown  Unknown
191: ufs_model_gfs.x    0000000000D5067C  Unknown               Unknown  Unknown
191: ufs_model_gfs.x    0000000000B937FE  Unknown               Unknown  Unknown
191: ufs_model_gfs.x    0000000006AC85DA  Unknown               Unknown  Unknown
191: ufs_model_gfs.x    0000000000FE7855  Unknown               Unknown  Unknown
191: ufs_model_gfs.x    0000000000FEC0FF  Unknown               Unknown  Unknown
191: ufs_model_gfs.x    0000000000C9628A  Unknown               Unknown  Unknown
191: ufs_model_gfs.x    0000000000CB7D0F  Unknown               Unknown  Unknown
191: ufs_model_gfs.x    0000000000FE92FA  Unknown               Unknown  Unknown
191: ufs_model_gfs.x    0000000000A18F00  Unknown               Unknown  Unknown
191: ufs_model_gfs.x    0000000000736BE1  Unknown               Unknown  Unknown
191: ufs_model_gfs.x    0000000000448377  Unknown               Unknown  Unknown
191: ufs_model_gfs.x    0000000000447BCA  Unknown               Unknown  Unknown
191: ufs_model_gfs.x    0000000000D51C38  Unknown               Unknown  Unknown
191: ufs_model_gfs.x    0000000000D51BA6  Unknown               Unknown  Unknown
191: ufs_model_gfs.x    0000000000D5067C  Unknown               Unknown  Unknown
191: ufs_model_gfs.x    0000000000B937FE  Unknown               Unknown  Unknown
191: ufs_model_gfs.x    0000000000444BEF  Unknown               Unknown  Unknown
191: ufs_model_gfs.x    0000000000FE7855  Unknown               Unknown  Unknown
191: ufs_model_gfs.x    0000000000FEC0FF  Unknown               Unknown  Unknown
191: ufs_model_gfs.x    0000000000C9628A  Unknown               Unknown  Unknown
191: ufs_model_gfs.x    0000000000CB7D0F  Unknown               Unknown  Unknown
191: ufs_model_gfs.x    0000000000FE92FA  Unknown               Unknown  Unknown
191: ufs_model_gfs.x    0000000000A18F00  Unknown               Unknown  Unknown
191: ufs_model_gfs.x    0000000000736BE1  Unknown               Unknown  Unknown
191: ufs_model_gfs.x    0000000000436749  MAIN__                    409  UFS.F90
191: ufs_model_gfs.x    000000000043549D  Unknown               Unknown  Unknown
191: libc.so.6          000014D815FEAEEC  Unknown               Unknown  Unknown
191: libc.so.6          000014D815FEAFB5  __libc_start_main     Unknown  Unknown
191: ufs_model_gfs.x    00000000004353A1  Unknown               Unknown  Unknown
109: forrtl: error (78): process killed (SIGTERM)
109: Image              PC                Routine            Line        Source             
109: libc.so.6          0000146F0D401980  Unknown               Unknown  Unknown
109: ufs_model_gfs.x    0000000003E0DD4E  ugwpv1_gsldrag_mp         514  ugwpv1_gsldrag.F90
109: ufs_model_gfs.x    0000000003B3734D  _coupled_p8_ugwpv        3525  ccpp_fv3_gfs_v17_coupled_p8_ugwpv1_phys_ps_cap.F90
109: ufs_model_gfs.x    00000000039AC664  ccpp_static_api_m         635  ccpp_static_api.F90
109: ufs_model_gfs.x    00000000039A828A  ccpp_driver_mp_cc         226  CCPP_driver.F90
109: libiomp5.so        0000146F10963493  __kmp_invoke_micr     Unknown  Unknown
109: libiomp5.so        0000146F108D1CA4  __kmp_fork_call       Unknown  Unknown
109: libiomp5.so        0000146F10889D23  __kmpc_fork_call      Unknown  Unknown
109: ufs_model_gfs.x    00000000039A7479  ccpp_driver_mp_cc         204  CCPP_driver.F90
109: ufs_model_gfs.x    00000000031A5FC8  atmos_model_mod_m         387  atmos_model.F90
109: ufs_model_gfs.x    000000000304CD3F  module_fcst_grid_        1481  module_fcst_grid_comp.F90
109: ufs_model_gfs.x    0000000000FE7855  Unknown               Unknown  Unknown
109: ufs_model_gfs.x    0000000000FEC0FF  Unknown               Unknown  Unknown
109: ufs_model_gfs.x    0000000000C9649A  Unknown               Unknown  Unknown
109: ufs_model_gfs.x    0000000000CB7D0F  Unknown               Unknown  Unknown
109: ufs_model_gfs.x    0000000000FE92FA  Unknown               Unknown  Unknown
109: ufs_model_gfs.x    0000000000A18F00  Unknown               Unknown  Unknown
109: ufs_model_gfs.x    0000000000736BE1  Unknown               Unknown  Unknown
109: ufs_model_gfs.x    0000000003038F9F  ufsatm_cap_mod_mp        1497  ufsatm_cap.F90
109: ufs_model_gfs.x    0000000003038A09  ufsatm_cap_mod_mp        1437  ufsatm_cap.F90
109: ufs_model_gfs.x    0000000000D51C38  Unknown               Unknown  Unknown
109: ufs_model_gfs.x    0000000000D51BA6  Unknown               Unknown  Unknown
109: ufs_model_gfs.x    0000000000D5067C  Unknown               Unknown  Unknown
109: ufs_model_gfs.x    0000000000B937FE  Unknown               Unknown  Unknown
109: ufs_model_gfs.x    0000000006AC85DA  Unknown               Unknown  Unknown
