204: ufs_model_gfs.x    00000000004470A6  Unknown               Unknown  Unknown
204: ufs_model_gfs.x    0000000000D51C38  Unknown               Unknown  Unknown
204: ufs_model_gfs.x    0000000000D51BA6  Unknown               Unknown  Unknown
204: ufs_model_gfs.x    0000000000D5067C  Unknown               Unknown  Unknown
204: ufs_model_gfs.x    0000000000B937FE  Unknown               Unknown  Unknown
204: ufs_model_gfs.x    0000000000444BEF  Unknown               Unknown  Unknown
204: ufs_model_gfs.x    0000000000FE7855  Unknown               Unknown  Unknown
204: ufs_model_gfs.x    0000000000FEC0FF  Unknown               Unknown  Unknown
204: ufs_model_gfs.x    0000000000C9628A  Unknown               Unknown  Unknown
204: ufs_model_gfs.x    0000000000CB7D0F  Unknown               Unknown  Unknown
204: ufs_model_gfs.x    0000000000FE92FA  Unknown               Unknown  Unknown
204: ufs_model_gfs.x    0000000000A18F00  Unknown               Unknown  Unknown
204: ufs_model_gfs.x    0000000000736BE1  Unknown               Unknown  Unknown
204: ufs_model_gfs.x    0000000000436749  MAIN__                    409  UFS.F90
204: ufs_model_gfs.x    000000000043549D  Unknown               Unknown  Unknown
204: libc.so.6          000014DC8A9EAEEC  Unknown               Unknown  Unknown
204: libc.so.6          000014DC8A9EAFB5  __libc_start_main     Unknown  Unknown
204: ufs_model_gfs.x    00000000004353A1  Unknown               Unknown  Unknown
237: forrtl: error (78): process killed (SIGTERM)
237: Image              PC                Routine            Line        Source             
237: libc.so.6          0000145D39601980  Unknown               Unknown  Unknown
237: libc.so.6          0000145D396BE1E7  __sched_yield         Unknown  Unknown
237: libmpi_intel.so.1  0000145D39FB92AC  Unknown               Unknown  Unknown
237: libmpi_intel.so.1  0000145D39FD06BC  MPI_Probe             Unknown  Unknown
237: ufs_model_gfs.x    0000000000CAC940  Unknown               Unknown  Unknown
237: ufs_model_gfs.x    000000000101F1BA  Unknown               Unknown  Unknown
237: ufs_model_gfs.x    000000000101D613  Unknown               Unknown  Unknown
237: ufs_model_gfs.x    000000000101D613  Unknown               Unknown  Unknown
237: ufs_model_gfs.x    0000000001277EB2  Unknown               Unknown  Unknown
237: ufs_model_gfs.x    0000000001269A7F  Unknown               Unknown  Unknown
237: ufs_model_gfs.x    0000000000C260A6  Unknown               Unknown  Unknown
237: ufs_model_gfs.x    00000000009D667F  Unknown               Unknown  Unknown
237: ufs_model_gfs.x    000000000049EB2A  Unknown               Unknown  Unknown
237: ufs_model_gfs.x    0000000000FE7855  Unknown               Unknown  Unknown
237: ufs_model_gfs.x    0000000000FEC0FF  Unknown               Unknown  Unknown
237: ufs_model_gfs.x    0000000000C9628A  Unknown               Unknown  Unknown
237: ufs_model_gfs.x    0000000000CB7D0F  Unknown               Unknown  Unknown
237: ufs_model_gfs.x    0000000000FE92FA  Unknown               Unknown  Unknown
237: ufs_model_gfs.x    0000000000A18F00  Unknown               Unknown  Unknown
237: ufs_model_gfs.x    0000000000A08761  Unknown               Unknown  Unknown
237: ufs_model_gfs.x    0000000000445828  Unknown               Unknown  Unknown
237: ufs_model_gfs.x    00000000004470A6  Unknown               Unknown  Unknown
237: ufs_model_gfs.x    0000000000D51C38  Unknown               Unknown  Unknown
237: ufs_model_gfs.x    0000000000D51BA6  Unknown               Unknown  Unknown
237: ufs_model_gfs.x    0000000000D5067C  Unknown               Unknown  Unknown
237: ufs_model_gfs.x    0000000000B937FE  Unknown               Unknown  Unknown
237: ufs_model_gfs.x    0000000000444BEF  Unknown               Unknown  Unknown
237: ufs_model_gfs.x    0000000000FE7855  Unknown               Unknown  Unknown
237: ufs_model_gfs.x    0000000000FEC0FF  Unknown               Unknown  Unknown
237: ufs_model_gfs.x    0000000000C9628A  Unknown               Unknown  Unknown
237: ufs_model_gfs.x    0000000000CB7D0F  Unknown               Unknown  Unknown
237: ufs_model_gfs.x    0000000000FE92FA  Unknown               Unknown  Unknown
237: ufs_model_gfs.x    0000000000A18F00  Unknown               Unknown  Unknown
237: ufs_model_gfs.x    0000000000736BE1  Unknown               Unknown  Unknown
237: ufs_model_gfs.x    0000000000436749  MAIN__                    409  UFS.F90
237: ufs_model_gfs.x    000000000043549D  Unknown               Unknown  Unknown
237: libc.so.6          0000145D395EAEEC  Unknown               Unknown  Unknown
237: libc.so.6          0000145D395EAFB5  __libc_start_main     Unknown  Unknown
237: ufs_model_gfs.x    00000000004353A1  Unknown               Unknown  Unknown
231: forrtl: error (78): process killed (SIGTERM)
231: Image              PC                Routine            Line        Source             
231: libc.so.6          000014A2DEA01980  Unknown               Unknown  Unknown
231: libc.so.6          000014A2DEABE1E7  __sched_yield         Unknown  Unknown
231: libmpi_intel.so.1  000014A2DF3D166D  MPI_Probe             Unknown  Unknown
231: ufs_model_gfs.x    0000000000CAC940  Unknown               Unknown  Unknown
231: ufs_model_gfs.x    000000000101F1BA  Unknown               Unknown  Unknown
231: ufs_model_gfs.x    000000000101D613  Unknown               Unknown  Unknown
231: ufs_model_gfs.x    000000000101D613  Unknown               Unknown  Unknown
231: ufs_model_gfs.x    0000000001277EB2  Unknown               Unknown  Unknown
231: ufs_model_gfs.x    0000000001269A7F  Unknown               Unknown  Unknown
231: ufs_model_gfs.x    0000000000C260A6  Unknown               Unknown  Unknown
231: ufs_model_gfs.x    00000000009D667F  Unknown               Unknown  Unknown
231: ufs_model_gfs.x    000000000049EB2A  Unknown               Unknown  Unknown
231: ufs_model_gfs.x    0000000000FE7855  Unknown               Unknown  Unknown
231: ufs_model_gfs.x    0000000000FEC0FF  Unknown               Unknown  Unknown
231: ufs_model_gfs.x    0000000000C9628A  Unknown               Unknown  Unknown
231: ufs_model_gfs.x    0000000000CB7D0F  Unknown               Unknown  Unknown
231: ufs_model_gfs.x    0000000000FE92FA  Unknown               Unknown  Unknown
231: ufs_model_gfs.x    0000000000A18F00  Unknown               Unknown  Unknown
231: ufs_model_gfs.x    0000000000A08761  Unknown               Unknown  Unknown
231: ufs_model_gfs.x    0000000000445828  Unknown               Unknown  Unknown
231: ufs_model_gfs.x    00000000004470A6  Unknown               Unknown  Unknown
231: ufs_model_gfs.x    0000000000D51C38  Unknown               Unknown  Unknown
231: ufs_model_gfs.x    0000000000D51BA6  Unknown               Unknown  Unknown
231: ufs_model_gfs.x    0000000000D5067C  Unknown               Unknown  Unknown
231: ufs_model_gfs.x    0000000000B937FE  Unknown               Unknown  Unknown
231: ufs_model_gfs.x    0000000000444BEF  Unknown               Unknown  Unknown
231: ufs_model_gfs.x    0000000000FE7855  Unknown               Unknown  Unknown
231: ufs_model_gfs.x    0000000000FEC0FF  Unknown               Unknown  Unknown
231: ufs_model_gfs.x    0000000000C9628A  Unknown               Unknown  Unknown
231: ufs_model_gfs.x    0000000000CB7D0F  Unknown               Unknown  Unknown
231: ufs_model_gfs.x    0000000000FE92FA  Unknown               Unknown  Unknown
231: ufs_model_gfs.x    0000000000A18F00  Unknown               Unknown  Unknown
231: ufs_model_gfs.x    0000000000736BE1  Unknown               Unknown  Unknown
231: ufs_model_gfs.x    0000000000436749  MAIN__                    409  UFS.F90
231: ufs_model_gfs.x    000000000043549D  Unknown               Unknown  Unknown
231: libc.so.6          000014A2DE9EAEEC  Unknown               Unknown  Unknown
231: libc.so.6          000014A2DE9EAFB5  __libc_start_main     Unknown  Unknown
231: ufs_model_gfs.x    00000000004353A1  Unknown               Unknown  Unknown
234: forrtl: error (78): process killed (SIGTERM)
234: Image              PC                Routine            Line        Source             
234: libc.so.6          000014C82F601980  Unknown               Unknown  Unknown
234: libc.so.6          000014C82F6BE1E7  __sched_yield         Unknown  Unknown
234: libmpi_intel.so.1  000014C82FFD166D  MPI_Probe             Unknown  Unknown
234: ufs_model_gfs.x    0000000000CAC940  Unknown               Unknown  Unknown
234: ufs_model_gfs.x    000000000101F1BA  Unknown               Unknown  Unknown
234: ufs_model_gfs.x    000000000101D613  Unknown               Unknown  Unknown
234: ufs_model_gfs.x    000000000101D613  Unknown               Unknown  Unknown
234: ufs_model_gfs.x    0000000001277EB2  Unknown               Unknown  Unknown
234: ufs_model_gfs.x    0000000001269A7F  Unknown               Unknown  Unknown
234: ufs_model_gfs.x    0000000000C260A6  Unknown               Unknown  Unknown
234: ufs_model_gfs.x    00000000009D667F  Unknown               Unknown  Unknown
234: ufs_model_gfs.x    000000000049EB2A  Unknown               Unknown  Unknown
234: ufs_model_gfs.x    0000000000FE7855  Unknown               Unknown  Unknown
234: ufs_model_gfs.x    0000000000FEC0FF  Unknown               Unknown  Unknown
234: ufs_model_gfs.x    0000000000C9628A  Unknown               Unknown  Unknown
234: ufs_model_gfs.x    0000000000CB7D0F  Unknown               Unknown  Unknown
234: ufs_model_gfs.x    0000000000FE92FA  Unknown               Unknown  Unknown
234: ufs_model_gfs.x    0000000000A18F00  Unknown               Unknown  Unknown
234: ufs_model_gfs.x    0000000000A08761  Unknown               Unknown  Unknown
234: ufs_model_gfs.x    0000000000445828  Unknown               Unknown  Unknown
234: ufs_model_gfs.x    00000000004470A6  Unknown               Unknown  Unknown
234: ufs_model_gfs.x    0000000000D51C38  Unknown               Unknown  Unknown
234: ufs_model_gfs.x    0000000000D51BA6  Unknown               Unknown  Unknown
234: ufs_model_gfs.x    0000000000D5067C  Unknown               Unknown  Unknown
234: ufs_model_gfs.x    0000000000B937FE  Unknown               Unknown  Unknown
234: ufs_model_gfs.x    0000000000444BEF  Unknown               Unknown  Unknown
234: ufs_model_gfs.x    0000000000FE7855  Unknown               Unknown  Unknown
234: ufs_model_gfs.x    0000000000FEC0FF  Unknown               Unknown  Unknown
234: ufs_model_gfs.x    0000000000C9628A  Unknown               Unknown  Unknown
234: ufs_model_gfs.x    0000000000CB7D0F  Unknown               Unknown  Unknown
234: ufs_model_gfs.x    0000000000FE92FA  Unknown               Unknown  Unknown
234: ufs_model_gfs.x    0000000000A18F00  Unknown               Unknown  Unknown
234: ufs_model_gfs.x    0000000000736BE1  Unknown               Unknown  Unknown
234: ufs_model_gfs.x    0000000000436749  MAIN__                    409  UFS.F90
234: ufs_model_gfs.x    000000000043549D  Unknown               Unknown  Unknown
234: libc.so.6          000014C82F5EAEEC  Unknown               Unknown  Unknown
234: libc.so.6          000014C82F5EAFB5  __libc_start_main     Unknown  Unknown
234: ufs_model_gfs.x    00000000004353A1  Unknown               Unknown  Unknown
246: forrtl: error (78): process killed (SIGTERM)
246: Image              PC                Routine            Line        Source             
246: libc.so.6          0000147458201980  Unknown               Unknown  Unknown
246: libc.so.6          00001474582BE1E7  __sched_yield         Unknown  Unknown
246: libmpi_intel.so.1  0000147458BD166D  MPI_Probe             Unknown  Unknown
246: ufs_model_gfs.x    0000000000CAC940  Unknown               Unknown  Unknown
246: ufs_model_gfs.x    000000000101F1BA  Unknown               Unknown  Unknown
246: ufs_model_gfs.x    000000000101D613  Unknown               Unknown  Unknown
246: ufs_model_gfs.x    000000000101D613  Unknown               Unknown  Unknown
246: ufs_model_gfs.x    0000000001277EB2  Unknown               Unknown  Unknown
246: ufs_model_gfs.x    0000000001269A7F  Unknown               Unknown  Unknown
246: ufs_model_gfs.x    0000000000C260A6  Unknown               Unknown  Unknown
246: ufs_model_gfs.x    00000000009D667F  Unknown               Unknown  Unknown
246: ufs_model_gfs.x    000000000049EB2A  Unknown               Unknown  Unknown
246: ufs_model_gfs.x    0000000000FE7855  Unknown               Unknown  Unknown
246: ufs_model_gfs.x    0000000000FEC0FF  Unknown               Unknown  Unknown
246: ufs_model_gfs.x    0000000000C9628A  Unknown               Unknown  Unknown
246: ufs_model_gfs.x    0000000000CB7D0F  Unknown               Unknown  Unknown
246: ufs_model_gfs.x    0000000000FE92FA  Unknown               Unknown  Unknown
246: ufs_model_gfs.x    0000000000A18F00  Unknown               Unknown  Unknown
246: ufs_model_gfs.x    0000000000A08761  Unknown               Unknown  Unknown
246: ufs_model_gfs.x    0000000000445828  Unknown               Unknown  Unknown
246: ufs_model_gfs.x    00000000004470A6  Unknown               Unknown  Unknown
246: ufs_model_gfs.x    0000000000D51C38  Unknown               Unknown  Unknown
246: ufs_model_gfs.x    0000000000D51BA6  Unknown               Unknown  Unknown
246: ufs_model_gfs.x    0000000000D5067C  Unknown               Unknown  Unknown
246: ufs_model_gfs.x    0000000000B937FE  Unknown               Unknown  Unknown
246: ufs_model_gfs.x    0000000000444BEF  Unknown               Unknown  Unknown
246: ufs_model_gfs.x    0000000000FE7855  Unknown               Unknown  Unknown
246: ufs_model_gfs.x    0000000000FEC0FF  Unknown               Unknown  Unknown
246: ufs_model_gfs.x    0000000000C9628A  Unknown               Unknown  Unknown
246: ufs_model_gfs.x    0000000000CB7D0F  Unknown               Unknown  Unknown
246: ufs_model_gfs.x    0000000000FE92FA  Unknown               Unknown  Unknown
246: ufs_model_gfs.x    0000000000A18F00  Unknown               Unknown  Unknown
246: ufs_model_gfs.x    0000000000736BE1  Unknown               Unknown  Unknown
246: ufs_model_gfs.x    0000000000436749  MAIN__                    409  UFS.F90
246: ufs_model_gfs.x    000000000043549D  Unknown               Unknown  Unknown
246: libc.so.6          00001474581EAEEC  Unknown               Unknown  Unknown
246: libc.so.6          00001474581EAFB5  __libc_start_main     Unknown  Unknown
246: ufs_model_gfs.x    00000000004353A1  Unknown               Unknown  Unknown
286: forrtl: error (78): process killed (SIGTERM)
286: Image              PC                Routine            Line        Source             
286: libc.so.6          0000151645801980  Unknown               Unknown  Unknown
286: libc.so.6          00001516458BE1E7  __sched_yield         Unknown  Unknown
286: libmpi_intel.so.1  00001516461D166D  MPI_Probe             Unknown  Unknown
286: ufs_model_gfs.x    0000000000CAC940  Unknown               Unknown  Unknown
286: ufs_model_gfs.x    000000000101F1BA  Unknown               Unknown  Unknown
286: ufs_model_gfs.x    000000000101D613  Unknown               Unknown  Unknown
286: ufs_model_gfs.x    000000000101D613  Unknown               Unknown  Unknown
286: ufs_model_gfs.x    0000000001277EB2  Unknown               Unknown  Unknown
286: ufs_model_gfs.x    0000000001269A7F  Unknown               Unknown  Unknown
286: ufs_model_gfs.x    0000000000C260A6  Unknown               Unknown  Unknown
286: ufs_model_gfs.x    00000000009D667F  Unknown               Unknown  Unknown
286: ufs_model_gfs.x    000000000049EB2A  Unknown               Unknown  Unknown
286: ufs_model_gfs.x    0000000000FE7855  Unknown               Unknown  Unknown
286: ufs_model_gfs.x    0000000000FEC0FF  Unknown               Unknown  Unknown
286: ufs_model_gfs.x    0000000000C9628A  Unknown               Unknown  Unknown
286: ufs_model_gfs.x    0000000000CB7D0F  Unknown               Unknown  Unknown
286: ufs_model_gfs.x    0000000000FE92FA  Unknown               Unknown  Unknown
286: ufs_model_gfs.x    0000000000A18F00  Unknown               Unknown  Unknown
286: ufs_model_gfs.x    0000000000A08761  Unknown               Unknown  Unknown
286: ufs_model_gfs.x    0000000000445828  Unknown               Unknown  Unknown
286: ufs_model_gfs.x    00000000004470A6  Unknown               Unknown  Unknown
286: ufs_model_gfs.x    0000000000D51C38  Unknown               Unknown  Unknown
286: ufs_model_gfs.x    0000000000D51BA6  Unknown               Unknown  Unknown
286: ufs_model_gfs.x    0000000000D5067C  Unknown               Unknown  Unknown
286: ufs_model_gfs.x    0000000000B937FE  Unknown               Unknown  Unknown
286: ufs_model_gfs.x    0000000000444BEF  Unknown               Unknown  Unknown
286: ufs_model_gfs.x    0000000000FE7855  Unknown               Unknown  Unknown
286: ufs_model_gfs.x    0000000000FEC0FF  Unknown               Unknown  Unknown
286: ufs_model_gfs.x    0000000000C9628A  Unknown               Unknown  Unknown
286: ufs_model_gfs.x    0000000000CB7D0F  Unknown               Unknown  Unknown
286: ufs_model_gfs.x    0000000000FE92FA  Unknown               Unknown  Unknown
286: ufs_model_gfs.x    0000000000A18F00  Unknown               Unknown  Unknown
286: ufs_model_gfs.x    0000000000736BE1  Unknown               Unknown  Unknown
286: ufs_model_gfs.x    0000000000436749  MAIN__                    409  UFS.F90
286: ufs_model_gfs.x    000000000043549D  Unknown               Unknown  Unknown
286: libc.so.6          00001516457EAEEC  Unknown               Unknown  Unknown
286: libc.so.6          00001516457EAFB5  __libc_start_main     Unknown  Unknown
286: ufs_model_gfs.x    00000000004353A1  Unknown               Unknown  Unknown
210: forrtl: error (78): process killed (SIGTERM)
210: Image              PC                Routine            Line        Source             
210: libc.so.6          000014A871201980  Unknown               Unknown  Unknown
210: libc.so.6          000014A8712BE1E7  __sched_yield         Unknown  Unknown
210: libmpi_intel.so.1  000014A871BB92AC  Unknown               Unknown  Unknown
210: libmpi_intel.so.1  000014A871BD06BC  MPI_Probe             Unknown  Unknown
210: ufs_model_gfs.x    0000000000CAC940  Unknown               Unknown  Unknown
210: ufs_model_gfs.x    000000000101F1BA  Unknown               Unknown  Unknown
210: ufs_model_gfs.x    000000000101D613  Unknown               Unknown  Unknown
210: ufs_model_gfs.x    000000000101D613  Unknown               Unknown  Unknown
210: ufs_model_gfs.x    0000000001277EB2  Unknown               Unknown  Unknown
210: ufs_model_gfs.x    0000000001269A7F  Unknown               Unknown  Unknown
210: ufs_model_gfs.x    0000000000C260A6  Unknown               Unknown  Unknown
210: ufs_model_gfs.x    00000000009D667F  Unknown               Unknown  Unknown
210: ufs_model_gfs.x    000000000049EB2A  Unknown               Unknown  Unknown
210: ufs_model_gfs.x    0000000000FE7855  Unknown               Unknown  Unknown
210: ufs_model_gfs.x    0000000000FEC0FF  Unknown               Unknown  Unknown
210: ufs_model_gfs.x    0000000000C9628A  Unknown               Unknown  Unknown
210: ufs_model_gfs.x    0000000000CB7D0F  Unknown               Unknown  Unknown
210: ufs_model_gfs.x    0000000000FE92FA  Unknown               Unknown  Unknown
210: ufs_model_gfs.x    0000000000A18F00  Unknown               Unknown  Unknown
210: ufs_model_gfs.x    0000000000A08761  Unknown               Unknown  Unknown
210: ufs_model_gfs.x    0000000000445828  Unknown               Unknown  Unknown
210: ufs_model_gfs.x    00000000004470A6  Unknown               Unknown  Unknown
210: ufs_model_gfs.x    0000000000D51C38  Unknown               Unknown  Unknown
210: ufs_model_gfs.x    0000000000D51BA6  Unknown               Unknown  Unknown
210: ufs_model_gfs.x    0000000000D5067C  Unknown               Unknown  Unknown
210: ufs_model_gfs.x    0000000000B937FE  Unknown               Unknown  Unknown
210: ufs_model_gfs.x    0000000000444BEF  Unknown               Unknown  Unknown
210: ufs_model_gfs.x    0000000000FE7855  Unknown               Unknown  Unknown
210: ufs_model_gfs.x    0000000000FEC0FF  Unknown               Unknown  Unknown
210: ufs_model_gfs.x    0000000000C9628A  Unknown               Unknown  Unknown
210: ufs_model_gfs.x    0000000000CB7D0F  Unknown               Unknown  Unknown
210: ufs_model_gfs.x    0000000000FE92FA  Unknown               Unknown  Unknown
210: ufs_model_gfs.x    0000000000A18F00  Unknown               Unknown  Unknown
210: ufs_model_gfs.x    0000000000736BE1  Unknown               Unknown  Unknown
210: ufs_model_gfs.x    0000000000436749  MAIN__                    409  UFS.F90
210: ufs_model_gfs.x    000000000043549D  Unknown               Unknown  Unknown
210: libc.so.6          000014A8711EAEEC  Unknown               Unknown  Unknown
210: libc.so.6          000014A8711EAFB5  __libc_start_main     Unknown  Unknown
210: ufs_model_gfs.x    00000000004353A1  Unknown               Unknown  Unknown
227: forrtl: error (78): process killed (SIGTERM)
227: Image              PC                Routine            Line        Source             
227: libc.so.6          0000145F7D001980  Unknown               Unknown  Unknown
227: libc.so.6          0000145F7D0BE1E7  __sched_yield         Unknown  Unknown
227: libmpi_intel.so.1  0000145F7D9D166D  MPI_Probe             Unknown  Unknown
227: ufs_model_gfs.x    0000000000CAC940  Unknown               Unknown  Unknown
227: ufs_model_gfs.x    000000000101F1BA  Unknown               Unknown  Unknown
227: ufs_model_gfs.x    000000000101D613  Unknown               Unknown  Unknown
227: ufs_model_gfs.x    000000000101D613  Unknown               Unknown  Unknown
227: ufs_model_gfs.x    0000000001277EB2  Unknown               Unknown  Unknown
227: ufs_model_gfs.x    0000000001269A7F  Unknown               Unknown  Unknown
227: ufs_model_gfs.x    0000000000C260A6  Unknown               Unknown  Unknown
227: ufs_model_gfs.x    00000000009D667F  Unknown               Unknown  Unknown
227: ufs_model_gfs.x    000000000049EB2A  Unknown               Unknown  Unknown
227: ufs_model_gfs.x    0000000000FE7855  Unknown               Unknown  Unknown
227: ufs_model_gfs.x    0000000000FEC0FF  Unknown               Unknown  Unknown
227: ufs_model_gfs.x    0000000000C9628A  Unknown               Unknown  Unknown
227: ufs_model_gfs.x    0000000000CB7D0F  Unknown               Unknown  Unknown
227: ufs_model_gfs.x    0000000000FE92FA  Unknown               Unknown  Unknown
227: ufs_model_gfs.x    0000000000A18F00  Unknown               Unknown  Unknown
227: ufs_model_gfs.x    0000000000A08761  Unknown               Unknown  Unknown
227: ufs_model_gfs.x    0000000000445828  Unknown               Unknown  Unknown
227: ufs_model_gfs.x    00000000004470A6  Unknown               Unknown  Unknown
227: ufs_model_gfs.x    0000000000D51C38  Unknown               Unknown  Unknown
227: ufs_model_gfs.x    0000000000D51BA6  Unknown               Unknown  Unknown
227: ufs_model_gfs.x    0000000000D5067C  Unknown               Unknown  Unknown
227: ufs_model_gfs.x    0000000000B937FE  Unknown               Unknown  Unknown
227: ufs_model_gfs.x    0000000000444BEF  Unknown               Unknown  Unknown
227: ufs_model_gfs.x    0000000000FE7855  Unknown               Unknown  Unknown
227: ufs_model_gfs.x    0000000000FEC0FF  Unknown               Unknown  Unknown
227: ufs_model_gfs.x    0000000000C9628A  Unknown               Unknown  Unknown
227: ufs_model_gfs.x    0000000000CB7D0F  Unknown               Unknown  Unknown
227: ufs_model_gfs.x    0000000000FE92FA  Unknown               Unknown  Unknown
227: ufs_model_gfs.x    0000000000A18F00  Unknown               Unknown  Unknown
227: ufs_model_gfs.x    0000000000736BE1  Unknown               Unknown  Unknown
227: ufs_model_gfs.x    0000000000436749  MAIN__                    409  UFS.F90
227: ufs_model_gfs.x    000000000043549D  Unknown               Unknown  Unknown
227: libc.so.6          0000145F7CFEAEEC  Unknown               Unknown  Unknown
227: libc.so.6          0000145F7CFEAFB5  __libc_start_main     Unknown  Unknown
227: ufs_model_gfs.x    00000000004353A1  Unknown               Unknown  Unknown
205: forrtl: error (78): process killed (SIGTERM)
205: Image              PC                Routine            Line        Source             
205: libc.so.6          0000154754601980  Unknown               Unknown  Unknown
205: libc.so.6          00001547546BE1E7  __sched_yield         Unknown  Unknown
205: libmpi_intel.so.1  0000154754FB92AC  Unknown               Unknown  Unknown
205: libmpi_intel.so.1  0000154754FD06BC  MPI_Probe             Unknown  Unknown
205: ufs_model_gfs.x    0000000000CAC940  Unknown               Unknown  Unknown
205: ufs_model_gfs.x    000000000101F1BA  Unknown               Unknown  Unknown
205: ufs_model_gfs.x    000000000101D613  Unknown               Unknown  Unknown
205: ufs_model_gfs.x    000000000101D613  Unknown               Unknown  Unknown
205: ufs_model_gfs.x    0000000001277EB2  Unknown               Unknown  Unknown
205: ufs_model_gfs.x    0000000001269A7F  Unknown               Unknown  Unknown
205: ufs_model_gfs.x    0000000000C260A6  Unknown               Unknown  Unknown
205: ufs_model_gfs.x    00000000009D667F  Unknown               Unknown  Unknown
205: ufs_model_gfs.x    000000000049EB2A  Unknown               Unknown  Unknown
205: ufs_model_gfs.x    0000000000FE7855  Unknown               Unknown  Unknown
205: ufs_model_gfs.x    0000000000FEC0FF  Unknown               Unknown  Unknown
205: ufs_model_gfs.x    0000000000C9628A  Unknown               Unknown  Unknown
205: ufs_model_gfs.x    0000000000CB7D0F  Unknown               Unknown  Unknown
205: ufs_model_gfs.x    0000000000FE92FA  Unknown               Unknown  Unknown
205: ufs_model_gfs.x    0000000000A18F00  Unknown               Unknown  Unknown
205: ufs_model_gfs.x    0000000000A08761  Unknown               Unknown  Unknown
205: ufs_model_gfs.x    0000000000445828  Unknown               Unknown  Unknown
205: ufs_model_gfs.x    00000000004470A6  Unknown               Unknown  Unknown
205: ufs_model_gfs.x    0000000000D51C38  Unknown               Unknown  Unknown
205: ufs_model_gfs.x    0000000000D51BA6  Unknown               Unknown  Unknown
205: ufs_model_gfs.x    0000000000D5067C  Unknown               Unknown  Unknown
205: ufs_model_gfs.x    0000000000B937FE  Unknown               Unknown  Unknown
205: ufs_model_gfs.x    0000000000444BEF  Unknown               Unknown  Unknown
205: ufs_model_gfs.x    0000000000FE7855  Unknown               Unknown  Unknown
205: ufs_model_gfs.x    0000000000FEC0FF  Unknown               Unknown  Unknown
205: ufs_model_gfs.x    0000000000C9628A  Unknown               Unknown  Unknown
205: ufs_model_gfs.x    0000000000CB7D0F  Unknown               Unknown  Unknown
205: ufs_model_gfs.x    0000000000FE92FA  Unknown               Unknown  Unknown
205: ufs_model_gfs.x    0000000000A18F00  Unknown               Unknown  Unknown
205: ufs_model_gfs.x    0000000000736BE1  Unknown               Unknown  Unknown
205: ufs_model_gfs.x    0000000000436749  MAIN__                    409  UFS.F90
205: ufs_model_gfs.x    000000000043549D  Unknown               Unknown  Unknown
205: libc.so.6          00001547545EAEEC  Unknown               Unknown  Unknown
205: libc.so.6          00001547545EAFB5  __libc_start_main     Unknown  Unknown
205: ufs_model_gfs.x    00000000004353A1  Unknown               Unknown  Unknown
254: forrtl: error (78): process killed (SIGTERM)
254: Image              PC                Routine            Line        Source             
254: libc.so.6          000014C0D5801980  Unknown               Unknown  Unknown
254: libc.so.6          000014C0D58BE1E7  __sched_yield         Unknown  Unknown
254: libmpi_intel.so.1  000014C0D61D166D  MPI_Probe             Unknown  Unknown
254: ufs_model_gfs.x    0000000000CAC940  Unknown               Unknown  Unknown
254: ufs_model_gfs.x    000000000101F1BA  Unknown               Unknown  Unknown
254: ufs_model_gfs.x    000000000101D613  Unknown               Unknown  Unknown
254: ufs_model_gfs.x    000000000101D613  Unknown               Unknown  Unknown
254: ufs_model_gfs.x    0000000001277EB2  Unknown               Unknown  Unknown
254: ufs_model_gfs.x    0000000001269A7F  Unknown               Unknown  Unknown
254: ufs_model_gfs.x    0000000000C260A6  Unknown               Unknown  Unknown
254: ufs_model_gfs.x    00000000009D667F  Unknown               Unknown  Unknown
254: ufs_model_gfs.x    000000000049EB2A  Unknown               Unknown  Unknown
254: ufs_model_gfs.x    0000000000FE7855  Unknown               Unknown  Unknown
254: ufs_model_gfs.x    0000000000FEC0FF  Unknown               Unknown  Unknown
254: ufs_model_gfs.x    0000000000C9628A  Unknown               Unknown  Unknown
254: ufs_model_gfs.x    0000000000CB7D0F  Unknown               Unknown  Unknown
254: ufs_model_gfs.x    0000000000FE92FA  Unknown               Unknown  Unknown
254: ufs_model_gfs.x    0000000000A18F00  Unknown               Unknown  Unknown
254: ufs_model_gfs.x    0000000000A08761  Unknown               Unknown  Unknown
254: ufs_model_gfs.x    0000000000445828  Unknown               Unknown  Unknown
254: ufs_model_gfs.x    00000000004470A6  Unknown               Unknown  Unknown
254: ufs_model_gfs.x    0000000000D51C38  Unknown               Unknown  Unknown
254: ufs_model_gfs.x    0000000000D51BA6  Unknown               Unknown  Unknown
254: ufs_model_gfs.x    0000000000D5067C  Unknown               Unknown  Unknown
254: ufs_model_gfs.x    0000000000B937FE  Unknown               Unknown  Unknown
254: ufs_model_gfs.x    0000000000444BEF  Unknown               Unknown  Unknown
254: ufs_model_gfs.x    0000000000FE7855  Unknown               Unknown  Unknown
254: ufs_model_gfs.x    0000000000FEC0FF  Unknown               Unknown  Unknown
254: ufs_model_gfs.x    0000000000C9628A  Unknown               Unknown  Unknown
254: ufs_model_gfs.x    0000000000CB7D0F  Unknown               Unknown  Unknown
254: ufs_model_gfs.x    0000000000FE92FA  Unknown               Unknown  Unknown
254: ufs_model_gfs.x    0000000000A18F00  Unknown               Unknown  Unknown
254: ufs_model_gfs.x    0000000000736BE1  Unknown               Unknown  Unknown
254: ufs_model_gfs.x    0000000000436749  MAIN__                    409  UFS.F90
254: ufs_model_gfs.x    000000000043549D  Unknown               Unknown  Unknown
254: libc.so.6          000014C0D57EAEEC  Unknown               Unknown  Unknown
254: libc.so.6          000014C0D57EAFB5  __libc_start_main     Unknown  Unknown
254: ufs_model_gfs.x    00000000004353A1  Unknown               Unknown  Unknown
232: forrtl: error (78): process killed (SIGTERM)
232: Image              PC                Routine            Line        Source             
232: libc.so.6          0000150179601980  Unknown               Unknown  Unknown
232: libmpi_intel.so.1  0000150179FB8E39  Unknown               Unknown  Unknown
232: libmpi_intel.so.1  0000150179FD06BC  MPI_Probe             Unknown  Unknown
232: ufs_model_gfs.x    0000000000CAC940  Unknown               Unknown  Unknown
232: ufs_model_gfs.x    000000000101F1BA  Unknown               Unknown  Unknown
232: ufs_model_gfs.x    000000000101D613  Unknown               Unknown  Unknown
232: ufs_model_gfs.x    000000000101D613  Unknown               Unknown  Unknown
232: ufs_model_gfs.x    0000000001277EB2  Unknown               Unknown  Unknown
232: ufs_model_gfs.x    0000000001269A7F  Unknown               Unknown  Unknown
232: ufs_model_gfs.x    0000000000C260A6  Unknown               Unknown  Unknown
232: ufs_model_gfs.x    00000000009D667F  Unknown               Unknown  Unknown
232: ufs_model_gfs.x    000000000049EB2A  Unknown               Unknown  Unknown
232: ufs_model_gfs.x    0000000000FE7855  Unknown               Unknown  Unknown
232: ufs_model_gfs.x    0000000000FEC0FF  Unknown               Unknown  Unknown
232: ufs_model_gfs.x    0000000000C9628A  Unknown               Unknown  Unknown
232: ufs_model_gfs.x    0000000000CB7D0F  Unknown               Unknown  Unknown
232: ufs_model_gfs.x    0000000000FE92FA  Unknown               Unknown  Unknown
232: ufs_model_gfs.x    0000000000A18F00  Unknown               Unknown  Unknown
232: ufs_model_gfs.x    0000000000A08761  Unknown               Unknown  Unknown
232: ufs_model_gfs.x    0000000000445828  Unknown               Unknown  Unknown
232: ufs_model_gfs.x    00000000004470A6  Unknown               Unknown  Unknown
232: ufs_model_gfs.x    0000000000D51C38  Unknown               Unknown  Unknown
232: ufs_model_gfs.x    0000000000D51BA6  Unknown               Unknown  Unknown
232: ufs_model_gfs.x    0000000000D5067C  Unknown               Unknown  Unknown
232: ufs_model_gfs.x    0000000000B937FE  Unknown               Unknown  Unknown
232: ufs_model_gfs.x    0000000000444BEF  Unknown               Unknown  Unknown
232: ufs_model_gfs.x    0000000000FE7855  Unknown               Unknown  Unknown
232: ufs_model_gfs.x    0000000000FEC0FF  Unknown               Unknown  Unknown
232: ufs_model_gfs.x    0000000000C9628A  Unknown               Unknown  Unknown
232: ufs_model_gfs.x    0000000000CB7D0F  Unknown               Unknown  Unknown
232: ufs_model_gfs.x    0000000000FE92FA  Unknown               Unknown  Unknown
232: ufs_model_gfs.x    0000000000A18F00  Unknown               Unknown  Unknown
232: ufs_model_gfs.x    0000000000736BE1  Unknown               Unknown  Unknown
232: ufs_model_gfs.x    0000000000436749  MAIN__                    409  UFS.F90
232: ufs_model_gfs.x    000000000043549D  Unknown               Unknown  Unknown
232: libc.so.6          00001501795EAEEC  Unknown               Unknown  Unknown
232: libc.so.6          00001501795EAFB5  __libc_start_main     Unknown  Unknown
232: ufs_model_gfs.x    00000000004353A1  Unknown               Unknown  Unknown
269: forrtl: error (78): process killed (SIGTERM)
269: Image              PC                Routine            Line        Source             
269: libc.so.6          000014AD13801980  Unknown               Unknown  Unknown
269: libc.so.6          000014AD138BE1DE  __sched_yield         Unknown  Unknown
269: libmpi_intel.so.1  000014AD141D166D  MPI_Probe             Unknown  Unknown
269: ufs_model_gfs.x    0000000000CAC940  Unknown               Unknown  Unknown
269: ufs_model_gfs.x    000000000101F1BA  Unknown               Unknown  Unknown
269: ufs_model_gfs.x    000000000101D613  Unknown               Unknown  Unknown
269: ufs_model_gfs.x    000000000101D613  Unknown               Unknown  Unknown
269: ufs_model_gfs.x    0000000001277EB2  Unknown               Unknown  Unknown
269: ufs_model_gfs.x    0000000001269A7F  Unknown               Unknown  Unknown
269: ufs_model_gfs.x    0000000000C260A6  Unknown               Unknown  Unknown
269: ufs_model_gfs.x    00000000009D667F  Unknown               Unknown  Unknown
269: ufs_model_gfs.x    000000000049EB2A  Unknown               Unknown  Unknown
269: ufs_model_gfs.x    0000000000FE7855  Unknown               Unknown  Unknown
269: ufs_model_gfs.x    0000000000FEC0FF  Unknown               Unknown  Unknown
269: ufs_model_gfs.x    0000000000C9628A  Unknown               Unknown  Unknown
269: ufs_model_gfs.x    0000000000CB7D0F  Unknown               Unknown  Unknown
269: ufs_model_gfs.x    0000000000FE92FA  Unknown               Unknown  Unknown
269: ufs_model_gfs.x    0000000000A18F00  Unknown               Unknown  Unknown
269: ufs_model_gfs.x    0000000000A08761  Unknown               Unknown  Unknown
269: ufs_model_gfs.x    0000000000445828  Unknown               Unknown  Unknown
269: ufs_model_gfs.x    00000000004470A6  Unknown               Unknown  Unknown
269: ufs_model_gfs.x    0000000000D51C38  Unknown               Unknown  Unknown
269: ufs_model_gfs.x    0000000000D51BA6  Unknown               Unknown  Unknown
269: ufs_model_gfs.x    0000000000D5067C  Unknown               Unknown  Unknown
269: ufs_model_gfs.x    0000000000B937FE  Unknown               Unknown  Unknown
269: ufs_model_gfs.x    0000000000444BEF  Unknown               Unknown  Unknown
269: ufs_model_gfs.x    0000000000FE7855  Unknown               Unknown  Unknown
269: ufs_model_gfs.x    0000000000FEC0FF  Unknown               Unknown  Unknown
269: ufs_model_gfs.x    0000000000C9628A  Unknown               Unknown  Unknown
269: ufs_model_gfs.x    0000000000CB7D0F  Unknown               Unknown  Unknown
269: ufs_model_gfs.x    0000000000FE92FA  Unknown               Unknown  Unknown
269: ufs_model_gfs.x    0000000000A18F00  Unknown               Unknown  Unknown
269: ufs_model_gfs.x    0000000000736BE1  Unknown               Unknown  Unknown
269: ufs_model_gfs.x    0000000000436749  MAIN__                    409  UFS.F90
269: ufs_model_gfs.x    000000000043549D  Unknown               Unknown  Unknown
269: libc.so.6          000014AD137EAEEC  Unknown               Unknown  Unknown
269: libc.so.6          000014AD137EAFB5  __libc_start_main     Unknown  Unknown
269: ufs_model_gfs.x    00000000004353A1  Unknown               Unknown  Unknown
279: forrtl: error (78): process killed (SIGTERM)
279: Image              PC                Routine            Line        Source             
279: libc.so.6          0000147AFFA01980  Unknown               Unknown  Unknown
279: libc.so.6          0000147AFFABE1E7  __sched_yield         Unknown  Unknown
279: libmpi_intel.so.1  0000147B003B92AC  Unknown               Unknown  Unknown
279: libmpi_intel.so.1  0000147B003D06BC  MPI_Probe             Unknown  Unknown
279: ufs_model_gfs.x    0000000000CAC940  Unknown               Unknown  Unknown
279: ufs_model_gfs.x    000000000101F1BA  Unknown               Unknown  Unknown
279: ufs_model_gfs.x    000000000101D613  Unknown               Unknown  Unknown
279: ufs_model_gfs.x    000000000101D613  Unknown               Unknown  Unknown
279: ufs_model_gfs.x    0000000001277EB2  Unknown               Unknown  Unknown
279: ufs_model_gfs.x    0000000001269A7F  Unknown               Unknown  Unknown
279: ufs_model_gfs.x    0000000000C260A6  Unknown               Unknown  Unknown
279: ufs_model_gfs.x    00000000009D667F  Unknown               Unknown  Unknown
279: ufs_model_gfs.x    000000000049EB2A  Unknown               Unknown  Unknown
279: ufs_model_gfs.x    0000000000FE7855  Unknown               Unknown  Unknown
279: ufs_model_gfs.x    0000000000FEC0FF  Unknown               Unknown  Unknown
279: ufs_model_gfs.x    0000000000C9628A  Unknown               Unknown  Unknown
279: ufs_model_gfs.x    0000000000CB7D0F  Unknown               Unknown  Unknown
279: ufs_model_gfs.x    0000000000FE92FA  Unknown               Unknown  Unknown
279: ufs_model_gfs.x    0000000000A18F00  Unknown               Unknown  Unknown
279: ufs_model_gfs.x    0000000000A08761  Unknown               Unknown  Unknown
279: ufs_model_gfs.x    0000000000445828  Unknown               Unknown  Unknown
279: ufs_model_gfs.x    00000000004470A6  Unknown               Unknown  Unknown
279: ufs_model_gfs.x    0000000000D51C38  Unknown               Unknown  Unknown
279: ufs_model_gfs.x    0000000000D51BA6  Unknown               Unknown  Unknown
279: ufs_model_gfs.x    0000000000D5067C  Unknown               Unknown  Unknown
279: ufs_model_gfs.x    0000000000B937FE  Unknown               Unknown  Unknown
279: ufs_model_gfs.x    0000000000444BEF  Unknown               Unknown  Unknown
279: ufs_model_gfs.x    0000000000FE7855  Unknown               Unknown  Unknown
279: ufs_model_gfs.x    0000000000FEC0FF  Unknown               Unknown  Unknown
279: ufs_model_gfs.x    0000000000C9628A  Unknown               Unknown  Unknown
279: ufs_model_gfs.x    0000000000CB7D0F  Unknown               Unknown  Unknown
279: ufs_model_gfs.x    0000000000FE92FA  Unknown               Unknown  Unknown
279: ufs_model_gfs.x    0000000000A18F00  Unknown               Unknown  Unknown
279: ufs_model_gfs.x    0000000000736BE1  Unknown               Unknown  Unknown
279: ufs_model_gfs.x    0000000000436749  MAIN__                    409  UFS.F90
279: ufs_model_gfs.x    000000000043549D  Unknown               Unknown  Unknown
279: libc.so.6          0000147AFF9EAEEC  Unknown               Unknown  Unknown
279: libc.so.6          0000147AFF9EAFB5  __libc_start_main     Unknown  Unknown
279: ufs_model_gfs.x    00000000004353A1  Unknown               Unknown  Unknown
272: forrtl: error (78): process killed (SIGTERM)
272: Image              PC                Routine            Line        Source             
272: libc.so.6          00001510FE601980  Unknown               Unknown  Unknown
272: libc.so.6          00001510FE6BE1E7  __sched_yield         Unknown  Unknown
272: libmpi_intel.so.1  00001510FEFB92AC  Unknown               Unknown  Unknown
272: libmpi_intel.so.1  00001510FEFD06BC  MPI_Probe             Unknown  Unknown
272: ufs_model_gfs.x    0000000000CAC940  Unknown               Unknown  Unknown
272: ufs_model_gfs.x    000000000101F1BA  Unknown               Unknown  Unknown
272: ufs_model_gfs.x    000000000101D613  Unknown               Unknown  Unknown
272: ufs_model_gfs.x    000000000101D613  Unknown               Unknown  Unknown
272: ufs_model_gfs.x    0000000001277EB2  Unknown               Unknown  Unknown
272: ufs_model_gfs.x    0000000001269A7F  Unknown               Unknown  Unknown
272: ufs_model_gfs.x    0000000000C260A6  Unknown               Unknown  Unknown
272: ufs_model_gfs.x    00000000009D667F  Unknown               Unknown  Unknown
272: ufs_model_gfs.x    000000000049EB2A  Unknown               Unknown  Unknown
272: ufs_model_gfs.x    0000000000FE7855  Unknown               Unknown  Unknown
272: ufs_model_gfs.x    0000000000FEC0FF  Unknown               Unknown  Unknown
272: ufs_model_gfs.x    0000000000C9628A  Unknown               Unknown  Unknown
272: ufs_model_gfs.x    0000000000CB7D0F  Unknown               Unknown  Unknown
272: ufs_model_gfs.x    0000000000FE92FA  Unknown               Unknown  Unknown
272: ufs_model_gfs.x    0000000000A18F00  Unknown               Unknown  Unknown
272: ufs_model_gfs.x    0000000000A08761  Unknown               Unknown  Unknown
272: ufs_model_gfs.x    0000000000445828  Unknown               Unknown  Unknown
272: ufs_model_gfs.x    00000000004470A6  Unknown               Unknown  Unknown
272: ufs_model_gfs.x    0000000000D51C38  Unknown               Unknown  Unknown
272: ufs_model_gfs.x    0000000000D51BA6  Unknown               Unknown  Unknown
272: ufs_model_gfs.x    0000000000D5067C  Unknown               Unknown  Unknown
272: ufs_model_gfs.x    0000000000B937FE  Unknown               Unknown  Unknown
272: ufs_model_gfs.x    0000000000444BEF  Unknown               Unknown  Unknown
272: ufs_model_gfs.x    0000000000FE7855  Unknown               Unknown  Unknown
272: ufs_model_gfs.x    0000000000FEC0FF  Unknown               Unknown  Unknown
272: ufs_model_gfs.x    0000000000C9628A  Unknown               Unknown  Unknown
272: ufs_model_gfs.x    0000000000CB7D0F  Unknown               Unknown  Unknown
272: ufs_model_gfs.x    0000000000FE92FA  Unknown               Unknown  Unknown
272: ufs_model_gfs.x    0000000000A18F00  Unknown               Unknown  Unknown
272: ufs_model_gfs.x    0000000000736BE1  Unknown               Unknown  Unknown
272: ufs_model_gfs.x    0000000000436749  MAIN__                    409  UFS.F90
272: ufs_model_gfs.x    000000000043549D  Unknown               Unknown  Unknown
272: libc.so.6          00001510FE5EAEEC  Unknown               Unknown  Unknown
272: libc.so.6          00001510FE5EAFB5  __libc_start_main     Unknown  Unknown
272: ufs_model_gfs.x    00000000004353A1  Unknown               Unknown  Unknown
291: forrtl: error (78): process killed (SIGTERM)
291: Image              PC                Routine            Line        Source             
291: libc.so.6          000014C12E001980  Unknown               Unknown  Unknown
291: libc.so.6          000014C12E0BE1E7  __sched_yield         Unknown  Unknown
291: libmpi_intel.so.1  000014C12E9B92AC  Unknown               Unknown  Unknown
291: libmpi_intel.so.1  000014C12E9D06BC  MPI_Probe             Unknown  Unknown
291: ufs_model_gfs.x    0000000000CAC940  Unknown               Unknown  Unknown
291: ufs_model_gfs.x    000000000101F1BA  Unknown               Unknown  Unknown
291: ufs_model_gfs.x    000000000101D613  Unknown               Unknown  Unknown
291: ufs_model_gfs.x    000000000101D613  Unknown               Unknown  Unknown
291: ufs_model_gfs.x    0000000001277EB2  Unknown               Unknown  Unknown
291: ufs_model_gfs.x    0000000001269A7F  Unknown               Unknown  Unknown
291: ufs_model_gfs.x    0000000000C260A6  Unknown               Unknown  Unknown
291: ufs_model_gfs.x    00000000009D667F  Unknown               Unknown  Unknown
291: ufs_model_gfs.x    000000000049EB2A  Unknown               Unknown  Unknown
291: ufs_model_gfs.x    0000000000FE7855  Unknown               Unknown  Unknown
291: ufs_model_gfs.x    0000000000FEC0FF  Unknown               Unknown  Unknown
291: ufs_model_gfs.x    0000000000C9628A  Unknown               Unknown  Unknown
291: ufs_model_gfs.x    0000000000CB7D0F  Unknown               Unknown  Unknown
291: ufs_model_gfs.x    0000000000FE92FA  Unknown               Unknown  Unknown
291: ufs_model_gfs.x    0000000000A18F00  Unknown               Unknown  Unknown
291: ufs_model_gfs.x    0000000000A08761  Unknown               Unknown  Unknown
291: ufs_model_gfs.x    0000000000445828  Unknown               Unknown  Unknown
291: ufs_model_gfs.x    00000000004470A6  Unknown               Unknown  Unknown
291: ufs_model_gfs.x    0000000000D51C38  Unknown               Unknown  Unknown
291: ufs_model_gfs.x    0000000000D51BA6  Unknown               Unknown  Unknown
291: ufs_model_gfs.x    0000000000D5067C  Unknown               Unknown  Unknown
291: ufs_model_gfs.x    0000000000B937FE  Unknown               Unknown  Unknown
291: ufs_model_gfs.x    0000000000444BEF  Unknown               Unknown  Unknown
291: ufs_model_gfs.x    0000000000FE7855  Unknown               Unknown  Unknown
291: ufs_model_gfs.x    0000000000FEC0FF  Unknown               Unknown  Unknown
291: ufs_model_gfs.x    0000000000C9628A  Unknown               Unknown  Unknown
291: ufs_model_gfs.x    0000000000CB7D0F  Unknown               Unknown  Unknown
291: ufs_model_gfs.x    0000000000FE92FA  Unknown               Unknown  Unknown
291: ufs_model_gfs.x    0000000000A18F00  Unknown               Unknown  Unknown
291: ufs_model_gfs.x    0000000000736BE1  Unknown               Unknown  Unknown
291: ufs_model_gfs.x    0000000000436749  MAIN__                    409  UFS.F90
291: ufs_model_gfs.x    000000000043549D  Unknown               Unknown  Unknown
291: libc.so.6          000014C12DFEAEEC  Unknown               Unknown  Unknown
291: libc.so.6          000014C12DFEAFB5  __libc_start_main     Unknown  Unknown
291: ufs_model_gfs.x    00000000004353A1  Unknown               Unknown  Unknown
261: forrtl: error (78): process killed (SIGTERM)
261: Image              PC                Routine            Line        Source             
261: libc.so.6          00001506C9A01980  Unknown               Unknown  Unknown
261: libc.so.6          00001506C9ABE1E7  __sched_yield         Unknown  Unknown
261: libmpi_intel.so.1  00001506CA3D166D  MPI_Probe             Unknown  Unknown
261: ufs_model_gfs.x    0000000000CAC940  Unknown               Unknown  Unknown
261: ufs_model_gfs.x    000000000101F1BA  Unknown               Unknown  Unknown
261: ufs_model_gfs.x    000000000101D613  Unknown               Unknown  Unknown
261: ufs_model_gfs.x    000000000101D613  Unknown               Unknown  Unknown
261: ufs_model_gfs.x    0000000001277EB2  Unknown               Unknown  Unknown
261: ufs_model_gfs.x    0000000001269A7F  Unknown               Unknown  Unknown
261: ufs_model_gfs.x    0000000000C260A6  Unknown               Unknown  Unknown
261: ufs_model_gfs.x    00000000009D667F  Unknown               Unknown  Unknown
261: ufs_model_gfs.x    000000000049EB2A  Unknown               Unknown  Unknown
261: ufs_model_gfs.x    0000000000FE7855  Unknown               Unknown  Unknown
261: ufs_model_gfs.x    0000000000FEC0FF  Unknown               Unknown  Unknown
261: ufs_model_gfs.x    0000000000C9628A  Unknown               Unknown  Unknown
261: ufs_model_gfs.x    0000000000CB7D0F  Unknown               Unknown  Unknown
261: ufs_model_gfs.x    0000000000FE92FA  Unknown               Unknown  Unknown
261: ufs_model_gfs.x    0000000000A18F00  Unknown               Unknown  Unknown
261: ufs_model_gfs.x    0000000000A08761  Unknown               Unknown  Unknown
261: ufs_model_gfs.x    0000000000445828  Unknown               Unknown  Unknown
261: ufs_model_gfs.x    00000000004470A6  Unknown               Unknown  Unknown
261: ufs_model_gfs.x    0000000000D51C38  Unknown               Unknown  Unknown
261: ufs_model_gfs.x    0000000000D51BA6  Unknown               Unknown  Unknown
261: ufs_model_gfs.x    0000000000D5067C  Unknown               Unknown  Unknown
261: ufs_model_gfs.x    0000000000B937FE  Unknown               Unknown  Unknown
261: ufs_model_gfs.x    0000000000444BEF  Unknown               Unknown  Unknown
261: ufs_model_gfs.x    0000000000FE7855  Unknown               Unknown  Unknown
261: ufs_model_gfs.x    0000000000FEC0FF  Unknown               Unknown  Unknown
261: ufs_model_gfs.x    0000000000C9628A  Unknown               Unknown  Unknown
261: ufs_model_gfs.x    0000000000CB7D0F  Unknown               Unknown  Unknown
261: ufs_model_gfs.x    0000000000FE92FA  Unknown               Unknown  Unknown
261: ufs_model_gfs.x    0000000000A18F00  Unknown               Unknown  Unknown
261: ufs_model_gfs.x    0000000000736BE1  Unknown               Unknown  Unknown
261: ufs_model_gfs.x    0000000000436749  MAIN__                    409  UFS.F90
261: ufs_model_gfs.x    000000000043549D  Unknown               Unknown  Unknown
261: libc.so.6          00001506C99EAEEC  Unknown               Unknown  Unknown
261: libc.so.6          00001506C99EAFB5  __libc_start_main     Unknown  Unknown
261: ufs_model_gfs.x    00000000004353A1  Unknown               Unknown  Unknown
241: forrtl: error (78): process killed (SIGTERM)
241: Image              PC                Routine            Line        Source             
241: libc.so.6          0000146896A01980  Unknown               Unknown  Unknown
241: libc.so.6          0000146896ABE1E7  __sched_yield         Unknown  Unknown
241: libmpi_intel.so.1  00001468973D166D  MPI_Probe             Unknown  Unknown
241: ufs_model_gfs.x    0000000000CAC940  Unknown               Unknown  Unknown
241: ufs_model_gfs.x    000000000101F1BA  Unknown               Unknown  Unknown
241: ufs_model_gfs.x    000000000101D613  Unknown               Unknown  Unknown
241: ufs_model_gfs.x    000000000101D613  Unknown               Unknown  Unknown
241: ufs_model_gfs.x    0000000001277EB2  Unknown               Unknown  Unknown
241: ufs_model_gfs.x    0000000001269A7F  Unknown               Unknown  Unknown
241: ufs_model_gfs.x    0000000000C260A6  Unknown               Unknown  Unknown
241: ufs_model_gfs.x    00000000009D667F  Unknown               Unknown  Unknown
241: ufs_model_gfs.x    000000000049EB2A  Unknown               Unknown  Unknown
241: ufs_model_gfs.x    0000000000FE7855  Unknown               Unknown  Unknown
241: ufs_model_gfs.x    0000000000FEC0FF  Unknown               Unknown  Unknown
241: ufs_model_gfs.x    0000000000C9628A  Unknown               Unknown  Unknown
241: ufs_model_gfs.x    0000000000CB7D0F  Unknown               Unknown  Unknown
241: ufs_model_gfs.x    0000000000FE92FA  Unknown               Unknown  Unknown
241: ufs_model_gfs.x    0000000000A18F00  Unknown               Unknown  Unknown
241: ufs_model_gfs.x    0000000000A08761  Unknown               Unknown  Unknown
241: ufs_model_gfs.x    0000000000445828  Unknown               Unknown  Unknown
241: ufs_model_gfs.x    00000000004470A6  Unknown               Unknown  Unknown
241: ufs_model_gfs.x    0000000000D51C38  Unknown               Unknown  Unknown
241: ufs_model_gfs.x    0000000000D51BA6  Unknown               Unknown  Unknown
241: ufs_model_gfs.x    0000000000D5067C  Unknown               Unknown  Unknown
241: ufs_model_gfs.x    0000000000B937FE  Unknown               Unknown  Unknown
241: ufs_model_gfs.x    0000000000444BEF  Unknown               Unknown  Unknown
241: ufs_model_gfs.x    0000000000FE7855  Unknown               Unknown  Unknown
241: ufs_model_gfs.x    0000000000FEC0FF  Unknown               Unknown  Unknown
241: ufs_model_gfs.x    0000000000C9628A  Unknown               Unknown  Unknown
241: ufs_model_gfs.x    0000000000CB7D0F  Unknown               Unknown  Unknown
241: ufs_model_gfs.x    0000000000FE92FA  Unknown               Unknown  Unknown
241: ufs_model_gfs.x    0000000000A18F00  Unknown               Unknown  Unknown
241: ufs_model_gfs.x    0000000000736BE1  Unknown               Unknown  Unknown
241: ufs_model_gfs.x    0000000000436749  MAIN__                    409  UFS.F90
241: ufs_model_gfs.x    000000000043549D  Unknown               Unknown  Unknown
241: libc.so.6          00001468969EAEEC  Unknown               Unknown  Unknown
241: libc.so.6          00001468969EAFB5  __libc_start_main     Unknown  Unknown
241: ufs_model_gfs.x    00000000004353A1  Unknown               Unknown  Unknown
207: forrtl: error (78): process killed (SIGTERM)
207: Image              PC                Routine            Line        Source             
207: libc.so.6          0000147B2AC01980  Unknown               Unknown  Unknown
207: libfabric.so.1.25  0000147B27C35F56  Unknown               Unknown  Unknown
207: libmpi_intel.so.1  0000147B2B5B8BF7  Unknown               Unknown  Unknown
207: libmpi_intel.so.1  0000147B2B5D06BC  MPI_Probe             Unknown  Unknown
207: ufs_model_gfs.x    0000000000CAC940  Unknown               Unknown  Unknown
207: ufs_model_gfs.x    000000000101F1BA  Unknown               Unknown  Unknown
207: ufs_model_gfs.x    000000000101D613  Unknown               Unknown  Unknown
207: ufs_model_gfs.x    000000000101D613  Unknown               Unknown  Unknown
207: ufs_model_gfs.x    0000000001277EB2  Unknown               Unknown  Unknown
207: ufs_model_gfs.x    0000000001269A7F  Unknown               Unknown  Unknown
207: ufs_model_gfs.x    0000000000C260A6  Unknown               Unknown  Unknown
207: ufs_model_gfs.x    00000000009D667F  Unknown               Unknown  Unknown
207: ufs_model_gfs.x    000000000049EB2A  Unknown               Unknown  Unknown
207: ufs_model_gfs.x    0000000000FE7855  Unknown               Unknown  Unknown
207: ufs_model_gfs.x    0000000000FEC0FF  Unknown               Unknown  Unknown
207: ufs_model_gfs.x    0000000000C9628A  Unknown               Unknown  Unknown
207: ufs_model_gfs.x    0000000000CB7D0F  Unknown               Unknown  Unknown
207: ufs_model_gfs.x    0000000000FE92FA  Unknown               Unknown  Unknown
207: ufs_model_gfs.x    0000000000A18F00  Unknown               Unknown  Unknown
207: ufs_model_gfs.x    0000000000A08761  Unknown               Unknown  Unknown
207: ufs_model_gfs.x    0000000000445828  Unknown               Unknown  Unknown
207: ufs_model_gfs.x    00000000004470A6  Unknown               Unknown  Unknown
207: ufs_model_gfs.x    0000000000D51C38  Unknown               Unknown  Unknown
207: ufs_model_gfs.x    0000000000D51BA6  Unknown               Unknown  Unknown
207: ufs_model_gfs.x    0000000000D5067C  Unknown               Unknown  Unknown
207: ufs_model_gfs.x    0000000000B937FE  Unknown               Unknown  Unknown
207: ufs_model_gfs.x    0000000000444BEF  Unknown               Unknown  Unknown
207: ufs_model_gfs.x    0000000000FE7855  Unknown               Unknown  Unknown
207: ufs_model_gfs.x    0000000000FEC0FF  Unknown               Unknown  Unknown
207: ufs_model_gfs.x    0000000000C9628A  Unknown               Unknown  Unknown
207: ufs_model_gfs.x    0000000000CB7D0F  Unknown               Unknown  Unknown
207: ufs_model_gfs.x    0000000000FE92FA  Unknown               Unknown  Unknown
207: ufs_model_gfs.x    0000000000A18F00  Unknown               Unknown  Unknown
207: ufs_model_gfs.x    0000000000736BE1  Unknown               Unknown  Unknown
207: ufs_model_gfs.x    0000000000436749  MAIN__                    409  UFS.F90
207: ufs_model_gfs.x    000000000043549D  Unknown               Unknown  Unknown
207: libc.so.6          0000147B2ABEAEEC  Unknown               Unknown  Unknown
207: libc.so.6          0000147B2ABEAFB5  __libc_start_main     Unknown  Unknown
207: ufs_model_gfs.x    00000000004353A1  Unknown               Unknown  Unknown
293: forrtl: error (78): process killed (SIGTERM)
293: Image              PC                Routine            Line        Source             
293: libc.so.6          000014AE81001980  Unknown               Unknown  Unknown
293: libc.so.6          000014AE810BE1E7  __sched_yield         Unknown  Unknown
293: libmpi_intel.so.1  000014AE819D166D  MPI_Probe             Unknown  Unknown
293: ufs_model_gfs.x    0000000000CAC940  Unknown               Unknown  Unknown
293: ufs_model_gfs.x    000000000101F1BA  Unknown               Unknown  Unknown
293: ufs_model_gfs.x    000000000101D613  Unknown               Unknown  Unknown
293: ufs_model_gfs.x    000000000101D613  Unknown               Unknown  Unknown
293: ufs_model_gfs.x    0000000001277EB2  Unknown               Unknown  Unknown
293: ufs_model_gfs.x    0000000001269A7F  Unknown               Unknown  Unknown
293: ufs_model_gfs.x    0000000000C260A6  Unknown               Unknown  Unknown
293: ufs_model_gfs.x    00000000009D667F  Unknown               Unknown  Unknown
293: ufs_model_gfs.x    000000000049EB2A  Unknown               Unknown  Unknown
293: ufs_model_gfs.x    0000000000FE7855  Unknown               Unknown  Unknown
293: ufs_model_gfs.x    0000000000FEC0FF  Unknown               Unknown  Unknown
293: ufs_model_gfs.x    0000000000C9628A  Unknown               Unknown  Unknown
293: ufs_model_gfs.x    0000000000CB7D0F  Unknown               Unknown  Unknown
293: ufs_model_gfs.x    0000000000FE92FA  Unknown               Unknown  Unknown
293: ufs_model_gfs.x    0000000000A18F00  Unknown               Unknown  Unknown
293: ufs_model_gfs.x    0000000000A08761  Unknown               Unknown  Unknown
293: ufs_model_gfs.x    0000000000445828  Unknown               Unknown  Unknown
293: ufs_model_gfs.x    00000000004470A6  Unknown               Unknown  Unknown
293: ufs_model_gfs.x    0000000000D51C38  Unknown               Unknown  Unknown
293: ufs_model_gfs.x    0000000000D51BA6  Unknown               Unknown  Unknown
293: ufs_model_gfs.x    0000000000D5067C  Unknown               Unknown  Unknown
293: ufs_model_gfs.x    0000000000B937FE  Unknown               Unknown  Unknown
293: ufs_model_gfs.x    0000000000444BEF  Unknown               Unknown  Unknown
293: ufs_model_gfs.x    0000000000FE7855  Unknown               Unknown  Unknown
293: ufs_model_gfs.x    0000000000FEC0FF  Unknown               Unknown  Unknown
293: ufs_model_gfs.x    0000000000C9628A  Unknown               Unknown  Unknown
293: ufs_model_gfs.x    0000000000CB7D0F  Unknown               Unknown  Unknown
293: ufs_model_gfs.x    0000000000FE92FA  Unknown               Unknown  Unknown
293: ufs_model_gfs.x    0000000000A18F00  Unknown               Unknown  Unknown
293: ufs_model_gfs.x    0000000000736BE1  Unknown               Unknown  Unknown
293: ufs_model_gfs.x    0000000000436749  MAIN__                    409  UFS.F90
293: ufs_model_gfs.x    000000000043549D  Unknown               Unknown  Unknown
293: libc.so.6          000014AE80FEAEEC  Unknown               Unknown  Unknown
293: libc.so.6          000014AE80FEAFB5  __libc_start_main     Unknown  Unknown
293: ufs_model_gfs.x    00000000004353A1  Unknown               Unknown  Unknown
266: forrtl: error (78): process killed (SIGTERM)
266: Image              PC                Routine            Line        Source             
266: libc.so.6          00001515CE401980  Unknown               Unknown  Unknown
266: libc.so.6          00001515CE4BE1E7  __sched_yield         Unknown  Unknown
266: libmpi_intel.so.1  00001515CEDD166D  MPI_Probe             Unknown  Unknown
266: ufs_model_gfs.x    0000000000CAC940  Unknown               Unknown  Unknown
266: ufs_model_gfs.x    000000000101F1BA  Unknown               Unknown  Unknown
266: ufs_model_gfs.x    000000000101D613  Unknown               Unknown  Unknown
266: ufs_model_gfs.x    000000000101D613  Unknown               Unknown  Unknown
266: ufs_model_gfs.x    0000000001277EB2  Unknown               Unknown  Unknown
266: ufs_model_gfs.x    0000000001269A7F  Unknown               Unknown  Unknown
266: ufs_model_gfs.x    0000000000C260A6  Unknown               Unknown  Unknown
266: ufs_model_gfs.x    00000000009D667F  Unknown               Unknown  Unknown
266: ufs_model_gfs.x    000000000049EB2A  Unknown               Unknown  Unknown
266: ufs_model_gfs.x    0000000000FE7855  Unknown               Unknown  Unknown
266: ufs_model_gfs.x    0000000000FEC0FF  Unknown               Unknown  Unknown
266: ufs_model_gfs.x    0000000000C9628A  Unknown               Unknown  Unknown
266: ufs_model_gfs.x    0000000000CB7D0F  Unknown               Unknown  Unknown
266: ufs_model_gfs.x    0000000000FE92FA  Unknown               Unknown  Unknown
266: ufs_model_gfs.x    0000000000A18F00  Unknown               Unknown  Unknown
266: ufs_model_gfs.x    0000000000A08761  Unknown               Unknown  Unknown
266: ufs_model_gfs.x    0000000000445828  Unknown               Unknown  Unknown
266: ufs_model_gfs.x    00000000004470A6  Unknown               Unknown  Unknown
266: ufs_model_gfs.x    0000000000D51C38  Unknown               Unknown  Unknown
266: ufs_model_gfs.x    0000000000D51BA6  Unknown               Unknown  Unknown
266: ufs_model_gfs.x    0000000000D5067C  Unknown               Unknown  Unknown
266: ufs_model_gfs.x    0000000000B937FE  Unknown               Unknown  Unknown
266: ufs_model_gfs.x    0000000000444BEF  Unknown               Unknown  Unknown
266: ufs_model_gfs.x    0000000000FE7855  Unknown               Unknown  Unknown
266: ufs_model_gfs.x    0000000000FEC0FF  Unknown               Unknown  Unknown
266: ufs_model_gfs.x    0000000000C9628A  Unknown               Unknown  Unknown
266: ufs_model_gfs.x    0000000000CB7D0F  Unknown               Unknown  Unknown
266: ufs_model_gfs.x    0000000000FE92FA  Unknown               Unknown  Unknown
266: ufs_model_gfs.x    0000000000A18F00  Unknown               Unknown  Unknown
266: ufs_model_gfs.x    0000000000736BE1  Unknown               Unknown  Unknown
266: ufs_model_gfs.x    0000000000436749  MAIN__                    409  UFS.F90
266: ufs_model_gfs.x    000000000043549D  Unknown               Unknown  Unknown
266: libc.so.6          00001515CE3EAEEC  Unknown               Unknown  Unknown
266: libc.so.6          00001515CE3EAFB5  __libc_start_main     Unknown  Unknown
266: ufs_model_gfs.x    00000000004353A1  Unknown               Unknown  Unknown
255: forrtl: error (78): process killed (SIGTERM)
255: Image              PC                Routine            Line        Source             
255: libc.so.6          0000154C67601980  Unknown               Unknown  Unknown
255: libc.so.6          0000154C676BE1E7  __sched_yield         Unknown  Unknown
255: libmpi_intel.so.1  0000154C67FD166D  MPI_Probe             Unknown  Unknown
255: ufs_model_gfs.x    0000000000CAC940  Unknown               Unknown  Unknown
255: ufs_model_gfs.x    000000000101F1BA  Unknown               Unknown  Unknown
255: ufs_model_gfs.x    000000000101D613  Unknown               Unknown  Unknown
255: ufs_model_gfs.x    000000000101D613  Unknown               Unknown  Unknown
255: ufs_model_gfs.x    0000000001277EB2  Unknown               Unknown  Unknown
255: ufs_model_gfs.x    0000000001269A7F  Unknown               Unknown  Unknown
255: ufs_model_gfs.x    0000000000C260A6  Unknown               Unknown  Unknown
255: ufs_model_gfs.x    00000000009D667F  Unknown               Unknown  Unknown
255: ufs_model_gfs.x    000000000049EB2A  Unknown               Unknown  Unknown
255: ufs_model_gfs.x    0000000000FE7855  Unknown               Unknown  Unknown
255: ufs_model_gfs.x    0000000000FEC0FF  Unknown               Unknown  Unknown
255: ufs_model_gfs.x    0000000000C9628A  Unknown               Unknown  Unknown
255: ufs_model_gfs.x    0000000000CB7D0F  Unknown               Unknown  Unknown
255: ufs_model_gfs.x    0000000000FE92FA  Unknown               Unknown  Unknown
255: ufs_model_gfs.x    0000000000A18F00  Unknown               Unknown  Unknown
255: ufs_model_gfs.x    0000000000A08761  Unknown               Unknown  Unknown
255: ufs_model_gfs.x    0000000000445828  Unknown               Unknown  Unknown
255: ufs_model_gfs.x    00000000004470A6  Unknown               Unknown  Unknown
255: ufs_model_gfs.x    0000000000D51C38  Unknown               Unknown  Unknown
255: ufs_model_gfs.x    0000000000D51BA6  Unknown               Unknown  Unknown
255: ufs_model_gfs.x    0000000000D5067C  Unknown               Unknown  Unknown
255: ufs_model_gfs.x    0000000000B937FE  Unknown               Unknown  Unknown
255: ufs_model_gfs.x    0000000000444BEF  Unknown               Unknown  Unknown
255: ufs_model_gfs.x    0000000000FE7855  Unknown               Unknown  Unknown
255: ufs_model_gfs.x    0000000000FEC0FF  Unknown               Unknown  Unknown
255: ufs_model_gfs.x    0000000000C9628A  Unknown               Unknown  Unknown
255: ufs_model_gfs.x    0000000000CB7D0F  Unknown               Unknown  Unknown
255: ufs_model_gfs.x    0000000000FE92FA  Unknown               Unknown  Unknown
255: ufs_model_gfs.x    0000000000A18F00  Unknown               Unknown  Unknown
255: ufs_model_gfs.x    0000000000736BE1  Unknown               Unknown  Unknown
255: ufs_model_gfs.x    0000000000436749  MAIN__                    409  UFS.F90
255: ufs_model_gfs.x    000000000043549D  Unknown               Unknown  Unknown
255: libc.so.6          0000154C675EAEEC  Unknown               Unknown  Unknown
255: libc.so.6          0000154C675EAFB5  __libc_start_main     Unknown  Unknown
255: ufs_model_gfs.x    00000000004353A1  Unknown               Unknown  Unknown
238: forrtl: error (78): process killed (SIGTERM)
238: Image              PC                Routine            Line        Source             
238: libc.so.6          000014ECB5601980  Unknown               Unknown  Unknown
238: libc.so.6          000014ECB56BE1E7  __sched_yield         Unknown  Unknown
238: libmpi_intel.so.1  000014ECB5FD166D  MPI_Probe             Unknown  Unknown
238: ufs_model_gfs.x    0000000000CAC940  Unknown               Unknown  Unknown
238: ufs_model_gfs.x    000000000101F1BA  Unknown               Unknown  Unknown
238: ufs_model_gfs.x    000000000101D613  Unknown               Unknown  Unknown
238: ufs_model_gfs.x    000000000101D613  Unknown               Unknown  Unknown
238: ufs_model_gfs.x    0000000001277EB2  Unknown               Unknown  Unknown
238: ufs_model_gfs.x    0000000001269A7F  Unknown               Unknown  Unknown
238: ufs_model_gfs.x    0000000000C260A6  Unknown               Unknown  Unknown
238: ufs_model_gfs.x    00000000009D667F  Unknown               Unknown  Unknown
238: ufs_model_gfs.x    000000000049EB2A  Unknown               Unknown  Unknown
238: ufs_model_gfs.x    0000000000FE7855  Unknown               Unknown  Unknown
238: ufs_model_gfs.x    0000000000FEC0FF  Unknown               Unknown  Unknown
238: ufs_model_gfs.x    0000000000C9628A  Unknown               Unknown  Unknown
238: ufs_model_gfs.x    0000000000CB7D0F  Unknown               Unknown  Unknown
238: ufs_model_gfs.x    0000000000FE92FA  Unknown               Unknown  Unknown
238: ufs_model_gfs.x    0000000000A18F00  Unknown               Unknown  Unknown
238: ufs_model_gfs.x    0000000000A08761  Unknown               Unknown  Unknown
238: ufs_model_gfs.x    0000000000445828  Unknown               Unknown  Unknown
238: ufs_model_gfs.x    00000000004470A6  Unknown               Unknown  Unknown
238: ufs_model_gfs.x    0000000000D51C38  Unknown               Unknown  Unknown
238: ufs_model_gfs.x    0000000000D51BA6  Unknown               Unknown  Unknown
238: ufs_model_gfs.x    0000000000D5067C  Unknown               Unknown  Unknown
238: ufs_model_gfs.x    0000000000B937FE  Unknown               Unknown  Unknown
238: ufs_model_gfs.x    0000000000444BEF  Unknown               Unknown  Unknown
238: ufs_model_gfs.x    0000000000FE7855  Unknown               Unknown  Unknown
238: ufs_model_gfs.x    0000000000FEC0FF  Unknown               Unknown  Unknown
238: ufs_model_gfs.x    0000000000C9628A  Unknown               Unknown  Unknown
238: ufs_model_gfs.x    0000000000CB7D0F  Unknown               Unknown  Unknown
238: ufs_model_gfs.x    0000000000FE92FA  Unknown               Unknown  Unknown
238: ufs_model_gfs.x    0000000000A18F00  Unknown               Unknown  Unknown
238: ufs_model_gfs.x    0000000000736BE1  Unknown               Unknown  Unknown
238: ufs_model_gfs.x    0000000000436749  MAIN__                    409  UFS.F90
238: ufs_model_gfs.x    000000000043549D  Unknown               Unknown  Unknown
238: libc.so.6          000014ECB55EAEEC  Unknown               Unknown  Unknown
238: libc.so.6          000014ECB55EAFB5  __libc_start_main     Unknown  Unknown
238: ufs_model_gfs.x    00000000004353A1  Unknown               Unknown  Unknown
214: forrtl: error (78): process killed (SIGTERM)
214: Image              PC                Routine            Line        Source             
214: libc.so.6          00001515D5201980  Unknown               Unknown  Unknown
214: libc.so.6          00001515D52BE1E7  __sched_yield         Unknown  Unknown
214: libmpi_intel.so.1  00001515D5BD166D  MPI_Probe             Unknown  Unknown
214: ufs_model_gfs.x    0000000000CAC940  Unknown               Unknown  Unknown
214: ufs_model_gfs.x    000000000101F1BA  Unknown               Unknown  Unknown
214: ufs_model_gfs.x    000000000101D613  Unknown               Unknown  Unknown
214: ufs_model_gfs.x    000000000101D613  Unknown               Unknown  Unknown
214: ufs_model_gfs.x    0000000001277EB2  Unknown               Unknown  Unknown
214: ufs_model_gfs.x    0000000001269A7F  Unknown               Unknown  Unknown
214: ufs_model_gfs.x    0000000000C260A6  Unknown               Unknown  Unknown
214: ufs_model_gfs.x    00000000009D667F  Unknown               Unknown  Unknown
214: ufs_model_gfs.x    000000000049EB2A  Unknown               Unknown  Unknown
214: ufs_model_gfs.x    0000000000FE7855  Unknown               Unknown  Unknown
214: ufs_model_gfs.x    0000000000FEC0FF  Unknown               Unknown  Unknown
214: ufs_model_gfs.x    0000000000C9628A  Unknown               Unknown  Unknown
214: ufs_model_gfs.x    0000000000CB7D0F  Unknown               Unknown  Unknown
214: ufs_model_gfs.x    0000000000FE92FA  Unknown               Unknown  Unknown
214: ufs_model_gfs.x    0000000000A18F00  Unknown               Unknown  Unknown
214: ufs_model_gfs.x    0000000000A08761  Unknown               Unknown  Unknown
214: ufs_model_gfs.x    0000000000445828  Unknown               Unknown  Unknown
214: ufs_model_gfs.x    00000000004470A6  Unknown               Unknown  Unknown
214: ufs_model_gfs.x    0000000000D51C38  Unknown               Unknown  Unknown
214: ufs_model_gfs.x    0000000000D51BA6  Unknown               Unknown  Unknown
214: ufs_model_gfs.x    0000000000D5067C  Unknown               Unknown  Unknown
214: ufs_model_gfs.x    0000000000B937FE  Unknown               Unknown  Unknown
214: ufs_model_gfs.x    0000000000444BEF  Unknown               Unknown  Unknown
214: ufs_model_gfs.x    0000000000FE7855  Unknown               Unknown  Unknown
214: ufs_model_gfs.x    0000000000FEC0FF  Unknown               Unknown  Unknown
214: ufs_model_gfs.x    0000000000C9628A  Unknown               Unknown  Unknown
214: ufs_model_gfs.x    0000000000CB7D0F  Unknown               Unknown  Unknown
214: ufs_model_gfs.x    0000000000FE92FA  Unknown               Unknown  Unknown
214: ufs_model_gfs.x    0000000000A18F00  Unknown               Unknown  Unknown
214: ufs_model_gfs.x    0000000000736BE1  Unknown               Unknown  Unknown
