352: ufs_model_gfs.x    00000000004353A1  Unknown               Unknown  Unknown
383: forrtl: error (78): process killed (SIGTERM)
383: Image              PC                Routine            Line        Source             
383: libc.so.6          000014B8CDA01980  Unknown               Unknown  Unknown
383: libc.so.6          000014B8CDABE1E7  __sched_yield         Unknown  Unknown
383: libmpi_intel.so.1  000014B8CE9023F8  Unknown               Unknown  Unknown
383: libmpi_intel.so.1  000014B8CF4EC666  Unknown               Unknown  Unknown
383: libmpi_intel.so.1  000014B8CF4F831D  Unknown               Unknown  Unknown
383: libmpi_intel.so.1  000014B8CF41DBDF  Unknown               Unknown  Unknown
383: libmpi_intel.so.1  000014B8CDE00730  Unknown               Unknown  Unknown
383: libmpi_intel.so.1  000014B8CDE008E5  Unknown               Unknown  Unknown
383: libmpi_intel.so.1  000014B8CF678FE3  Unknown               Unknown  Unknown
383: libmpi_intel.so.1  000014B8CFCB6BC6  Unknown               Unknown  Unknown
383: libmpi_intel.so.1  000014B8CFE37145  Unknown               Unknown  Unknown
383: libmpi_intel.so.1  000014B8CF852DB6  Unknown               Unknown  Unknown
383: libmpi_intel.so.1  000014B8CE1E2164  MPI_Finalize          Unknown  Unknown
383: ufs_model_gfs.x    0000000000C910C9  Unknown               Unknown  Unknown
383: ufs_model_gfs.x    0000000000CB703A  Unknown               Unknown  Unknown
383: ufs_model_gfs.x    0000000000C89AD0  Unknown               Unknown  Unknown
383: ufs_model_gfs.x    000000000055BB77  Unknown               Unknown  Unknown
383: ufs_model_gfs.x    00000000006774E4  Unknown               Unknown  Unknown
383: ufs_model_gfs.x    0000000000436A5A  MAIN__                    473  UFS.F90
383: ufs_model_gfs.x    000000000043549D  Unknown               Unknown  Unknown
383: libc.so.6          000014B8CD9EAEEC  Unknown               Unknown  Unknown
383: libc.so.6          000014B8CD9EAFB5  __libc_start_main     Unknown  Unknown
383: ufs_model_gfs.x    00000000004353A1  Unknown               Unknown  Unknown
380: forrtl: error (78): process killed (SIGTERM)
380: Image              PC                Routine            Line        Source             
380: libc.so.6          00001534C9201980  Unknown               Unknown  Unknown
380: libc.so.6          00001534C92BE1E7  __sched_yield         Unknown  Unknown
380: libmpi_intel.so.1  00001534CA1023F8  Unknown               Unknown  Unknown
380: libmpi_intel.so.1  00001534CACEC666  Unknown               Unknown  Unknown
380: libmpi_intel.so.1  00001534CACF831D  Unknown               Unknown  Unknown
380: libmpi_intel.so.1  00001534CAC1DBDF  Unknown               Unknown  Unknown
380: libmpi_intel.so.1  00001534C9600730  Unknown               Unknown  Unknown
380: libmpi_intel.so.1  00001534C96008E5  Unknown               Unknown  Unknown
380: libmpi_intel.so.1  00001534CAE78FE3  Unknown               Unknown  Unknown
380: libmpi_intel.so.1  00001534CB4B6BC6  Unknown               Unknown  Unknown
380: libmpi_intel.so.1  00001534CB637145  Unknown               Unknown  Unknown
380: libmpi_intel.so.1  00001534CB052DB6  Unknown               Unknown  Unknown
380: libmpi_intel.so.1  00001534C99E2164  MPI_Finalize          Unknown  Unknown
380: ufs_model_gfs.x    0000000000C910C9  Unknown               Unknown  Unknown
380: ufs_model_gfs.x    0000000000CB703A  Unknown               Unknown  Unknown
380: ufs_model_gfs.x    0000000000C89AD0  Unknown               Unknown  Unknown
380: ufs_model_gfs.x    000000000055BB77  Unknown               Unknown  Unknown
380: ufs_model_gfs.x    00000000006774E4  Unknown               Unknown  Unknown
380: ufs_model_gfs.x    0000000000436A5A  MAIN__                    473  UFS.F90
380: ufs_model_gfs.x    000000000043549D  Unknown               Unknown  Unknown
380: libc.so.6          00001534C91EAEEC  Unknown               Unknown  Unknown
380: libc.so.6          00001534C91EAFB5  __libc_start_main     Unknown  Unknown
380: ufs_model_gfs.x    00000000004353A1  Unknown               Unknown  Unknown
358: forrtl: error (78): process killed (SIGTERM)
358: Image              PC                Routine            Line        Source             
358: libc.so.6          000014A1AEC01980  Unknown               Unknown  Unknown
358: libc.so.6          000014A1AECBE1E7  __sched_yield         Unknown  Unknown
358: libmpi_intel.so.1  000014A1AFB023F8  Unknown               Unknown  Unknown
358: libmpi_intel.so.1  000014A1B06EC666  Unknown               Unknown  Unknown
358: libmpi_intel.so.1  000014A1B06F831D  Unknown               Unknown  Unknown
358: libmpi_intel.so.1  000014A1B061DBDF  Unknown               Unknown  Unknown
358: libmpi_intel.so.1  000014A1AF000730  Unknown               Unknown  Unknown
358: libmpi_intel.so.1  000014A1AF0008E5  Unknown               Unknown  Unknown
358: libmpi_intel.so.1  000014A1B0878FE3  Unknown               Unknown  Unknown
358: libmpi_intel.so.1  000014A1B0EB6BC6  Unknown               Unknown  Unknown
358: libmpi_intel.so.1  000014A1B1037145  Unknown               Unknown  Unknown
358: libmpi_intel.so.1  000014A1B0A52DB6  Unknown               Unknown  Unknown
358: libmpi_intel.so.1  000014A1AF3E2164  MPI_Finalize          Unknown  Unknown
358: ufs_model_gfs.x    0000000000C910C9  Unknown               Unknown  Unknown
358: ufs_model_gfs.x    0000000000CB703A  Unknown               Unknown  Unknown
358: ufs_model_gfs.x    0000000000C89AD0  Unknown               Unknown  Unknown
358: ufs_model_gfs.x    000000000055BB77  Unknown               Unknown  Unknown
358: ufs_model_gfs.x    00000000006774E4  Unknown               Unknown  Unknown
358: ufs_model_gfs.x    0000000000436A5A  MAIN__                    473  UFS.F90
358: ufs_model_gfs.x    000000000043549D  Unknown               Unknown  Unknown
358: libc.so.6          000014A1AEBEAEEC  Unknown               Unknown  Unknown
358: libc.so.6          000014A1AEBEAFB5  __libc_start_main     Unknown  Unknown
358: ufs_model_gfs.x    00000000004353A1  Unknown               Unknown  Unknown
378: forrtl: error (78): process killed (SIGTERM)
378: Image              PC                Routine            Line        Source             
378: libc.so.6          0000149E31E01980  Unknown               Unknown  Unknown
378: libc.so.6          0000149E31EBE1E7  __sched_yield         Unknown  Unknown
378: libmpi_intel.so.1  0000149E32D023F8  Unknown               Unknown  Unknown
378: libmpi_intel.so.1  0000149E338EC666  Unknown               Unknown  Unknown
378: libmpi_intel.so.1  0000149E338F831D  Unknown               Unknown  Unknown
378: libmpi_intel.so.1  0000149E3381DBDF  Unknown               Unknown  Unknown
378: libmpi_intel.so.1  0000149E32200730  Unknown               Unknown  Unknown
378: libmpi_intel.so.1  0000149E322008E5  Unknown               Unknown  Unknown
378: libmpi_intel.so.1  0000149E33A78FE3  Unknown               Unknown  Unknown
378: libmpi_intel.so.1  0000149E340B6BC6  Unknown               Unknown  Unknown
378: libmpi_intel.so.1  0000149E34237145  Unknown               Unknown  Unknown
378: libmpi_intel.so.1  0000149E33C52DB6  Unknown               Unknown  Unknown
378: libmpi_intel.so.1  0000149E325E2164  MPI_Finalize          Unknown  Unknown
378: ufs_model_gfs.x    0000000000C910C9  Unknown               Unknown  Unknown
378: ufs_model_gfs.x    0000000000CB703A  Unknown               Unknown  Unknown
378: ufs_model_gfs.x    0000000000C89AD0  Unknown               Unknown  Unknown
378: ufs_model_gfs.x    000000000055BB77  Unknown               Unknown  Unknown
378: ufs_model_gfs.x    00000000006774E4  Unknown               Unknown  Unknown
378: ufs_model_gfs.x    0000000000436A5A  MAIN__                    473  UFS.F90
378: ufs_model_gfs.x    000000000043549D  Unknown               Unknown  Unknown
378: libc.so.6          0000149E31DEAEEC  Unknown               Unknown  Unknown
378: libc.so.6          0000149E31DEAFB5  __libc_start_main     Unknown  Unknown
378: ufs_model_gfs.x    00000000004353A1  Unknown               Unknown  Unknown
354: forrtl: error (78): process killed (SIGTERM)
354: Image              PC                Routine            Line        Source             
354: libc.so.6          0000154C23C01980  Unknown               Unknown  Unknown
354: libc.so.6          0000154C23CBE1E7  __sched_yield         Unknown  Unknown
354: libmpi_intel.so.1  0000154C24B023F8  Unknown               Unknown  Unknown
354: libmpi_intel.so.1  0000154C256EC666  Unknown               Unknown  Unknown
354: libmpi_intel.so.1  0000154C256F831D  Unknown               Unknown  Unknown
354: libmpi_intel.so.1  0000154C2561DBDF  Unknown               Unknown  Unknown
354: libmpi_intel.so.1  0000154C24000730  Unknown               Unknown  Unknown
354: libmpi_intel.so.1  0000154C240008E5  Unknown               Unknown  Unknown
354: libmpi_intel.so.1  0000154C25878FE3  Unknown               Unknown  Unknown
354: libmpi_intel.so.1  0000154C25EB6BC6  Unknown               Unknown  Unknown
354: libmpi_intel.so.1  0000154C26037145  Unknown               Unknown  Unknown
354: libmpi_intel.so.1  0000154C25A52DB6  Unknown               Unknown  Unknown
354: libmpi_intel.so.1  0000154C243E2164  MPI_Finalize          Unknown  Unknown
354: ufs_model_gfs.x    0000000000C910C9  Unknown               Unknown  Unknown
354: ufs_model_gfs.x    0000000000CB703A  Unknown               Unknown  Unknown
354: ufs_model_gfs.x    0000000000C89AD0  Unknown               Unknown  Unknown
354: ufs_model_gfs.x    000000000055BB77  Unknown               Unknown  Unknown
354: ufs_model_gfs.x    00000000006774E4  Unknown               Unknown  Unknown
354: ufs_model_gfs.x    0000000000436A5A  MAIN__                    473  UFS.F90
354: ufs_model_gfs.x    000000000043549D  Unknown               Unknown  Unknown
354: libc.so.6          0000154C23BEAEEC  Unknown               Unknown  Unknown
354: libc.so.6          0000154C23BEAFB5  __libc_start_main     Unknown  Unknown
354: ufs_model_gfs.x    00000000004353A1  Unknown               Unknown  Unknown
353: forrtl: error (78): process killed (SIGTERM)
353: Image              PC                Routine            Line        Source             
353: libc.so.6          000014E6F2401980  Unknown               Unknown  Unknown
353: libc.so.6          000014E6F24BE1E7  __sched_yield         Unknown  Unknown
353: libmpi_intel.so.1  000014E6F33023F8  Unknown               Unknown  Unknown
353: libmpi_intel.so.1  000014E6F3EEC666  Unknown               Unknown  Unknown
353: libmpi_intel.so.1  000014E6F3EF831D  Unknown               Unknown  Unknown
353: libmpi_intel.so.1  000014E6F3E1DBDF  Unknown               Unknown  Unknown
353: libmpi_intel.so.1  000014E6F2800730  Unknown               Unknown  Unknown
353: libmpi_intel.so.1  000014E6F28008E5  Unknown               Unknown  Unknown
353: libmpi_intel.so.1  000014E6F4078FE3  Unknown               Unknown  Unknown
353: libmpi_intel.so.1  000014E6F46B6BC6  Unknown               Unknown  Unknown
353: libmpi_intel.so.1  000014E6F4837145  Unknown               Unknown  Unknown
353: libmpi_intel.so.1  000014E6F4252DB6  Unknown               Unknown  Unknown
353: libmpi_intel.so.1  000014E6F2BE2164  MPI_Finalize          Unknown  Unknown
353: ufs_model_gfs.x    0000000000C910C9  Unknown               Unknown  Unknown
353: ufs_model_gfs.x    0000000000CB703A  Unknown               Unknown  Unknown
353: ufs_model_gfs.x    0000000000C89AD0  Unknown               Unknown  Unknown
353: ufs_model_gfs.x    000000000055BB77  Unknown               Unknown  Unknown
353: ufs_model_gfs.x    00000000006774E4  Unknown               Unknown  Unknown
353: ufs_model_gfs.x    0000000000436A5A  MAIN__                    473  UFS.F90
353: ufs_model_gfs.x    000000000043549D  Unknown               Unknown  Unknown
353: libc.so.6          000014E6F23EAEEC  Unknown               Unknown  Unknown
353: libc.so.6          000014E6F23EAFB5  __libc_start_main     Unknown  Unknown
353: ufs_model_gfs.x    00000000004353A1  Unknown               Unknown  Unknown
364: forrtl: error (78): process killed (SIGTERM)
364: Image              PC                Routine            Line        Source             
364: libc.so.6          0000148A04001980  Unknown               Unknown  Unknown
364: libc.so.6          0000148A040BE1E7  __sched_yield         Unknown  Unknown
364: libmpi_intel.so.1  0000148A04F023F8  Unknown               Unknown  Unknown
364: libmpi_intel.so.1  0000148A05AEC666  Unknown               Unknown  Unknown
364: libmpi_intel.so.1  0000148A05AF831D  Unknown               Unknown  Unknown
364: libmpi_intel.so.1  0000148A05A1DBDF  Unknown               Unknown  Unknown
364: libmpi_intel.so.1  0000148A04400730  Unknown               Unknown  Unknown
364: libmpi_intel.so.1  0000148A044008E5  Unknown               Unknown  Unknown
364: libmpi_intel.so.1  0000148A05C78FE3  Unknown               Unknown  Unknown
364: libmpi_intel.so.1  0000148A062B6BC6  Unknown               Unknown  Unknown
364: libmpi_intel.so.1  0000148A06437145  Unknown               Unknown  Unknown
364: libmpi_intel.so.1  0000148A05E52DB6  Unknown               Unknown  Unknown
364: libmpi_intel.so.1  0000148A047E2164  MPI_Finalize          Unknown  Unknown
364: ufs_model_gfs.x    0000000000C910C9  Unknown               Unknown  Unknown
364: ufs_model_gfs.x    0000000000CB703A  Unknown               Unknown  Unknown
364: ufs_model_gfs.x    0000000000C89AD0  Unknown               Unknown  Unknown
364: ufs_model_gfs.x    000000000055BB77  Unknown               Unknown  Unknown
364: ufs_model_gfs.x    00000000006774E4  Unknown               Unknown  Unknown
364: ufs_model_gfs.x    0000000000436A5A  MAIN__                    473  UFS.F90
364: ufs_model_gfs.x    000000000043549D  Unknown               Unknown  Unknown
364: libc.so.6          0000148A03FEAEEC  Unknown               Unknown  Unknown
364: libc.so.6          0000148A03FEAFB5  __libc_start_main     Unknown  Unknown
364: ufs_model_gfs.x    00000000004353A1  Unknown               Unknown  Unknown
351: forrtl: error (78): process killed (SIGTERM)
351: Image              PC                Routine            Line        Source             
351: libc.so.6          000014F453801980  Unknown               Unknown  Unknown
351: libc.so.6          000014F4538BE1E7  __sched_yield         Unknown  Unknown
351: libmpi_intel.so.1  000014F4547023F8  Unknown               Unknown  Unknown
351: libmpi_intel.so.1  000014F4552EC666  Unknown               Unknown  Unknown
351: libmpi_intel.so.1  000014F4552F831D  Unknown               Unknown  Unknown
351: libmpi_intel.so.1  000014F45521DBDF  Unknown               Unknown  Unknown
351: libmpi_intel.so.1  000014F453C00730  Unknown               Unknown  Unknown
351: libmpi_intel.so.1  000014F453C008E5  Unknown               Unknown  Unknown
351: libmpi_intel.so.1  000014F455478FE3  Unknown               Unknown  Unknown
351: libmpi_intel.so.1  000014F455AB6BC6  Unknown               Unknown  Unknown
351: libmpi_intel.so.1  000014F455C37145  Unknown               Unknown  Unknown
351: libmpi_intel.so.1  000014F455652DB6  Unknown               Unknown  Unknown
351: libmpi_intel.so.1  000014F453FE2164  MPI_Finalize          Unknown  Unknown
351: ufs_model_gfs.x    0000000000C910C9  Unknown               Unknown  Unknown
351: ufs_model_gfs.x    0000000000CB703A  Unknown               Unknown  Unknown
351: ufs_model_gfs.x    0000000000C89AD0  Unknown               Unknown  Unknown
351: ufs_model_gfs.x    000000000055BB77  Unknown               Unknown  Unknown
351: ufs_model_gfs.x    00000000006774E4  Unknown               Unknown  Unknown
351: ufs_model_gfs.x    0000000000436A5A  MAIN__                    473  UFS.F90
351: ufs_model_gfs.x    000000000043549D  Unknown               Unknown  Unknown
351: libc.so.6          000014F4537EAEEC  Unknown               Unknown  Unknown
351: libc.so.6          000014F4537EAFB5  __libc_start_main     Unknown  Unknown
351: ufs_model_gfs.x    00000000004353A1  Unknown               Unknown  Unknown
345: forrtl: error (78): process killed (SIGTERM)
345: Image              PC                Routine            Line        Source             
345: libc.so.6          0000147993C01980  Unknown               Unknown  Unknown
345: libc.so.6          0000147993CBE1E7  __sched_yield         Unknown  Unknown
345: libmpi_intel.so.1  0000147994B023F8  Unknown               Unknown  Unknown
345: libmpi_intel.so.1  00001479956EC666  Unknown               Unknown  Unknown
345: libmpi_intel.so.1  00001479956F831D  Unknown               Unknown  Unknown
345: libmpi_intel.so.1  000014799561DBDF  Unknown               Unknown  Unknown
345: libmpi_intel.so.1  0000147994000730  Unknown               Unknown  Unknown
345: libmpi_intel.so.1  00001479940008E5  Unknown               Unknown  Unknown
345: libmpi_intel.so.1  0000147995878FE3  Unknown               Unknown  Unknown
345: libmpi_intel.so.1  0000147995EB6BC6  Unknown               Unknown  Unknown
345: libmpi_intel.so.1  0000147996037145  Unknown               Unknown  Unknown
345: libmpi_intel.so.1  0000147995A52DB6  Unknown               Unknown  Unknown
345: libmpi_intel.so.1  00001479943E2164  MPI_Finalize          Unknown  Unknown
345: ufs_model_gfs.x    0000000000C910C9  Unknown               Unknown  Unknown
345: ufs_model_gfs.x    0000000000CB703A  Unknown               Unknown  Unknown
345: ufs_model_gfs.x    0000000000C89AD0  Unknown               Unknown  Unknown
345: ufs_model_gfs.x    000000000055BB77  Unknown               Unknown  Unknown
345: ufs_model_gfs.x    00000000006774E4  Unknown               Unknown  Unknown
345: ufs_model_gfs.x    0000000000436A5A  MAIN__                    473  UFS.F90
345: ufs_model_gfs.x    000000000043549D  Unknown               Unknown  Unknown
345: libc.so.6          0000147993BEAEEC  Unknown               Unknown  Unknown
345: libc.so.6          0000147993BEAFB5  __libc_start_main     Unknown  Unknown
345: ufs_model_gfs.x    00000000004353A1  Unknown               Unknown  Unknown
367: forrtl: error (78): process killed (SIGTERM)
367: Image              PC                Routine            Line        Source             
367: libc.so.6          000014622CE01980  Unknown               Unknown  Unknown
367: libc.so.6          000014622CEBE1E7  __sched_yield         Unknown  Unknown
367: libmpi_intel.so.1  000014622DD023F8  Unknown               Unknown  Unknown
367: libmpi_intel.so.1  000014622E8EC666  Unknown               Unknown  Unknown
367: libmpi_intel.so.1  000014622E8F831D  Unknown               Unknown  Unknown
367: libmpi_intel.so.1  000014622E81DBDF  Unknown               Unknown  Unknown
367: libmpi_intel.so.1  000014622D200730  Unknown               Unknown  Unknown
367: libmpi_intel.so.1  000014622D2008E5  Unknown               Unknown  Unknown
367: libmpi_intel.so.1  000014622EA78FE3  Unknown               Unknown  Unknown
367: libmpi_intel.so.1  000014622F0B6BC6  Unknown               Unknown  Unknown
367: libmpi_intel.so.1  000014622F237145  Unknown               Unknown  Unknown
367: libmpi_intel.so.1  000014622EC52DB6  Unknown               Unknown  Unknown
367: libmpi_intel.so.1  000014622D5E2164  MPI_Finalize          Unknown  Unknown
367: ufs_model_gfs.x    0000000000C910C9  Unknown               Unknown  Unknown
367: ufs_model_gfs.x    0000000000CB703A  Unknown               Unknown  Unknown
367: ufs_model_gfs.x    0000000000C89AD0  Unknown               Unknown  Unknown
367: ufs_model_gfs.x    000000000055BB77  Unknown               Unknown  Unknown
367: ufs_model_gfs.x    00000000006774E4  Unknown               Unknown  Unknown
367: ufs_model_gfs.x    0000000000436A5A  MAIN__                    473  UFS.F90
367: ufs_model_gfs.x    000000000043549D  Unknown               Unknown  Unknown
367: libc.so.6          000014622CDEAEEC  Unknown               Unknown  Unknown
367: libc.so.6          000014622CDEAFB5  __libc_start_main     Unknown  Unknown
367: ufs_model_gfs.x    00000000004353A1  Unknown               Unknown  Unknown
377: forrtl: error (78): process killed (SIGTERM)
377: Image              PC                Routine            Line        Source             
377: libc.so.6          000014C2EA201980  Unknown               Unknown  Unknown
377: libmpi_intel.so.1  000014C2EC1322DA  Unknown               Unknown  Unknown
377: libmpi_intel.so.1  000014C2EB0FC0C5  Unknown               Unknown  Unknown
377: libmpi_intel.so.1  000014C2EBCEC666  Unknown               Unknown  Unknown
377: libmpi_intel.so.1  000014C2EBCF831D  Unknown               Unknown  Unknown
377: libmpi_intel.so.1  000014C2EBC1DBDF  Unknown               Unknown  Unknown
377: libmpi_intel.so.1  000014C2EA600730  Unknown               Unknown  Unknown
377: libmpi_intel.so.1  000014C2EA6008E5  Unknown               Unknown  Unknown
377: libmpi_intel.so.1  000014C2EBE78FE3  Unknown               Unknown  Unknown
377: libmpi_intel.so.1  000014C2EC4B6BC6  Unknown               Unknown  Unknown
377: libmpi_intel.so.1  000014C2EC637145  Unknown               Unknown  Unknown
377: libmpi_intel.so.1  000014C2EC052DB6  Unknown               Unknown  Unknown
377: libmpi_intel.so.1  000014C2EA9E2164  MPI_Finalize          Unknown  Unknown
377: ufs_model_gfs.x    0000000000C910C9  Unknown               Unknown  Unknown
377: ufs_model_gfs.x    0000000000CB703A  Unknown               Unknown  Unknown
377: ufs_model_gfs.x    0000000000C89AD0  Unknown               Unknown  Unknown
377: ufs_model_gfs.x    000000000055BB77  Unknown               Unknown  Unknown
377: ufs_model_gfs.x    00000000006774E4  Unknown               Unknown  Unknown
377: ufs_model_gfs.x    0000000000436A5A  MAIN__                    473  UFS.F90
377: ufs_model_gfs.x    000000000043549D  Unknown               Unknown  Unknown
377: libc.so.6          000014C2EA1EAEEC  Unknown               Unknown  Unknown
377: libc.so.6          000014C2EA1EAFB5  __libc_start_main     Unknown  Unknown
377: ufs_model_gfs.x    00000000004353A1  Unknown               Unknown  Unknown
359: forrtl: error (78): process killed (SIGTERM)
359: Image              PC                Routine            Line        Source             
359: libc.so.6          000014EA13401980  Unknown               Unknown  Unknown
359: libc.so.6          000014EA134BE1E7  __sched_yield         Unknown  Unknown
359: libmpi_intel.so.1  000014EA143023F8  Unknown               Unknown  Unknown
359: libmpi_intel.so.1  000014EA14EEC666  Unknown               Unknown  Unknown
359: libmpi_intel.so.1  000014EA14EF831D  Unknown               Unknown  Unknown
359: libmpi_intel.so.1  000014EA14E1DBDF  Unknown               Unknown  Unknown
359: libmpi_intel.so.1  000014EA13800730  Unknown               Unknown  Unknown
359: libmpi_intel.so.1  000014EA138008E5  Unknown               Unknown  Unknown
359: libmpi_intel.so.1  000014EA15078FE3  Unknown               Unknown  Unknown
359: libmpi_intel.so.1  000014EA156B6BC6  Unknown               Unknown  Unknown
359: libmpi_intel.so.1  000014EA15837145  Unknown               Unknown  Unknown
359: libmpi_intel.so.1  000014EA15252DB6  Unknown               Unknown  Unknown
359: libmpi_intel.so.1  000014EA13BE2164  MPI_Finalize          Unknown  Unknown
359: ufs_model_gfs.x    0000000000C910C9  Unknown               Unknown  Unknown
359: ufs_model_gfs.x    0000000000CB703A  Unknown               Unknown  Unknown
359: ufs_model_gfs.x    0000000000C89AD0  Unknown               Unknown  Unknown
359: ufs_model_gfs.x    000000000055BB77  Unknown               Unknown  Unknown
359: ufs_model_gfs.x    00000000006774E4  Unknown               Unknown  Unknown
359: ufs_model_gfs.x    0000000000436A5A  MAIN__                    473  UFS.F90
359: ufs_model_gfs.x    000000000043549D  Unknown               Unknown  Unknown
359: libc.so.6          000014EA133EAEEC  Unknown               Unknown  Unknown
359: libc.so.6          000014EA133EAFB5  __libc_start_main     Unknown  Unknown
359: ufs_model_gfs.x    00000000004353A1  Unknown               Unknown  Unknown
363: forrtl: error (78): process killed (SIGTERM)
363: Image              PC                Routine            Line        Source             
363: libc.so.6          000014B24C401980  Unknown               Unknown  Unknown
363: libc.so.6          000014B24C4BE1E7  __sched_yield         Unknown  Unknown
363: libmpi_intel.so.1  000014B24D3023F8  Unknown               Unknown  Unknown
363: libmpi_intel.so.1  000014B24DEEC666  Unknown               Unknown  Unknown
363: libmpi_intel.so.1  000014B24DEF831D  Unknown               Unknown  Unknown
363: libmpi_intel.so.1  000014B24DE1DBDF  Unknown               Unknown  Unknown
363: libmpi_intel.so.1  000014B24C800730  Unknown               Unknown  Unknown
363: libmpi_intel.so.1  000014B24C8008E5  Unknown               Unknown  Unknown
363: libmpi_intel.so.1  000014B24E078FE3  Unknown               Unknown  Unknown
363: libmpi_intel.so.1  000014B24E6B6BC6  Unknown               Unknown  Unknown
363: libmpi_intel.so.1  000014B24E837145  Unknown               Unknown  Unknown
363: libmpi_intel.so.1  000014B24E252DB6  Unknown               Unknown  Unknown
363: libmpi_intel.so.1  000014B24CBE2164  MPI_Finalize          Unknown  Unknown
363: ufs_model_gfs.x    0000000000C910C9  Unknown               Unknown  Unknown
363: ufs_model_gfs.x    0000000000CB703A  Unknown               Unknown  Unknown
363: ufs_model_gfs.x    0000000000C89AD0  Unknown               Unknown  Unknown
363: ufs_model_gfs.x    000000000055BB77  Unknown               Unknown  Unknown
363: ufs_model_gfs.x    00000000006774E4  Unknown               Unknown  Unknown
363: ufs_model_gfs.x    0000000000436A5A  MAIN__                    473  UFS.F90
363: ufs_model_gfs.x    000000000043549D  Unknown               Unknown  Unknown
363: libc.so.6          000014B24C3EAEEC  Unknown               Unknown  Unknown
363: libc.so.6          000014B24C3EAFB5  __libc_start_main     Unknown  Unknown
363: ufs_model_gfs.x    00000000004353A1  Unknown               Unknown  Unknown
371: forrtl: error (78): process killed (SIGTERM)
371: Image              PC                Routine            Line        Source             
371: libc.so.6          00001456D2E01980  Unknown               Unknown  Unknown
371: libc.so.6          00001456D2EBE1E7  __sched_yield         Unknown  Unknown
371: libmpi_intel.so.1  00001456D3D023F8  Unknown               Unknown  Unknown
371: libmpi_intel.so.1  00001456D48EC666  Unknown               Unknown  Unknown
371: libmpi_intel.so.1  00001456D48F831D  Unknown               Unknown  Unknown
371: libmpi_intel.so.1  00001456D481DBDF  Unknown               Unknown  Unknown
371: libmpi_intel.so.1  00001456D3200730  Unknown               Unknown  Unknown
371: libmpi_intel.so.1  00001456D32008E5  Unknown               Unknown  Unknown
371: libmpi_intel.so.1  00001456D4A78FE3  Unknown               Unknown  Unknown
371: libmpi_intel.so.1  00001456D50B6BC6  Unknown               Unknown  Unknown
371: libmpi_intel.so.1  00001456D5237145  Unknown               Unknown  Unknown
371: libmpi_intel.so.1  00001456D4C52DB6  Unknown               Unknown  Unknown
371: libmpi_intel.so.1  00001456D35E2164  MPI_Finalize          Unknown  Unknown
371: ufs_model_gfs.x    0000000000C910C9  Unknown               Unknown  Unknown
371: ufs_model_gfs.x    0000000000CB703A  Unknown               Unknown  Unknown
371: ufs_model_gfs.x    0000000000C89AD0  Unknown               Unknown  Unknown
371: ufs_model_gfs.x    000000000055BB77  Unknown               Unknown  Unknown
371: ufs_model_gfs.x    00000000006774E4  Unknown               Unknown  Unknown
371: ufs_model_gfs.x    0000000000436A5A  MAIN__                    473  UFS.F90
371: ufs_model_gfs.x    000000000043549D  Unknown               Unknown  Unknown
371: libc.so.6          00001456D2DEAEEC  Unknown               Unknown  Unknown
371: libc.so.6          00001456D2DEAFB5  __libc_start_main     Unknown  Unknown
371: ufs_model_gfs.x    00000000004353A1  Unknown               Unknown  Unknown
375: forrtl: error (78): process killed (SIGTERM)
375: Image              PC                Routine            Line        Source             
375: libc.so.6          000014F078601980  Unknown               Unknown  Unknown
375: libc.so.6          000014F0786BE1E7  __sched_yield         Unknown  Unknown
375: libmpi_intel.so.1  000014F0795023F8  Unknown               Unknown  Unknown
375: libmpi_intel.so.1  000014F07A0EC666  Unknown               Unknown  Unknown
375: libmpi_intel.so.1  000014F07A0F831D  Unknown               Unknown  Unknown
375: libmpi_intel.so.1  000014F07A01DBDF  Unknown               Unknown  Unknown
375: libmpi_intel.so.1  000014F078A00730  Unknown               Unknown  Unknown
375: libmpi_intel.so.1  000014F078A008E5  Unknown               Unknown  Unknown
375: libmpi_intel.so.1  000014F07A278FE3  Unknown               Unknown  Unknown
375: libmpi_intel.so.1  000014F07A8B6BC6  Unknown               Unknown  Unknown
375: libmpi_intel.so.1  000014F07AA37145  Unknown               Unknown  Unknown
375: libmpi_intel.so.1  000014F07A452DB6  Unknown               Unknown  Unknown
375: libmpi_intel.so.1  000014F078DE2164  MPI_Finalize          Unknown  Unknown
375: ufs_model_gfs.x    0000000000C910C9  Unknown               Unknown  Unknown
375: ufs_model_gfs.x    0000000000CB703A  Unknown               Unknown  Unknown
375: ufs_model_gfs.x    0000000000C89AD0  Unknown               Unknown  Unknown
375: ufs_model_gfs.x    000000000055BB77  Unknown               Unknown  Unknown
375: ufs_model_gfs.x    00000000006774E4  Unknown               Unknown  Unknown
375: ufs_model_gfs.x    0000000000436A5A  MAIN__                    473  UFS.F90
375: ufs_model_gfs.x    000000000043549D  Unknown               Unknown  Unknown
375: libc.so.6          000014F0785EAEEC  Unknown               Unknown  Unknown
375: libc.so.6          000014F0785EAFB5  __libc_start_main     Unknown  Unknown
375: ufs_model_gfs.x    00000000004353A1  Unknown               Unknown  Unknown
382: forrtl: error (78): process killed (SIGTERM)
382: Image              PC                Routine            Line        Source             
382: libc.so.6          000014B5AF801980  Unknown               Unknown  Unknown
382: libc.so.6          000014B5AF8BE1E7  __sched_yield         Unknown  Unknown
382: libmpi_intel.so.1  000014B5B07023F8  Unknown               Unknown  Unknown
382: libmpi_intel.so.1  000014B5B12EC666  Unknown               Unknown  Unknown
382: libmpi_intel.so.1  000014B5B12F831D  Unknown               Unknown  Unknown
382: libmpi_intel.so.1  000014B5B121DBDF  Unknown               Unknown  Unknown
382: libmpi_intel.so.1  000014B5AFC00730  Unknown               Unknown  Unknown
382: libmpi_intel.so.1  000014B5AFC008E5  Unknown               Unknown  Unknown
382: libmpi_intel.so.1  000014B5B1478FE3  Unknown               Unknown  Unknown
382: libmpi_intel.so.1  000014B5B1AB6BC6  Unknown               Unknown  Unknown
382: libmpi_intel.so.1  000014B5B1C37145  Unknown               Unknown  Unknown
382: libmpi_intel.so.1  000014B5B1652DB6  Unknown               Unknown  Unknown
382: libmpi_intel.so.1  000014B5AFFE2164  MPI_Finalize          Unknown  Unknown
382: ufs_model_gfs.x    0000000000C910C9  Unknown               Unknown  Unknown
382: ufs_model_gfs.x    0000000000CB703A  Unknown               Unknown  Unknown
382: ufs_model_gfs.x    0000000000C89AD0  Unknown               Unknown  Unknown
382: ufs_model_gfs.x    000000000055BB77  Unknown               Unknown  Unknown
382: ufs_model_gfs.x    00000000006774E4  Unknown               Unknown  Unknown
382: ufs_model_gfs.x    0000000000436A5A  MAIN__                    473  UFS.F90
382: ufs_model_gfs.x    000000000043549D  Unknown               Unknown  Unknown
382: libc.so.6          000014B5AF7EAEEC  Unknown               Unknown  Unknown
382: libc.so.6          000014B5AF7EAFB5  __libc_start_main     Unknown  Unknown
382: ufs_model_gfs.x    00000000004353A1  Unknown               Unknown  Unknown
368: forrtl: error (78): process killed (SIGTERM)
368: Image              PC                Routine            Line        Source             
368: libc.so.6          000014D941001980  Unknown               Unknown  Unknown
368: libc.so.6          000014D9410BE1E7  __sched_yield         Unknown  Unknown
368: libmpi_intel.so.1  000014D941F023F8  Unknown               Unknown  Unknown
368: libmpi_intel.so.1  000014D942AEC666  Unknown               Unknown  Unknown
368: libmpi_intel.so.1  000014D942AF831D  Unknown               Unknown  Unknown
368: libmpi_intel.so.1  000014D942A1DBDF  Unknown               Unknown  Unknown
368: libmpi_intel.so.1  000014D941400730  Unknown               Unknown  Unknown
368: libmpi_intel.so.1  000014D9414008E5  Unknown               Unknown  Unknown
368: libmpi_intel.so.1  000014D942C78FE3  Unknown               Unknown  Unknown
368: libmpi_intel.so.1  000014D9432B6BC6  Unknown               Unknown  Unknown
368: libmpi_intel.so.1  000014D943437145  Unknown               Unknown  Unknown
368: libmpi_intel.so.1  000014D942E52DB6  Unknown               Unknown  Unknown
368: libmpi_intel.so.1  000014D9417E2164  MPI_Finalize          Unknown  Unknown
368: ufs_model_gfs.x    0000000000C910C9  Unknown               Unknown  Unknown
368: ufs_model_gfs.x    0000000000CB703A  Unknown               Unknown  Unknown
368: ufs_model_gfs.x    0000000000C89AD0  Unknown               Unknown  Unknown
368: ufs_model_gfs.x    000000000055BB77  Unknown               Unknown  Unknown
368: ufs_model_gfs.x    00000000006774E4  Unknown               Unknown  Unknown
368: ufs_model_gfs.x    0000000000436A5A  MAIN__                    473  UFS.F90
368: ufs_model_gfs.x    000000000043549D  Unknown               Unknown  Unknown
368: libc.so.6          000014D940FEAEEC  Unknown               Unknown  Unknown
368: libc.so.6          000014D940FEAFB5  __libc_start_main     Unknown  Unknown
368: ufs_model_gfs.x    00000000004353A1  Unknown               Unknown  Unknown
374: forrtl: error (78): process killed (SIGTERM)
374: Image              PC                Routine            Line        Source             
374: libc.so.6          00001469B4E01980  Unknown               Unknown  Unknown
374: libc.so.6          00001469B4EBE1E7  __sched_yield         Unknown  Unknown
374: libmpi_intel.so.1  00001469B5D023F8  Unknown               Unknown  Unknown
374: libmpi_intel.so.1  00001469B68EC666  Unknown               Unknown  Unknown
374: libmpi_intel.so.1  00001469B68F831D  Unknown               Unknown  Unknown
374: libmpi_intel.so.1  00001469B681DBDF  Unknown               Unknown  Unknown
374: libmpi_intel.so.1  00001469B5200730  Unknown               Unknown  Unknown
374: libmpi_intel.so.1  00001469B52008E5  Unknown               Unknown  Unknown
374: libmpi_intel.so.1  00001469B6A78FE3  Unknown               Unknown  Unknown
374: libmpi_intel.so.1  00001469B70B6BC6  Unknown               Unknown  Unknown
374: libmpi_intel.so.1  00001469B7237145  Unknown               Unknown  Unknown
374: libmpi_intel.so.1  00001469B6C52DB6  Unknown               Unknown  Unknown
374: libmpi_intel.so.1  00001469B55E2164  MPI_Finalize          Unknown  Unknown
374: ufs_model_gfs.x    0000000000C910C9  Unknown               Unknown  Unknown
374: ufs_model_gfs.x    0000000000CB703A  Unknown               Unknown  Unknown
374: ufs_model_gfs.x    0000000000C89AD0  Unknown               Unknown  Unknown
374: ufs_model_gfs.x    000000000055BB77  Unknown               Unknown  Unknown
374: ufs_model_gfs.x    00000000006774E4  Unknown               Unknown  Unknown
374: ufs_model_gfs.x    0000000000436A5A  MAIN__                    473  UFS.F90
374: ufs_model_gfs.x    000000000043549D  Unknown               Unknown  Unknown
374: libc.so.6          00001469B4DEAEEC  Unknown               Unknown  Unknown
374: libc.so.6          00001469B4DEAFB5  __libc_start_main     Unknown  Unknown
374: ufs_model_gfs.x    00000000004353A1  Unknown               Unknown  Unknown
381: forrtl: error (78): process killed (SIGTERM)
381: Image              PC                Routine            Line        Source             
381: libc.so.6          000015331AE01980  Unknown               Unknown  Unknown
381: libc.so.6          000015331AEBE1E7  __sched_yield         Unknown  Unknown
381: libmpi_intel.so.1  000015331BD023F8  Unknown               Unknown  Unknown
381: libmpi_intel.so.1  000015331C8EC666  Unknown               Unknown  Unknown
381: libmpi_intel.so.1  000015331C8F831D  Unknown               Unknown  Unknown
381: libmpi_intel.so.1  000015331C81DBDF  Unknown               Unknown  Unknown
381: libmpi_intel.so.1  000015331B200730  Unknown               Unknown  Unknown
381: libmpi_intel.so.1  000015331B2008E5  Unknown               Unknown  Unknown
381: libmpi_intel.so.1  000015331CA78FE3  Unknown               Unknown  Unknown
381: libmpi_intel.so.1  000015331D0B6BC6  Unknown               Unknown  Unknown
381: libmpi_intel.so.1  000015331D237145  Unknown               Unknown  Unknown
381: libmpi_intel.so.1  000015331CC52DB6  Unknown               Unknown  Unknown
381: libmpi_intel.so.1  000015331B5E2164  MPI_Finalize          Unknown  Unknown
381: ufs_model_gfs.x    0000000000C910C9  Unknown               Unknown  Unknown
381: ufs_model_gfs.x    0000000000CB703A  Unknown               Unknown  Unknown
381: ufs_model_gfs.x    0000000000C89AD0  Unknown               Unknown  Unknown
381: ufs_model_gfs.x    000000000055BB77  Unknown               Unknown  Unknown
381: ufs_model_gfs.x    00000000006774E4  Unknown               Unknown  Unknown
381: ufs_model_gfs.x    0000000000436A5A  MAIN__                    473  UFS.F90
381: ufs_model_gfs.x    000000000043549D  Unknown               Unknown  Unknown
381: libc.so.6          000015331ADEAEEC  Unknown               Unknown  Unknown
381: libc.so.6          000015331ADEAFB5  __libc_start_main     Unknown  Unknown
381: ufs_model_gfs.x    00000000004353A1  Unknown               Unknown  Unknown
344: forrtl: error (78): process killed (SIGTERM)
344: Image              PC                Routine            Line        Source             
344: libc.so.6          0000150A2A601980  Unknown               Unknown  Unknown
344: libc.so.6          0000150A2A6BE1E7  __sched_yield         Unknown  Unknown
344: libmpi_intel.so.1  0000150A2B5023F8  Unknown               Unknown  Unknown
344: libmpi_intel.so.1  0000150A2C0EC666  Unknown               Unknown  Unknown
344: libmpi_intel.so.1  0000150A2C0F831D  Unknown               Unknown  Unknown
344: libmpi_intel.so.1  0000150A2C01DBDF  Unknown               Unknown  Unknown
344: libmpi_intel.so.1  0000150A2AA00730  Unknown               Unknown  Unknown
344: libmpi_intel.so.1  0000150A2AA008E5  Unknown               Unknown  Unknown
344: libmpi_intel.so.1  0000150A2C278FE3  Unknown               Unknown  Unknown
344: libmpi_intel.so.1  0000150A2C8B6BC6  Unknown               Unknown  Unknown
344: libmpi_intel.so.1  0000150A2CA37145  Unknown               Unknown  Unknown
344: libmpi_intel.so.1  0000150A2C452DB6  Unknown               Unknown  Unknown
344: libmpi_intel.so.1  0000150A2ADE2164  MPI_Finalize          Unknown  Unknown
344: ufs_model_gfs.x    0000000000C910C9  Unknown               Unknown  Unknown
344: ufs_model_gfs.x    0000000000CB703A  Unknown               Unknown  Unknown
344: ufs_model_gfs.x    0000000000C89AD0  Unknown               Unknown  Unknown
344: ufs_model_gfs.x    000000000055BB77  Unknown               Unknown  Unknown
344: ufs_model_gfs.x    00000000006774E4  Unknown               Unknown  Unknown
344: ufs_model_gfs.x    0000000000436A5A  MAIN__                    473  UFS.F90
344: ufs_model_gfs.x    000000000043549D  Unknown               Unknown  Unknown
344: libc.so.6          0000150A2A5EAEEC  Unknown               Unknown  Unknown
344: libc.so.6          0000150A2A5EAFB5  __libc_start_main     Unknown  Unknown
344: ufs_model_gfs.x    00000000004353A1  Unknown               Unknown  Unknown
348: forrtl: error (78): process killed (SIGTERM)
348: Image              PC                Routine            Line        Source             
348: libc.so.6          00001554D2001980  Unknown               Unknown  Unknown
348: libc.so.6          00001554D20BE1E7  __sched_yield         Unknown  Unknown
348: libmpi_intel.so.1  00001554D2F023F8  Unknown               Unknown  Unknown
348: libmpi_intel.so.1  00001554D3AEC666  Unknown               Unknown  Unknown
348: libmpi_intel.so.1  00001554D3AF831D  Unknown               Unknown  Unknown
348: libmpi_intel.so.1  00001554D3A1DBDF  Unknown               Unknown  Unknown
348: libmpi_intel.so.1  00001554D2400730  Unknown               Unknown  Unknown
348: libmpi_intel.so.1  00001554D24008E5  Unknown               Unknown  Unknown
348: libmpi_intel.so.1  00001554D3C78FE3  Unknown               Unknown  Unknown
348: libmpi_intel.so.1  00001554D42B6BC6  Unknown               Unknown  Unknown
348: libmpi_intel.so.1  00001554D4437145  Unknown               Unknown  Unknown
348: libmpi_intel.so.1  00001554D3E52DB6  Unknown               Unknown  Unknown
348: libmpi_intel.so.1  00001554D27E2164  MPI_Finalize          Unknown  Unknown
348: ufs_model_gfs.x    0000000000C910C9  Unknown               Unknown  Unknown
348: ufs_model_gfs.x    0000000000CB703A  Unknown               Unknown  Unknown
348: ufs_model_gfs.x    0000000000C89AD0  Unknown               Unknown  Unknown
348: ufs_model_gfs.x    000000000055BB77  Unknown               Unknown  Unknown
348: ufs_model_gfs.x    00000000006774E4  Unknown               Unknown  Unknown
348: ufs_model_gfs.x    0000000000436A5A  MAIN__                    473  UFS.F90
348: ufs_model_gfs.x    000000000043549D  Unknown               Unknown  Unknown
348: libc.so.6          00001554D1FEAEEC  Unknown               Unknown  Unknown
348: libc.so.6          00001554D1FEAFB5  __libc_start_main     Unknown  Unknown
348: ufs_model_gfs.x    00000000004353A1  Unknown               Unknown  Unknown
357: forrtl: error (78): process killed (SIGTERM)
357: Image              PC                Routine            Line        Source             
357: libc.so.6          000015101FE01980  Unknown               Unknown  Unknown
357: libc.so.6          000015101FEBE1E7  __sched_yield         Unknown  Unknown
357: libmpi_intel.so.1  0000151020D023F8  Unknown               Unknown  Unknown
357: libmpi_intel.so.1  00001510218EC666  Unknown               Unknown  Unknown
357: libmpi_intel.so.1  00001510218F831D  Unknown               Unknown  Unknown
357: libmpi_intel.so.1  000015102181DBDF  Unknown               Unknown  Unknown
357: libmpi_intel.so.1  0000151020200730  Unknown               Unknown  Unknown
357: libmpi_intel.so.1  00001510202008E5  Unknown               Unknown  Unknown
357: libmpi_intel.so.1  0000151021A78FE3  Unknown               Unknown  Unknown
357: libmpi_intel.so.1  00001510220B6BC6  Unknown               Unknown  Unknown
357: libmpi_intel.so.1  0000151022237145  Unknown               Unknown  Unknown
357: libmpi_intel.so.1  0000151021C52DB6  Unknown               Unknown  Unknown
357: libmpi_intel.so.1  00001510205E2164  MPI_Finalize          Unknown  Unknown
357: ufs_model_gfs.x    0000000000C910C9  Unknown               Unknown  Unknown
357: ufs_model_gfs.x    0000000000CB703A  Unknown               Unknown  Unknown
357: ufs_model_gfs.x    0000000000C89AD0  Unknown               Unknown  Unknown
357: ufs_model_gfs.x    000000000055BB77  Unknown               Unknown  Unknown
357: ufs_model_gfs.x    00000000006774E4  Unknown               Unknown  Unknown
357: ufs_model_gfs.x    0000000000436A5A  MAIN__                    473  UFS.F90
357: ufs_model_gfs.x    000000000043549D  Unknown               Unknown  Unknown
357: libc.so.6          000015101FDEAEEC  Unknown               Unknown  Unknown
357: libc.so.6          000015101FDEAFB5  __libc_start_main     Unknown  Unknown
357: ufs_model_gfs.x    00000000004353A1  Unknown               Unknown  Unknown
346: forrtl: error (78): process killed (SIGTERM)
346: Image              PC                Routine            Line        Source             
346: libc.so.6          000014C5F8001980  Unknown               Unknown  Unknown
346: libc.so.6          000014C5F80BE1E7  __sched_yield         Unknown  Unknown
346: libmpi_intel.so.1  000014C5F8F023F8  Unknown               Unknown  Unknown
346: libmpi_intel.so.1  000014C5F9AEC666  Unknown               Unknown  Unknown
346: libmpi_intel.so.1  000014C5F9AF831D  Unknown               Unknown  Unknown
346: libmpi_intel.so.1  000014C5F9A1DBDF  Unknown               Unknown  Unknown
346: libmpi_intel.so.1  000014C5F8400730  Unknown               Unknown  Unknown
346: libmpi_intel.so.1  000014C5F84008E5  Unknown               Unknown  Unknown
346: libmpi_intel.so.1  000014C5F9C78FE3  Unknown               Unknown  Unknown
346: libmpi_intel.so.1  000014C5FA2B6BC6  Unknown               Unknown  Unknown
346: libmpi_intel.so.1  000014C5FA437145  Unknown               Unknown  Unknown
346: libmpi_intel.so.1  000014C5F9E52DB6  Unknown               Unknown  Unknown
346: libmpi_intel.so.1  000014C5F87E2164  MPI_Finalize          Unknown  Unknown
346: ufs_model_gfs.x    0000000000C910C9  Unknown               Unknown  Unknown
346: ufs_model_gfs.x    0000000000CB703A  Unknown               Unknown  Unknown
346: ufs_model_gfs.x    0000000000C89AD0  Unknown               Unknown  Unknown
346: ufs_model_gfs.x    000000000055BB77  Unknown               Unknown  Unknown
346: ufs_model_gfs.x    00000000006774E4  Unknown               Unknown  Unknown
346: ufs_model_gfs.x    0000000000436A5A  MAIN__                    473  UFS.F90
346: ufs_model_gfs.x    000000000043549D  Unknown               Unknown  Unknown
346: libc.so.6          000014C5F7FEAEEC  Unknown               Unknown  Unknown
346: libc.so.6          000014C5F7FEAFB5  __libc_start_main     Unknown  Unknown
346: ufs_model_gfs.x    00000000004353A1  Unknown               Unknown  Unknown
373: forrtl: error (78): process killed (SIGTERM)
373: Image              PC                Routine            Line        Source             
373: libc.so.6          0000153546E01980  Unknown               Unknown  Unknown
373: libc.so.6          0000153546EBE1E7  __sched_yield         Unknown  Unknown
373: libmpi_intel.so.1  0000153547D023F8  Unknown               Unknown  Unknown
373: libmpi_intel.so.1  00001535488EC666  Unknown               Unknown  Unknown
373: libmpi_intel.so.1  00001535488F831D  Unknown               Unknown  Unknown
373: libmpi_intel.so.1  000015354881DBDF  Unknown               Unknown  Unknown
373: libmpi_intel.so.1  0000153547200730  Unknown               Unknown  Unknown
373: libmpi_intel.so.1  00001535472008E5  Unknown               Unknown  Unknown
373: libmpi_intel.so.1  0000153548A78FE3  Unknown               Unknown  Unknown
373: libmpi_intel.so.1  00001535490B6BC6  Unknown               Unknown  Unknown
373: libmpi_intel.so.1  0000153549237145  Unknown               Unknown  Unknown
373: libmpi_intel.so.1  0000153548C52DB6  Unknown               Unknown  Unknown
373: libmpi_intel.so.1  00001535475E2164  MPI_Finalize          Unknown  Unknown
373: ufs_model_gfs.x    0000000000C910C9  Unknown               Unknown  Unknown
373: ufs_model_gfs.x    0000000000CB703A  Unknown               Unknown  Unknown
373: ufs_model_gfs.x    0000000000C89AD0  Unknown               Unknown  Unknown
373: ufs_model_gfs.x    000000000055BB77  Unknown               Unknown  Unknown
373: ufs_model_gfs.x    00000000006774E4  Unknown               Unknown  Unknown
373: ufs_model_gfs.x    0000000000436A5A  MAIN__                    473  UFS.F90
373: ufs_model_gfs.x    000000000043549D  Unknown               Unknown  Unknown
373: libc.so.6          0000153546DEAEEC  Unknown               Unknown  Unknown
373: libc.so.6          0000153546DEAFB5  __libc_start_main     Unknown  Unknown
373: ufs_model_gfs.x    00000000004353A1  Unknown               Unknown  Unknown
284: forrtl: error (78): process killed (SIGTERM)
284: Image              PC                Routine            Line        Source             
284: libc.so.6          0000148570201980  Unknown               Unknown  Unknown
284: libc.so.6          00001485702BE1E7  __sched_yield         Unknown  Unknown
284: libmpi_intel.so.1  0000148570BB92AC  Unknown               Unknown  Unknown
284: libmpi_intel.so.1  0000148570BD06BC  MPI_Probe             Unknown  Unknown
284: ufs_model_gfs.x    0000000000CAC940  Unknown               Unknown  Unknown
284: ufs_model_gfs.x    000000000101F1BA  Unknown               Unknown  Unknown
284: ufs_model_gfs.x    000000000101D613  Unknown               Unknown  Unknown
284: ufs_model_gfs.x    000000000101D613  Unknown               Unknown  Unknown
284: ufs_model_gfs.x    0000000001277EB2  Unknown               Unknown  Unknown
284: ufs_model_gfs.x    0000000001269A7F  Unknown               Unknown  Unknown
284: ufs_model_gfs.x    0000000000C260A6  Unknown               Unknown  Unknown
284: ufs_model_gfs.x    00000000009D667F  Unknown               Unknown  Unknown
284: ufs_model_gfs.x    000000000049EB2A  Unknown               Unknown  Unknown
284: ufs_model_gfs.x    0000000000FE7855  Unknown               Unknown  Unknown
284: ufs_model_gfs.x    0000000000FEC0FF  Unknown               Unknown  Unknown
284: ufs_model_gfs.x    0000000000C9628A  Unknown               Unknown  Unknown
284: ufs_model_gfs.x    0000000000CB7D0F  Unknown               Unknown  Unknown
284: ufs_model_gfs.x    0000000000FE92FA  Unknown               Unknown  Unknown
284: ufs_model_gfs.x    0000000000A18F00  Unknown               Unknown  Unknown
284: ufs_model_gfs.x    0000000000A08761  Unknown               Unknown  Unknown
284: ufs_model_gfs.x    0000000000445828  Unknown               Unknown  Unknown
284: ufs_model_gfs.x    00000000004470A6  Unknown               Unknown  Unknown
284: ufs_model_gfs.x    0000000000D51C38  Unknown               Unknown  Unknown
284: ufs_model_gfs.x    0000000000D51BA6  Unknown               Unknown  Unknown
284: ufs_model_gfs.x    0000000000D5067C  Unknown               Unknown  Unknown
284: ufs_model_gfs.x    0000000000B937FE  Unknown               Unknown  Unknown
284: ufs_model_gfs.x    0000000000444BEF  Unknown               Unknown  Unknown
284: ufs_model_gfs.x    0000000000FE7855  Unknown               Unknown  Unknown
284: ufs_model_gfs.x    0000000000FEC0FF  Unknown               Unknown  Unknown
284: ufs_model_gfs.x    0000000000C9628A  Unknown               Unknown  Unknown
284: ufs_model_gfs.x    0000000000CB7D0F  Unknown               Unknown  Unknown
284: ufs_model_gfs.x    0000000000FE92FA  Unknown               Unknown  Unknown
284: ufs_model_gfs.x    0000000000A18F00  Unknown               Unknown  Unknown
284: ufs_model_gfs.x    0000000000736BE1  Unknown               Unknown  Unknown
284: ufs_model_gfs.x    0000000000436749  MAIN__                    409  UFS.F90
284: ufs_model_gfs.x    000000000043549D  Unknown               Unknown  Unknown
284: libc.so.6          00001485701EAEEC  Unknown               Unknown  Unknown
284: libc.so.6          00001485701EAFB5  __libc_start_main     Unknown  Unknown
284: ufs_model_gfs.x    00000000004353A1  Unknown               Unknown  Unknown
281: forrtl: error (78): process killed (SIGTERM)
281: Image              PC                Routine            Line        Source             
281: libc.so.6          00001495C7201980  Unknown               Unknown  Unknown
281: libc.so.6          00001495C72BE1E7  __sched_yield         Unknown  Unknown
281: libmpi_intel.so.1  00001495C7BB92AC  Unknown               Unknown  Unknown
281: libmpi_intel.so.1  00001495C7BD06BC  MPI_Probe             Unknown  Unknown
281: ufs_model_gfs.x    0000000000CAC940  Unknown               Unknown  Unknown
281: ufs_model_gfs.x    000000000101F1BA  Unknown               Unknown  Unknown
281: ufs_model_gfs.x    000000000101D613  Unknown               Unknown  Unknown
281: ufs_model_gfs.x    000000000101D613  Unknown               Unknown  Unknown
281: ufs_model_gfs.x    0000000001277EB2  Unknown               Unknown  Unknown
281: ufs_model_gfs.x    0000000001269A7F  Unknown               Unknown  Unknown
281: ufs_model_gfs.x    0000000000C260A6  Unknown               Unknown  Unknown
281: ufs_model_gfs.x    00000000009D667F  Unknown               Unknown  Unknown
281: ufs_model_gfs.x    000000000049EB2A  Unknown               Unknown  Unknown
281: ufs_model_gfs.x    0000000000FE7855  Unknown               Unknown  Unknown
281: ufs_model_gfs.x    0000000000FEC0FF  Unknown               Unknown  Unknown
281: ufs_model_gfs.x    0000000000C9628A  Unknown               Unknown  Unknown
281: ufs_model_gfs.x    0000000000CB7D0F  Unknown               Unknown  Unknown
281: ufs_model_gfs.x    0000000000FE92FA  Unknown               Unknown  Unknown
281: ufs_model_gfs.x    0000000000A18F00  Unknown               Unknown  Unknown
281: ufs_model_gfs.x    0000000000A08761  Unknown               Unknown  Unknown
281: ufs_model_gfs.x    0000000000445828  Unknown               Unknown  Unknown
281: ufs_model_gfs.x    00000000004470A6  Unknown               Unknown  Unknown
281: ufs_model_gfs.x    0000000000D51C38  Unknown               Unknown  Unknown
281: ufs_model_gfs.x    0000000000D51BA6  Unknown               Unknown  Unknown
281: ufs_model_gfs.x    0000000000D5067C  Unknown               Unknown  Unknown
281: ufs_model_gfs.x    0000000000B937FE  Unknown               Unknown  Unknown
281: ufs_model_gfs.x    0000000000444BEF  Unknown               Unknown  Unknown
281: ufs_model_gfs.x    0000000000FE7855  Unknown               Unknown  Unknown
281: ufs_model_gfs.x    0000000000FEC0FF  Unknown               Unknown  Unknown
281: ufs_model_gfs.x    0000000000C9628A  Unknown               Unknown  Unknown
281: ufs_model_gfs.x    0000000000CB7D0F  Unknown               Unknown  Unknown
281: ufs_model_gfs.x    0000000000FE92FA  Unknown               Unknown  Unknown
281: ufs_model_gfs.x    0000000000A18F00  Unknown               Unknown  Unknown
281: ufs_model_gfs.x    0000000000736BE1  Unknown               Unknown  Unknown
281: ufs_model_gfs.x    0000000000436749  MAIN__                    409  UFS.F90
281: ufs_model_gfs.x    000000000043549D  Unknown               Unknown  Unknown
281: libc.so.6          00001495C71EAEEC  Unknown               Unknown  Unknown
281: libc.so.6          00001495C71EAFB5  __libc_start_main     Unknown  Unknown
281: ufs_model_gfs.x    00000000004353A1  Unknown               Unknown  Unknown
216: forrtl: error (78): process killed (SIGTERM)
216: Image              PC                Routine            Line        Source             
216: libc.so.6          000014F6FCE01980  Unknown               Unknown  Unknown
216: libc.so.6          000014F6FCEBE1E7  __sched_yield         Unknown  Unknown
216: libmpi_intel.so.1  000014F6FD7D166D  MPI_Probe             Unknown  Unknown
216: ufs_model_gfs.x    0000000000CAC940  Unknown               Unknown  Unknown
216: ufs_model_gfs.x    000000000101F1BA  Unknown               Unknown  Unknown
216: ufs_model_gfs.x    000000000101D613  Unknown               Unknown  Unknown
216: ufs_model_gfs.x    000000000101D613  Unknown               Unknown  Unknown
216: ufs_model_gfs.x    0000000001277EB2  Unknown               Unknown  Unknown
216: ufs_model_gfs.x    0000000001269A7F  Unknown               Unknown  Unknown
216: ufs_model_gfs.x    0000000000C260A6  Unknown               Unknown  Unknown
216: ufs_model_gfs.x    00000000009D667F  Unknown               Unknown  Unknown
216: ufs_model_gfs.x    000000000049EB2A  Unknown               Unknown  Unknown
216: ufs_model_gfs.x    0000000000FE7855  Unknown               Unknown  Unknown
216: ufs_model_gfs.x    0000000000FEC0FF  Unknown               Unknown  Unknown
216: ufs_model_gfs.x    0000000000C9628A  Unknown               Unknown  Unknown
216: ufs_model_gfs.x    0000000000CB7D0F  Unknown               Unknown  Unknown
216: ufs_model_gfs.x    0000000000FE92FA  Unknown               Unknown  Unknown
216: ufs_model_gfs.x    0000000000A18F00  Unknown               Unknown  Unknown
216: ufs_model_gfs.x    0000000000A08761  Unknown               Unknown  Unknown
216: ufs_model_gfs.x    0000000000445828  Unknown               Unknown  Unknown
216: ufs_model_gfs.x    00000000004470A6  Unknown               Unknown  Unknown
216: ufs_model_gfs.x    0000000000D51C38  Unknown               Unknown  Unknown
216: ufs_model_gfs.x    0000000000D51BA6  Unknown               Unknown  Unknown
216: ufs_model_gfs.x    0000000000D5067C  Unknown               Unknown  Unknown
216: ufs_model_gfs.x    0000000000B937FE  Unknown               Unknown  Unknown
216: ufs_model_gfs.x    0000000000444BEF  Unknown               Unknown  Unknown
216: ufs_model_gfs.x    0000000000FE7855  Unknown               Unknown  Unknown
216: ufs_model_gfs.x    0000000000FEC0FF  Unknown               Unknown  Unknown
216: ufs_model_gfs.x    0000000000C9628A  Unknown               Unknown  Unknown
216: ufs_model_gfs.x    0000000000CB7D0F  Unknown               Unknown  Unknown
216: ufs_model_gfs.x    0000000000FE92FA  Unknown               Unknown  Unknown
216: ufs_model_gfs.x    0000000000A18F00  Unknown               Unknown  Unknown
216: ufs_model_gfs.x    0000000000736BE1  Unknown               Unknown  Unknown
216: ufs_model_gfs.x    0000000000436749  MAIN__                    409  UFS.F90
216: ufs_model_gfs.x    000000000043549D  Unknown               Unknown  Unknown
216: libc.so.6          000014F6FCDEAEEC  Unknown               Unknown  Unknown
216: libc.so.6          000014F6FCDEAFB5  __libc_start_main     Unknown  Unknown
216: ufs_model_gfs.x    00000000004353A1  Unknown               Unknown  Unknown
271: forrtl: error (78): process killed (SIGTERM)
271: Image              PC                Routine            Line        Source             
271: libc.so.6          00001472F4A01980  Unknown               Unknown  Unknown
271: libc.so.6          00001472F4ABE1E7  __sched_yield         Unknown  Unknown
271: libmpi_intel.so.1  00001472F53D166D  MPI_Probe             Unknown  Unknown
271: ufs_model_gfs.x    0000000000CAC940  Unknown               Unknown  Unknown
271: ufs_model_gfs.x    000000000101F1BA  Unknown               Unknown  Unknown
271: ufs_model_gfs.x    000000000101D613  Unknown               Unknown  Unknown
271: ufs_model_gfs.x    000000000101D613  Unknown               Unknown  Unknown
271: ufs_model_gfs.x    0000000001277EB2  Unknown               Unknown  Unknown
271: ufs_model_gfs.x    0000000001269A7F  Unknown               Unknown  Unknown
271: ufs_model_gfs.x    0000000000C260A6  Unknown               Unknown  Unknown
271: ufs_model_gfs.x    00000000009D667F  Unknown               Unknown  Unknown
271: ufs_model_gfs.x    000000000049EB2A  Unknown               Unknown  Unknown
271: ufs_model_gfs.x    0000000000FE7855  Unknown               Unknown  Unknown
271: ufs_model_gfs.x    0000000000FEC0FF  Unknown               Unknown  Unknown
271: ufs_model_gfs.x    0000000000C9628A  Unknown               Unknown  Unknown
271: ufs_model_gfs.x    0000000000CB7D0F  Unknown               Unknown  Unknown
271: ufs_model_gfs.x    0000000000FE92FA  Unknown               Unknown  Unknown
271: ufs_model_gfs.x    0000000000A18F00  Unknown               Unknown  Unknown
271: ufs_model_gfs.x    0000000000A08761  Unknown               Unknown  Unknown
271: ufs_model_gfs.x    0000000000445828  Unknown               Unknown  Unknown
271: ufs_model_gfs.x    00000000004470A6  Unknown               Unknown  Unknown
271: ufs_model_gfs.x    0000000000D51C38  Unknown               Unknown  Unknown
271: ufs_model_gfs.x    0000000000D51BA6  Unknown               Unknown  Unknown
271: ufs_model_gfs.x    0000000000D5067C  Unknown               Unknown  Unknown
271: ufs_model_gfs.x    0000000000B937FE  Unknown               Unknown  Unknown
271: ufs_model_gfs.x    0000000000444BEF  Unknown               Unknown  Unknown
271: ufs_model_gfs.x    0000000000FE7855  Unknown               Unknown  Unknown
271: ufs_model_gfs.x    0000000000FEC0FF  Unknown               Unknown  Unknown
271: ufs_model_gfs.x    0000000000C9628A  Unknown               Unknown  Unknown
271: ufs_model_gfs.x    0000000000CB7D0F  Unknown               Unknown  Unknown
271: ufs_model_gfs.x    0000000000FE92FA  Unknown               Unknown  Unknown
271: ufs_model_gfs.x    0000000000A18F00  Unknown               Unknown  Unknown
271: ufs_model_gfs.x    0000000000736BE1  Unknown               Unknown  Unknown
271: ufs_model_gfs.x    0000000000436749  MAIN__                    409  UFS.F90
271: ufs_model_gfs.x    000000000043549D  Unknown               Unknown  Unknown
271: libc.so.6          00001472F49EAEEC  Unknown               Unknown  Unknown
271: libc.so.6          00001472F49EAFB5  __libc_start_main     Unknown  Unknown
271: ufs_model_gfs.x    00000000004353A1  Unknown               Unknown  Unknown
253: forrtl: error (78): process killed (SIGTERM)
253: Image              PC                Routine            Line        Source             
253: libc.so.6          0000154863001980  Unknown               Unknown  Unknown
253: libfabric.so.1.25  000015485FEBBEAE  Unknown               Unknown  Unknown
253: libmpi_intel.so.1  00001548639B8BF7  Unknown               Unknown  Unknown
253: libmpi_intel.so.1  00001548639D06BC  MPI_Probe             Unknown  Unknown
253: ufs_model_gfs.x    0000000000CAC940  Unknown               Unknown  Unknown
253: ufs_model_gfs.x    000000000101F1BA  Unknown               Unknown  Unknown
253: ufs_model_gfs.x    000000000101D613  Unknown               Unknown  Unknown
253: ufs_model_gfs.x    000000000101D613  Unknown               Unknown  Unknown
253: ufs_model_gfs.x    0000000001277EB2  Unknown               Unknown  Unknown
253: ufs_model_gfs.x    0000000001269A7F  Unknown               Unknown  Unknown
253: ufs_model_gfs.x    0000000000C260A6  Unknown               Unknown  Unknown
253: ufs_model_gfs.x    00000000009D667F  Unknown               Unknown  Unknown
253: ufs_model_gfs.x    000000000049EB2A  Unknown               Unknown  Unknown
253: ufs_model_gfs.x    0000000000FE7855  Unknown               Unknown  Unknown
253: ufs_model_gfs.x    0000000000FEC0FF  Unknown               Unknown  Unknown
253: ufs_model_gfs.x    0000000000C9628A  Unknown               Unknown  Unknown
253: ufs_model_gfs.x    0000000000CB7D0F  Unknown               Unknown  Unknown
253: ufs_model_gfs.x    0000000000FE92FA  Unknown               Unknown  Unknown
253: ufs_model_gfs.x    0000000000A18F00  Unknown               Unknown  Unknown
253: ufs_model_gfs.x    0000000000A08761  Unknown               Unknown  Unknown
253: ufs_model_gfs.x    0000000000445828  Unknown               Unknown  Unknown
253: ufs_model_gfs.x    00000000004470A6  Unknown               Unknown  Unknown
253: ufs_model_gfs.x    0000000000D51C38  Unknown               Unknown  Unknown
253: ufs_model_gfs.x    0000000000D51BA6  Unknown               Unknown  Unknown
253: ufs_model_gfs.x    0000000000D5067C  Unknown               Unknown  Unknown
253: ufs_model_gfs.x    0000000000B937FE  Unknown               Unknown  Unknown
253: ufs_model_gfs.x    0000000000444BEF  Unknown               Unknown  Unknown
253: ufs_model_gfs.x    0000000000FE7855  Unknown               Unknown  Unknown
253: ufs_model_gfs.x    0000000000FEC0FF  Unknown               Unknown  Unknown
253: ufs_model_gfs.x    0000000000C9628A  Unknown               Unknown  Unknown
253: ufs_model_gfs.x    0000000000CB7D0F  Unknown               Unknown  Unknown
253: ufs_model_gfs.x    0000000000FE92FA  Unknown               Unknown  Unknown
253: ufs_model_gfs.x    0000000000A18F00  Unknown               Unknown  Unknown
253: ufs_model_gfs.x    0000000000736BE1  Unknown               Unknown  Unknown
253: ufs_model_gfs.x    0000000000436749  MAIN__                    409  UFS.F90
253: ufs_model_gfs.x    000000000043549D  Unknown               Unknown  Unknown
253: libc.so.6          0000154862FEAEEC  Unknown               Unknown  Unknown
253: libc.so.6          0000154862FEAFB5  __libc_start_main     Unknown  Unknown
253: ufs_model_gfs.x    00000000004353A1  Unknown               Unknown  Unknown
252: forrtl: error (78): process killed (SIGTERM)
252: Image              PC                Routine            Line        Source             
252: libc.so.6          0000146603401980  Unknown               Unknown  Unknown
252: libc.so.6          00001466034BE1E7  __sched_yield         Unknown  Unknown
252: libmpi_intel.so.1  0000146603DD166D  MPI_Probe             Unknown  Unknown
252: ufs_model_gfs.x    0000000000CAC940  Unknown               Unknown  Unknown
252: ufs_model_gfs.x    000000000101F1BA  Unknown               Unknown  Unknown
252: ufs_model_gfs.x    000000000101D613  Unknown               Unknown  Unknown
252: ufs_model_gfs.x    000000000101D613  Unknown               Unknown  Unknown
252: ufs_model_gfs.x    0000000001277EB2  Unknown               Unknown  Unknown
252: ufs_model_gfs.x    0000000001269A7F  Unknown               Unknown  Unknown
252: ufs_model_gfs.x    0000000000C260A6  Unknown               Unknown  Unknown
252: ufs_model_gfs.x    00000000009D667F  Unknown               Unknown  Unknown
252: ufs_model_gfs.x    000000000049EB2A  Unknown               Unknown  Unknown
252: ufs_model_gfs.x    0000000000FE7855  Unknown               Unknown  Unknown
252: ufs_model_gfs.x    0000000000FEC0FF  Unknown               Unknown  Unknown
252: ufs_model_gfs.x    0000000000C9628A  Unknown               Unknown  Unknown
252: ufs_model_gfs.x    0000000000CB7D0F  Unknown               Unknown  Unknown
252: ufs_model_gfs.x    0000000000FE92FA  Unknown               Unknown  Unknown
252: ufs_model_gfs.x    0000000000A18F00  Unknown               Unknown  Unknown
252: ufs_model_gfs.x    0000000000A08761  Unknown               Unknown  Unknown
252: ufs_model_gfs.x    0000000000445828  Unknown               Unknown  Unknown
252: ufs_model_gfs.x    00000000004470A6  Unknown               Unknown  Unknown
252: ufs_model_gfs.x    0000000000D51C38  Unknown               Unknown  Unknown
252: ufs_model_gfs.x    0000000000D51BA6  Unknown               Unknown  Unknown
252: ufs_model_gfs.x    0000000000D5067C  Unknown               Unknown  Unknown
252: ufs_model_gfs.x    0000000000B937FE  Unknown               Unknown  Unknown
252: ufs_model_gfs.x    0000000000444BEF  Unknown               Unknown  Unknown
252: ufs_model_gfs.x    0000000000FE7855  Unknown               Unknown  Unknown
252: ufs_model_gfs.x    0000000000FEC0FF  Unknown               Unknown  Unknown
252: ufs_model_gfs.x    0000000000C9628A  Unknown               Unknown  Unknown
252: ufs_model_gfs.x    0000000000CB7D0F  Unknown               Unknown  Unknown
252: ufs_model_gfs.x    0000000000FE92FA  Unknown               Unknown  Unknown
252: ufs_model_gfs.x    0000000000A18F00  Unknown               Unknown  Unknown
252: ufs_model_gfs.x    0000000000736BE1  Unknown               Unknown  Unknown
252: ufs_model_gfs.x    0000000000436749  MAIN__                    409  UFS.F90
252: ufs_model_gfs.x    000000000043549D  Unknown               Unknown  Unknown
252: libc.so.6          00001466033EAEEC  Unknown               Unknown  Unknown
252: libc.so.6          00001466033EAFB5  __libc_start_main     Unknown  Unknown
252: ufs_model_gfs.x    00000000004353A1  Unknown               Unknown  Unknown
275: forrtl: error (78): process killed (SIGTERM)
275: Image              PC                Routine            Line        Source             
275: libc.so.6          0000152CBCE01980  Unknown               Unknown  Unknown
275: libc.so.6          0000152CBCEBE1E7  __sched_yield         Unknown  Unknown
275: libmpi_intel.so.1  0000152CBD7B92AC  Unknown               Unknown  Unknown
275: libmpi_intel.so.1  0000152CBD7D06BC  MPI_Probe             Unknown  Unknown
275: ufs_model_gfs.x    0000000000CAC940  Unknown               Unknown  Unknown
275: ufs_model_gfs.x    000000000101F1BA  Unknown               Unknown  Unknown
275: ufs_model_gfs.x    000000000101D613  Unknown               Unknown  Unknown
275: ufs_model_gfs.x    000000000101D613  Unknown               Unknown  Unknown
275: ufs_model_gfs.x    0000000001277EB2  Unknown               Unknown  Unknown
275: ufs_model_gfs.x    0000000001269A7F  Unknown               Unknown  Unknown
275: ufs_model_gfs.x    0000000000C260A6  Unknown               Unknown  Unknown
275: ufs_model_gfs.x    00000000009D667F  Unknown               Unknown  Unknown
275: ufs_model_gfs.x    000000000049EB2A  Unknown               Unknown  Unknown
275: ufs_model_gfs.x    0000000000FE7855  Unknown               Unknown  Unknown
275: ufs_model_gfs.x    0000000000FEC0FF  Unknown               Unknown  Unknown
275: ufs_model_gfs.x    0000000000C9628A  Unknown               Unknown  Unknown
275: ufs_model_gfs.x    0000000000CB7D0F  Unknown               Unknown  Unknown
275: ufs_model_gfs.x    0000000000FE92FA  Unknown               Unknown  Unknown
275: ufs_model_gfs.x    0000000000A18F00  Unknown               Unknown  Unknown
275: ufs_model_gfs.x    0000000000A08761  Unknown               Unknown  Unknown
275: ufs_model_gfs.x    0000000000445828  Unknown               Unknown  Unknown
275: ufs_model_gfs.x    00000000004470A6  Unknown               Unknown  Unknown
275: ufs_model_gfs.x    0000000000D51C38  Unknown               Unknown  Unknown
275: ufs_model_gfs.x    0000000000D51BA6  Unknown               Unknown  Unknown
275: ufs_model_gfs.x    0000000000D5067C  Unknown               Unknown  Unknown
275: ufs_model_gfs.x    0000000000B937FE  Unknown               Unknown  Unknown
275: ufs_model_gfs.x    0000000000444BEF  Unknown               Unknown  Unknown
275: ufs_model_gfs.x    0000000000FE7855  Unknown               Unknown  Unknown
275: ufs_model_gfs.x    0000000000FEC0FF  Unknown               Unknown  Unknown
275: ufs_model_gfs.x    0000000000C9628A  Unknown               Unknown  Unknown
275: ufs_model_gfs.x    0000000000CB7D0F  Unknown               Unknown  Unknown
275: ufs_model_gfs.x    0000000000FE92FA  Unknown               Unknown  Unknown
275: ufs_model_gfs.x    0000000000A18F00  Unknown               Unknown  Unknown
275: ufs_model_gfs.x    0000000000736BE1  Unknown               Unknown  Unknown
275: ufs_model_gfs.x    0000000000436749  MAIN__                    409  UFS.F90
275: ufs_model_gfs.x    000000000043549D  Unknown               Unknown  Unknown
275: libc.so.6          0000152CBCDEAEEC  Unknown               Unknown  Unknown
275: libc.so.6          0000152CBCDEAFB5  __libc_start_main     Unknown  Unknown
275: ufs_model_gfs.x    00000000004353A1  Unknown               Unknown  Unknown
280: forrtl: error (78): process killed (SIGTERM)
280: Image              PC                Routine            Line        Source             
280: libc.so.6          000014A56D601980  Unknown               Unknown  Unknown
280: libc.so.6          000014A56D6BE1E7  __sched_yield         Unknown  Unknown
280: libmpi_intel.so.1  000014A56DFB92AC  Unknown               Unknown  Unknown
280: libmpi_intel.so.1  000014A56DFD06BC  MPI_Probe             Unknown  Unknown
280: ufs_model_gfs.x    0000000000CAC940  Unknown               Unknown  Unknown
280: ufs_model_gfs.x    000000000101F1BA  Unknown               Unknown  Unknown
280: ufs_model_gfs.x    000000000101D613  Unknown               Unknown  Unknown
280: ufs_model_gfs.x    000000000101D613  Unknown               Unknown  Unknown
280: ufs_model_gfs.x    0000000001277EB2  Unknown               Unknown  Unknown
280: ufs_model_gfs.x    0000000001269A7F  Unknown               Unknown  Unknown
280: ufs_model_gfs.x    0000000000C260A6  Unknown               Unknown  Unknown
280: ufs_model_gfs.x    00000000009D667F  Unknown               Unknown  Unknown
280: ufs_model_gfs.x    000000000049EB2A  Unknown               Unknown  Unknown
