 13: ufs_model_gfs.x    0000000000B937FE  Unknown               Unknown  Unknown
 13: ufs_model_gfs.x    0000000000444BEF  Unknown               Unknown  Unknown
 13: ufs_model_gfs.x    0000000000FE7855  Unknown               Unknown  Unknown
 13: ufs_model_gfs.x    0000000000FEC0FF  Unknown               Unknown  Unknown
 13: ufs_model_gfs.x    0000000000C9628A  Unknown               Unknown  Unknown
 13: ufs_model_gfs.x    0000000000CB7D0F  Unknown               Unknown  Unknown
 13: ufs_model_gfs.x    0000000000FE92FA  Unknown               Unknown  Unknown
 13: ufs_model_gfs.x    0000000000A18F00  Unknown               Unknown  Unknown
 13: ufs_model_gfs.x    0000000000736BE1  Unknown               Unknown  Unknown
 13: ufs_model_gfs.x    0000000000436749  MAIN__                    409  UFS.F90
 13: ufs_model_gfs.x    000000000043549D  Unknown               Unknown  Unknown
 13: libc.so.6          00001536EC3EAEEC  Unknown               Unknown  Unknown
 13: libc.so.6          00001536EC3EAFB5  __libc_start_main     Unknown  Unknown
 13: ufs_model_gfs.x    00000000004353A1  Unknown               Unknown  Unknown
 87:  NOTE: gocart aerosol initialization is reading input data with all MPI ranks
 87: forrtl: error (78): process killed (SIGTERM)
 87: Image              PC                Routine            Line        Source             
 87: libc.so.6          000014653B201980  Unknown               Unknown  Unknown
 87: ufs_model_gfs.x    0000000003E2597B  gfs_gwd_generic_p          89  GFS_GWD_generic_post.F90
 87: ufs_model_gfs.x    0000000003B3EB9A  _coupled_p8_ugwpv        4100  ccpp_fv3_gfs_v17_coupled_p8_ugwpv1_phys_ps_cap.F90
 87: ufs_model_gfs.x    00000000039AC664  ccpp_static_api_m         635  ccpp_static_api.F90
 87: ufs_model_gfs.x    00000000039A828A  ccpp_driver_mp_cc         226  CCPP_driver.F90
 87: libiomp5.so        000014653E763493  __kmp_invoke_micr     Unknown  Unknown
 87: libiomp5.so        000014653E6D1CA4  __kmp_fork_call       Unknown  Unknown
 87: libiomp5.so        000014653E689D23  __kmpc_fork_call      Unknown  Unknown
 87: ufs_model_gfs.x    00000000039A7479  ccpp_driver_mp_cc         204  CCPP_driver.F90
 87: ufs_model_gfs.x    00000000031A5FC8  atmos_model_mod_m         387  atmos_model.F90
 87: ufs_model_gfs.x    000000000304CD3F  module_fcst_grid_        1481  module_fcst_grid_comp.F90
 87: ufs_model_gfs.x    0000000000FE7855  Unknown               Unknown  Unknown
 87: ufs_model_gfs.x    0000000000FEC0FF  Unknown               Unknown  Unknown
 87: ufs_model_gfs.x    0000000000C9649A  Unknown               Unknown  Unknown
 87: ufs_model_gfs.x    0000000000CB7D0F  Unknown               Unknown  Unknown
 87: ufs_model_gfs.x    0000000000FE92FA  Unknown               Unknown  Unknown
 87: ufs_model_gfs.x    0000000000A18F00  Unknown               Unknown  Unknown
 87: ufs_model_gfs.x    0000000000736BE1  Unknown               Unknown  Unknown
 87: ufs_model_gfs.x    0000000003038F9F  ufsatm_cap_mod_mp        1497  ufsatm_cap.F90
 87: ufs_model_gfs.x    0000000003038A09  ufsatm_cap_mod_mp        1437  ufsatm_cap.F90
 87: ufs_model_gfs.x    0000000000D51C38  Unknown               Unknown  Unknown
 87: ufs_model_gfs.x    0000000000D51BA6  Unknown               Unknown  Unknown
 87: ufs_model_gfs.x    0000000000D5067C  Unknown               Unknown  Unknown
 87: ufs_model_gfs.x    0000000000B937FE  Unknown               Unknown  Unknown
 87: ufs_model_gfs.x    0000000006AC85DA  Unknown               Unknown  Unknown
 87: ufs_model_gfs.x    0000000000FE7855  Unknown               Unknown  Unknown
 87: ufs_model_gfs.x    0000000000FEC0FF  Unknown               Unknown  Unknown
 87: ufs_model_gfs.x    0000000000C9628A  Unknown               Unknown  Unknown
 87: ufs_model_gfs.x    0000000000CB7D0F  Unknown               Unknown  Unknown
 87: ufs_model_gfs.x    0000000000FE92FA  Unknown               Unknown  Unknown
 87: ufs_model_gfs.x    0000000000A18F00  Unknown               Unknown  Unknown
 87: ufs_model_gfs.x    0000000000736BE1  Unknown               Unknown  Unknown
 87: ufs_model_gfs.x    0000000000448377  Unknown               Unknown  Unknown
 87: ufs_model_gfs.x    0000000000447BCA  Unknown               Unknown  Unknown
 87: ufs_model_gfs.x    0000000000D51C38  Unknown               Unknown  Unknown
 87: ufs_model_gfs.x    0000000000D51BA6  Unknown               Unknown  Unknown
 87: ufs_model_gfs.x    0000000000D5067C  Unknown               Unknown  Unknown
 87: ufs_model_gfs.x    0000000000B937FE  Unknown               Unknown  Unknown
 87: ufs_model_gfs.x    0000000000444BEF  Unknown               Unknown  Unknown
 87: ufs_model_gfs.x    0000000000FE7855  Unknown               Unknown  Unknown
 87: ufs_model_gfs.x    0000000000FEC0FF  Unknown               Unknown  Unknown
 87: ufs_model_gfs.x    0000000000C9628A  Unknown               Unknown  Unknown
 87: ufs_model_gfs.x    0000000000CB7D0F  Unknown               Unknown  Unknown
 87: ufs_model_gfs.x    0000000000FE92FA  Unknown               Unknown  Unknown
 87: ufs_model_gfs.x    0000000000A18F00  Unknown               Unknown  Unknown
 87: ufs_model_gfs.x    0000000000736BE1  Unknown               Unknown  Unknown
 87: ufs_model_gfs.x    0000000000436749  MAIN__                    409  UFS.F90
 87: ufs_model_gfs.x    000000000043549D  Unknown               Unknown  Unknown
 87: libc.so.6          000014653B1EAEEC  Unknown               Unknown  Unknown
 87: libc.so.6          000014653B1EAFB5  __libc_start_main     Unknown  Unknown
 87: ufs_model_gfs.x    00000000004353A1  Unknown               Unknown  Unknown
 66: forrtl: error (78): process killed (SIGTERM)
 66: Image              PC                Routine            Line        Source             
 66: libc.so.6          000014DD75201980  Unknown               Unknown  Unknown
 66: libnetcdff.so.7.2  000014DD79124F5A  __libm_pow_l9         Unknown  Unknown
 66: ufs_model_gfs.x    0000000003FAC354  module_mp_thompso        6492  module_mp_thompson.F90
 66: ufs_model_gfs.x    0000000003F908D7  module_mp_thompso        1466  module_mp_thompson.F90
 66: ufs_model_gfs.x    0000000003FE262E  mp_thompson_mp_mp         897  mp_thompson.F90
 66: ufs_model_gfs.x    0000000003B5C49D  _coupled_p8_ugwpv        1349  ccpp_fv3_gfs_v17_coupled_p8_ugwpv1_phys_ts_cap.F90
 66: ufs_model_gfs.x    00000000039AC850  ccpp_static_api_m         644  ccpp_static_api.F90
 66: ufs_model_gfs.x    00000000039A8530  ccpp_driver_mp_cc         234  CCPP_driver.F90
 66: libiomp5.so        000014DD78763493  __kmp_invoke_micr     Unknown  Unknown
 66: libiomp5.so        000014DD786D1CA4  __kmp_fork_call       Unknown  Unknown
 66: libiomp5.so        000014DD78689D23  __kmpc_fork_call      Unknown  Unknown
 66: ufs_model_gfs.x    00000000039A7479  ccpp_driver_mp_cc         204  CCPP_driver.F90
 66: ufs_model_gfs.x    00000000031A5FC8  atmos_model_mod_m         387  atmos_model.F90
 66: ufs_model_gfs.x    000000000304CD3F  module_fcst_grid_        1481  module_fcst_grid_comp.F90
 66: ufs_model_gfs.x    0000000000FE7855  Unknown               Unknown  Unknown
 66: ufs_model_gfs.x    0000000000FEC0FF  Unknown               Unknown  Unknown
 66: ufs_model_gfs.x    0000000000C9649A  Unknown               Unknown  Unknown
 66: ufs_model_gfs.x    0000000000CB7D0F  Unknown               Unknown  Unknown
 66: ufs_model_gfs.x    0000000000FE92FA  Unknown               Unknown  Unknown
 66: ufs_model_gfs.x    0000000000A18F00  Unknown               Unknown  Unknown
 66: ufs_model_gfs.x    0000000000736BE1  Unknown               Unknown  Unknown
 66: ufs_model_gfs.x    0000000003038F9F  ufsatm_cap_mod_mp        1497  ufsatm_cap.F90
 66: ufs_model_gfs.x    0000000003038A09  ufsatm_cap_mod_mp        1437  ufsatm_cap.F90
 66: ufs_model_gfs.x    0000000000D51C38  Unknown               Unknown  Unknown
 66: ufs_model_gfs.x    0000000000D51BA6  Unknown               Unknown  Unknown
 66: ufs_model_gfs.x    0000000000D5067C  Unknown               Unknown  Unknown
 66: ufs_model_gfs.x    0000000000B937FE  Unknown               Unknown  Unknown
 66: ufs_model_gfs.x    0000000006AC85DA  Unknown               Unknown  Unknown
 66: ufs_model_gfs.x    0000000000FE7855  Unknown               Unknown  Unknown
 66: ufs_model_gfs.x    0000000000FEC0FF  Unknown               Unknown  Unknown
 66: ufs_model_gfs.x    0000000000C9628A  Unknown               Unknown  Unknown
 66: ufs_model_gfs.x    0000000000CB7D0F  Unknown               Unknown  Unknown
 66: ufs_model_gfs.x    0000000000FE92FA  Unknown               Unknown  Unknown
 66: ufs_model_gfs.x    0000000000A18F00  Unknown               Unknown  Unknown
 66: ufs_model_gfs.x    0000000000736BE1  Unknown               Unknown  Unknown
 66: ufs_model_gfs.x    0000000000448377  Unknown               Unknown  Unknown
 66: ufs_model_gfs.x    0000000000447BCA  Unknown               Unknown  Unknown
 66: ufs_model_gfs.x    0000000000D51C38  Unknown               Unknown  Unknown
 66: ufs_model_gfs.x    0000000000D51BA6  Unknown               Unknown  Unknown
 66: ufs_model_gfs.x    0000000000D5067C  Unknown               Unknown  Unknown
 66: ufs_model_gfs.x    0000000000B937FE  Unknown               Unknown  Unknown
 66: ufs_model_gfs.x    0000000000444BEF  Unknown               Unknown  Unknown
 66: ufs_model_gfs.x    0000000000FE7855  Unknown               Unknown  Unknown
 66: ufs_model_gfs.x    0000000000FEC0FF  Unknown               Unknown  Unknown
 66: ufs_model_gfs.x    0000000000C9628A  Unknown               Unknown  Unknown
 66: ufs_model_gfs.x    0000000000CB7D0F  Unknown               Unknown  Unknown
 66: ufs_model_gfs.x    0000000000FE92FA  Unknown               Unknown  Unknown
 66: ufs_model_gfs.x    0000000000A18F00  Unknown               Unknown  Unknown
 66: ufs_model_gfs.x    0000000000736BE1  Unknown               Unknown  Unknown
 66: ufs_model_gfs.x    0000000000436749  MAIN__                    409  UFS.F90
 95:  NOTE: gocart aerosol initialization is reading input data with all MPI ranks
 95: forrtl: error (78): process killed (SIGTERM)
 95: Image              PC                Routine            Line        Source             
 95: libc.so.6          0000148F80401980  Unknown               Unknown  Unknown
 95: libnetcdff.so.7.2  0000148F84165FB0  __libm_pow_l9         Unknown  Unknown
 95: ufs_model_gfs.x    0000000003FABB19  module_mp_thompso        2382  module_mp_thompson.F90
 95: ufs_model_gfs.x    0000000003F908D7  module_mp_thompso        1466  module_mp_thompson.F90
 95: ufs_model_gfs.x    0000000003FE262E  mp_thompson_mp_mp         897  mp_thompson.F90
 95: ufs_model_gfs.x    0000000003B5C49D  _coupled_p8_ugwpv        1349  ccpp_fv3_gfs_v17_coupled_p8_ugwpv1_phys_ts_cap.F90
 95: ufs_model_gfs.x    00000000039AC850  ccpp_static_api_m         644  ccpp_static_api.F90
 95: ufs_model_gfs.x    00000000039A8530  ccpp_driver_mp_cc         234  CCPP_driver.F90
 95: libiomp5.so        0000148F83963493  __kmp_invoke_micr     Unknown  Unknown
 95: libiomp5.so        0000148F838D1CA4  __kmp_fork_call       Unknown  Unknown
 95: libiomp5.so        0000148F83889D23  __kmpc_fork_call      Unknown  Unknown
 95: ufs_model_gfs.x    00000000039A7479  ccpp_driver_mp_cc         204  CCPP_driver.F90
 95: ufs_model_gfs.x    00000000031A5FC8  atmos_model_mod_m         387  atmos_model.F90
 95: ufs_model_gfs.x    000000000304CD3F  module_fcst_grid_        1481  module_fcst_grid_comp.F90
 95: ufs_model_gfs.x    0000000000FE7855  Unknown               Unknown  Unknown
 95: ufs_model_gfs.x    0000000000FEC0FF  Unknown               Unknown  Unknown
 95: ufs_model_gfs.x    0000000000C9649A  Unknown               Unknown  Unknown
 95: ufs_model_gfs.x    0000000000CB7D0F  Unknown               Unknown  Unknown
 95: ufs_model_gfs.x    0000000000FE92FA  Unknown               Unknown  Unknown
 95: ufs_model_gfs.x    0000000000A18F00  Unknown               Unknown  Unknown
 95: ufs_model_gfs.x    0000000000736BE1  Unknown               Unknown  Unknown
 95: ufs_model_gfs.x    0000000003038F9F  ufsatm_cap_mod_mp        1497  ufsatm_cap.F90
 95: ufs_model_gfs.x    0000000003038A09  ufsatm_cap_mod_mp        1437  ufsatm_cap.F90
 95: ufs_model_gfs.x    0000000000D51C38  Unknown               Unknown  Unknown
 95: ufs_model_gfs.x    0000000000D51BA6  Unknown               Unknown  Unknown
 95: ufs_model_gfs.x    0000000000D5067C  Unknown               Unknown  Unknown
 95: ufs_model_gfs.x    0000000000B937FE  Unknown               Unknown  Unknown
 95: ufs_model_gfs.x    0000000006AC85DA  Unknown               Unknown  Unknown
 95: ufs_model_gfs.x    0000000000FE7855  Unknown               Unknown  Unknown
 95: ufs_model_gfs.x    0000000000FEC0FF  Unknown               Unknown  Unknown
 95: ufs_model_gfs.x    0000000000C9628A  Unknown               Unknown  Unknown
 95: ufs_model_gfs.x    0000000000CB7D0F  Unknown               Unknown  Unknown
 95: ufs_model_gfs.x    0000000000FE92FA  Unknown               Unknown  Unknown
 95: ufs_model_gfs.x    0000000000A18F00  Unknown               Unknown  Unknown
 95: ufs_model_gfs.x    0000000000736BE1  Unknown               Unknown  Unknown
 95: ufs_model_gfs.x    0000000000448377  Unknown               Unknown  Unknown
 95: ufs_model_gfs.x    0000000000447BCA  Unknown               Unknown  Unknown
 95: ufs_model_gfs.x    0000000000D51C38  Unknown               Unknown  Unknown
 95: ufs_model_gfs.x    0000000000D51BA6  Unknown               Unknown  Unknown
 95: ufs_model_gfs.x    0000000000D5067C  Unknown               Unknown  Unknown
 95: ufs_model_gfs.x    0000000000B937FE  Unknown               Unknown  Unknown
 95: ufs_model_gfs.x    0000000000444BEF  Unknown               Unknown  Unknown
 95: ufs_model_gfs.x    0000000000FE7855  Unknown               Unknown  Unknown
 95: ufs_model_gfs.x    0000000000FEC0FF  Unknown               Unknown  Unknown
 95: ufs_model_gfs.x    0000000000C9628A  Unknown               Unknown  Unknown
 95: ufs_model_gfs.x    0000000000CB7D0F  Unknown               Unknown  Unknown
 95: ufs_model_gfs.x    0000000000FE92FA  Unknown               Unknown  Unknown
 95: ufs_model_gfs.x    0000000000A18F00  Unknown               Unknown  Unknown
 95: ufs_model_gfs.x    0000000000736BE1  Unknown               Unknown  Unknown
 95: ufs_model_gfs.x    0000000000436749  MAIN__                    409  UFS.F90
 66:  NOTE: gocart aerosol initialization is reading input data with all MPI ranks
 66: ufs_model_gfs.x    000000000043549D  Unknown               Unknown  Unknown
 66: libc.so.6          000014DD751EAEEC  Unknown               Unknown  Unknown
 66: libc.so.6          000014DD751EAFB5  __libc_start_main     Unknown  Unknown
 66: ufs_model_gfs.x    00000000004353A1  Unknown               Unknown  Unknown
 95: ufs_model_gfs.x    000000000043549D  Unknown               Unknown  Unknown
 95: libc.so.6          0000148F803EAEEC  Unknown               Unknown  Unknown
 95: libc.so.6          0000148F803EAFB5  __libc_start_main     Unknown  Unknown
 95: ufs_model_gfs.x    00000000004353A1  Unknown               Unknown  Unknown
 40: forrtl: error (78): process killed (SIGTERM)
 40: Image              PC                Routine            Line        Source             
 40: libc.so.6          000014D297A01980  Unknown               Unknown  Unknown
 40: ufs_model_gfs.x    0000000003E239B7  gfs_dcnv_generic_         108  GFS_DCNV_generic_post.F90
 40: ufs_model_gfs.x    0000000003B53279  _coupled_p8_ugwpv         914  ccpp_fv3_gfs_v17_coupled_p8_ugwpv1_phys_ts_cap.F90
 40: ufs_model_gfs.x    00000000039AC850  ccpp_static_api_m         644  ccpp_static_api.F90
 40: ufs_model_gfs.x    00000000039A8530  ccpp_driver_mp_cc         234  CCPP_driver.F90
 40: libiomp5.so        000014D29AF63493  __kmp_invoke_micr     Unknown  Unknown
 40: libiomp5.so        000014D29AED1CA4  __kmp_fork_call       Unknown  Unknown
 40: libiomp5.so        000014D29AE89D23  __kmpc_fork_call      Unknown  Unknown
 40: ufs_model_gfs.x    00000000039A7479  ccpp_driver_mp_cc         204  CCPP_driver.F90
 40: ufs_model_gfs.x    00000000031A5FC8  atmos_model_mod_m         387  atmos_model.F90
 40: ufs_model_gfs.x    000000000304CD3F  module_fcst_grid_        1481  module_fcst_grid_comp.F90
 40: ufs_model_gfs.x    0000000000FE7855  Unknown               Unknown  Unknown
 40: ufs_model_gfs.x    0000000000FEC0FF  Unknown               Unknown  Unknown
 40: ufs_model_gfs.x    0000000000C9649A  Unknown               Unknown  Unknown
 40: ufs_model_gfs.x    0000000000CB7D0F  Unknown               Unknown  Unknown
 40: ufs_model_gfs.x    0000000000FE92FA  Unknown               Unknown  Unknown
 40: ufs_model_gfs.x    0000000000A18F00  Unknown               Unknown  Unknown
 40: ufs_model_gfs.x    0000000000736BE1  Unknown               Unknown  Unknown
 40: ufs_model_gfs.x    0000000003038F9F  ufsatm_cap_mod_mp        1497  ufsatm_cap.F90
 40: ufs_model_gfs.x    0000000003038A09  ufsatm_cap_mod_mp        1437  ufsatm_cap.F90
 40: ufs_model_gfs.x    0000000000D51C38  Unknown               Unknown  Unknown
 40: ufs_model_gfs.x    0000000000D51BA6  Unknown               Unknown  Unknown
 40: ufs_model_gfs.x    0000000000D5067C  Unknown               Unknown  Unknown
 40: ufs_model_gfs.x    0000000000B937FE  Unknown               Unknown  Unknown
 40: ufs_model_gfs.x    0000000006AC85DA  Unknown               Unknown  Unknown
 40: ufs_model_gfs.x    0000000000FE7855  Unknown               Unknown  Unknown
 40: ufs_model_gfs.x    0000000000FEC0FF  Unknown               Unknown  Unknown
 40: ufs_model_gfs.x    0000000000C9628A  Unknown               Unknown  Unknown
 40: ufs_model_gfs.x    0000000000CB7D0F  Unknown               Unknown  Unknown
 40: ufs_model_gfs.x    0000000000FE92FA  Unknown               Unknown  Unknown
 40: ufs_model_gfs.x    0000000000A18F00  Unknown               Unknown  Unknown
 40: ufs_model_gfs.x    0000000000736BE1  Unknown               Unknown  Unknown
 40: ufs_model_gfs.x    0000000000448377  Unknown               Unknown  Unknown
 40: ufs_model_gfs.x    0000000000447BCA  Unknown               Unknown  Unknown
 40: ufs_model_gfs.x    0000000000D51C38  Unknown               Unknown  Unknown
 40: ufs_model_gfs.x    0000000000D51BA6  Unknown               Unknown  Unknown
 40: ufs_model_gfs.x    0000000000D5067C  Unknown               Unknown  Unknown
 40: ufs_model_gfs.x    0000000000B937FE  Unknown               Unknown  Unknown
 40: ufs_model_gfs.x    0000000000444BEF  Unknown               Unknown  Unknown
 40: ufs_model_gfs.x    0000000000FE7855  Unknown               Unknown  Unknown
 40: ufs_model_gfs.x    0000000000FEC0FF  Unknown               Unknown  Unknown
 40: ufs_model_gfs.x    0000000000C9628A  Unknown               Unknown  Unknown
 40: ufs_model_gfs.x    0000000000CB7D0F  Unknown               Unknown  Unknown
 40: ufs_model_gfs.x    0000000000FE92FA  Unknown               Unknown  Unknown
 40: ufs_model_gfs.x    0000000000A18F00  Unknown               Unknown  Unknown
 40: ufs_model_gfs.x    0000000000736BE1  Unknown               Unknown  Unknown
 40: ufs_model_gfs.x    0000000000436749  MAIN__                    409  UFS.F90
 40: ufs_model_gfs.x    000000000043549D  Unknown               Unknown  Unknown
 40: libc.so.6          000014D2979EAEEC  Unknown               Unknown  Unknown
 40: libc.so.6          000014D2979EAFB5  __libc_start_main     Unknown  Unknown
 40:  NOTE: gocart aerosol initialization is reading input data with all MPI ranks
 40: ufs_model_gfs.x    00000000004353A1  Unknown               Unknown  Unknown
 61:  NOTE: gocart aerosol initialization is reading input data with all MPI ranks
 61: forrtl: error (78): process killed (SIGTERM)
 61: Image              PC                Routine            Line        Source             
 61: libc.so.6          000014D3B0C01980  Unknown               Unknown  Unknown
 61: ufs_model_gfs.x    0000000003FABBF8  module_mp_thompso        2388  module_mp_thompson.F90
 61: ufs_model_gfs.x    0000000003F908D7  module_mp_thompso        1466  module_mp_thompson.F90
 61: ufs_model_gfs.x    0000000003FE262E  mp_thompson_mp_mp         897  mp_thompson.F90
 61: ufs_model_gfs.x    0000000003B5C49D  _coupled_p8_ugwpv        1349  ccpp_fv3_gfs_v17_coupled_p8_ugwpv1_phys_ts_cap.F90
 61: ufs_model_gfs.x    00000000039AC850  ccpp_static_api_m         644  ccpp_static_api.F90
 61: ufs_model_gfs.x    00000000039A8530  ccpp_driver_mp_cc         234  CCPP_driver.F90
 61: libiomp5.so        000014D3B4163493  __kmp_invoke_micr     Unknown  Unknown
 61: libiomp5.so        000014D3B40D1CA4  __kmp_fork_call       Unknown  Unknown
 61: libiomp5.so        000014D3B4089D23  __kmpc_fork_call      Unknown  Unknown
 61: ufs_model_gfs.x    00000000039A7479  ccpp_driver_mp_cc         204  CCPP_driver.F90
 61: ufs_model_gfs.x    00000000031A5FC8  atmos_model_mod_m         387  atmos_model.F90
 61: ufs_model_gfs.x    000000000304CD3F  module_fcst_grid_        1481  module_fcst_grid_comp.F90
 61: ufs_model_gfs.x    0000000000FE7855  Unknown               Unknown  Unknown
 61: ufs_model_gfs.x    0000000000FEC0FF  Unknown               Unknown  Unknown
 61: ufs_model_gfs.x    0000000000C9649A  Unknown               Unknown  Unknown
 61: ufs_model_gfs.x    0000000000CB7D0F  Unknown               Unknown  Unknown
 61: ufs_model_gfs.x    0000000000FE92FA  Unknown               Unknown  Unknown
 61: ufs_model_gfs.x    0000000000A18F00  Unknown               Unknown  Unknown
 61: ufs_model_gfs.x    0000000000736BE1  Unknown               Unknown  Unknown
 61: ufs_model_gfs.x    0000000003038F9F  ufsatm_cap_mod_mp        1497  ufsatm_cap.F90
 61: ufs_model_gfs.x    0000000003038A09  ufsatm_cap_mod_mp        1437  ufsatm_cap.F90
 61: ufs_model_gfs.x    0000000000D51C38  Unknown               Unknown  Unknown
 61: ufs_model_gfs.x    0000000000D51BA6  Unknown               Unknown  Unknown
 61: ufs_model_gfs.x    0000000000D5067C  Unknown               Unknown  Unknown
 61: ufs_model_gfs.x    0000000000B937FE  Unknown               Unknown  Unknown
 61: ufs_model_gfs.x    0000000006AC85DA  Unknown               Unknown  Unknown
 61: ufs_model_gfs.x    0000000000FE7855  Unknown               Unknown  Unknown
 61: ufs_model_gfs.x    0000000000FEC0FF  Unknown               Unknown  Unknown
 61: ufs_model_gfs.x    0000000000C9628A  Unknown               Unknown  Unknown
 61: ufs_model_gfs.x    0000000000CB7D0F  Unknown               Unknown  Unknown
 61: ufs_model_gfs.x    0000000000FE92FA  Unknown               Unknown  Unknown
 61: ufs_model_gfs.x    0000000000A18F00  Unknown               Unknown  Unknown
 61: ufs_model_gfs.x    0000000000736BE1  Unknown               Unknown  Unknown
 61: ufs_model_gfs.x    0000000000448377  Unknown               Unknown  Unknown
 61: ufs_model_gfs.x    0000000000447BCA  Unknown               Unknown  Unknown
 61: ufs_model_gfs.x    0000000000D51C38  Unknown               Unknown  Unknown
 61: ufs_model_gfs.x    0000000000D51BA6  Unknown               Unknown  Unknown
 61: ufs_model_gfs.x    0000000000D5067C  Unknown               Unknown  Unknown
 61: ufs_model_gfs.x    0000000000B937FE  Unknown               Unknown  Unknown
 61: ufs_model_gfs.x    0000000000444BEF  Unknown               Unknown  Unknown
 61: ufs_model_gfs.x    0000000000FE7855  Unknown               Unknown  Unknown
 61: ufs_model_gfs.x    0000000000FEC0FF  Unknown               Unknown  Unknown
 61: ufs_model_gfs.x    0000000000C9628A  Unknown               Unknown  Unknown
 61: ufs_model_gfs.x    0000000000CB7D0F  Unknown               Unknown  Unknown
 61: ufs_model_gfs.x    0000000000FE92FA  Unknown               Unknown  Unknown
 61: ufs_model_gfs.x    0000000000A18F00  Unknown               Unknown  Unknown
 61: ufs_model_gfs.x    0000000000736BE1  Unknown               Unknown  Unknown
 61: ufs_model_gfs.x    0000000000436749  MAIN__                    409  UFS.F90
 61: ufs_model_gfs.x    000000000043549D  Unknown               Unknown  Unknown
 61: libc.so.6          000014D3B0BEAEEC  Unknown               Unknown  Unknown
 61: libc.so.6          000014D3B0BEAFB5  __libc_start_main     Unknown  Unknown
 61: ufs_model_gfs.x    00000000004353A1  Unknown               Unknown  Unknown
 89:  NOTE: gocart aerosol initialization is reading input data with all MPI ranks
 89: forrtl: error (78): process killed (SIGTERM)
 89: Image              PC                Routine            Line        Source             
 89: libc.so.6          0000150269601980  Unknown               Unknown  Unknown
 89: ufs_model_gfs.x    0000000003E39AFC  gfs_mp_generic_po         151  GFS_MP_generic_post.F90
 89: ufs_model_gfs.x    0000000003B62126  _coupled_p8_ugwpv        1617  ccpp_fv3_gfs_v17_coupled_p8_ugwpv1_phys_ts_cap.F90
 89: ufs_model_gfs.x    00000000039AC850  ccpp_static_api_m         644  ccpp_static_api.F90
 89: ufs_model_gfs.x    00000000039A8530  ccpp_driver_mp_cc         234  CCPP_driver.F90
 89: libiomp5.so        000015026CB63493  __kmp_invoke_micr     Unknown  Unknown
 89: libiomp5.so        000015026CAD1CA4  __kmp_fork_call       Unknown  Unknown
 89: libiomp5.so        000015026CA89D23  __kmpc_fork_call      Unknown  Unknown
 89: ufs_model_gfs.x    00000000039A7479  ccpp_driver_mp_cc         204  CCPP_driver.F90
 89: ufs_model_gfs.x    00000000031A5FC8  atmos_model_mod_m         387  atmos_model.F90
 89: ufs_model_gfs.x    000000000304CD3F  module_fcst_grid_        1481  module_fcst_grid_comp.F90
 89: ufs_model_gfs.x    0000000000FE7855  Unknown               Unknown  Unknown
 89: ufs_model_gfs.x    0000000000FEC0FF  Unknown               Unknown  Unknown
 89: ufs_model_gfs.x    0000000000C9649A  Unknown               Unknown  Unknown
 89: ufs_model_gfs.x    0000000000CB7D0F  Unknown               Unknown  Unknown
 89: ufs_model_gfs.x    0000000000FE92FA  Unknown               Unknown  Unknown
 89: ufs_model_gfs.x    0000000000A18F00  Unknown               Unknown  Unknown
 89: ufs_model_gfs.x    0000000000736BE1  Unknown               Unknown  Unknown
 89: ufs_model_gfs.x    0000000003038F9F  ufsatm_cap_mod_mp        1497  ufsatm_cap.F90
 89: ufs_model_gfs.x    0000000003038A09  ufsatm_cap_mod_mp        1437  ufsatm_cap.F90
 89: ufs_model_gfs.x    0000000000D51C38  Unknown               Unknown  Unknown
 89: ufs_model_gfs.x    0000000000D51BA6  Unknown               Unknown  Unknown
 89: ufs_model_gfs.x    0000000000D5067C  Unknown               Unknown  Unknown
 89: ufs_model_gfs.x    0000000000B937FE  Unknown               Unknown  Unknown
 89: ufs_model_gfs.x    0000000006AC85DA  Unknown               Unknown  Unknown
 89: ufs_model_gfs.x    0000000000FE7855  Unknown               Unknown  Unknown
 89: ufs_model_gfs.x    0000000000FEC0FF  Unknown               Unknown  Unknown
 89: ufs_model_gfs.x    0000000000C9628A  Unknown               Unknown  Unknown
 89: ufs_model_gfs.x    0000000000CB7D0F  Unknown               Unknown  Unknown
 89: ufs_model_gfs.x    0000000000FE92FA  Unknown               Unknown  Unknown
 89: ufs_model_gfs.x    0000000000A18F00  Unknown               Unknown  Unknown
 89: ufs_model_gfs.x    0000000000736BE1  Unknown               Unknown  Unknown
 89: ufs_model_gfs.x    0000000000448377  Unknown               Unknown  Unknown
 89: ufs_model_gfs.x    0000000000447BCA  Unknown               Unknown  Unknown
 89: ufs_model_gfs.x    0000000000D51C38  Unknown               Unknown  Unknown
 89: ufs_model_gfs.x    0000000000D51BA6  Unknown               Unknown  Unknown
 89: ufs_model_gfs.x    0000000000D5067C  Unknown               Unknown  Unknown
 89: ufs_model_gfs.x    0000000000B937FE  Unknown               Unknown  Unknown
 89: ufs_model_gfs.x    0000000000444BEF  Unknown               Unknown  Unknown
 89: ufs_model_gfs.x    0000000000FE7855  Unknown               Unknown  Unknown
 89: ufs_model_gfs.x    0000000000FEC0FF  Unknown               Unknown  Unknown
 89: ufs_model_gfs.x    0000000000C9628A  Unknown               Unknown  Unknown
 89: ufs_model_gfs.x    0000000000CB7D0F  Unknown               Unknown  Unknown
 89: ufs_model_gfs.x    0000000000FE92FA  Unknown               Unknown  Unknown
 89: ufs_model_gfs.x    0000000000A18F00  Unknown               Unknown  Unknown
 89: ufs_model_gfs.x    0000000000736BE1  Unknown               Unknown  Unknown
 89: ufs_model_gfs.x    0000000000436749  MAIN__                    409  UFS.F90
 89: ufs_model_gfs.x    000000000043549D  Unknown               Unknown  Unknown
 89: libc.so.6          00001502695EAEEC  Unknown               Unknown  Unknown
 89: libc.so.6          00001502695EAFB5  __libc_start_main     Unknown  Unknown
 17:  NOTE: gocart aerosol initialization is reading input data with all MPI ranks
 17: forrtl: error (78): process killed (SIGTERM)
 17: Image              PC                Routine            Line        Source             
 17: libc.so.6          000014CD94001980  Unknown               Unknown  Unknown
 17: ufs_model_gfs.x    00000000032A2559  fv_iau_mod_mp_set         446  fv_iau_mod.F90
 17: ufs_model_gfs.x    000000000329CA71  fv_iau_mod_mp_get         363  fv_iau_mod.F90
 17: ufs_model_gfs.x    00000000031A60EA  atmos_model_mod_m         414  atmos_model.F90
 17: ufs_model_gfs.x    000000000304CD3F  module_fcst_grid_        1481  module_fcst_grid_comp.F90
 17: ufs_model_gfs.x    0000000000FE7855  Unknown               Unknown  Unknown
 17: ufs_model_gfs.x    0000000000FEC0FF  Unknown               Unknown  Unknown
 17: ufs_model_gfs.x    0000000000C9649A  Unknown               Unknown  Unknown
 17: ufs_model_gfs.x    0000000000CB7D0F  Unknown               Unknown  Unknown
 17: ufs_model_gfs.x    0000000000FE92FA  Unknown               Unknown  Unknown
 17: ufs_model_gfs.x    0000000000A18F00  Unknown               Unknown  Unknown
 17: ufs_model_gfs.x    0000000000736BE1  Unknown               Unknown  Unknown
 17: ufs_model_gfs.x    0000000003038F9F  ufsatm_cap_mod_mp        1497  ufsatm_cap.F90
 17: ufs_model_gfs.x    0000000003038A09  ufsatm_cap_mod_mp        1437  ufsatm_cap.F90
 17: ufs_model_gfs.x    0000000000D51C38  Unknown               Unknown  Unknown
 17: ufs_model_gfs.x    0000000000D51BA6  Unknown               Unknown  Unknown
 17: ufs_model_gfs.x    0000000000D5067C  Unknown               Unknown  Unknown
 17: ufs_model_gfs.x    0000000000B937FE  Unknown               Unknown  Unknown
 17: ufs_model_gfs.x    0000000006AC85DA  Unknown               Unknown  Unknown
 17: ufs_model_gfs.x    0000000000FE7855  Unknown               Unknown  Unknown
 17: ufs_model_gfs.x    0000000000FEC0FF  Unknown               Unknown  Unknown
 17: ufs_model_gfs.x    0000000000C9628A  Unknown               Unknown  Unknown
 17: ufs_model_gfs.x    0000000000CB7D0F  Unknown               Unknown  Unknown
 17: ufs_model_gfs.x    0000000000FE92FA  Unknown               Unknown  Unknown
 17: ufs_model_gfs.x    0000000000A18F00  Unknown               Unknown  Unknown
 17: ufs_model_gfs.x    0000000000736BE1  Unknown               Unknown  Unknown
 17: ufs_model_gfs.x    0000000000448377  Unknown               Unknown  Unknown
 17: ufs_model_gfs.x    0000000000447BCA  Unknown               Unknown  Unknown
 17: ufs_model_gfs.x    0000000000D51C38  Unknown               Unknown  Unknown
 17: ufs_model_gfs.x    0000000000D51BA6  Unknown               Unknown  Unknown
 17: ufs_model_gfs.x    0000000000D5067C  Unknown               Unknown  Unknown
 17: ufs_model_gfs.x    0000000000B937FE  Unknown               Unknown  Unknown
 17: ufs_model_gfs.x    0000000000444BEF  Unknown               Unknown  Unknown
 17: ufs_model_gfs.x    0000000000FE7855  Unknown               Unknown  Unknown
 17: ufs_model_gfs.x    0000000000FEC0FF  Unknown               Unknown  Unknown
 17: ufs_model_gfs.x    0000000000C9628A  Unknown               Unknown  Unknown
 17: ufs_model_gfs.x    0000000000CB7D0F  Unknown               Unknown  Unknown
 17: ufs_model_gfs.x    0000000000FE92FA  Unknown               Unknown  Unknown
 17: ufs_model_gfs.x    0000000000A18F00  Unknown               Unknown  Unknown
 17: ufs_model_gfs.x    0000000000736BE1  Unknown               Unknown  Unknown
 17: ufs_model_gfs.x    0000000000436749  MAIN__                    409  UFS.F90
 17: ufs_model_gfs.x    000000000043549D  Unknown               Unknown  Unknown
 17: libc.so.6          000014CD93FEAEEC  Unknown               Unknown  Unknown
 17: libc.so.6          000014CD93FEAFB5  __libc_start_main     Unknown  Unknown
 17: ufs_model_gfs.x    00000000004353A1  Unknown               Unknown  Unknown
 89: ufs_model_gfs.x    00000000004353A1  Unknown               Unknown  Unknown
 48: forrtl: error (78): process killed (SIGTERM)
 48: Image              PC                Routine            Line        Source             
 48: libc.so.6          0000151E93C01980  Unknown               Unknown  Unknown
 48: ufs_model_gfs.x    0000000003FB2FDD  module_mp_thompso        3464  module_mp_thompson.F90
 48: ufs_model_gfs.x    0000000003F908D7  module_mp_thompso        1466  module_mp_thompson.F90
 48: ufs_model_gfs.x    0000000003FE262E  mp_thompson_mp_mp         897  mp_thompson.F90
 48: ufs_model_gfs.x    0000000003B5C49D  _coupled_p8_ugwpv        1349  ccpp_fv3_gfs_v17_coupled_p8_ugwpv1_phys_ts_cap.F90
 48: ufs_model_gfs.x    00000000039AC850  ccpp_static_api_m         644  ccpp_static_api.F90
 48: ufs_model_gfs.x    00000000039A8530  ccpp_driver_mp_cc         234  CCPP_driver.F90
 48: libiomp5.so        0000151E97163493  __kmp_invoke_micr     Unknown  Unknown
 48: libiomp5.so        0000151E970D1CA4  __kmp_fork_call       Unknown  Unknown
 48: libiomp5.so        0000151E97089D23  __kmpc_fork_call      Unknown  Unknown
 48: ufs_model_gfs.x    00000000039A7479  ccpp_driver_mp_cc         204  CCPP_driver.F90
 48: ufs_model_gfs.x    00000000031A5FC8  atmos_model_mod_m         387  atmos_model.F90
 48: ufs_model_gfs.x    000000000304CD3F  module_fcst_grid_        1481  module_fcst_grid_comp.F90
 48: ufs_model_gfs.x    0000000000FE7855  Unknown               Unknown  Unknown
 48: ufs_model_gfs.x    0000000000FEC0FF  Unknown               Unknown  Unknown
 48: ufs_model_gfs.x    0000000000C9649A  Unknown               Unknown  Unknown
 48: ufs_model_gfs.x    0000000000CB7D0F  Unknown               Unknown  Unknown
 48: ufs_model_gfs.x    0000000000FE92FA  Unknown               Unknown  Unknown
 48: ufs_model_gfs.x    0000000000A18F00  Unknown               Unknown  Unknown
 48: ufs_model_gfs.x    0000000000736BE1  Unknown               Unknown  Unknown
 48: ufs_model_gfs.x    0000000003038F9F  ufsatm_cap_mod_mp        1497  ufsatm_cap.F90
 48: ufs_model_gfs.x    0000000003038A09  ufsatm_cap_mod_mp        1437  ufsatm_cap.F90
 48: ufs_model_gfs.x    0000000000D51C38  Unknown               Unknown  Unknown
 48: ufs_model_gfs.x    0000000000D51BA6  Unknown               Unknown  Unknown
 48: ufs_model_gfs.x    0000000000D5067C  Unknown               Unknown  Unknown
 48: ufs_model_gfs.x    0000000000B937FE  Unknown               Unknown  Unknown
 48: ufs_model_gfs.x    0000000006AC85DA  Unknown               Unknown  Unknown
 48: ufs_model_gfs.x    0000000000FE7855  Unknown               Unknown  Unknown
 48: ufs_model_gfs.x    0000000000FEC0FF  Unknown               Unknown  Unknown
 48: ufs_model_gfs.x    0000000000C9628A  Unknown               Unknown  Unknown
 48: ufs_model_gfs.x    0000000000CB7D0F  Unknown               Unknown  Unknown
 48: ufs_model_gfs.x    0000000000FE92FA  Unknown               Unknown  Unknown
 48: ufs_model_gfs.x    0000000000A18F00  Unknown               Unknown  Unknown
 48: ufs_model_gfs.x    0000000000736BE1  Unknown               Unknown  Unknown
 48: ufs_model_gfs.x    0000000000448377  Unknown               Unknown  Unknown
 48: ufs_model_gfs.x    0000000000447BCA  Unknown               Unknown  Unknown
 48: ufs_model_gfs.x    0000000000D51C38  Unknown               Unknown  Unknown
 48: ufs_model_gfs.x    0000000000D51BA6  Unknown               Unknown  Unknown
 48: ufs_model_gfs.x    0000000000D5067C  Unknown               Unknown  Unknown
 48: ufs_model_gfs.x    0000000000B937FE  Unknown               Unknown  Unknown
 48: ufs_model_gfs.x    0000000000444BEF  Unknown               Unknown  Unknown
 48: ufs_model_gfs.x    0000000000FE7855  Unknown               Unknown  Unknown
 48: ufs_model_gfs.x    0000000000FEC0FF  Unknown               Unknown  Unknown
 48: ufs_model_gfs.x    0000000000C9628A  Unknown               Unknown  Unknown
 48: ufs_model_gfs.x    0000000000CB7D0F  Unknown               Unknown  Unknown
 48: ufs_model_gfs.x    0000000000FE92FA  Unknown               Unknown  Unknown
 48: ufs_model_gfs.x    0000000000A18F00  Unknown               Unknown  Unknown
 48: ufs_model_gfs.x    0000000000736BE1  Unknown               Unknown  Unknown
 48: ufs_model_gfs.x    0000000000436749  MAIN__                    409  UFS.F90
 48: ufs_model_gfs.x    000000000043549D  Unknown               Unknown  Unknown
 48: libc.so.6          0000151E93BEAEEC  Unknown               Unknown  Unknown
 48: libc.so.6          0000151E93BEAFB5  __libc_start_main     Unknown  Unknown
 48: ufs_model_gfs.x    00000000004353A1  Unknown               Unknown  Unknown
 63:  NOTE: gocart aerosol initialization is reading input data with all MPI ranks
 63: forrtl: error (78): process killed (SIGTERM)
 63: Image              PC                Routine            Line        Source             
 63: libc.so.6          000014CAC1C01980  Unknown               Unknown  Unknown
 63: libnetcdff.so.7.2  000014CAC5970F45  __libm_pow_l9         Unknown  Unknown
 63: ufs_model_gfs.x    0000000003FA437E  module_mp_thompso        6060  module_mp_thompson.F90
 63: ufs_model_gfs.x    0000000003F9A58F  module_mp_thompso        1726  module_mp_thompson.F90
 63: ufs_model_gfs.x    0000000003FE262E  mp_thompson_mp_mp         897  mp_thompson.F90
 63: ufs_model_gfs.x    0000000003B5C49D  _coupled_p8_ugwpv        1349  ccpp_fv3_gfs_v17_coupled_p8_ugwpv1_phys_ts_cap.F90
 63: ufs_model_gfs.x    00000000039AC850  ccpp_static_api_m         644  ccpp_static_api.F90
 63: ufs_model_gfs.x    00000000039A8530  ccpp_driver_mp_cc         234  CCPP_driver.F90
 63: libiomp5.so        000014CAC5163493  __kmp_invoke_micr     Unknown  Unknown
 63: libiomp5.so        000014CAC50D1CA4  __kmp_fork_call       Unknown  Unknown
 63: libiomp5.so        000014CAC5089D23  __kmpc_fork_call      Unknown  Unknown
 63: ufs_model_gfs.x    00000000039A7479  ccpp_driver_mp_cc         204  CCPP_driver.F90
 63: ufs_model_gfs.x    00000000031A5FC8  atmos_model_mod_m         387  atmos_model.F90
 63: ufs_model_gfs.x    000000000304CD3F  module_fcst_grid_        1481  module_fcst_grid_comp.F90
 63: ufs_model_gfs.x    0000000000FE7855  Unknown               Unknown  Unknown
 63: ufs_model_gfs.x    0000000000FEC0FF  Unknown               Unknown  Unknown
 63: ufs_model_gfs.x    0000000000C9649A  Unknown               Unknown  Unknown
 63: ufs_model_gfs.x    0000000000CB7D0F  Unknown               Unknown  Unknown
 63: ufs_model_gfs.x    0000000000FE92FA  Unknown               Unknown  Unknown
 63: ufs_model_gfs.x    0000000000A18F00  Unknown               Unknown  Unknown
 63: ufs_model_gfs.x    0000000000736BE1  Unknown               Unknown  Unknown
 63: ufs_model_gfs.x    0000000003038F9F  ufsatm_cap_mod_mp        1497  ufsatm_cap.F90
 63: ufs_model_gfs.x    0000000003038A09  ufsatm_cap_mod_mp        1437  ufsatm_cap.F90
 63: ufs_model_gfs.x    0000000000D51C38  Unknown               Unknown  Unknown
 63: ufs_model_gfs.x    0000000000D51BA6  Unknown               Unknown  Unknown
 63: ufs_model_gfs.x    0000000000D5067C  Unknown               Unknown  Unknown
 63: ufs_model_gfs.x    0000000000B937FE  Unknown               Unknown  Unknown
 63: ufs_model_gfs.x    0000000006AC85DA  Unknown               Unknown  Unknown
 63: ufs_model_gfs.x    0000000000FE7855  Unknown               Unknown  Unknown
 63: ufs_model_gfs.x    0000000000FEC0FF  Unknown               Unknown  Unknown
 63: ufs_model_gfs.x    0000000000C9628A  Unknown               Unknown  Unknown
 63: ufs_model_gfs.x    0000000000CB7D0F  Unknown               Unknown  Unknown
 63: ufs_model_gfs.x    0000000000FE92FA  Unknown               Unknown  Unknown
 63: ufs_model_gfs.x    0000000000A18F00  Unknown               Unknown  Unknown
 63: ufs_model_gfs.x    0000000000736BE1  Unknown               Unknown  Unknown
 63: ufs_model_gfs.x    0000000000448377  Unknown               Unknown  Unknown
 63: ufs_model_gfs.x    0000000000447BCA  Unknown               Unknown  Unknown
 63: ufs_model_gfs.x    0000000000D51C38  Unknown               Unknown  Unknown
 63: ufs_model_gfs.x    0000000000D51BA6  Unknown               Unknown  Unknown
 63: ufs_model_gfs.x    0000000000D5067C  Unknown               Unknown  Unknown
 63: ufs_model_gfs.x    0000000000B937FE  Unknown               Unknown  Unknown
 63: ufs_model_gfs.x    0000000000444BEF  Unknown               Unknown  Unknown
 63: ufs_model_gfs.x    0000000000FE7855  Unknown               Unknown  Unknown
 63: ufs_model_gfs.x    0000000000FEC0FF  Unknown               Unknown  Unknown
 63: ufs_model_gfs.x    0000000000C9628A  Unknown               Unknown  Unknown
 63: ufs_model_gfs.x    0000000000CB7D0F  Unknown               Unknown  Unknown
 63: ufs_model_gfs.x    0000000000FE92FA  Unknown               Unknown  Unknown
 63: ufs_model_gfs.x    0000000000A18F00  Unknown               Unknown  Unknown
 63: ufs_model_gfs.x    0000000000736BE1  Unknown               Unknown  Unknown
 63: ufs_model_gfs.x    0000000000436749  MAIN__                    409  UFS.F90
 63: ufs_model_gfs.x    000000000043549D  Unknown               Unknown  Unknown
 63: libc.so.6          000014CAC1BEAEEC  Unknown               Unknown  Unknown
 63: libc.so.6          000014CAC1BEAFB5  __libc_start_main     Unknown  Unknown
 63: ufs_model_gfs.x    00000000004353A1  Unknown               Unknown  Unknown
 16:  NOTE: gocart aerosol initialization is reading input data with all MPI ranks
 16: forrtl: error (78): process killed (SIGTERM)
 16: Image              PC                Routine            Line        Source             
 16: libc.so.6          000014FDF6C01980  Unknown               Unknown  Unknown
 16: libnetcdff.so.7.2  000014FDFAA1EE24  pow                   Unknown  Unknown
 16: ufs_model_gfs.x    0000000003FB2AE2  module_mp_thompso        3392  module_mp_thompson.F90
 16: ufs_model_gfs.x    0000000003F908D7  module_mp_thompso        1466  module_mp_thompson.F90
 16: ufs_model_gfs.x    0000000003FE262E  mp_thompson_mp_mp         897  mp_thompson.F90
 16: ufs_model_gfs.x    0000000003B5C49D  _coupled_p8_ugwpv        1349  ccpp_fv3_gfs_v17_coupled_p8_ugwpv1_phys_ts_cap.F90
 16: ufs_model_gfs.x    00000000039AC850  ccpp_static_api_m         644  ccpp_static_api.F90
 16: ufs_model_gfs.x    00000000039A8530  ccpp_driver_mp_cc         234  CCPP_driver.F90
 16: libiomp5.so        000014FDFA163493  __kmp_invoke_micr     Unknown  Unknown
 16: libiomp5.so        000014FDFA0D1CA4  __kmp_fork_call       Unknown  Unknown
 16: libiomp5.so        000014FDFA089D23  __kmpc_fork_call      Unknown  Unknown
 16: ufs_model_gfs.x    00000000039A7479  ccpp_driver_mp_cc         204  CCPP_driver.F90
 16: ufs_model_gfs.x    00000000031A5FC8  atmos_model_mod_m         387  atmos_model.F90
 16: ufs_model_gfs.x    000000000304CD3F  module_fcst_grid_        1481  module_fcst_grid_comp.F90
 16: ufs_model_gfs.x    0000000000FE7855  Unknown               Unknown  Unknown
 16: ufs_model_gfs.x    0000000000FEC0FF  Unknown               Unknown  Unknown
 16: ufs_model_gfs.x    0000000000C9649A  Unknown               Unknown  Unknown
 16: ufs_model_gfs.x    0000000000CB7D0F  Unknown               Unknown  Unknown
 16: ufs_model_gfs.x    0000000000FE92FA  Unknown               Unknown  Unknown
 16: ufs_model_gfs.x    0000000000A18F00  Unknown               Unknown  Unknown
 16: ufs_model_gfs.x    0000000000736BE1  Unknown               Unknown  Unknown
 16: ufs_model_gfs.x    0000000003038F9F  ufsatm_cap_mod_mp        1497  ufsatm_cap.F90
 16: ufs_model_gfs.x    0000000003038A09  ufsatm_cap_mod_mp        1437  ufsatm_cap.F90
 16: ufs_model_gfs.x    0000000000D51C38  Unknown               Unknown  Unknown
 16: ufs_model_gfs.x    0000000000D51BA6  Unknown               Unknown  Unknown
 16: ufs_model_gfs.x    0000000000D5067C  Unknown               Unknown  Unknown
 16: ufs_model_gfs.x    0000000000B937FE  Unknown               Unknown  Unknown
 16: ufs_model_gfs.x    0000000006AC85DA  Unknown               Unknown  Unknown
 16: ufs_model_gfs.x    0000000000FE7855  Unknown               Unknown  Unknown
 16: ufs_model_gfs.x    0000000000FEC0FF  Unknown               Unknown  Unknown
 16: ufs_model_gfs.x    0000000000C9628A  Unknown               Unknown  Unknown
 16: ufs_model_gfs.x    0000000000CB7D0F  Unknown               Unknown  Unknown
 16: ufs_model_gfs.x    0000000000FE92FA  Unknown               Unknown  Unknown
 16: ufs_model_gfs.x    0000000000A18F00  Unknown               Unknown  Unknown
 16: ufs_model_gfs.x    0000000000736BE1  Unknown               Unknown  Unknown
 16: ufs_model_gfs.x    0000000000448377  Unknown               Unknown  Unknown
 16: ufs_model_gfs.x    0000000000447BCA  Unknown               Unknown  Unknown
 16: ufs_model_gfs.x    0000000000D51C38  Unknown               Unknown  Unknown
 16: ufs_model_gfs.x    0000000000D51BA6  Unknown               Unknown  Unknown
 16: ufs_model_gfs.x    0000000000D5067C  Unknown               Unknown  Unknown
 16: ufs_model_gfs.x    0000000000B937FE  Unknown               Unknown  Unknown
 16: ufs_model_gfs.x    0000000000444BEF  Unknown               Unknown  Unknown
 16: ufs_model_gfs.x    0000000000FE7855  Unknown               Unknown  Unknown
 16: ufs_model_gfs.x    0000000000FEC0FF  Unknown               Unknown  Unknown
 16: ufs_model_gfs.x    0000000000C9628A  Unknown               Unknown  Unknown
 16: ufs_model_gfs.x    0000000000CB7D0F  Unknown               Unknown  Unknown
 16: ufs_model_gfs.x    0000000000FE92FA  Unknown               Unknown  Unknown
 16: ufs_model_gfs.x    0000000000A18F00  Unknown               Unknown  Unknown
 16: ufs_model_gfs.x    0000000000736BE1  Unknown               Unknown  Unknown
 16: ufs_model_gfs.x    0000000000436749  MAIN__                    409  UFS.F90
 16: ufs_model_gfs.x    000000000043549D  Unknown               Unknown  Unknown
 16: libc.so.6          000014FDF6BEAEEC  Unknown               Unknown  Unknown
 16: libc.so.6          000014FDF6BEAFB5  __libc_start_main     Unknown  Unknown
 16: ufs_model_gfs.x    00000000004353A1  Unknown               Unknown  Unknown
 19: forrtl: error (78): process killed (SIGTERM)
 19: Image              PC                Routine            Line        Source             
 19: libc.so.6          0000146BBA601980  Unknown               Unknown  Unknown
 19: ufs_model_gfs.x    00000000034206B8  fv_mapz_mod_mp_mo        3495  fv_mapz.F90
 19: ufs_model_gfs.x    0000000003503156  fv_update_phys_mo         476  fv_update_phys.F90
 19: libiomp5.so        0000146BBDB63493  __kmp_invoke_micr     Unknown  Unknown
 19: libiomp5.so        0000146BBDAD1CA4  __kmp_fork_call       Unknown  Unknown
 19: libiomp5.so        0000146BBDA89D23  __kmpc_fork_call      Unknown  Unknown
 19: ufs_model_gfs.x    00000000034FA98F  fv_update_phys_mo         330  fv_update_phys.F90
 19: ufs_model_gfs.x    00000000032E20BE  atmosphere_mod_mp        1749  atmosphere.F90
 19: ufs_model_gfs.x    00000000031E7F1D  atmos_model_mod_m         953  atmos_model.F90
 19: ufs_model_gfs.x    000000000304D3A4  module_fcst_grid_        1549  module_fcst_grid_comp.F90
 19: ufs_model_gfs.x    0000000000FE7855  Unknown               Unknown  Unknown
 19: ufs_model_gfs.x    0000000000FEC0FF  Unknown               Unknown  Unknown
 19: ufs_model_gfs.x    0000000000C9649A  Unknown               Unknown  Unknown
 19: ufs_model_gfs.x    0000000000CB7D0F  Unknown               Unknown  Unknown
 19: ufs_model_gfs.x    0000000000FE92FA  Unknown               Unknown  Unknown
 19: ufs_model_gfs.x    0000000000A18F00  Unknown               Unknown  Unknown
 19: ufs_model_gfs.x    0000000000736BE1  Unknown               Unknown  Unknown
 19: ufs_model_gfs.x    000000000303951D  ufsatm_cap_mod_mp        1558  ufsatm_cap.F90
 19: ufs_model_gfs.x    0000000003038A72  ufsatm_cap_mod_mp        1440  ufsatm_cap.F90
 19: ufs_model_gfs.x    0000000000D51C38  Unknown               Unknown  Unknown
 19: ufs_model_gfs.x    0000000000D51BA6  Unknown               Unknown  Unknown
 19: ufs_model_gfs.x    0000000000D5067C  Unknown               Unknown  Unknown
 19: ufs_model_gfs.x    0000000000B937FE  Unknown               Unknown  Unknown
 19: ufs_model_gfs.x    0000000006AC85DA  Unknown               Unknown  Unknown
 19: ufs_model_gfs.x    0000000000FE7855  Unknown               Unknown  Unknown
 19: ufs_model_gfs.x    0000000000FEC0FF  Unknown               Unknown  Unknown
 19: ufs_model_gfs.x    0000000000C9628A  Unknown               Unknown  Unknown
 19: ufs_model_gfs.x    0000000000CB7D0F  Unknown               Unknown  Unknown
 19: ufs_model_gfs.x    0000000000FE92FA  Unknown               Unknown  Unknown
 19: ufs_model_gfs.x    0000000000A18F00  Unknown               Unknown  Unknown
 19: ufs_model_gfs.x    0000000000736BE1  Unknown               Unknown  Unknown
 19: ufs_model_gfs.x    0000000000448377  Unknown               Unknown  Unknown
 19: ufs_model_gfs.x    0000000000447BCA  Unknown               Unknown  Unknown
 19: ufs_model_gfs.x    0000000000D51C38  Unknown               Unknown  Unknown
 19: ufs_model_gfs.x    0000000000D51BA6  Unknown               Unknown  Unknown
 19: ufs_model_gfs.x    0000000000D5067C  Unknown               Unknown  Unknown
 19: ufs_model_gfs.x    0000000000B937FE  Unknown               Unknown  Unknown
 19: ufs_model_gfs.x    0000000000444BEF  Unknown               Unknown  Unknown
 19: ufs_model_gfs.x    0000000000FE7855  Unknown               Unknown  Unknown
 19: ufs_model_gfs.x    0000000000FEC0FF  Unknown               Unknown  Unknown
 19: ufs_model_gfs.x    0000000000C9628A  Unknown               Unknown  Unknown
 19: ufs_model_gfs.x    0000000000CB7D0F  Unknown               Unknown  Unknown
 19: ufs_model_gfs.x    0000000000FE92FA  Unknown               Unknown  Unknown
 19: ufs_model_gfs.x    0000000000A18F00  Unknown               Unknown  Unknown
 19: ufs_model_gfs.x    0000000000736BE1  Unknown               Unknown  Unknown
 19: ufs_model_gfs.x    0000000000436749  MAIN__                    409  UFS.F90
 19: ufs_model_gfs.x    000000000043549D  Unknown               Unknown  Unknown
 19: libc.so.6          0000146BBA5EAEEC  Unknown               Unknown  Unknown
 19: libc.so.6          0000146BBA5EAFB5  __libc_start_main     Unknown  Unknown
 19: ufs_model_gfs.x    00000000004353A1  Unknown               Unknown  Unknown
 19:  NOTE: gocart aerosol initialization is reading input data with all MPI ranks
 90:  NOTE: gocart aerosol initialization is reading input data with all MPI ranks
 90: forrtl: error (78): process killed (SIGTERM)
 90: Image              PC                Routine            Line        Source             
 90: libc.so.6          0000147AB4C01980  Unknown               Unknown  Unknown
 90: ufs_model_gfs.x    0000000003AE2F94  module_ozphys_mp_         253  module_ozphys.F90
 90: ufs_model_gfs.x    0000000003E5F9DB  gfs_photochemistr         115  GFS_photochemistry.F90
 90: ufs_model_gfs.x    0000000003B49E81  _coupled_p8_ugwpv         485  ccpp_fv3_gfs_v17_coupled_p8_ugwpv1_phys_ts_cap.F90
 90: ufs_model_gfs.x    00000000039AC850  ccpp_static_api_m         644  ccpp_static_api.F90
 90: ufs_model_gfs.x    00000000039A8530  ccpp_driver_mp_cc         234  CCPP_driver.F90
 90: libiomp5.so        0000147AB8163493  __kmp_invoke_micr     Unknown  Unknown
 90: libiomp5.so        0000147AB80D1CA4  __kmp_fork_call       Unknown  Unknown
 90: libiomp5.so        0000147AB8089D23  __kmpc_fork_call      Unknown  Unknown
 90: ufs_model_gfs.x    00000000039A7479  ccpp_driver_mp_cc         204  CCPP_driver.F90
 90: ufs_model_gfs.x    00000000031A5FC8  atmos_model_mod_m         387  atmos_model.F90
 90: ufs_model_gfs.x    000000000304CD3F  module_fcst_grid_        1481  module_fcst_grid_comp.F90
 90: ufs_model_gfs.x    0000000000FE7855  Unknown               Unknown  Unknown
 90: ufs_model_gfs.x    0000000000FEC0FF  Unknown               Unknown  Unknown
 90: ufs_model_gfs.x    0000000000C9649A  Unknown               Unknown  Unknown
 90: ufs_model_gfs.x    0000000000CB7D0F  Unknown               Unknown  Unknown
 90: ufs_model_gfs.x    0000000000FE92FA  Unknown               Unknown  Unknown
 90: ufs_model_gfs.x    0000000000A18F00  Unknown               Unknown  Unknown
 90: ufs_model_gfs.x    0000000000736BE1  Unknown               Unknown  Unknown
 90: ufs_model_gfs.x    0000000003038F9F  ufsatm_cap_mod_mp        1497  ufsatm_cap.F90
 90: ufs_model_gfs.x    0000000003038A09  ufsatm_cap_mod_mp        1437  ufsatm_cap.F90
 90: ufs_model_gfs.x    0000000000D51C38  Unknown               Unknown  Unknown
 90: ufs_model_gfs.x    0000000000D51BA6  Unknown               Unknown  Unknown
 90: ufs_model_gfs.x    0000000000D5067C  Unknown               Unknown  Unknown
 90: ufs_model_gfs.x    0000000000B937FE  Unknown               Unknown  Unknown
 90: ufs_model_gfs.x    0000000006AC85DA  Unknown               Unknown  Unknown
 90: ufs_model_gfs.x    0000000000FE7855  Unknown               Unknown  Unknown
 90: ufs_model_gfs.x    0000000000FEC0FF  Unknown               Unknown  Unknown
 90: ufs_model_gfs.x    0000000000C9628A  Unknown               Unknown  Unknown
 90: ufs_model_gfs.x    0000000000CB7D0F  Unknown               Unknown  Unknown
 90: ufs_model_gfs.x    0000000000FE92FA  Unknown               Unknown  Unknown
 90: ufs_model_gfs.x    0000000000A18F00  Unknown               Unknown  Unknown
 90: ufs_model_gfs.x    0000000000736BE1  Unknown               Unknown  Unknown
 90: ufs_model_gfs.x    0000000000448377  Unknown               Unknown  Unknown
 90: ufs_model_gfs.x    0000000000447BCA  Unknown               Unknown  Unknown
 90: ufs_model_gfs.x    0000000000D51C38  Unknown               Unknown  Unknown
 90: ufs_model_gfs.x    0000000000D51BA6  Unknown               Unknown  Unknown
 90: ufs_model_gfs.x    0000000000D5067C  Unknown               Unknown  Unknown
 90: ufs_model_gfs.x    0000000000B937FE  Unknown               Unknown  Unknown
 90: ufs_model_gfs.x    0000000000444BEF  Unknown               Unknown  Unknown
 90: ufs_model_gfs.x    0000000000FE7855  Unknown               Unknown  Unknown
 90: ufs_model_gfs.x    0000000000FEC0FF  Unknown               Unknown  Unknown
 90: ufs_model_gfs.x    0000000000C9628A  Unknown               Unknown  Unknown
 90: ufs_model_gfs.x    0000000000CB7D0F  Unknown               Unknown  Unknown
 90: ufs_model_gfs.x    0000000000FE92FA  Unknown               Unknown  Unknown
 90: ufs_model_gfs.x    0000000000A18F00  Unknown               Unknown  Unknown
 90: ufs_model_gfs.x    0000000000736BE1  Unknown               Unknown  Unknown
 90: ufs_model_gfs.x    0000000000436749  MAIN__                    409  UFS.F90
 90: ufs_model_gfs.x    000000000043549D  Unknown               Unknown  Unknown
 90: libc.so.6          0000147AB4BEAEEC  Unknown               Unknown  Unknown
 90: libc.so.6          0000147AB4BEAFB5  __libc_start_main     Unknown  Unknown
 90: ufs_model_gfs.x    00000000004353A1  Unknown               Unknown  Unknown
  6: forrtl: error (78): process killed (SIGTERM)
  6: Image              PC                Routine            Line        Source             
  6: libc.so.6          000014643A401980  Unknown               Unknown  Unknown
  6: ufs_model_gfs.x    000000000696D75A  Unknown               Unknown  Unknown
  6: ufs_model_gfs.x    00000000041ED8D0  module_sf_noahmpl        5933  module_sf_noahmplsm.F90
  6: ufs_model_gfs.x    00000000041E88B0  module_sf_noahmpl        2245  module_sf_noahmplsm.F90
  6: ufs_model_gfs.x    00000000041E56A1  module_sf_noahmpl         828  module_sf_noahmplsm.F90
  6: ufs_model_gfs.x    00000000041329BD  noahmpdrv_mp_noah        1217  noahmpdrv.F90
  6: ufs_model_gfs.x    0000000003B19F30  _coupled_p8_ugwpv        1714  ccpp_fv3_gfs_v17_coupled_p8_ugwpv1_phys_ps_cap.F90
  6: ufs_model_gfs.x    00000000039AC664  ccpp_static_api_m         635  ccpp_static_api.F90
  6: ufs_model_gfs.x    00000000039A828A  ccpp_driver_mp_cc         226  CCPP_driver.F90
  6: libiomp5.so        000014643D963493  __kmp_invoke_micr     Unknown  Unknown
  6: libiomp5.so        000014643D8D1CA4  __kmp_fork_call       Unknown  Unknown
  6: libiomp5.so        000014643D889D23  __kmpc_fork_call      Unknown  Unknown
  6: ufs_model_gfs.x    00000000039A7479  ccpp_driver_mp_cc         204  CCPP_driver.F90
  6: ufs_model_gfs.x    00000000031A5FC8  atmos_model_mod_m         387  atmos_model.F90
  6: ufs_model_gfs.x    000000000304CD3F  module_fcst_grid_        1481  module_fcst_grid_comp.F90
  6: ufs_model_gfs.x    0000000000FE7855  Unknown               Unknown  Unknown
  6: ufs_model_gfs.x    0000000000FEC0FF  Unknown               Unknown  Unknown
  6: ufs_model_gfs.x    0000000000C9649A  Unknown               Unknown  Unknown
  6: ufs_model_gfs.x    0000000000CB7D0F  Unknown               Unknown  Unknown
  6: ufs_model_gfs.x    0000000000FE92FA  Unknown               Unknown  Unknown
  6: ufs_model_gfs.x    0000000000A18F00  Unknown               Unknown  Unknown
  6: ufs_model_gfs.x    0000000000736BE1  Unknown               Unknown  Unknown
  6: ufs_model_gfs.x    0000000003038F9F  ufsatm_cap_mod_mp        1497  ufsatm_cap.F90
  6: ufs_model_gfs.x    0000000003038A09  ufsatm_cap_mod_mp        1437  ufsatm_cap.F90
  6: ufs_model_gfs.x    0000000000D51C38  Unknown               Unknown  Unknown
  6: ufs_model_gfs.x    0000000000D51BA6  Unknown               Unknown  Unknown
  6: ufs_model_gfs.x    0000000000D5067C  Unknown               Unknown  Unknown
  6: ufs_model_gfs.x    0000000000B937FE  Unknown               Unknown  Unknown
  6: ufs_model_gfs.x    0000000006AC85DA  Unknown               Unknown  Unknown
  6: ufs_model_gfs.x    0000000000FE7855  Unknown               Unknown  Unknown
  6: ufs_model_gfs.x    0000000000FEC0FF  Unknown               Unknown  Unknown
  6: ufs_model_gfs.x    0000000000C9628A  Unknown               Unknown  Unknown
  6: ufs_model_gfs.x    0000000000CB7D0F  Unknown               Unknown  Unknown
  6: ufs_model_gfs.x    0000000000FE92FA  Unknown               Unknown  Unknown
  6: ufs_model_gfs.x    0000000000A18F00  Unknown               Unknown  Unknown
  6: ufs_model_gfs.x    0000000000736BE1  Unknown               Unknown  Unknown
  6: ufs_model_gfs.x    0000000000448377  Unknown               Unknown  Unknown
  6: ufs_model_gfs.x    0000000000447BCA  Unknown               Unknown  Unknown
  6: ufs_model_gfs.x    0000000000D51C38  Unknown               Unknown  Unknown
  6: ufs_model_gfs.x    0000000000D51BA6  Unknown               Unknown  Unknown
  6: ufs_model_gfs.x    0000000000D5067C  Unknown               Unknown  Unknown
  6: ufs_model_gfs.x    0000000000B937FE  Unknown               Unknown  Unknown
  6: ufs_model_gfs.x    0000000000444BEF  Unknown               Unknown  Unknown
  6: ufs_model_gfs.x    0000000000FE7855  Unknown               Unknown  Unknown
  6: ufs_model_gfs.x    0000000000FEC0FF  Unknown               Unknown  Unknown
  6: ufs_model_gfs.x    0000000000C9628A  Unknown               Unknown  Unknown
  6: ufs_model_gfs.x    0000000000CB7D0F  Unknown               Unknown  Unknown
  6: ufs_model_gfs.x    0000000000FE92FA  Unknown               Unknown  Unknown
  6: ufs_model_gfs.x    0000000000A18F00  Unknown               Unknown  Unknown
  6:  NOTE: gocart aerosol initialization is reading input data with all MPI ranks
  6: ufs_model_gfs.x    0000000000736BE1  Unknown               Unknown  Unknown
  6: ufs_model_gfs.x    0000000000436749  MAIN__                    409  UFS.F90
  6: ufs_model_gfs.x    000000000043549D  Unknown               Unknown  Unknown
  6: libc.so.6          000014643A3EAEEC  Unknown               Unknown  Unknown
  6: libc.so.6          000014643A3EAFB5  __libc_start_main     Unknown  Unknown
  6: ufs_model_gfs.x    00000000004353A1  Unknown               Unknown  Unknown
 69: forrtl: error (78): process killed (SIGTERM)
 69: Image              PC                Routine            Line        Source             
 69: libc.so.6          0000155209C01980  Unknown               Unknown  Unknown
 69: ufs_model_gfs.x    000000000696C7DC  Unknown               Unknown  Unknown
 69: ufs_model_gfs.x    00000000041EFBB9  module_sf_noahmpl        5704  module_sf_noahmplsm.F90
 69: ufs_model_gfs.x    00000000041E88B0  module_sf_noahmpl        2245  module_sf_noahmplsm.F90
 69: ufs_model_gfs.x    00000000041E56A1  module_sf_noahmpl         828  module_sf_noahmplsm.F90
 69: ufs_model_gfs.x    00000000041329BD  noahmpdrv_mp_noah        1217  noahmpdrv.F90
 69: ufs_model_gfs.x    0000000003B19F30  _coupled_p8_ugwpv        1714  ccpp_fv3_gfs_v17_coupled_p8_ugwpv1_phys_ps_cap.F90
 69: ufs_model_gfs.x    00000000039AC664  ccpp_static_api_m         635  ccpp_static_api.F90
 69: ufs_model_gfs.x    00000000039A828A  ccpp_driver_mp_cc         226  CCPP_driver.F90
 69: libiomp5.so        000015520D163493  __kmp_invoke_micr     Unknown  Unknown
 69: libiomp5.so        000015520D0D1CA4  __kmp_fork_call       Unknown  Unknown
 69: libiomp5.so        000015520D089D23  __kmpc_fork_call      Unknown  Unknown
 69: ufs_model_gfs.x    00000000039A7479  ccpp_driver_mp_cc         204  CCPP_driver.F90
 69: ufs_model_gfs.x    00000000031A5FC8  atmos_model_mod_m         387  atmos_model.F90
 69: ufs_model_gfs.x    000000000304CD3F  module_fcst_grid_        1481  module_fcst_grid_comp.F90
 69: ufs_model_gfs.x    0000000000FE7855  Unknown               Unknown  Unknown
 69: ufs_model_gfs.x    0000000000FEC0FF  Unknown               Unknown  Unknown
 69: ufs_model_gfs.x    0000000000C9649A  Unknown               Unknown  Unknown
 69: ufs_model_gfs.x    0000000000CB7D0F  Unknown               Unknown  Unknown
 69: ufs_model_gfs.x    0000000000FE92FA  Unknown               Unknown  Unknown
 69: ufs_model_gfs.x    0000000000A18F00  Unknown               Unknown  Unknown
 69: ufs_model_gfs.x    0000000000736BE1  Unknown               Unknown  Unknown
 69: ufs_model_gfs.x    0000000003038F9F  ufsatm_cap_mod_mp        1497  ufsatm_cap.F90
 69: ufs_model_gfs.x    0000000003038A09  ufsatm_cap_mod_mp        1437  ufsatm_cap.F90
 69: ufs_model_gfs.x    0000000000D51C38  Unknown               Unknown  Unknown
 69: ufs_model_gfs.x    0000000000D51BA6  Unknown               Unknown  Unknown
 69: ufs_model_gfs.x    0000000000D5067C  Unknown               Unknown  Unknown
 69: ufs_model_gfs.x    0000000000B937FE  Unknown               Unknown  Unknown
 69: ufs_model_gfs.x    0000000006AC85DA  Unknown               Unknown  Unknown
 69: ufs_model_gfs.x    0000000000FE7855  Unknown               Unknown  Unknown
 69: ufs_model_gfs.x    0000000000FEC0FF  Unknown               Unknown  Unknown
 69: ufs_model_gfs.x    0000000000C9628A  Unknown               Unknown  Unknown
 69: ufs_model_gfs.x    0000000000CB7D0F  Unknown               Unknown  Unknown
 69: ufs_model_gfs.x    0000000000FE92FA  Unknown               Unknown  Unknown
 69: ufs_model_gfs.x    0000000000A18F00  Unknown               Unknown  Unknown
 69: ufs_model_gfs.x    0000000000736BE1  Unknown               Unknown  Unknown
 69: ufs_model_gfs.x    0000000000448377  Unknown               Unknown  Unknown
 69: ufs_model_gfs.x    0000000000447BCA  Unknown               Unknown  Unknown
 69: ufs_model_gfs.x    0000000000D51C38  Unknown               Unknown  Unknown
 69: ufs_model_gfs.x    0000000000D51BA6  Unknown               Unknown  Unknown
 69: ufs_model_gfs.x    0000000000D5067C  Unknown               Unknown  Unknown
 69: ufs_model_gfs.x    0000000000B937FE  Unknown               Unknown  Unknown
 69: ufs_model_gfs.x    0000000000444BEF  Unknown               Unknown  Unknown
 69: ufs_model_gfs.x    0000000000FE7855  Unknown               Unknown  Unknown
 69: ufs_model_gfs.x    0000000000FEC0FF  Unknown               Unknown  Unknown
 69: ufs_model_gfs.x    0000000000C9628A  Unknown               Unknown  Unknown
 69: ufs_model_gfs.x    0000000000CB7D0F  Unknown               Unknown  Unknown
 69: ufs_model_gfs.x    0000000000FE92FA  Unknown               Unknown  Unknown
 69: ufs_model_gfs.x    0000000000A18F00  Unknown               Unknown  Unknown
 69:  NOTE: gocart aerosol initialization is reading input data with all MPI ranks
 69: ufs_model_gfs.x    0000000000736BE1  Unknown               Unknown  Unknown
 69: ufs_model_gfs.x    0000000000436749  MAIN__                    409  UFS.F90
 69: ufs_model_gfs.x    000000000043549D  Unknown               Unknown  Unknown
 69: libc.so.6          0000155209BEAEEC  Unknown               Unknown  Unknown
 69: libc.so.6          0000155209BEAFB5  __libc_start_main     Unknown  Unknown
 69: ufs_model_gfs.x    00000000004353A1  Unknown               Unknown  Unknown
 64:  NOTE: gocart aerosol initialization is reading input data with all MPI ranks
 64: forrtl: error (78): process killed (SIGTERM)
 64: Image              PC                Routine            Line        Source             
 64: libc.so.6          000014DF0F401980  Unknown               Unknown  Unknown
 64: ufs_model_gfs.x    000000000696070B  Unknown               Unknown  Unknown
 64: ufs_model_gfs.x    000000000693DBB1  Unknown               Unknown  Unknown
 64: ufs_model_gfs.x    0000000004004DD2  module_mp_radar_m         563  module_mp_radar.F90
 64: ufs_model_gfs.x    0000000004001BED  module_mp_radar_m         510  module_mp_radar.F90
 64: ufs_model_gfs.x    000000000400187F  module_mp_radar_m         342  module_mp_radar.F90
 64: ufs_model_gfs.x    0000000003FA4980  module_mp_thompso        6139  module_mp_thompson.F90
 64: ufs_model_gfs.x    0000000003F9A58F  module_mp_thompso        1726  module_mp_thompson.F90
 64: ufs_model_gfs.x    0000000003FE262E  mp_thompson_mp_mp         897  mp_thompson.F90
 64: ufs_model_gfs.x    0000000003B5C49D  _coupled_p8_ugwpv        1349  ccpp_fv3_gfs_v17_coupled_p8_ugwpv1_phys_ts_cap.F90
 64: ufs_model_gfs.x    00000000039AC850  ccpp_static_api_m         644  ccpp_static_api.F90
 64: ufs_model_gfs.x    00000000039A8530  ccpp_driver_mp_cc         234  CCPP_driver.F90
 64: libiomp5.so        000014DF12963493  __kmp_invoke_micr     Unknown  Unknown
 64: libiomp5.so        000014DF128D1CA4  __kmp_fork_call       Unknown  Unknown
 64: libiomp5.so        000014DF12889D23  __kmpc_fork_call      Unknown  Unknown
 64: ufs_model_gfs.x    00000000039A7479  ccpp_driver_mp_cc         204  CCPP_driver.F90
 64: ufs_model_gfs.x    00000000031A5FC8  atmos_model_mod_m         387  atmos_model.F90
 64: ufs_model_gfs.x    000000000304CD3F  module_fcst_grid_        1481  module_fcst_grid_comp.F90
 64: ufs_model_gfs.x    0000000000FE7855  Unknown               Unknown  Unknown
 64: ufs_model_gfs.x    0000000000FEC0FF  Unknown               Unknown  Unknown
 64: ufs_model_gfs.x    0000000000C9649A  Unknown               Unknown  Unknown
 64: ufs_model_gfs.x    0000000000CB7D0F  Unknown               Unknown  Unknown
 64: ufs_model_gfs.x    0000000000FE92FA  Unknown               Unknown  Unknown
 64: ufs_model_gfs.x    0000000000A18F00  Unknown               Unknown  Unknown
 64: ufs_model_gfs.x    0000000000736BE1  Unknown               Unknown  Unknown
 64: ufs_model_gfs.x    0000000003038F9F  ufsatm_cap_mod_mp        1497  ufsatm_cap.F90
 64: ufs_model_gfs.x    0000000003038A09  ufsatm_cap_mod_mp        1437  ufsatm_cap.F90
 64: ufs_model_gfs.x    0000000000D51C38  Unknown               Unknown  Unknown
 64: ufs_model_gfs.x    0000000000D51BA6  Unknown               Unknown  Unknown
 64: ufs_model_gfs.x    0000000000D5067C  Unknown               Unknown  Unknown
 64: ufs_model_gfs.x    0000000000B937FE  Unknown               Unknown  Unknown
 64: ufs_model_gfs.x    0000000006AC85DA  Unknown               Unknown  Unknown
 64: ufs_model_gfs.x    0000000000FE7855  Unknown               Unknown  Unknown
 64: ufs_model_gfs.x    0000000000FEC0FF  Unknown               Unknown  Unknown
 64: ufs_model_gfs.x    0000000000C9628A  Unknown               Unknown  Unknown
 64: ufs_model_gfs.x    0000000000CB7D0F  Unknown               Unknown  Unknown
 64: ufs_model_gfs.x    0000000000FE92FA  Unknown               Unknown  Unknown
 64: ufs_model_gfs.x    0000000000A18F00  Unknown               Unknown  Unknown
 64: ufs_model_gfs.x    0000000000736BE1  Unknown               Unknown  Unknown
 64: ufs_model_gfs.x    0000000000448377  Unknown               Unknown  Unknown
 64: ufs_model_gfs.x    0000000000447BCA  Unknown               Unknown  Unknown
 64: ufs_model_gfs.x    0000000000D51C38  Unknown               Unknown  Unknown
 64: ufs_model_gfs.x    0000000000D51BA6  Unknown               Unknown  Unknown
 64: ufs_model_gfs.x    0000000000D5067C  Unknown               Unknown  Unknown
 64: ufs_model_gfs.x    0000000000B937FE  Unknown               Unknown  Unknown
 64: ufs_model_gfs.x    0000000000444BEF  Unknown               Unknown  Unknown
 64: ufs_model_gfs.x    0000000000FE7855  Unknown               Unknown  Unknown
 64: ufs_model_gfs.x    0000000000FEC0FF  Unknown               Unknown  Unknown
 64: ufs_model_gfs.x    0000000000C9628A  Unknown               Unknown  Unknown
 64: ufs_model_gfs.x    0000000000CB7D0F  Unknown               Unknown  Unknown
 64: ufs_model_gfs.x    0000000000FE92FA  Unknown               Unknown  Unknown
 64: ufs_model_gfs.x    0000000000A18F00  Unknown               Unknown  Unknown
 64: ufs_model_gfs.x    0000000000736BE1  Unknown               Unknown  Unknown
 64: ufs_model_gfs.x    0000000000436749  MAIN__                    409  UFS.F90
 64: ufs_model_gfs.x    000000000043549D  Unknown               Unknown  Unknown
 64: libc.so.6          000014DF0F3EAEEC  Unknown               Unknown  Unknown
 64: libc.so.6          000014DF0F3EAFB5  __libc_start_main     Unknown  Unknown
 64: ufs_model_gfs.x    00000000004353A1  Unknown               Unknown  Unknown
 74:  NOTE: gocart aerosol initialization is reading input data with all MPI ranks
 74: forrtl: error (78): process killed (SIGTERM)
 74: Image              PC                Routine            Line        Source             
 74: libc.so.6          0000150DA2601980  Unknown               Unknown  Unknown
 74: libnetcdff.so.7.2  0000150DA6448FB4  __libm_pow_l9         Unknown  Unknown
 74: ufs_model_gfs.x    0000000003FB41E4  module_mp_thompso        3711  module_mp_thompson.F90
 74: ufs_model_gfs.x    0000000003F908D7  module_mp_thompso        1466  module_mp_thompson.F90
 74: ufs_model_gfs.x    0000000003FE262E  mp_thompson_mp_mp         897  mp_thompson.F90
 74: ufs_model_gfs.x    0000000003B5C49D  _coupled_p8_ugwpv        1349  ccpp_fv3_gfs_v17_coupled_p8_ugwpv1_phys_ts_cap.F90
 74: ufs_model_gfs.x    00000000039AC850  ccpp_static_api_m         644  ccpp_static_api.F90
 74: ufs_model_gfs.x    00000000039A8530  ccpp_driver_mp_cc         234  CCPP_driver.F90
 74: libiomp5.so        0000150DA5B63493  __kmp_invoke_micr     Unknown  Unknown
 74: libiomp5.so        0000150DA5AD1CA4  __kmp_fork_call       Unknown  Unknown
 74: libiomp5.so        0000150DA5A89D23  __kmpc_fork_call      Unknown  Unknown
 74: ufs_model_gfs.x    00000000039A7479  ccpp_driver_mp_cc         204  CCPP_driver.F90
 74: ufs_model_gfs.x    00000000031A5FC8  atmos_model_mod_m         387  atmos_model.F90
 74: ufs_model_gfs.x    000000000304CD3F  module_fcst_grid_        1481  module_fcst_grid_comp.F90
 74: ufs_model_gfs.x    0000000000FE7855  Unknown               Unknown  Unknown
 74: ufs_model_gfs.x    0000000000FEC0FF  Unknown               Unknown  Unknown
 74: ufs_model_gfs.x    0000000000C9649A  Unknown               Unknown  Unknown
 74: ufs_model_gfs.x    0000000000CB7D0F  Unknown               Unknown  Unknown
 74: ufs_model_gfs.x    0000000000FE92FA  Unknown               Unknown  Unknown
 74: ufs_model_gfs.x    0000000000A18F00  Unknown               Unknown  Unknown
 74: ufs_model_gfs.x    0000000000736BE1  Unknown               Unknown  Unknown
 74: ufs_model_gfs.x    0000000003038F9F  ufsatm_cap_mod_mp        1497  ufsatm_cap.F90
 74: ufs_model_gfs.x    0000000003038A09  ufsatm_cap_mod_mp        1437  ufsatm_cap.F90
 74: ufs_model_gfs.x    0000000000D51C38  Unknown               Unknown  Unknown
 74: ufs_model_gfs.x    0000000000D51BA6  Unknown               Unknown  Unknown
 74: ufs_model_gfs.x    0000000000D5067C  Unknown               Unknown  Unknown
 74: ufs_model_gfs.x    0000000000B937FE  Unknown               Unknown  Unknown
 74: ufs_model_gfs.x    0000000006AC85DA  Unknown               Unknown  Unknown
 74: ufs_model_gfs.x    0000000000FE7855  Unknown               Unknown  Unknown
 74: ufs_model_gfs.x    0000000000FEC0FF  Unknown               Unknown  Unknown
 74: ufs_model_gfs.x    0000000000C9628A  Unknown               Unknown  Unknown
 74: ufs_model_gfs.x    0000000000CB7D0F  Unknown               Unknown  Unknown
 74: ufs_model_gfs.x    0000000000FE92FA  Unknown               Unknown  Unknown
 74: ufs_model_gfs.x    0000000000A18F00  Unknown               Unknown  Unknown
 74: ufs_model_gfs.x    0000000000736BE1  Unknown               Unknown  Unknown
 74: ufs_model_gfs.x    0000000000448377  Unknown               Unknown  Unknown
 74: ufs_model_gfs.x    0000000000447BCA  Unknown               Unknown  Unknown
 74: ufs_model_gfs.x    0000000000D51C38  Unknown               Unknown  Unknown
 74: ufs_model_gfs.x    0000000000D51BA6  Unknown               Unknown  Unknown
 74: ufs_model_gfs.x    0000000000D5067C  Unknown               Unknown  Unknown
 74: ufs_model_gfs.x    0000000000B937FE  Unknown               Unknown  Unknown
 74: ufs_model_gfs.x    0000000000444BEF  Unknown               Unknown  Unknown
 74: ufs_model_gfs.x    0000000000FE7855  Unknown               Unknown  Unknown
 74: ufs_model_gfs.x    0000000000FEC0FF  Unknown               Unknown  Unknown
 74: ufs_model_gfs.x    0000000000C9628A  Unknown               Unknown  Unknown
 74: ufs_model_gfs.x    0000000000CB7D0F  Unknown               Unknown  Unknown
 74: ufs_model_gfs.x    0000000000FE92FA  Unknown               Unknown  Unknown
 74: ufs_model_gfs.x    0000000000A18F00  Unknown               Unknown  Unknown
 74: ufs_model_gfs.x    0000000000736BE1  Unknown               Unknown  Unknown
