214: ufs_model_gfs.x    0000000000436749  MAIN__                    409  UFS.F90
214: ufs_model_gfs.x    000000000043549D  Unknown               Unknown  Unknown
214: libc.so.6          00001515D51EAEEC  Unknown               Unknown  Unknown
214: libc.so.6          00001515D51EAFB5  __libc_start_main     Unknown  Unknown
214: ufs_model_gfs.x    00000000004353A1  Unknown               Unknown  Unknown
218: forrtl: error (78): process killed (SIGTERM)
218: Image              PC                Routine            Line        Source             
218: libc.so.6          00001514FCA01980  Unknown               Unknown  Unknown
218: libc.so.6          00001514FCABE1E7  __sched_yield         Unknown  Unknown
218: libmpi_intel.so.1  00001514FD3B92AC  Unknown               Unknown  Unknown
218: libmpi_intel.so.1  00001514FD3D06BC  MPI_Probe             Unknown  Unknown
218: ufs_model_gfs.x    0000000000CAC940  Unknown               Unknown  Unknown
218: ufs_model_gfs.x    000000000101F1BA  Unknown               Unknown  Unknown
218: ufs_model_gfs.x    000000000101D613  Unknown               Unknown  Unknown
218: ufs_model_gfs.x    000000000101D613  Unknown               Unknown  Unknown
218: ufs_model_gfs.x    0000000001277EB2  Unknown               Unknown  Unknown
218: ufs_model_gfs.x    0000000001269A7F  Unknown               Unknown  Unknown
218: ufs_model_gfs.x    0000000000C260A6  Unknown               Unknown  Unknown
218: ufs_model_gfs.x    00000000009D667F  Unknown               Unknown  Unknown
218: ufs_model_gfs.x    000000000049EB2A  Unknown               Unknown  Unknown
218: ufs_model_gfs.x    0000000000FE7855  Unknown               Unknown  Unknown
218: ufs_model_gfs.x    0000000000FEC0FF  Unknown               Unknown  Unknown
218: ufs_model_gfs.x    0000000000C9628A  Unknown               Unknown  Unknown
218: ufs_model_gfs.x    0000000000CB7D0F  Unknown               Unknown  Unknown
218: ufs_model_gfs.x    0000000000FE92FA  Unknown               Unknown  Unknown
218: ufs_model_gfs.x    0000000000A18F00  Unknown               Unknown  Unknown
218: ufs_model_gfs.x    0000000000A08761  Unknown               Unknown  Unknown
218: ufs_model_gfs.x    0000000000445828  Unknown               Unknown  Unknown
218: ufs_model_gfs.x    00000000004470A6  Unknown               Unknown  Unknown
218: ufs_model_gfs.x    0000000000D51C38  Unknown               Unknown  Unknown
218: ufs_model_gfs.x    0000000000D51BA6  Unknown               Unknown  Unknown
218: ufs_model_gfs.x    0000000000D5067C  Unknown               Unknown  Unknown
218: ufs_model_gfs.x    0000000000B937FE  Unknown               Unknown  Unknown
218: ufs_model_gfs.x    0000000000444BEF  Unknown               Unknown  Unknown
218: ufs_model_gfs.x    0000000000FE7855  Unknown               Unknown  Unknown
218: ufs_model_gfs.x    0000000000FEC0FF  Unknown               Unknown  Unknown
218: ufs_model_gfs.x    0000000000C9628A  Unknown               Unknown  Unknown
218: ufs_model_gfs.x    0000000000CB7D0F  Unknown               Unknown  Unknown
218: ufs_model_gfs.x    0000000000FE92FA  Unknown               Unknown  Unknown
218: ufs_model_gfs.x    0000000000A18F00  Unknown               Unknown  Unknown
218: ufs_model_gfs.x    0000000000736BE1  Unknown               Unknown  Unknown
218: ufs_model_gfs.x    0000000000436749  MAIN__                    409  UFS.F90
218: ufs_model_gfs.x    000000000043549D  Unknown               Unknown  Unknown
218: libc.so.6          00001514FC9EAEEC  Unknown               Unknown  Unknown
218: libc.so.6          00001514FC9EAFB5  __libc_start_main     Unknown  Unknown
218: ufs_model_gfs.x    00000000004353A1  Unknown               Unknown  Unknown
220: forrtl: error (78): process killed (SIGTERM)
220: Image              PC                Routine            Line        Source             
220: libc.so.6          000014D008801980  Unknown               Unknown  Unknown
220: libmpi_intel.so.1  000014D0091D111E  MPI_Probe             Unknown  Unknown
220: ufs_model_gfs.x    0000000000CAC940  Unknown               Unknown  Unknown
220: ufs_model_gfs.x    000000000101F1BA  Unknown               Unknown  Unknown
220: ufs_model_gfs.x    000000000101D613  Unknown               Unknown  Unknown
220: ufs_model_gfs.x    000000000101D613  Unknown               Unknown  Unknown
220: ufs_model_gfs.x    0000000001277EB2  Unknown               Unknown  Unknown
220: ufs_model_gfs.x    0000000001269A7F  Unknown               Unknown  Unknown
220: ufs_model_gfs.x    0000000000C260A6  Unknown               Unknown  Unknown
220: ufs_model_gfs.x    00000000009D667F  Unknown               Unknown  Unknown
220: ufs_model_gfs.x    000000000049EB2A  Unknown               Unknown  Unknown
220: ufs_model_gfs.x    0000000000FE7855  Unknown               Unknown  Unknown
220: ufs_model_gfs.x    0000000000FEC0FF  Unknown               Unknown  Unknown
220: ufs_model_gfs.x    0000000000C9628A  Unknown               Unknown  Unknown
220: ufs_model_gfs.x    0000000000CB7D0F  Unknown               Unknown  Unknown
220: ufs_model_gfs.x    0000000000FE92FA  Unknown               Unknown  Unknown
220: ufs_model_gfs.x    0000000000A18F00  Unknown               Unknown  Unknown
220: ufs_model_gfs.x    0000000000A08761  Unknown               Unknown  Unknown
220: ufs_model_gfs.x    0000000000445828  Unknown               Unknown  Unknown
220: ufs_model_gfs.x    00000000004470A6  Unknown               Unknown  Unknown
220: ufs_model_gfs.x    0000000000D51C38  Unknown               Unknown  Unknown
220: ufs_model_gfs.x    0000000000D51BA6  Unknown               Unknown  Unknown
220: ufs_model_gfs.x    0000000000D5067C  Unknown               Unknown  Unknown
220: ufs_model_gfs.x    0000000000B937FE  Unknown               Unknown  Unknown
220: ufs_model_gfs.x    0000000000444BEF  Unknown               Unknown  Unknown
220: ufs_model_gfs.x    0000000000FE7855  Unknown               Unknown  Unknown
220: ufs_model_gfs.x    0000000000FEC0FF  Unknown               Unknown  Unknown
220: ufs_model_gfs.x    0000000000C9628A  Unknown               Unknown  Unknown
220: ufs_model_gfs.x    0000000000CB7D0F  Unknown               Unknown  Unknown
220: ufs_model_gfs.x    0000000000FE92FA  Unknown               Unknown  Unknown
220: ufs_model_gfs.x    0000000000A18F00  Unknown               Unknown  Unknown
220: ufs_model_gfs.x    0000000000736BE1  Unknown               Unknown  Unknown
220: ufs_model_gfs.x    0000000000436749  MAIN__                    409  UFS.F90
220: ufs_model_gfs.x    000000000043549D  Unknown               Unknown  Unknown
220: libc.so.6          000014D0087EAEEC  Unknown               Unknown  Unknown
220: libc.so.6          000014D0087EAFB5  __libc_start_main     Unknown  Unknown
220: ufs_model_gfs.x    00000000004353A1  Unknown               Unknown  Unknown
242: forrtl: error (78): process killed (SIGTERM)
242: Image              PC                Routine            Line        Source             
242: libc.so.6          0000154D9EE01980  Unknown               Unknown  Unknown
242: libc.so.6          0000154D9EEBE1E7  __sched_yield         Unknown  Unknown
242: libmpi_intel.so.1  0000154D9F7B92AC  Unknown               Unknown  Unknown
242: libmpi_intel.so.1  0000154D9F7D06BC  MPI_Probe             Unknown  Unknown
242: ufs_model_gfs.x    0000000000CAC940  Unknown               Unknown  Unknown
242: ufs_model_gfs.x    000000000101F1BA  Unknown               Unknown  Unknown
242: ufs_model_gfs.x    000000000101D613  Unknown               Unknown  Unknown
242: ufs_model_gfs.x    000000000101D613  Unknown               Unknown  Unknown
242: ufs_model_gfs.x    0000000001277EB2  Unknown               Unknown  Unknown
242: ufs_model_gfs.x    0000000001269A7F  Unknown               Unknown  Unknown
242: ufs_model_gfs.x    0000000000C260A6  Unknown               Unknown  Unknown
242: ufs_model_gfs.x    00000000009D667F  Unknown               Unknown  Unknown
242: ufs_model_gfs.x    000000000049EB2A  Unknown               Unknown  Unknown
242: ufs_model_gfs.x    0000000000FE7855  Unknown               Unknown  Unknown
242: ufs_model_gfs.x    0000000000FEC0FF  Unknown               Unknown  Unknown
242: ufs_model_gfs.x    0000000000C9628A  Unknown               Unknown  Unknown
242: ufs_model_gfs.x    0000000000CB7D0F  Unknown               Unknown  Unknown
242: ufs_model_gfs.x    0000000000FE92FA  Unknown               Unknown  Unknown
242: ufs_model_gfs.x    0000000000A18F00  Unknown               Unknown  Unknown
242: ufs_model_gfs.x    0000000000A08761  Unknown               Unknown  Unknown
242: ufs_model_gfs.x    0000000000445828  Unknown               Unknown  Unknown
242: ufs_model_gfs.x    00000000004470A6  Unknown               Unknown  Unknown
242: ufs_model_gfs.x    0000000000D51C38  Unknown               Unknown  Unknown
242: ufs_model_gfs.x    0000000000D51BA6  Unknown               Unknown  Unknown
242: ufs_model_gfs.x    0000000000D5067C  Unknown               Unknown  Unknown
242: ufs_model_gfs.x    0000000000B937FE  Unknown               Unknown  Unknown
242: ufs_model_gfs.x    0000000000444BEF  Unknown               Unknown  Unknown
242: ufs_model_gfs.x    0000000000FE7855  Unknown               Unknown  Unknown
242: ufs_model_gfs.x    0000000000FEC0FF  Unknown               Unknown  Unknown
242: ufs_model_gfs.x    0000000000C9628A  Unknown               Unknown  Unknown
242: ufs_model_gfs.x    0000000000CB7D0F  Unknown               Unknown  Unknown
242: ufs_model_gfs.x    0000000000FE92FA  Unknown               Unknown  Unknown
242: ufs_model_gfs.x    0000000000A18F00  Unknown               Unknown  Unknown
242: ufs_model_gfs.x    0000000000736BE1  Unknown               Unknown  Unknown
242: ufs_model_gfs.x    0000000000436749  MAIN__                    409  UFS.F90
242: ufs_model_gfs.x    000000000043549D  Unknown               Unknown  Unknown
242: libc.so.6          0000154D9EDEAEEC  Unknown               Unknown  Unknown
242: libc.so.6          0000154D9EDEAFB5  __libc_start_main     Unknown  Unknown
242: ufs_model_gfs.x    00000000004353A1  Unknown               Unknown  Unknown
248: forrtl: error (78): process killed (SIGTERM)
248: Image              PC                Routine            Line        Source             
248: libc.so.6          0000147877001980  Unknown               Unknown  Unknown
248: libfabric.so.1.25  0000147874035EAE  Unknown               Unknown  Unknown
248: libmpi_intel.so.1  00001478779B8BF7  Unknown               Unknown  Unknown
248: libmpi_intel.so.1  00001478779D06BC  MPI_Probe             Unknown  Unknown
248: ufs_model_gfs.x    0000000000CAC940  Unknown               Unknown  Unknown
248: ufs_model_gfs.x    000000000101F1BA  Unknown               Unknown  Unknown
248: ufs_model_gfs.x    000000000101D613  Unknown               Unknown  Unknown
248: ufs_model_gfs.x    000000000101D613  Unknown               Unknown  Unknown
248: ufs_model_gfs.x    0000000001277EB2  Unknown               Unknown  Unknown
248: ufs_model_gfs.x    0000000001269A7F  Unknown               Unknown  Unknown
248: ufs_model_gfs.x    0000000000C260A6  Unknown               Unknown  Unknown
248: ufs_model_gfs.x    00000000009D667F  Unknown               Unknown  Unknown
248: ufs_model_gfs.x    000000000049EB2A  Unknown               Unknown  Unknown
248: ufs_model_gfs.x    0000000000FE7855  Unknown               Unknown  Unknown
248: ufs_model_gfs.x    0000000000FEC0FF  Unknown               Unknown  Unknown
248: ufs_model_gfs.x    0000000000C9628A  Unknown               Unknown  Unknown
248: ufs_model_gfs.x    0000000000CB7D0F  Unknown               Unknown  Unknown
248: ufs_model_gfs.x    0000000000FE92FA  Unknown               Unknown  Unknown
248: ufs_model_gfs.x    0000000000A18F00  Unknown               Unknown  Unknown
248: ufs_model_gfs.x    0000000000A08761  Unknown               Unknown  Unknown
248: ufs_model_gfs.x    0000000000445828  Unknown               Unknown  Unknown
248: ufs_model_gfs.x    00000000004470A6  Unknown               Unknown  Unknown
248: ufs_model_gfs.x    0000000000D51C38  Unknown               Unknown  Unknown
248: ufs_model_gfs.x    0000000000D51BA6  Unknown               Unknown  Unknown
248: ufs_model_gfs.x    0000000000D5067C  Unknown               Unknown  Unknown
248: ufs_model_gfs.x    0000000000B937FE  Unknown               Unknown  Unknown
248: ufs_model_gfs.x    0000000000444BEF  Unknown               Unknown  Unknown
248: ufs_model_gfs.x    0000000000FE7855  Unknown               Unknown  Unknown
248: ufs_model_gfs.x    0000000000FEC0FF  Unknown               Unknown  Unknown
248: ufs_model_gfs.x    0000000000C9628A  Unknown               Unknown  Unknown
248: ufs_model_gfs.x    0000000000CB7D0F  Unknown               Unknown  Unknown
248: ufs_model_gfs.x    0000000000FE92FA  Unknown               Unknown  Unknown
248: ufs_model_gfs.x    0000000000A18F00  Unknown               Unknown  Unknown
248: ufs_model_gfs.x    0000000000736BE1  Unknown               Unknown  Unknown
248: ufs_model_gfs.x    0000000000436749  MAIN__                    409  UFS.F90
248: ufs_model_gfs.x    000000000043549D  Unknown               Unknown  Unknown
248: libc.so.6          0000147876FEAEEC  Unknown               Unknown  Unknown
248: libc.so.6          0000147876FEAFB5  __libc_start_main     Unknown  Unknown
248: ufs_model_gfs.x    00000000004353A1  Unknown               Unknown  Unknown
259: forrtl: error (78): process killed (SIGTERM)
259: Image              PC                Routine            Line        Source             
259: libc.so.6          000014BCA1C01980  Unknown               Unknown  Unknown
259: libc.so.6          000014BCA1CBE1E7  __sched_yield         Unknown  Unknown
259: libmpi_intel.so.1  000014BCA25D166D  MPI_Probe             Unknown  Unknown
259: ufs_model_gfs.x    0000000000CAC940  Unknown               Unknown  Unknown
259: ufs_model_gfs.x    000000000101F1BA  Unknown               Unknown  Unknown
259: ufs_model_gfs.x    000000000101D613  Unknown               Unknown  Unknown
259: ufs_model_gfs.x    000000000101D613  Unknown               Unknown  Unknown
259: ufs_model_gfs.x    0000000001277EB2  Unknown               Unknown  Unknown
259: ufs_model_gfs.x    0000000001269A7F  Unknown               Unknown  Unknown
259: ufs_model_gfs.x    0000000000C260A6  Unknown               Unknown  Unknown
259: ufs_model_gfs.x    00000000009D667F  Unknown               Unknown  Unknown
259: ufs_model_gfs.x    000000000049EB2A  Unknown               Unknown  Unknown
259: ufs_model_gfs.x    0000000000FE7855  Unknown               Unknown  Unknown
259: ufs_model_gfs.x    0000000000FEC0FF  Unknown               Unknown  Unknown
259: ufs_model_gfs.x    0000000000C9628A  Unknown               Unknown  Unknown
259: ufs_model_gfs.x    0000000000CB7D0F  Unknown               Unknown  Unknown
259: ufs_model_gfs.x    0000000000FE92FA  Unknown               Unknown  Unknown
259: ufs_model_gfs.x    0000000000A18F00  Unknown               Unknown  Unknown
259: ufs_model_gfs.x    0000000000A08761  Unknown               Unknown  Unknown
259: ufs_model_gfs.x    0000000000445828  Unknown               Unknown  Unknown
259: ufs_model_gfs.x    00000000004470A6  Unknown               Unknown  Unknown
259: ufs_model_gfs.x    0000000000D51C38  Unknown               Unknown  Unknown
259: ufs_model_gfs.x    0000000000D51BA6  Unknown               Unknown  Unknown
259: ufs_model_gfs.x    0000000000D5067C  Unknown               Unknown  Unknown
259: ufs_model_gfs.x    0000000000B937FE  Unknown               Unknown  Unknown
259: ufs_model_gfs.x    0000000000444BEF  Unknown               Unknown  Unknown
259: ufs_model_gfs.x    0000000000FE7855  Unknown               Unknown  Unknown
259: ufs_model_gfs.x    0000000000FEC0FF  Unknown               Unknown  Unknown
259: ufs_model_gfs.x    0000000000C9628A  Unknown               Unknown  Unknown
259: ufs_model_gfs.x    0000000000CB7D0F  Unknown               Unknown  Unknown
259: ufs_model_gfs.x    0000000000FE92FA  Unknown               Unknown  Unknown
259: ufs_model_gfs.x    0000000000A18F00  Unknown               Unknown  Unknown
259: ufs_model_gfs.x    0000000000736BE1  Unknown               Unknown  Unknown
259: ufs_model_gfs.x    0000000000436749  MAIN__                    409  UFS.F90
259: ufs_model_gfs.x    000000000043549D  Unknown               Unknown  Unknown
259: libc.so.6          000014BCA1BEAEEC  Unknown               Unknown  Unknown
259: libc.so.6          000014BCA1BEAFB5  __libc_start_main     Unknown  Unknown
259: ufs_model_gfs.x    00000000004353A1  Unknown               Unknown  Unknown
249: forrtl: error (78): process killed (SIGTERM)
249: Image              PC                Routine            Line        Source             
249: libc.so.6          000015279F001980  Unknown               Unknown  Unknown
249: libc.so.6          000015279F0BE1E7  __sched_yield         Unknown  Unknown
249: libmpi_intel.so.1  000015279F9D166D  MPI_Probe             Unknown  Unknown
249: ufs_model_gfs.x    0000000000CAC940  Unknown               Unknown  Unknown
249: ufs_model_gfs.x    000000000101F1BA  Unknown               Unknown  Unknown
249: ufs_model_gfs.x    000000000101D613  Unknown               Unknown  Unknown
249: ufs_model_gfs.x    000000000101D613  Unknown               Unknown  Unknown
249: ufs_model_gfs.x    0000000001277EB2  Unknown               Unknown  Unknown
249: ufs_model_gfs.x    0000000001269A7F  Unknown               Unknown  Unknown
249: ufs_model_gfs.x    0000000000C260A6  Unknown               Unknown  Unknown
249: ufs_model_gfs.x    00000000009D667F  Unknown               Unknown  Unknown
249: ufs_model_gfs.x    000000000049EB2A  Unknown               Unknown  Unknown
249: ufs_model_gfs.x    0000000000FE7855  Unknown               Unknown  Unknown
249: ufs_model_gfs.x    0000000000FEC0FF  Unknown               Unknown  Unknown
249: ufs_model_gfs.x    0000000000C9628A  Unknown               Unknown  Unknown
249: ufs_model_gfs.x    0000000000CB7D0F  Unknown               Unknown  Unknown
249: ufs_model_gfs.x    0000000000FE92FA  Unknown               Unknown  Unknown
249: ufs_model_gfs.x    0000000000A18F00  Unknown               Unknown  Unknown
249: ufs_model_gfs.x    0000000000A08761  Unknown               Unknown  Unknown
249: ufs_model_gfs.x    0000000000445828  Unknown               Unknown  Unknown
249: ufs_model_gfs.x    00000000004470A6  Unknown               Unknown  Unknown
249: ufs_model_gfs.x    0000000000D51C38  Unknown               Unknown  Unknown
249: ufs_model_gfs.x    0000000000D51BA6  Unknown               Unknown  Unknown
249: ufs_model_gfs.x    0000000000D5067C  Unknown               Unknown  Unknown
249: ufs_model_gfs.x    0000000000B937FE  Unknown               Unknown  Unknown
249: ufs_model_gfs.x    0000000000444BEF  Unknown               Unknown  Unknown
249: ufs_model_gfs.x    0000000000FE7855  Unknown               Unknown  Unknown
249: ufs_model_gfs.x    0000000000FEC0FF  Unknown               Unknown  Unknown
249: ufs_model_gfs.x    0000000000C9628A  Unknown               Unknown  Unknown
249: ufs_model_gfs.x    0000000000CB7D0F  Unknown               Unknown  Unknown
249: ufs_model_gfs.x    0000000000FE92FA  Unknown               Unknown  Unknown
249: ufs_model_gfs.x    0000000000A18F00  Unknown               Unknown  Unknown
249: ufs_model_gfs.x    0000000000736BE1  Unknown               Unknown  Unknown
249: ufs_model_gfs.x    0000000000436749  MAIN__                    409  UFS.F90
249: ufs_model_gfs.x    000000000043549D  Unknown               Unknown  Unknown
249: libc.so.6          000015279EFEAEEC  Unknown               Unknown  Unknown
249: libc.so.6          000015279EFEAFB5  __libc_start_main     Unknown  Unknown
249: ufs_model_gfs.x    00000000004353A1  Unknown               Unknown  Unknown
240: forrtl: error (78): process killed (SIGTERM)
240: Image              PC                Routine            Line        Source             
240: libc.so.6          000014F2E9601980  Unknown               Unknown  Unknown
240: libc.so.6          000014F2E96BE1E7  __sched_yield         Unknown  Unknown
240: libmpi_intel.so.1  000014F2E9FD166D  MPI_Probe             Unknown  Unknown
240: ufs_model_gfs.x    0000000000CAC940  Unknown               Unknown  Unknown
240: ufs_model_gfs.x    000000000101F1BA  Unknown               Unknown  Unknown
240: ufs_model_gfs.x    000000000101D613  Unknown               Unknown  Unknown
240: ufs_model_gfs.x    000000000101D613  Unknown               Unknown  Unknown
240: ufs_model_gfs.x    0000000001277EB2  Unknown               Unknown  Unknown
240: ufs_model_gfs.x    0000000001269A7F  Unknown               Unknown  Unknown
240: ufs_model_gfs.x    0000000000C260A6  Unknown               Unknown  Unknown
240: ufs_model_gfs.x    00000000009D667F  Unknown               Unknown  Unknown
240: ufs_model_gfs.x    000000000049EB2A  Unknown               Unknown  Unknown
240: ufs_model_gfs.x    0000000000FE7855  Unknown               Unknown  Unknown
240: ufs_model_gfs.x    0000000000FEC0FF  Unknown               Unknown  Unknown
240: ufs_model_gfs.x    0000000000C9628A  Unknown               Unknown  Unknown
240: ufs_model_gfs.x    0000000000CB7D0F  Unknown               Unknown  Unknown
240: ufs_model_gfs.x    0000000000FE92FA  Unknown               Unknown  Unknown
240: ufs_model_gfs.x    0000000000A18F00  Unknown               Unknown  Unknown
240: ufs_model_gfs.x    0000000000A08761  Unknown               Unknown  Unknown
240: ufs_model_gfs.x    0000000000445828  Unknown               Unknown  Unknown
240: ufs_model_gfs.x    00000000004470A6  Unknown               Unknown  Unknown
240: ufs_model_gfs.x    0000000000D51C38  Unknown               Unknown  Unknown
240: ufs_model_gfs.x    0000000000D51BA6  Unknown               Unknown  Unknown
240: ufs_model_gfs.x    0000000000D5067C  Unknown               Unknown  Unknown
240: ufs_model_gfs.x    0000000000B937FE  Unknown               Unknown  Unknown
240: ufs_model_gfs.x    0000000000444BEF  Unknown               Unknown  Unknown
240: ufs_model_gfs.x    0000000000FE7855  Unknown               Unknown  Unknown
240: ufs_model_gfs.x    0000000000FEC0FF  Unknown               Unknown  Unknown
240: ufs_model_gfs.x    0000000000C9628A  Unknown               Unknown  Unknown
240: ufs_model_gfs.x    0000000000CB7D0F  Unknown               Unknown  Unknown
240: ufs_model_gfs.x    0000000000FE92FA  Unknown               Unknown  Unknown
240: ufs_model_gfs.x    0000000000A18F00  Unknown               Unknown  Unknown
240: ufs_model_gfs.x    0000000000736BE1  Unknown               Unknown  Unknown
240: ufs_model_gfs.x    0000000000436749  MAIN__                    409  UFS.F90
240: ufs_model_gfs.x    000000000043549D  Unknown               Unknown  Unknown
240: libc.so.6          000014F2E95EAEEC  Unknown               Unknown  Unknown
240: libc.so.6          000014F2E95EAFB5  __libc_start_main     Unknown  Unknown
240: ufs_model_gfs.x    00000000004353A1  Unknown               Unknown  Unknown
264: forrtl: error (78): process killed (SIGTERM)
264: Image              PC                Routine            Line        Source             
264: libc.so.6          0000148CC9201980  Unknown               Unknown  Unknown
264: libc.so.6          0000148CC92BE1E7  __sched_yield         Unknown  Unknown
264: libmpi_intel.so.1  0000148CC9BB92AC  Unknown               Unknown  Unknown
264: libmpi_intel.so.1  0000148CC9BD06BC  MPI_Probe             Unknown  Unknown
264: ufs_model_gfs.x    0000000000CAC940  Unknown               Unknown  Unknown
264: ufs_model_gfs.x    000000000101F1BA  Unknown               Unknown  Unknown
264: ufs_model_gfs.x    000000000101D613  Unknown               Unknown  Unknown
264: ufs_model_gfs.x    000000000101D613  Unknown               Unknown  Unknown
264: ufs_model_gfs.x    0000000001277EB2  Unknown               Unknown  Unknown
264: ufs_model_gfs.x    0000000001269A7F  Unknown               Unknown  Unknown
264: ufs_model_gfs.x    0000000000C260A6  Unknown               Unknown  Unknown
264: ufs_model_gfs.x    00000000009D667F  Unknown               Unknown  Unknown
264: ufs_model_gfs.x    000000000049EB2A  Unknown               Unknown  Unknown
264: ufs_model_gfs.x    0000000000FE7855  Unknown               Unknown  Unknown
264: ufs_model_gfs.x    0000000000FEC0FF  Unknown               Unknown  Unknown
264: ufs_model_gfs.x    0000000000C9628A  Unknown               Unknown  Unknown
264: ufs_model_gfs.x    0000000000CB7D0F  Unknown               Unknown  Unknown
264: ufs_model_gfs.x    0000000000FE92FA  Unknown               Unknown  Unknown
264: ufs_model_gfs.x    0000000000A18F00  Unknown               Unknown  Unknown
264: ufs_model_gfs.x    0000000000A08761  Unknown               Unknown  Unknown
264: ufs_model_gfs.x    0000000000445828  Unknown               Unknown  Unknown
264: ufs_model_gfs.x    00000000004470A6  Unknown               Unknown  Unknown
264: ufs_model_gfs.x    0000000000D51C38  Unknown               Unknown  Unknown
264: ufs_model_gfs.x    0000000000D51BA6  Unknown               Unknown  Unknown
264: ufs_model_gfs.x    0000000000D5067C  Unknown               Unknown  Unknown
264: ufs_model_gfs.x    0000000000B937FE  Unknown               Unknown  Unknown
264: ufs_model_gfs.x    0000000000444BEF  Unknown               Unknown  Unknown
264: ufs_model_gfs.x    0000000000FE7855  Unknown               Unknown  Unknown
264: ufs_model_gfs.x    0000000000FEC0FF  Unknown               Unknown  Unknown
264: ufs_model_gfs.x    0000000000C9628A  Unknown               Unknown  Unknown
264: ufs_model_gfs.x    0000000000CB7D0F  Unknown               Unknown  Unknown
264: ufs_model_gfs.x    0000000000FE92FA  Unknown               Unknown  Unknown
264: ufs_model_gfs.x    0000000000A18F00  Unknown               Unknown  Unknown
264: ufs_model_gfs.x    0000000000736BE1  Unknown               Unknown  Unknown
264: ufs_model_gfs.x    0000000000436749  MAIN__                    409  UFS.F90
264: ufs_model_gfs.x    000000000043549D  Unknown               Unknown  Unknown
264: libc.so.6          0000148CC91EAEEC  Unknown               Unknown  Unknown
264: libc.so.6          0000148CC91EAFB5  __libc_start_main     Unknown  Unknown
264: ufs_model_gfs.x    00000000004353A1  Unknown               Unknown  Unknown
251: forrtl: error (78): process killed (SIGTERM)
251: Image              PC                Routine            Line        Source             
251: libc.so.6          0000150E46E01980  Unknown               Unknown  Unknown
251: libc.so.6          0000150E46EBE1E7  __sched_yield         Unknown  Unknown
251: libmpi_intel.so.1  0000150E477D166D  MPI_Probe             Unknown  Unknown
251: ufs_model_gfs.x    0000000000CAC940  Unknown               Unknown  Unknown
251: ufs_model_gfs.x    000000000101F1BA  Unknown               Unknown  Unknown
251: ufs_model_gfs.x    000000000101D613  Unknown               Unknown  Unknown
251: ufs_model_gfs.x    000000000101D613  Unknown               Unknown  Unknown
251: ufs_model_gfs.x    0000000001277EB2  Unknown               Unknown  Unknown
251: ufs_model_gfs.x    0000000001269A7F  Unknown               Unknown  Unknown
251: ufs_model_gfs.x    0000000000C260A6  Unknown               Unknown  Unknown
251: ufs_model_gfs.x    00000000009D667F  Unknown               Unknown  Unknown
251: ufs_model_gfs.x    000000000049EB2A  Unknown               Unknown  Unknown
251: ufs_model_gfs.x    0000000000FE7855  Unknown               Unknown  Unknown
251: ufs_model_gfs.x    0000000000FEC0FF  Unknown               Unknown  Unknown
251: ufs_model_gfs.x    0000000000C9628A  Unknown               Unknown  Unknown
251: ufs_model_gfs.x    0000000000CB7D0F  Unknown               Unknown  Unknown
251: ufs_model_gfs.x    0000000000FE92FA  Unknown               Unknown  Unknown
251: ufs_model_gfs.x    0000000000A18F00  Unknown               Unknown  Unknown
251: ufs_model_gfs.x    0000000000A08761  Unknown               Unknown  Unknown
251: ufs_model_gfs.x    0000000000445828  Unknown               Unknown  Unknown
251: ufs_model_gfs.x    00000000004470A6  Unknown               Unknown  Unknown
251: ufs_model_gfs.x    0000000000D51C38  Unknown               Unknown  Unknown
251: ufs_model_gfs.x    0000000000D51BA6  Unknown               Unknown  Unknown
251: ufs_model_gfs.x    0000000000D5067C  Unknown               Unknown  Unknown
251: ufs_model_gfs.x    0000000000B937FE  Unknown               Unknown  Unknown
251: ufs_model_gfs.x    0000000000444BEF  Unknown               Unknown  Unknown
251: ufs_model_gfs.x    0000000000FE7855  Unknown               Unknown  Unknown
251: ufs_model_gfs.x    0000000000FEC0FF  Unknown               Unknown  Unknown
251: ufs_model_gfs.x    0000000000C9628A  Unknown               Unknown  Unknown
251: ufs_model_gfs.x    0000000000CB7D0F  Unknown               Unknown  Unknown
251: ufs_model_gfs.x    0000000000FE92FA  Unknown               Unknown  Unknown
251: ufs_model_gfs.x    0000000000A18F00  Unknown               Unknown  Unknown
251: ufs_model_gfs.x    0000000000736BE1  Unknown               Unknown  Unknown
251: ufs_model_gfs.x    0000000000436749  MAIN__                    409  UFS.F90
251: ufs_model_gfs.x    000000000043549D  Unknown               Unknown  Unknown
251: libc.so.6          0000150E46DEAEEC  Unknown               Unknown  Unknown
251: libc.so.6          0000150E46DEAFB5  __libc_start_main     Unknown  Unknown
251: ufs_model_gfs.x    00000000004353A1  Unknown               Unknown  Unknown
213: forrtl: error (78): process killed (SIGTERM)
213: Image              PC                Routine            Line        Source             
213: libc.so.6          0000149312E01980  Unknown               Unknown  Unknown
213: libc.so.6          0000149312EBE1E7  __sched_yield         Unknown  Unknown
213: libmpi_intel.so.1  00001493137D166D  MPI_Probe             Unknown  Unknown
213: ufs_model_gfs.x    0000000000CAC940  Unknown               Unknown  Unknown
213: ufs_model_gfs.x    000000000101F1BA  Unknown               Unknown  Unknown
213: ufs_model_gfs.x    000000000101D613  Unknown               Unknown  Unknown
213: ufs_model_gfs.x    000000000101D613  Unknown               Unknown  Unknown
213: ufs_model_gfs.x    0000000001277EB2  Unknown               Unknown  Unknown
213: ufs_model_gfs.x    0000000001269A7F  Unknown               Unknown  Unknown
213: ufs_model_gfs.x    0000000000C260A6  Unknown               Unknown  Unknown
213: ufs_model_gfs.x    00000000009D667F  Unknown               Unknown  Unknown
213: ufs_model_gfs.x    000000000049EB2A  Unknown               Unknown  Unknown
213: ufs_model_gfs.x    0000000000FE7855  Unknown               Unknown  Unknown
213: ufs_model_gfs.x    0000000000FEC0FF  Unknown               Unknown  Unknown
213: ufs_model_gfs.x    0000000000C9628A  Unknown               Unknown  Unknown
213: ufs_model_gfs.x    0000000000CB7D0F  Unknown               Unknown  Unknown
213: ufs_model_gfs.x    0000000000FE92FA  Unknown               Unknown  Unknown
213: ufs_model_gfs.x    0000000000A18F00  Unknown               Unknown  Unknown
213: ufs_model_gfs.x    0000000000A08761  Unknown               Unknown  Unknown
213: ufs_model_gfs.x    0000000000445828  Unknown               Unknown  Unknown
213: ufs_model_gfs.x    00000000004470A6  Unknown               Unknown  Unknown
213: ufs_model_gfs.x    0000000000D51C38  Unknown               Unknown  Unknown
213: ufs_model_gfs.x    0000000000D51BA6  Unknown               Unknown  Unknown
213: ufs_model_gfs.x    0000000000D5067C  Unknown               Unknown  Unknown
213: ufs_model_gfs.x    0000000000B937FE  Unknown               Unknown  Unknown
213: ufs_model_gfs.x    0000000000444BEF  Unknown               Unknown  Unknown
213: ufs_model_gfs.x    0000000000FE7855  Unknown               Unknown  Unknown
213: ufs_model_gfs.x    0000000000FEC0FF  Unknown               Unknown  Unknown
213: ufs_model_gfs.x    0000000000C9628A  Unknown               Unknown  Unknown
213: ufs_model_gfs.x    0000000000CB7D0F  Unknown               Unknown  Unknown
213: ufs_model_gfs.x    0000000000FE92FA  Unknown               Unknown  Unknown
213: ufs_model_gfs.x    0000000000A18F00  Unknown               Unknown  Unknown
213: ufs_model_gfs.x    0000000000736BE1  Unknown               Unknown  Unknown
213: ufs_model_gfs.x    0000000000436749  MAIN__                    409  UFS.F90
213: ufs_model_gfs.x    000000000043549D  Unknown               Unknown  Unknown
213: libc.so.6          0000149312DEAEEC  Unknown               Unknown  Unknown
213: libc.so.6          0000149312DEAFB5  __libc_start_main     Unknown  Unknown
213: ufs_model_gfs.x    00000000004353A1  Unknown               Unknown  Unknown
294: forrtl: error (78): process killed (SIGTERM)
294: Image              PC                Routine            Line        Source             
294: libc.so.6          00001459AC801980  Unknown               Unknown  Unknown
294: libfabric.so.1.25  00001459A9835AD4  Unknown               Unknown  Unknown
294: libmpi_intel.so.1  00001459AD1D098F  MPI_Probe             Unknown  Unknown
294: ufs_model_gfs.x    0000000000CAC940  Unknown               Unknown  Unknown
294: ufs_model_gfs.x    000000000101F1BA  Unknown               Unknown  Unknown
294: ufs_model_gfs.x    000000000101D613  Unknown               Unknown  Unknown
294: ufs_model_gfs.x    000000000101D613  Unknown               Unknown  Unknown
294: ufs_model_gfs.x    0000000001277EB2  Unknown               Unknown  Unknown
294: ufs_model_gfs.x    0000000001269A7F  Unknown               Unknown  Unknown
294: ufs_model_gfs.x    0000000000C260A6  Unknown               Unknown  Unknown
294: ufs_model_gfs.x    00000000009D667F  Unknown               Unknown  Unknown
294: ufs_model_gfs.x    000000000049EB2A  Unknown               Unknown  Unknown
294: ufs_model_gfs.x    0000000000FE7855  Unknown               Unknown  Unknown
294: ufs_model_gfs.x    0000000000FEC0FF  Unknown               Unknown  Unknown
294: ufs_model_gfs.x    0000000000C9628A  Unknown               Unknown  Unknown
294: ufs_model_gfs.x    0000000000CB7D0F  Unknown               Unknown  Unknown
294: ufs_model_gfs.x    0000000000FE92FA  Unknown               Unknown  Unknown
294: ufs_model_gfs.x    0000000000A18F00  Unknown               Unknown  Unknown
294: ufs_model_gfs.x    0000000000A08761  Unknown               Unknown  Unknown
294: ufs_model_gfs.x    0000000000445828  Unknown               Unknown  Unknown
294: ufs_model_gfs.x    00000000004470A6  Unknown               Unknown  Unknown
294: ufs_model_gfs.x    0000000000D51C38  Unknown               Unknown  Unknown
294: ufs_model_gfs.x    0000000000D51BA6  Unknown               Unknown  Unknown
294: ufs_model_gfs.x    0000000000D5067C  Unknown               Unknown  Unknown
294: ufs_model_gfs.x    0000000000B937FE  Unknown               Unknown  Unknown
294: ufs_model_gfs.x    0000000000444BEF  Unknown               Unknown  Unknown
294: ufs_model_gfs.x    0000000000FE7855  Unknown               Unknown  Unknown
294: ufs_model_gfs.x    0000000000FEC0FF  Unknown               Unknown  Unknown
294: ufs_model_gfs.x    0000000000C9628A  Unknown               Unknown  Unknown
294: ufs_model_gfs.x    0000000000CB7D0F  Unknown               Unknown  Unknown
294: ufs_model_gfs.x    0000000000FE92FA  Unknown               Unknown  Unknown
294: ufs_model_gfs.x    0000000000A18F00  Unknown               Unknown  Unknown
294: ufs_model_gfs.x    0000000000736BE1  Unknown               Unknown  Unknown
294: ufs_model_gfs.x    0000000000436749  MAIN__                    409  UFS.F90
294: ufs_model_gfs.x    000000000043549D  Unknown               Unknown  Unknown
294: libc.so.6          00001459AC7EAEEC  Unknown               Unknown  Unknown
294: libc.so.6          00001459AC7EAFB5  __libc_start_main     Unknown  Unknown
294: ufs_model_gfs.x    00000000004353A1  Unknown               Unknown  Unknown
340: forrtl: error (78): process killed (SIGTERM)
340: Image              PC                Routine            Line        Source             
340: libc.so.6          00001515C8001980  Unknown               Unknown  Unknown
340: libc.so.6          00001515C80BE1E7  __sched_yield         Unknown  Unknown
340: libmpi_intel.so.1  00001515C8F5C815  Unknown               Unknown  Unknown
340: libmpi_intel.so.1  00001515C8F99335  Unknown               Unknown  Unknown
340: libmpi_intel.so.1  00001515C8F99B31  MPI_Waitall           Unknown  Unknown
340: libmpifort_intel.  00001515CB8CD83E  pmpi_waitall          Unknown  Unknown
340: ufs_model_gfs.x    000000000642C792  ice_boundary_mp_i        4698  ice_boundary.F90
340: ufs_model_gfs.x    0000000006601C98  ice_transport_rem         598  ice_transport_remap.F90
340: ufs_model_gfs.x    00000000065ED301  ice_transport_dri         539  ice_transport_driver.F90
340: ufs_model_gfs.x    00000000066BE8EE  ice_step_mod_mp_s        1047  ice_step_mod.F90
340: ufs_model_gfs.x    000000000648DFC0  cice_runmod_mp_ci         270  CICE_RunMod.F90
340: ufs_model_gfs.x    00000000060F8F68  ice_comp_nuopc_mp        1273  ice_comp_nuopc.F90
340: ufs_model_gfs.x    0000000000D51C38  Unknown               Unknown  Unknown
340: ufs_model_gfs.x    0000000000D51BA6  Unknown               Unknown  Unknown
340: ufs_model_gfs.x    0000000000D5067C  Unknown               Unknown  Unknown
340: ufs_model_gfs.x    0000000000B937FE  Unknown               Unknown  Unknown
340: ufs_model_gfs.x    0000000006AC85DA  Unknown               Unknown  Unknown
340: ufs_model_gfs.x    0000000000FE7855  Unknown               Unknown  Unknown
340: ufs_model_gfs.x    0000000000FEC0FF  Unknown               Unknown  Unknown
340: ufs_model_gfs.x    0000000000C9649A  Unknown               Unknown  Unknown
340: ufs_model_gfs.x    0000000000CB7D0F  Unknown               Unknown  Unknown
340: ufs_model_gfs.x    0000000000FE92FA  Unknown               Unknown  Unknown
340: ufs_model_gfs.x    0000000000A18F00  Unknown               Unknown  Unknown
340: ufs_model_gfs.x    0000000000736BE1  Unknown               Unknown  Unknown
340: ufs_model_gfs.x    0000000000448377  Unknown               Unknown  Unknown
340: ufs_model_gfs.x    0000000000447BCA  Unknown               Unknown  Unknown
340: ufs_model_gfs.x    0000000000D51C38  Unknown               Unknown  Unknown
340: ufs_model_gfs.x    0000000000D51BA6  Unknown               Unknown  Unknown
340: ufs_model_gfs.x    0000000000D5067C  Unknown               Unknown  Unknown
340: ufs_model_gfs.x    0000000000B937FE  Unknown               Unknown  Unknown
340: ufs_model_gfs.x    0000000000444BEF  Unknown               Unknown  Unknown
340: ufs_model_gfs.x    0000000000FE7855  Unknown               Unknown  Unknown
340: ufs_model_gfs.x    0000000000FEC0FF  Unknown               Unknown  Unknown
340: ufs_model_gfs.x    0000000000C9628A  Unknown               Unknown  Unknown
340: ufs_model_gfs.x    0000000000CB7D0F  Unknown               Unknown  Unknown
340: ufs_model_gfs.x    0000000000FE92FA  Unknown               Unknown  Unknown
340: ufs_model_gfs.x    0000000000A18F00  Unknown               Unknown  Unknown
340: ufs_model_gfs.x    0000000000736BE1  Unknown               Unknown  Unknown
340: ufs_model_gfs.x    0000000000436749  MAIN__                    409  UFS.F90
340: ufs_model_gfs.x    000000000043549D  Unknown               Unknown  Unknown
340: libc.so.6          00001515C7FEAEEC  Unknown               Unknown  Unknown
340: libc.so.6          00001515C7FEAFB5  __libc_start_main     Unknown  Unknown
340: ufs_model_gfs.x    00000000004353A1  Unknown               Unknown  Unknown
278: forrtl: error (78): process killed (SIGTERM)
278: Image              PC                Routine            Line        Source             
278: libc.so.6          0000153728A01980  Unknown               Unknown  Unknown
278: libc.so.6          0000153728ABE1E7  __sched_yield         Unknown  Unknown
278: libmpi_intel.so.1  00001537293D166D  MPI_Probe             Unknown  Unknown
278: ufs_model_gfs.x    0000000000CAC940  Unknown               Unknown  Unknown
278: ufs_model_gfs.x    000000000101F1BA  Unknown               Unknown  Unknown
278: ufs_model_gfs.x    000000000101D613  Unknown               Unknown  Unknown
278: ufs_model_gfs.x    000000000101D613  Unknown               Unknown  Unknown
278: ufs_model_gfs.x    0000000001277EB2  Unknown               Unknown  Unknown
278: ufs_model_gfs.x    0000000001269A7F  Unknown               Unknown  Unknown
278: ufs_model_gfs.x    0000000000C260A6  Unknown               Unknown  Unknown
278: ufs_model_gfs.x    00000000009D667F  Unknown               Unknown  Unknown
278: ufs_model_gfs.x    000000000049EB2A  Unknown               Unknown  Unknown
278: ufs_model_gfs.x    0000000000FE7855  Unknown               Unknown  Unknown
278: ufs_model_gfs.x    0000000000FEC0FF  Unknown               Unknown  Unknown
278: ufs_model_gfs.x    0000000000C9628A  Unknown               Unknown  Unknown
278: ufs_model_gfs.x    0000000000CB7D0F  Unknown               Unknown  Unknown
278: ufs_model_gfs.x    0000000000FE92FA  Unknown               Unknown  Unknown
278: ufs_model_gfs.x    0000000000A18F00  Unknown               Unknown  Unknown
278: ufs_model_gfs.x    0000000000A08761  Unknown               Unknown  Unknown
278: ufs_model_gfs.x    0000000000445828  Unknown               Unknown  Unknown
278: ufs_model_gfs.x    00000000004470A6  Unknown               Unknown  Unknown
278: ufs_model_gfs.x    0000000000D51C38  Unknown               Unknown  Unknown
278: ufs_model_gfs.x    0000000000D51BA6  Unknown               Unknown  Unknown
278: ufs_model_gfs.x    0000000000D5067C  Unknown               Unknown  Unknown
278: ufs_model_gfs.x    0000000000B937FE  Unknown               Unknown  Unknown
278: ufs_model_gfs.x    0000000000444BEF  Unknown               Unknown  Unknown
278: ufs_model_gfs.x    0000000000FE7855  Unknown               Unknown  Unknown
278: ufs_model_gfs.x    0000000000FEC0FF  Unknown               Unknown  Unknown
278: ufs_model_gfs.x    0000000000C9628A  Unknown               Unknown  Unknown
278: ufs_model_gfs.x    0000000000CB7D0F  Unknown               Unknown  Unknown
278: ufs_model_gfs.x    0000000000FE92FA  Unknown               Unknown  Unknown
278: ufs_model_gfs.x    0000000000A18F00  Unknown               Unknown  Unknown
278: ufs_model_gfs.x    0000000000736BE1  Unknown               Unknown  Unknown
278: ufs_model_gfs.x    0000000000436749  MAIN__                    409  UFS.F90
278: ufs_model_gfs.x    000000000043549D  Unknown               Unknown  Unknown
278: libc.so.6          00001537289EAEEC  Unknown               Unknown  Unknown
278: libc.so.6          00001537289EAFB5  __libc_start_main     Unknown  Unknown
278: ufs_model_gfs.x    00000000004353A1  Unknown               Unknown  Unknown
209: forrtl: error (78): process killed (SIGTERM)
209: Image              PC                Routine            Line        Source             
209: libc.so.6          00001494E1201980  Unknown               Unknown  Unknown
209: libc.so.6          00001494E12BE1E7  __sched_yield         Unknown  Unknown
209: libmpi_intel.so.1  00001494E1BB92AC  Unknown               Unknown  Unknown
209: libmpi_intel.so.1  00001494E1BD06BC  MPI_Probe             Unknown  Unknown
209: ufs_model_gfs.x    0000000000CAC940  Unknown               Unknown  Unknown
209: ufs_model_gfs.x    000000000101F1BA  Unknown               Unknown  Unknown
209: ufs_model_gfs.x    000000000101D613  Unknown               Unknown  Unknown
209: ufs_model_gfs.x    000000000101D613  Unknown               Unknown  Unknown
209: ufs_model_gfs.x    0000000001277EB2  Unknown               Unknown  Unknown
209: ufs_model_gfs.x    0000000001269A7F  Unknown               Unknown  Unknown
209: ufs_model_gfs.x    0000000000C260A6  Unknown               Unknown  Unknown
209: ufs_model_gfs.x    00000000009D667F  Unknown               Unknown  Unknown
209: ufs_model_gfs.x    000000000049EB2A  Unknown               Unknown  Unknown
209: ufs_model_gfs.x    0000000000FE7855  Unknown               Unknown  Unknown
209: ufs_model_gfs.x    0000000000FEC0FF  Unknown               Unknown  Unknown
209: ufs_model_gfs.x    0000000000C9628A  Unknown               Unknown  Unknown
209: ufs_model_gfs.x    0000000000CB7D0F  Unknown               Unknown  Unknown
209: ufs_model_gfs.x    0000000000FE92FA  Unknown               Unknown  Unknown
209: ufs_model_gfs.x    0000000000A18F00  Unknown               Unknown  Unknown
209: ufs_model_gfs.x    0000000000A08761  Unknown               Unknown  Unknown
209: ufs_model_gfs.x    0000000000445828  Unknown               Unknown  Unknown
209: ufs_model_gfs.x    00000000004470A6  Unknown               Unknown  Unknown
209: ufs_model_gfs.x    0000000000D51C38  Unknown               Unknown  Unknown
209: ufs_model_gfs.x    0000000000D51BA6  Unknown               Unknown  Unknown
209: ufs_model_gfs.x    0000000000D5067C  Unknown               Unknown  Unknown
209: ufs_model_gfs.x    0000000000B937FE  Unknown               Unknown  Unknown
209: ufs_model_gfs.x    0000000000444BEF  Unknown               Unknown  Unknown
209: ufs_model_gfs.x    0000000000FE7855  Unknown               Unknown  Unknown
209: ufs_model_gfs.x    0000000000FEC0FF  Unknown               Unknown  Unknown
209: ufs_model_gfs.x    0000000000C9628A  Unknown               Unknown  Unknown
209: ufs_model_gfs.x    0000000000CB7D0F  Unknown               Unknown  Unknown
209: ufs_model_gfs.x    0000000000FE92FA  Unknown               Unknown  Unknown
209: ufs_model_gfs.x    0000000000A18F00  Unknown               Unknown  Unknown
209: ufs_model_gfs.x    0000000000736BE1  Unknown               Unknown  Unknown
209: ufs_model_gfs.x    0000000000436749  MAIN__                    409  UFS.F90
209: ufs_model_gfs.x    000000000043549D  Unknown               Unknown  Unknown
209: libc.so.6          00001494E11EAEEC  Unknown               Unknown  Unknown
209: libc.so.6          00001494E11EAFB5  __libc_start_main     Unknown  Unknown
209: ufs_model_gfs.x    00000000004353A1  Unknown               Unknown  Unknown
256: forrtl: error (78): process killed (SIGTERM)
256: Image              PC                Routine            Line        Source             
256: libc.so.6          000014FAC4001980  Unknown               Unknown  Unknown
256: libc.so.6          000014FAC40BE1E7  __sched_yield         Unknown  Unknown
256: libmpi_intel.so.1  000014FAC49D166D  MPI_Probe             Unknown  Unknown
256: ufs_model_gfs.x    0000000000CAC940  Unknown               Unknown  Unknown
256: ufs_model_gfs.x    000000000101F1BA  Unknown               Unknown  Unknown
256: ufs_model_gfs.x    000000000101D613  Unknown               Unknown  Unknown
256: ufs_model_gfs.x    000000000101D613  Unknown               Unknown  Unknown
256: ufs_model_gfs.x    0000000001277EB2  Unknown               Unknown  Unknown
256: ufs_model_gfs.x    0000000001269A7F  Unknown               Unknown  Unknown
256: ufs_model_gfs.x    0000000000C260A6  Unknown               Unknown  Unknown
256: ufs_model_gfs.x    00000000009D667F  Unknown               Unknown  Unknown
256: ufs_model_gfs.x    000000000049EB2A  Unknown               Unknown  Unknown
256: ufs_model_gfs.x    0000000000FE7855  Unknown               Unknown  Unknown
256: ufs_model_gfs.x    0000000000FEC0FF  Unknown               Unknown  Unknown
256: ufs_model_gfs.x    0000000000C9628A  Unknown               Unknown  Unknown
256: ufs_model_gfs.x    0000000000CB7D0F  Unknown               Unknown  Unknown
256: ufs_model_gfs.x    0000000000FE92FA  Unknown               Unknown  Unknown
256: ufs_model_gfs.x    0000000000A18F00  Unknown               Unknown  Unknown
256: ufs_model_gfs.x    0000000000A08761  Unknown               Unknown  Unknown
256: ufs_model_gfs.x    0000000000445828  Unknown               Unknown  Unknown
256: ufs_model_gfs.x    00000000004470A6  Unknown               Unknown  Unknown
256: ufs_model_gfs.x    0000000000D51C38  Unknown               Unknown  Unknown
256: ufs_model_gfs.x    0000000000D51BA6  Unknown               Unknown  Unknown
256: ufs_model_gfs.x    0000000000D5067C  Unknown               Unknown  Unknown
256: ufs_model_gfs.x    0000000000B937FE  Unknown               Unknown  Unknown
256: ufs_model_gfs.x    0000000000444BEF  Unknown               Unknown  Unknown
256: ufs_model_gfs.x    0000000000FE7855  Unknown               Unknown  Unknown
256: ufs_model_gfs.x    0000000000FEC0FF  Unknown               Unknown  Unknown
256: ufs_model_gfs.x    0000000000C9628A  Unknown               Unknown  Unknown
256: ufs_model_gfs.x    0000000000CB7D0F  Unknown               Unknown  Unknown
256: ufs_model_gfs.x    0000000000FE92FA  Unknown               Unknown  Unknown
256: ufs_model_gfs.x    0000000000A18F00  Unknown               Unknown  Unknown
256: ufs_model_gfs.x    0000000000736BE1  Unknown               Unknown  Unknown
256: ufs_model_gfs.x    0000000000436749  MAIN__                    409  UFS.F90
256: ufs_model_gfs.x    000000000043549D  Unknown               Unknown  Unknown
256: libc.so.6          000014FAC3FEAEEC  Unknown               Unknown  Unknown
256: libc.so.6          000014FAC3FEAFB5  __libc_start_main     Unknown  Unknown
256: ufs_model_gfs.x    00000000004353A1  Unknown               Unknown  Unknown
295: forrtl: error (78): process killed (SIGTERM)
295: Image              PC                Routine            Line        Source             
295: libc.so.6          000014F263C01980  Unknown               Unknown  Unknown
295: libc.so.6          000014F263CBE1E7  __sched_yield         Unknown  Unknown
295: libmpi_intel.so.1  000014F2645B92AC  Unknown               Unknown  Unknown
295: libmpi_intel.so.1  000014F2645D06BC  MPI_Probe             Unknown  Unknown
295: ufs_model_gfs.x    0000000000CAC940  Unknown               Unknown  Unknown
295: ufs_model_gfs.x    000000000101F1BA  Unknown               Unknown  Unknown
295: ufs_model_gfs.x    000000000101D613  Unknown               Unknown  Unknown
295: ufs_model_gfs.x    000000000101D613  Unknown               Unknown  Unknown
295: ufs_model_gfs.x    0000000001277EB2  Unknown               Unknown  Unknown
295: ufs_model_gfs.x    0000000001269A7F  Unknown               Unknown  Unknown
295: ufs_model_gfs.x    0000000000C260A6  Unknown               Unknown  Unknown
295: ufs_model_gfs.x    00000000009D667F  Unknown               Unknown  Unknown
295: ufs_model_gfs.x    000000000049EB2A  Unknown               Unknown  Unknown
295: ufs_model_gfs.x    0000000000FE7855  Unknown               Unknown  Unknown
295: ufs_model_gfs.x    0000000000FEC0FF  Unknown               Unknown  Unknown
295: ufs_model_gfs.x    0000000000C9628A  Unknown               Unknown  Unknown
295: ufs_model_gfs.x    0000000000CB7D0F  Unknown               Unknown  Unknown
295: ufs_model_gfs.x    0000000000FE92FA  Unknown               Unknown  Unknown
295: ufs_model_gfs.x    0000000000A18F00  Unknown               Unknown  Unknown
295: ufs_model_gfs.x    0000000000A08761  Unknown               Unknown  Unknown
295: ufs_model_gfs.x    0000000000445828  Unknown               Unknown  Unknown
295: ufs_model_gfs.x    00000000004470A6  Unknown               Unknown  Unknown
295: ufs_model_gfs.x    0000000000D51C38  Unknown               Unknown  Unknown
295: ufs_model_gfs.x    0000000000D51BA6  Unknown               Unknown  Unknown
295: ufs_model_gfs.x    0000000000D5067C  Unknown               Unknown  Unknown
295: ufs_model_gfs.x    0000000000B937FE  Unknown               Unknown  Unknown
295: ufs_model_gfs.x    0000000000444BEF  Unknown               Unknown  Unknown
295: ufs_model_gfs.x    0000000000FE7855  Unknown               Unknown  Unknown
295: ufs_model_gfs.x    0000000000FEC0FF  Unknown               Unknown  Unknown
295: ufs_model_gfs.x    0000000000C9628A  Unknown               Unknown  Unknown
295: ufs_model_gfs.x    0000000000CB7D0F  Unknown               Unknown  Unknown
295: ufs_model_gfs.x    0000000000FE92FA  Unknown               Unknown  Unknown
295: ufs_model_gfs.x    0000000000A18F00  Unknown               Unknown  Unknown
295: ufs_model_gfs.x    0000000000736BE1  Unknown               Unknown  Unknown
295: ufs_model_gfs.x    0000000000436749  MAIN__                    409  UFS.F90
295: ufs_model_gfs.x    000000000043549D  Unknown               Unknown  Unknown
295: libc.so.6          000014F263BEAEEC  Unknown               Unknown  Unknown
295: libc.so.6          000014F263BEAFB5  __libc_start_main     Unknown  Unknown
295: ufs_model_gfs.x    00000000004353A1  Unknown               Unknown  Unknown
262: forrtl: error (78): process killed (SIGTERM)
262: Image              PC                Routine            Line        Source             
262: libc.so.6          00001504BFC01980  Unknown               Unknown  Unknown
262: libc.so.6          00001504BFCBE1E7  __sched_yield         Unknown  Unknown
262: libmpi_intel.so.1  00001504C05D166D  MPI_Probe             Unknown  Unknown
262: ufs_model_gfs.x    0000000000CAC940  Unknown               Unknown  Unknown
262: ufs_model_gfs.x    000000000101F1BA  Unknown               Unknown  Unknown
262: ufs_model_gfs.x    000000000101D613  Unknown               Unknown  Unknown
262: ufs_model_gfs.x    000000000101D613  Unknown               Unknown  Unknown
262: ufs_model_gfs.x    0000000001277EB2  Unknown               Unknown  Unknown
262: ufs_model_gfs.x    0000000001269A7F  Unknown               Unknown  Unknown
262: ufs_model_gfs.x    0000000000C260A6  Unknown               Unknown  Unknown
262: ufs_model_gfs.x    00000000009D667F  Unknown               Unknown  Unknown
262: ufs_model_gfs.x    000000000049EB2A  Unknown               Unknown  Unknown
262: ufs_model_gfs.x    0000000000FE7855  Unknown               Unknown  Unknown
262: ufs_model_gfs.x    0000000000FEC0FF  Unknown               Unknown  Unknown
262: ufs_model_gfs.x    0000000000C9628A  Unknown               Unknown  Unknown
262: ufs_model_gfs.x    0000000000CB7D0F  Unknown               Unknown  Unknown
262: ufs_model_gfs.x    0000000000FE92FA  Unknown               Unknown  Unknown
262: ufs_model_gfs.x    0000000000A18F00  Unknown               Unknown  Unknown
262: ufs_model_gfs.x    0000000000A08761  Unknown               Unknown  Unknown
262: ufs_model_gfs.x    0000000000445828  Unknown               Unknown  Unknown
262: ufs_model_gfs.x    00000000004470A6  Unknown               Unknown  Unknown
262: ufs_model_gfs.x    0000000000D51C38  Unknown               Unknown  Unknown
262: ufs_model_gfs.x    0000000000D51BA6  Unknown               Unknown  Unknown
262: ufs_model_gfs.x    0000000000D5067C  Unknown               Unknown  Unknown
262: ufs_model_gfs.x    0000000000B937FE  Unknown               Unknown  Unknown
262: ufs_model_gfs.x    0000000000444BEF  Unknown               Unknown  Unknown
262: ufs_model_gfs.x    0000000000FE7855  Unknown               Unknown  Unknown
262: ufs_model_gfs.x    0000000000FEC0FF  Unknown               Unknown  Unknown
262: ufs_model_gfs.x    0000000000C9628A  Unknown               Unknown  Unknown
262: ufs_model_gfs.x    0000000000CB7D0F  Unknown               Unknown  Unknown
262: ufs_model_gfs.x    0000000000FE92FA  Unknown               Unknown  Unknown
262: ufs_model_gfs.x    0000000000A18F00  Unknown               Unknown  Unknown
262: ufs_model_gfs.x    0000000000736BE1  Unknown               Unknown  Unknown
262: ufs_model_gfs.x    0000000000436749  MAIN__                    409  UFS.F90
262: ufs_model_gfs.x    000000000043549D  Unknown               Unknown  Unknown
262: libc.so.6          00001504BFBEAEEC  Unknown               Unknown  Unknown
262: libc.so.6          00001504BFBEAFB5  __libc_start_main     Unknown  Unknown
262: ufs_model_gfs.x    00000000004353A1  Unknown               Unknown  Unknown
250: forrtl: error (78): process killed (SIGTERM)
250: Image              PC                Routine            Line        Source             
250: libc.so.6          0000146004C01980  Unknown               Unknown  Unknown
250: libc.so.6          0000146004CBE1E7  __sched_yield         Unknown  Unknown
250: libmpi_intel.so.1  00001460055D166D  MPI_Probe             Unknown  Unknown
250: ufs_model_gfs.x    0000000000CAC940  Unknown               Unknown  Unknown
250: ufs_model_gfs.x    000000000101F1BA  Unknown               Unknown  Unknown
250: ufs_model_gfs.x    000000000101D613  Unknown               Unknown  Unknown
250: ufs_model_gfs.x    000000000101D613  Unknown               Unknown  Unknown
250: ufs_model_gfs.x    0000000001277EB2  Unknown               Unknown  Unknown
250: ufs_model_gfs.x    0000000001269A7F  Unknown               Unknown  Unknown
250: ufs_model_gfs.x    0000000000C260A6  Unknown               Unknown  Unknown
250: ufs_model_gfs.x    00000000009D667F  Unknown               Unknown  Unknown
250: ufs_model_gfs.x    000000000049EB2A  Unknown               Unknown  Unknown
250: ufs_model_gfs.x    0000000000FE7855  Unknown               Unknown  Unknown
250: ufs_model_gfs.x    0000000000FEC0FF  Unknown               Unknown  Unknown
250: ufs_model_gfs.x    0000000000C9628A  Unknown               Unknown  Unknown
250: ufs_model_gfs.x    0000000000CB7D0F  Unknown               Unknown  Unknown
250: ufs_model_gfs.x    0000000000FE92FA  Unknown               Unknown  Unknown
250: ufs_model_gfs.x    0000000000A18F00  Unknown               Unknown  Unknown
250: ufs_model_gfs.x    0000000000A08761  Unknown               Unknown  Unknown
250: ufs_model_gfs.x    0000000000445828  Unknown               Unknown  Unknown
250: ufs_model_gfs.x    00000000004470A6  Unknown               Unknown  Unknown
250: ufs_model_gfs.x    0000000000D51C38  Unknown               Unknown  Unknown
250: ufs_model_gfs.x    0000000000D51BA6  Unknown               Unknown  Unknown
250: ufs_model_gfs.x    0000000000D5067C  Unknown               Unknown  Unknown
250: ufs_model_gfs.x    0000000000B937FE  Unknown               Unknown  Unknown
250: ufs_model_gfs.x    0000000000444BEF  Unknown               Unknown  Unknown
250: ufs_model_gfs.x    0000000000FE7855  Unknown               Unknown  Unknown
250: ufs_model_gfs.x    0000000000FEC0FF  Unknown               Unknown  Unknown
250: ufs_model_gfs.x    0000000000C9628A  Unknown               Unknown  Unknown
250: ufs_model_gfs.x    0000000000CB7D0F  Unknown               Unknown  Unknown
250: ufs_model_gfs.x    0000000000FE92FA  Unknown               Unknown  Unknown
250: ufs_model_gfs.x    0000000000A18F00  Unknown               Unknown  Unknown
250: ufs_model_gfs.x    0000000000736BE1  Unknown               Unknown  Unknown
250: ufs_model_gfs.x    0000000000436749  MAIN__                    409  UFS.F90
250: ufs_model_gfs.x    000000000043549D  Unknown               Unknown  Unknown
250: libc.so.6          0000146004BEAEEC  Unknown               Unknown  Unknown
250: libc.so.6          0000146004BEAFB5  __libc_start_main     Unknown  Unknown
250: ufs_model_gfs.x    00000000004353A1  Unknown               Unknown  Unknown
233: forrtl: error (78): process killed (SIGTERM)
233: Image              PC                Routine            Line        Source             
233: libc.so.6          00001500C4401980  Unknown               Unknown  Unknown
233: libc.so.6          00001500C44BE1E7  __sched_yield         Unknown  Unknown
233: libmpi_intel.so.1  00001500C4DB92AC  Unknown               Unknown  Unknown
233: libmpi_intel.so.1  00001500C4DD06BC  MPI_Probe             Unknown  Unknown
233: ufs_model_gfs.x    0000000000CAC940  Unknown               Unknown  Unknown
233: ufs_model_gfs.x    000000000101F1BA  Unknown               Unknown  Unknown
233: ufs_model_gfs.x    000000000101D613  Unknown               Unknown  Unknown
233: ufs_model_gfs.x    000000000101D613  Unknown               Unknown  Unknown
233: ufs_model_gfs.x    0000000001277EB2  Unknown               Unknown  Unknown
233: ufs_model_gfs.x    0000000001269A7F  Unknown               Unknown  Unknown
233: ufs_model_gfs.x    0000000000C260A6  Unknown               Unknown  Unknown
233: ufs_model_gfs.x    00000000009D667F  Unknown               Unknown  Unknown
233: ufs_model_gfs.x    000000000049EB2A  Unknown               Unknown  Unknown
233: ufs_model_gfs.x    0000000000FE7855  Unknown               Unknown  Unknown
233: ufs_model_gfs.x    0000000000FEC0FF  Unknown               Unknown  Unknown
233: ufs_model_gfs.x    0000000000C9628A  Unknown               Unknown  Unknown
233: ufs_model_gfs.x    0000000000CB7D0F  Unknown               Unknown  Unknown
233: ufs_model_gfs.x    0000000000FE92FA  Unknown               Unknown  Unknown
233: ufs_model_gfs.x    0000000000A18F00  Unknown               Unknown  Unknown
233: ufs_model_gfs.x    0000000000A08761  Unknown               Unknown  Unknown
233: ufs_model_gfs.x    0000000000445828  Unknown               Unknown  Unknown
233: ufs_model_gfs.x    00000000004470A6  Unknown               Unknown  Unknown
233: ufs_model_gfs.x    0000000000D51C38  Unknown               Unknown  Unknown
233: ufs_model_gfs.x    0000000000D51BA6  Unknown               Unknown  Unknown
233: ufs_model_gfs.x    0000000000D5067C  Unknown               Unknown  Unknown
233: ufs_model_gfs.x    0000000000B937FE  Unknown               Unknown  Unknown
233: ufs_model_gfs.x    0000000000444BEF  Unknown               Unknown  Unknown
233: ufs_model_gfs.x    0000000000FE7855  Unknown               Unknown  Unknown
233: ufs_model_gfs.x    0000000000FEC0FF  Unknown               Unknown  Unknown
233: ufs_model_gfs.x    0000000000C9628A  Unknown               Unknown  Unknown
233: ufs_model_gfs.x    0000000000CB7D0F  Unknown               Unknown  Unknown
233: ufs_model_gfs.x    0000000000FE92FA  Unknown               Unknown  Unknown
233: ufs_model_gfs.x    0000000000A18F00  Unknown               Unknown  Unknown
233: ufs_model_gfs.x    0000000000736BE1  Unknown               Unknown  Unknown
233: ufs_model_gfs.x    0000000000436749  MAIN__                    409  UFS.F90
233: ufs_model_gfs.x    000000000043549D  Unknown               Unknown  Unknown
233: libc.so.6          00001500C43EAEEC  Unknown               Unknown  Unknown
233: libc.so.6          00001500C43EAFB5  __libc_start_main     Unknown  Unknown
233: ufs_model_gfs.x    00000000004353A1  Unknown               Unknown  Unknown
221: forrtl: error (78): process killed (SIGTERM)
221: Image              PC                Routine            Line        Source             
221: libc.so.6          00001485C1601980  Unknown               Unknown  Unknown
221: libc.so.6          00001485C16BE1E7  __sched_yield         Unknown  Unknown
221: libmpi_intel.so.1  00001485C1FB92AC  Unknown               Unknown  Unknown
221: libmpi_intel.so.1  00001485C1FD06BC  MPI_Probe             Unknown  Unknown
221: ufs_model_gfs.x    0000000000CAC940  Unknown               Unknown  Unknown
221: ufs_model_gfs.x    000000000101F1BA  Unknown               Unknown  Unknown
221: ufs_model_gfs.x    000000000101D613  Unknown               Unknown  Unknown
221: ufs_model_gfs.x    000000000101D613  Unknown               Unknown  Unknown
221: ufs_model_gfs.x    0000000001277EB2  Unknown               Unknown  Unknown
221: ufs_model_gfs.x    0000000001269A7F  Unknown               Unknown  Unknown
221: ufs_model_gfs.x    0000000000C260A6  Unknown               Unknown  Unknown
221: ufs_model_gfs.x    00000000009D667F  Unknown               Unknown  Unknown
221: ufs_model_gfs.x    000000000049EB2A  Unknown               Unknown  Unknown
221: ufs_model_gfs.x    0000000000FE7855  Unknown               Unknown  Unknown
221: ufs_model_gfs.x    0000000000FEC0FF  Unknown               Unknown  Unknown
221: ufs_model_gfs.x    0000000000C9628A  Unknown               Unknown  Unknown
221: ufs_model_gfs.x    0000000000CB7D0F  Unknown               Unknown  Unknown
221: ufs_model_gfs.x    0000000000FE92FA  Unknown               Unknown  Unknown
221: ufs_model_gfs.x    0000000000A18F00  Unknown               Unknown  Unknown
221: ufs_model_gfs.x    0000000000A08761  Unknown               Unknown  Unknown
221: ufs_model_gfs.x    0000000000445828  Unknown               Unknown  Unknown
221: ufs_model_gfs.x    00000000004470A6  Unknown               Unknown  Unknown
221: ufs_model_gfs.x    0000000000D51C38  Unknown               Unknown  Unknown
221: ufs_model_gfs.x    0000000000D51BA6  Unknown               Unknown  Unknown
221: ufs_model_gfs.x    0000000000D5067C  Unknown               Unknown  Unknown
221: ufs_model_gfs.x    0000000000B937FE  Unknown               Unknown  Unknown
221: ufs_model_gfs.x    0000000000444BEF  Unknown               Unknown  Unknown
221: ufs_model_gfs.x    0000000000FE7855  Unknown               Unknown  Unknown
221: ufs_model_gfs.x    0000000000FEC0FF  Unknown               Unknown  Unknown
221: ufs_model_gfs.x    0000000000C9628A  Unknown               Unknown  Unknown
221: ufs_model_gfs.x    0000000000CB7D0F  Unknown               Unknown  Unknown
221: ufs_model_gfs.x    0000000000FE92FA  Unknown               Unknown  Unknown
221: ufs_model_gfs.x    0000000000A18F00  Unknown               Unknown  Unknown
221: ufs_model_gfs.x    0000000000736BE1  Unknown               Unknown  Unknown
221: ufs_model_gfs.x    0000000000436749  MAIN__                    409  UFS.F90
221: ufs_model_gfs.x    000000000043549D  Unknown               Unknown  Unknown
221: libc.so.6          00001485C15EAEEC  Unknown               Unknown  Unknown
221: libc.so.6          00001485C15EAFB5  __libc_start_main     Unknown  Unknown
221: ufs_model_gfs.x    00000000004353A1  Unknown               Unknown  Unknown
341: forrtl: error (78): process killed (SIGTERM)
341: Image              PC                Routine            Line        Source             
341: libc.so.6          0000146F91401980  Unknown               Unknown  Unknown
341: libc.so.6          0000146F914BE1E7  __sched_yield         Unknown  Unknown
341: libmpi_intel.so.1  0000146F9235C815  Unknown               Unknown  Unknown
341: libmpi_intel.so.1  0000146F92399335  Unknown               Unknown  Unknown
341: libmpi_intel.so.1  0000146F92399B31  MPI_Waitall           Unknown  Unknown
341: libmpifort_intel.  0000146F947AC83E  pmpi_waitall          Unknown  Unknown
341: ufs_model_gfs.x    000000000642C792  ice_boundary_mp_i        4698  ice_boundary.F90
341: ufs_model_gfs.x    0000000006601CB6  ice_transport_rem         600  ice_transport_remap.F90
341: ufs_model_gfs.x    00000000065ED301  ice_transport_dri         539  ice_transport_driver.F90
341: ufs_model_gfs.x    00000000066BE8EE  ice_step_mod_mp_s        1047  ice_step_mod.F90
341: ufs_model_gfs.x    000000000648DFC0  cice_runmod_mp_ci         270  CICE_RunMod.F90
341: ufs_model_gfs.x    00000000060F8F68  ice_comp_nuopc_mp        1273  ice_comp_nuopc.F90
341: ufs_model_gfs.x    0000000000D51C38  Unknown               Unknown  Unknown
341: ufs_model_gfs.x    0000000000D51BA6  Unknown               Unknown  Unknown
341: ufs_model_gfs.x    0000000000D5067C  Unknown               Unknown  Unknown
341: ufs_model_gfs.x    0000000000B937FE  Unknown               Unknown  Unknown
341: ufs_model_gfs.x    0000000006AC85DA  Unknown               Unknown  Unknown
341: ufs_model_gfs.x    0000000000FE7855  Unknown               Unknown  Unknown
341: ufs_model_gfs.x    0000000000FEC0FF  Unknown               Unknown  Unknown
341: ufs_model_gfs.x    0000000000C9649A  Unknown               Unknown  Unknown
341: ufs_model_gfs.x    0000000000CB7D0F  Unknown               Unknown  Unknown
341: ufs_model_gfs.x    0000000000FE92FA  Unknown               Unknown  Unknown
341: ufs_model_gfs.x    0000000000A18F00  Unknown               Unknown  Unknown
341: ufs_model_gfs.x    0000000000736BE1  Unknown               Unknown  Unknown
341: ufs_model_gfs.x    0000000000448377  Unknown               Unknown  Unknown
341: ufs_model_gfs.x    0000000000447BCA  Unknown               Unknown  Unknown
341: ufs_model_gfs.x    0000000000D51C38  Unknown               Unknown  Unknown
341: ufs_model_gfs.x    0000000000D51BA6  Unknown               Unknown  Unknown
341: ufs_model_gfs.x    0000000000D5067C  Unknown               Unknown  Unknown
341: ufs_model_gfs.x    0000000000B937FE  Unknown               Unknown  Unknown
341: ufs_model_gfs.x    0000000000444BEF  Unknown               Unknown  Unknown
341: ufs_model_gfs.x    0000000000FE7855  Unknown               Unknown  Unknown
341: ufs_model_gfs.x    0000000000FEC0FF  Unknown               Unknown  Unknown
341: ufs_model_gfs.x    0000000000C9628A  Unknown               Unknown  Unknown
341: ufs_model_gfs.x    0000000000CB7D0F  Unknown               Unknown  Unknown
341: ufs_model_gfs.x    0000000000FE92FA  Unknown               Unknown  Unknown
341: ufs_model_gfs.x    0000000000A18F00  Unknown               Unknown  Unknown
341: ufs_model_gfs.x    0000000000736BE1  Unknown               Unknown  Unknown
341: ufs_model_gfs.x    0000000000436749  MAIN__                    409  UFS.F90
341: ufs_model_gfs.x    000000000043549D  Unknown               Unknown  Unknown
341: libc.so.6          0000146F913EAEEC  Unknown               Unknown  Unknown
341: libc.so.6          0000146F913EAFB5  __libc_start_main     Unknown  Unknown
341: ufs_model_gfs.x    00000000004353A1  Unknown               Unknown  Unknown
211: forrtl: error (78): process killed (SIGTERM)
211: Image              PC                Routine            Line        Source             
211: libc.so.6          0000152469601980  Unknown               Unknown  Unknown
211: libfabric.so.1.25  000015246661BEAE  Unknown               Unknown  Unknown
211: libmpi_intel.so.1  0000152469FB8BF7  Unknown               Unknown  Unknown
211: libmpi_intel.so.1  0000152469FD06BC  MPI_Probe             Unknown  Unknown
211: ufs_model_gfs.x    0000000000CAC940  Unknown               Unknown  Unknown
211: ufs_model_gfs.x    000000000101F1BA  Unknown               Unknown  Unknown
211: ufs_model_gfs.x    000000000101D613  Unknown               Unknown  Unknown
211: ufs_model_gfs.x    000000000101D613  Unknown               Unknown  Unknown
211: ufs_model_gfs.x    0000000001277EB2  Unknown               Unknown  Unknown
211: ufs_model_gfs.x    0000000001269A7F  Unknown               Unknown  Unknown
211: ufs_model_gfs.x    0000000000C260A6  Unknown               Unknown  Unknown
211: ufs_model_gfs.x    00000000009D667F  Unknown               Unknown  Unknown
211: ufs_model_gfs.x    000000000049EB2A  Unknown               Unknown  Unknown
211: ufs_model_gfs.x    0000000000FE7855  Unknown               Unknown  Unknown
211: ufs_model_gfs.x    0000000000FEC0FF  Unknown               Unknown  Unknown
211: ufs_model_gfs.x    0000000000C9628A  Unknown               Unknown  Unknown
211: ufs_model_gfs.x    0000000000CB7D0F  Unknown               Unknown  Unknown
211: ufs_model_gfs.x    0000000000FE92FA  Unknown               Unknown  Unknown
211: ufs_model_gfs.x    0000000000A18F00  Unknown               Unknown  Unknown
211: ufs_model_gfs.x    0000000000A08761  Unknown               Unknown  Unknown
211: ufs_model_gfs.x    0000000000445828  Unknown               Unknown  Unknown
211: ufs_model_gfs.x    00000000004470A6  Unknown               Unknown  Unknown
211: ufs_model_gfs.x    0000000000D51C38  Unknown               Unknown  Unknown
211: ufs_model_gfs.x    0000000000D51BA6  Unknown               Unknown  Unknown
211: ufs_model_gfs.x    0000000000D5067C  Unknown               Unknown  Unknown
211: ufs_model_gfs.x    0000000000B937FE  Unknown               Unknown  Unknown
211: ufs_model_gfs.x    0000000000444BEF  Unknown               Unknown  Unknown
211: ufs_model_gfs.x    0000000000FE7855  Unknown               Unknown  Unknown
211: ufs_model_gfs.x    0000000000FEC0FF  Unknown               Unknown  Unknown
211: ufs_model_gfs.x    0000000000C9628A  Unknown               Unknown  Unknown
211: ufs_model_gfs.x    0000000000CB7D0F  Unknown               Unknown  Unknown
211: ufs_model_gfs.x    0000000000FE92FA  Unknown               Unknown  Unknown
211: ufs_model_gfs.x    0000000000A18F00  Unknown               Unknown  Unknown
211: ufs_model_gfs.x    0000000000736BE1  Unknown               Unknown  Unknown
211: ufs_model_gfs.x    0000000000436749  MAIN__                    409  UFS.F90
211: ufs_model_gfs.x    000000000043549D  Unknown               Unknown  Unknown
