 76: ufs_model_gfs.x    0000000000D5067C  Unknown               Unknown  Unknown
 76: ufs_model_gfs.x    0000000000B937FE  Unknown               Unknown  Unknown
 76: ufs_model_gfs.x    0000000006AC85DA  Unknown               Unknown  Unknown
 76: ufs_model_gfs.x    0000000000FE7855  Unknown               Unknown  Unknown
 76: ufs_model_gfs.x    0000000000FEC0FF  Unknown               Unknown  Unknown
 76: ufs_model_gfs.x    0000000000C9628A  Unknown               Unknown  Unknown
 76: ufs_model_gfs.x    0000000000CB7D0F  Unknown               Unknown  Unknown
 76: ufs_model_gfs.x    0000000000FE92FA  Unknown               Unknown  Unknown
 76: ufs_model_gfs.x    0000000000A18F00  Unknown               Unknown  Unknown
 76: ufs_model_gfs.x    0000000000736BE1  Unknown               Unknown  Unknown
 76: ufs_model_gfs.x    0000000000448377  Unknown               Unknown  Unknown
 76: ufs_model_gfs.x    0000000000447BCA  Unknown               Unknown  Unknown
 76: ufs_model_gfs.x    0000000000D51C38  Unknown               Unknown  Unknown
 76: ufs_model_gfs.x    0000000000D51BA6  Unknown               Unknown  Unknown
 76: ufs_model_gfs.x    0000000000D5067C  Unknown               Unknown  Unknown
 76: ufs_model_gfs.x    0000000000B937FE  Unknown               Unknown  Unknown
 76: ufs_model_gfs.x    0000000000444BEF  Unknown               Unknown  Unknown
 76: ufs_model_gfs.x    0000000000FE7855  Unknown               Unknown  Unknown
 76: ufs_model_gfs.x    0000000000FEC0FF  Unknown               Unknown  Unknown
 76: ufs_model_gfs.x    0000000000C9628A  Unknown               Unknown  Unknown
 76: ufs_model_gfs.x    0000000000CB7D0F  Unknown               Unknown  Unknown
 76: ufs_model_gfs.x    0000000000FE92FA  Unknown               Unknown  Unknown
 76: ufs_model_gfs.x    0000000000A18F00  Unknown               Unknown  Unknown
 76: ufs_model_gfs.x    0000000000736BE1  Unknown               Unknown  Unknown
 76: ufs_model_gfs.x    0000000000436749  MAIN__                    409  UFS.F90
 76: ufs_model_gfs.x    000000000043549D  Unknown               Unknown  Unknown
 76:  NOTE: gocart aerosol initialization is reading input data with all MPI ranks
 76: libc.so.6          00001508FD5EAEEC  Unknown               Unknown  Unknown
 76: libc.so.6          00001508FD5EAFB5  __libc_start_main     Unknown  Unknown
 76: ufs_model_gfs.x    00000000004353A1  Unknown               Unknown  Unknown
  1: forrtl: error (78): process killed (SIGTERM)
  1: Image              PC                Routine            Line        Source             
  1: libc.so.6          0000150934001980  Unknown               Unknown  Unknown
  1: ufs_model_gfs.x    0000000004169A55  drag_suite_mp_dra         892  drag_suite.F90
  1: ufs_model_gfs.x    0000000003E0E9F4  ugwpv1_gsldrag_mp         553  ugwpv1_gsldrag.F90
  1: ufs_model_gfs.x    0000000003B3734D  _coupled_p8_ugwpv        3525  ccpp_fv3_gfs_v17_coupled_p8_ugwpv1_phys_ps_cap.F90
  1: ufs_model_gfs.x    00000000039AC664  ccpp_static_api_m         635  ccpp_static_api.F90
  1: ufs_model_gfs.x    00000000039A828A  ccpp_driver_mp_cc         226  CCPP_driver.F90
  1: libiomp5.so        0000150937563493  __kmp_invoke_micr     Unknown  Unknown
  1: libiomp5.so        00001509374D1CA4  __kmp_fork_call       Unknown  Unknown
  1: libiomp5.so        0000150937489D23  __kmpc_fork_call      Unknown  Unknown
  1: ufs_model_gfs.x    00000000039A7479  ccpp_driver_mp_cc         204  CCPP_driver.F90
  1: ufs_model_gfs.x    00000000031A5FC8  atmos_model_mod_m         387  atmos_model.F90
  1: ufs_model_gfs.x    000000000304CD3F  module_fcst_grid_        1481  module_fcst_grid_comp.F90
  1: ufs_model_gfs.x    0000000000FE7855  Unknown               Unknown  Unknown
  1: ufs_model_gfs.x    0000000000FEC0FF  Unknown               Unknown  Unknown
  1: ufs_model_gfs.x    0000000000C9649A  Unknown               Unknown  Unknown
  1: ufs_model_gfs.x    0000000000CB7D0F  Unknown               Unknown  Unknown
  1: ufs_model_gfs.x    0000000000FE92FA  Unknown               Unknown  Unknown
  1: ufs_model_gfs.x    0000000000A18F00  Unknown               Unknown  Unknown
  1: ufs_model_gfs.x    0000000000736BE1  Unknown               Unknown  Unknown
  1: ufs_model_gfs.x    0000000003038F9F  ufsatm_cap_mod_mp        1497  ufsatm_cap.F90
  1: ufs_model_gfs.x    0000000003038A09  ufsatm_cap_mod_mp        1437  ufsatm_cap.F90
  1: ufs_model_gfs.x    0000000000D51C38  Unknown               Unknown  Unknown
  1: ufs_model_gfs.x    0000000000D51BA6  Unknown               Unknown  Unknown
  1: ufs_model_gfs.x    0000000000D5067C  Unknown               Unknown  Unknown
  1: ufs_model_gfs.x    0000000000B937FE  Unknown               Unknown  Unknown
  1: ufs_model_gfs.x    0000000006AC85DA  Unknown               Unknown  Unknown
  1: ufs_model_gfs.x    0000000000FE7855  Unknown               Unknown  Unknown
  1: ufs_model_gfs.x    0000000000FEC0FF  Unknown               Unknown  Unknown
  1: ufs_model_gfs.x    0000000000C9628A  Unknown               Unknown  Unknown
  1: ufs_model_gfs.x    0000000000CB7D0F  Unknown               Unknown  Unknown
  1: ufs_model_gfs.x    0000000000FE92FA  Unknown               Unknown  Unknown
  1: ufs_model_gfs.x    0000000000A18F00  Unknown               Unknown  Unknown
  1: ufs_model_gfs.x    0000000000736BE1  Unknown               Unknown  Unknown
  1: ufs_model_gfs.x    0000000000448377  Unknown               Unknown  Unknown
  1: ufs_model_gfs.x    0000000000447BCA  Unknown               Unknown  Unknown
  1: ufs_model_gfs.x    0000000000D51C38  Unknown               Unknown  Unknown
  1: ufs_model_gfs.x    0000000000D51BA6  Unknown               Unknown  Unknown
  1: ufs_model_gfs.x    0000000000D5067C  Unknown               Unknown  Unknown
  1: ufs_model_gfs.x    0000000000B937FE  Unknown               Unknown  Unknown
  1: ufs_model_gfs.x    0000000000444BEF  Unknown               Unknown  Unknown
  1: ufs_model_gfs.x    0000000000FE7855  Unknown               Unknown  Unknown
  1: ufs_model_gfs.x    0000000000FEC0FF  Unknown               Unknown  Unknown
  1: ufs_model_gfs.x    0000000000C9628A  Unknown               Unknown  Unknown
  1: ufs_model_gfs.x    0000000000CB7D0F  Unknown               Unknown  Unknown
  1: ufs_model_gfs.x    0000000000FE92FA  Unknown               Unknown  Unknown
  1: ufs_model_gfs.x    0000000000A18F00  Unknown               Unknown  Unknown
  1: ufs_model_gfs.x    0000000000736BE1  Unknown               Unknown  Unknown
  1: ufs_model_gfs.x    0000000000436749  MAIN__                    409  UFS.F90
  1: ufs_model_gfs.x    000000000043549D  Unknown               Unknown  Unknown
  1: libc.so.6          0000150933FEAEEC  Unknown               Unknown  Unknown
 23: forrtl: error (78): process killed (SIGTERM)
 23: Image              PC                Routine            Line        Source             
 23: libc.so.6          0000145FDDE01980  Unknown               Unknown  Unknown
 23: libnetcdff.so.7.2  0000145FE1CB5EA5  __libm_pow_l9         Unknown  Unknown
 23: ufs_model_gfs.x    0000000003FAC295  module_mp_thompso        6487  module_mp_thompson.F90
 23: ufs_model_gfs.x    0000000003F908D7  module_mp_thompso        1466  module_mp_thompson.F90
 23: ufs_model_gfs.x    0000000003FE262E  mp_thompson_mp_mp         897  mp_thompson.F90
 23: ufs_model_gfs.x    0000000003B5C49D  _coupled_p8_ugwpv        1349  ccpp_fv3_gfs_v17_coupled_p8_ugwpv1_phys_ts_cap.F90
 23: ufs_model_gfs.x    00000000039AC850  ccpp_static_api_m         644  ccpp_static_api.F90
 23: ufs_model_gfs.x    00000000039A8530  ccpp_driver_mp_cc         234  CCPP_driver.F90
 23: libiomp5.so        0000145FE1363493  __kmp_invoke_micr     Unknown  Unknown
 23: libiomp5.so        0000145FE12D1CA4  __kmp_fork_call       Unknown  Unknown
 23: libiomp5.so        0000145FE1289D23  __kmpc_fork_call      Unknown  Unknown
 23: ufs_model_gfs.x    00000000039A7479  ccpp_driver_mp_cc         204  CCPP_driver.F90
 23: ufs_model_gfs.x    00000000031A5FC8  atmos_model_mod_m         387  atmos_model.F90
 23: ufs_model_gfs.x    000000000304CD3F  module_fcst_grid_        1481  module_fcst_grid_comp.F90
 23: ufs_model_gfs.x    0000000000FE7855  Unknown               Unknown  Unknown
 23: ufs_model_gfs.x    0000000000FEC0FF  Unknown               Unknown  Unknown
 23: ufs_model_gfs.x    0000000000C9649A  Unknown               Unknown  Unknown
 23: ufs_model_gfs.x    0000000000CB7D0F  Unknown               Unknown  Unknown
 23: ufs_model_gfs.x    0000000000FE92FA  Unknown               Unknown  Unknown
 23: ufs_model_gfs.x    0000000000A18F00  Unknown               Unknown  Unknown
 23: ufs_model_gfs.x    0000000000736BE1  Unknown               Unknown  Unknown
 23: ufs_model_gfs.x    0000000003038F9F  ufsatm_cap_mod_mp        1497  ufsatm_cap.F90
 23: ufs_model_gfs.x    0000000003038A09  ufsatm_cap_mod_mp        1437  ufsatm_cap.F90
 23: ufs_model_gfs.x    0000000000D51C38  Unknown               Unknown  Unknown
 23: ufs_model_gfs.x    0000000000D51BA6  Unknown               Unknown  Unknown
 23: ufs_model_gfs.x    0000000000D5067C  Unknown               Unknown  Unknown
 23: ufs_model_gfs.x    0000000000B937FE  Unknown               Unknown  Unknown
 23: ufs_model_gfs.x    0000000006AC85DA  Unknown               Unknown  Unknown
 23: ufs_model_gfs.x    0000000000FE7855  Unknown               Unknown  Unknown
 23: ufs_model_gfs.x    0000000000FEC0FF  Unknown               Unknown  Unknown
 23: ufs_model_gfs.x    0000000000C9628A  Unknown               Unknown  Unknown
 23: ufs_model_gfs.x    0000000000CB7D0F  Unknown               Unknown  Unknown
 23: ufs_model_gfs.x    0000000000FE92FA  Unknown               Unknown  Unknown
 23: ufs_model_gfs.x    0000000000A18F00  Unknown               Unknown  Unknown
 23: ufs_model_gfs.x    0000000000736BE1  Unknown               Unknown  Unknown
 23: ufs_model_gfs.x    0000000000448377  Unknown               Unknown  Unknown
 23: ufs_model_gfs.x    0000000000447BCA  Unknown               Unknown  Unknown
 23: ufs_model_gfs.x    0000000000D51C38  Unknown               Unknown  Unknown
 23: ufs_model_gfs.x    0000000000D51BA6  Unknown               Unknown  Unknown
 23: ufs_model_gfs.x    0000000000D5067C  Unknown               Unknown  Unknown
 23: ufs_model_gfs.x    0000000000B937FE  Unknown               Unknown  Unknown
 23: ufs_model_gfs.x    0000000000444BEF  Unknown               Unknown  Unknown
 23: ufs_model_gfs.x    0000000000FE7855  Unknown               Unknown  Unknown
 23: ufs_model_gfs.x    0000000000FEC0FF  Unknown               Unknown  Unknown
 23: ufs_model_gfs.x    0000000000C9628A  Unknown               Unknown  Unknown
 23: ufs_model_gfs.x    0000000000CB7D0F  Unknown               Unknown  Unknown
 23: ufs_model_gfs.x    0000000000FE92FA  Unknown               Unknown  Unknown
 23: ufs_model_gfs.x    0000000000A18F00  Unknown               Unknown  Unknown
 23: ufs_model_gfs.x    0000000000736BE1  Unknown               Unknown  Unknown
 23: ufs_model_gfs.x    0000000000436749  MAIN__                    409  UFS.F90
  1:  NOTE: gocart aerosol initialization is reading input data with all MPI ranks
  1:  ncells=           5
  1:  nlives=          12
  1:  nthresh=   18.0000000000000     
  1:  ncells=           5
  1:  nlives=          12
  1:  nthresh=   18.0000000000000     
  1: libc.so.6          0000150933FEAFB5  __libc_start_main     Unknown  Unknown
  1: ufs_model_gfs.x    00000000004353A1  Unknown               Unknown  Unknown
  2:  NOTE: gocart aerosol initialization is reading input data with all MPI ranks
  2: forrtl: error (78): process killed (SIGTERM)
  2: Image              PC                Routine            Line        Source             
  2: libc.so.6          000014CF20801980  Unknown               Unknown  Unknown
  2: ufs_model_gfs.x    0000000003DF3148  samfshalcnv_mp_sa         621  samfshalcnv.f
  2: ufs_model_gfs.x    0000000003B5581E  _coupled_p8_ugwpv        1024  ccpp_fv3_gfs_v17_coupled_p8_ugwpv1_phys_ts_cap.F90
  2: ufs_model_gfs.x    00000000039AC850  ccpp_static_api_m         644  ccpp_static_api.F90
  2: ufs_model_gfs.x    00000000039A8530  ccpp_driver_mp_cc         234  CCPP_driver.F90
  2: libiomp5.so        000014CF23D63493  __kmp_invoke_micr     Unknown  Unknown
  2: libiomp5.so        000014CF23CD1CA4  __kmp_fork_call       Unknown  Unknown
  2: libiomp5.so        000014CF23C89D23  __kmpc_fork_call      Unknown  Unknown
  2: ufs_model_gfs.x    00000000039A7479  ccpp_driver_mp_cc         204  CCPP_driver.F90
  2: ufs_model_gfs.x    00000000031A5FC8  atmos_model_mod_m         387  atmos_model.F90
  2: ufs_model_gfs.x    000000000304CD3F  module_fcst_grid_        1481  module_fcst_grid_comp.F90
  2: ufs_model_gfs.x    0000000000FE7855  Unknown               Unknown  Unknown
  2: ufs_model_gfs.x    0000000000FEC0FF  Unknown               Unknown  Unknown
  2: ufs_model_gfs.x    0000000000C9649A  Unknown               Unknown  Unknown
  2: ufs_model_gfs.x    0000000000CB7D0F  Unknown               Unknown  Unknown
  2: ufs_model_gfs.x    0000000000FE92FA  Unknown               Unknown  Unknown
  2: ufs_model_gfs.x    0000000000A18F00  Unknown               Unknown  Unknown
  2: ufs_model_gfs.x    0000000000736BE1  Unknown               Unknown  Unknown
  2: ufs_model_gfs.x    0000000003038F9F  ufsatm_cap_mod_mp        1497  ufsatm_cap.F90
  2: ufs_model_gfs.x    0000000003038A09  ufsatm_cap_mod_mp        1437  ufsatm_cap.F90
  2: ufs_model_gfs.x    0000000000D51C38  Unknown               Unknown  Unknown
  2: ufs_model_gfs.x    0000000000D51BA6  Unknown               Unknown  Unknown
  2: ufs_model_gfs.x    0000000000D5067C  Unknown               Unknown  Unknown
  2: ufs_model_gfs.x    0000000000B937FE  Unknown               Unknown  Unknown
  2: ufs_model_gfs.x    0000000006AC85DA  Unknown               Unknown  Unknown
  2: ufs_model_gfs.x    0000000000FE7855  Unknown               Unknown  Unknown
  2: ufs_model_gfs.x    0000000000FEC0FF  Unknown               Unknown  Unknown
  2: ufs_model_gfs.x    0000000000C9628A  Unknown               Unknown  Unknown
  2: ufs_model_gfs.x    0000000000CB7D0F  Unknown               Unknown  Unknown
  2: ufs_model_gfs.x    0000000000FE92FA  Unknown               Unknown  Unknown
  2: ufs_model_gfs.x    0000000000A18F00  Unknown               Unknown  Unknown
  2: ufs_model_gfs.x    0000000000736BE1  Unknown               Unknown  Unknown
  2: ufs_model_gfs.x    0000000000448377  Unknown               Unknown  Unknown
  2: ufs_model_gfs.x    0000000000447BCA  Unknown               Unknown  Unknown
  2: ufs_model_gfs.x    0000000000D51C38  Unknown               Unknown  Unknown
  2: ufs_model_gfs.x    0000000000D51BA6  Unknown               Unknown  Unknown
  2: ufs_model_gfs.x    0000000000D5067C  Unknown               Unknown  Unknown
  2: ufs_model_gfs.x    0000000000B937FE  Unknown               Unknown  Unknown
  2: ufs_model_gfs.x    0000000000444BEF  Unknown               Unknown  Unknown
  2: ufs_model_gfs.x    0000000000FE7855  Unknown               Unknown  Unknown
  2: ufs_model_gfs.x    0000000000FEC0FF  Unknown               Unknown  Unknown
  2: ufs_model_gfs.x    0000000000C9628A  Unknown               Unknown  Unknown
  2: ufs_model_gfs.x    0000000000CB7D0F  Unknown               Unknown  Unknown
  2: ufs_model_gfs.x    0000000000FE92FA  Unknown               Unknown  Unknown
  2: ufs_model_gfs.x    0000000000A18F00  Unknown               Unknown  Unknown
  2: ufs_model_gfs.x    0000000000736BE1  Unknown               Unknown  Unknown
  2: ufs_model_gfs.x    0000000000436749  MAIN__                    409  UFS.F90
  2: ufs_model_gfs.x    000000000043549D  Unknown               Unknown  Unknown
  2: libc.so.6          000014CF207EAEEC  Unknown               Unknown  Unknown
  2: libc.so.6          000014CF207EAFB5  __libc_start_main     Unknown  Unknown
 23:  NOTE: gocart aerosol initialization is reading input data with all MPI ranks
 23: ufs_model_gfs.x    000000000043549D  Unknown               Unknown  Unknown
 23: libc.so.6          0000145FDDDEAEEC  Unknown               Unknown  Unknown
 23: libc.so.6          0000145FDDDEAFB5  __libc_start_main     Unknown  Unknown
 23: ufs_model_gfs.x    00000000004353A1  Unknown               Unknown  Unknown
 47:  NOTE: gocart aerosol initialization is reading input data with all MPI ranks
 47: forrtl: error (78): process killed (SIGTERM)
 47: Image              PC                Routine            Line        Source             
 47: libc.so.6          0000148AA1801980  Unknown               Unknown  Unknown
 47: ufs_model_gfs.x    000000000402539E  satmedmfvdifq_mp_        1214  satmedmfvdifq.F
 47: ufs_model_gfs.x    0000000003B2DF56  _coupled_p8_ugwpv        3036  ccpp_fv3_gfs_v17_coupled_p8_ugwpv1_phys_ps_cap.F90
 47: ufs_model_gfs.x    00000000039AC664  ccpp_static_api_m         635  ccpp_static_api.F90
 47: ufs_model_gfs.x    00000000039A828A  ccpp_driver_mp_cc         226  CCPP_driver.F90
 47: libiomp5.so        0000148AA4D63493  __kmp_invoke_micr     Unknown  Unknown
 47: libiomp5.so        0000148AA4CD1CA4  __kmp_fork_call       Unknown  Unknown
 47: libiomp5.so        0000148AA4C89D23  __kmpc_fork_call      Unknown  Unknown
 47: ufs_model_gfs.x    00000000039A7479  ccpp_driver_mp_cc         204  CCPP_driver.F90
 47: ufs_model_gfs.x    00000000031A5FC8  atmos_model_mod_m         387  atmos_model.F90
 47: ufs_model_gfs.x    000000000304CD3F  module_fcst_grid_        1481  module_fcst_grid_comp.F90
 47: ufs_model_gfs.x    0000000000FE7855  Unknown               Unknown  Unknown
 47: ufs_model_gfs.x    0000000000FEC0FF  Unknown               Unknown  Unknown
 47: ufs_model_gfs.x    0000000000C9649A  Unknown               Unknown  Unknown
 47: ufs_model_gfs.x    0000000000CB7D0F  Unknown               Unknown  Unknown
 47: ufs_model_gfs.x    0000000000FE92FA  Unknown               Unknown  Unknown
 47: ufs_model_gfs.x    0000000000A18F00  Unknown               Unknown  Unknown
 47: ufs_model_gfs.x    0000000000736BE1  Unknown               Unknown  Unknown
 47: ufs_model_gfs.x    0000000003038F9F  ufsatm_cap_mod_mp        1497  ufsatm_cap.F90
 47: ufs_model_gfs.x    0000000003038A09  ufsatm_cap_mod_mp        1437  ufsatm_cap.F90
 47: ufs_model_gfs.x    0000000000D51C38  Unknown               Unknown  Unknown
 47: ufs_model_gfs.x    0000000000D51BA6  Unknown               Unknown  Unknown
 47: ufs_model_gfs.x    0000000000D5067C  Unknown               Unknown  Unknown
 47: ufs_model_gfs.x    0000000000B937FE  Unknown               Unknown  Unknown
 47: ufs_model_gfs.x    0000000006AC85DA  Unknown               Unknown  Unknown
 47: ufs_model_gfs.x    0000000000FE7855  Unknown               Unknown  Unknown
 47: ufs_model_gfs.x    0000000000FEC0FF  Unknown               Unknown  Unknown
 47: ufs_model_gfs.x    0000000000C9628A  Unknown               Unknown  Unknown
 47: ufs_model_gfs.x    0000000000CB7D0F  Unknown               Unknown  Unknown
 47: ufs_model_gfs.x    0000000000FE92FA  Unknown               Unknown  Unknown
 47: ufs_model_gfs.x    0000000000A18F00  Unknown               Unknown  Unknown
 47: ufs_model_gfs.x    0000000000736BE1  Unknown               Unknown  Unknown
 47: ufs_model_gfs.x    0000000000448377  Unknown               Unknown  Unknown
 47: ufs_model_gfs.x    0000000000447BCA  Unknown               Unknown  Unknown
 47: ufs_model_gfs.x    0000000000D51C38  Unknown               Unknown  Unknown
 47: ufs_model_gfs.x    0000000000D51BA6  Unknown               Unknown  Unknown
 47: ufs_model_gfs.x    0000000000D5067C  Unknown               Unknown  Unknown
 47: ufs_model_gfs.x    0000000000B937FE  Unknown               Unknown  Unknown
 47: ufs_model_gfs.x    0000000000444BEF  Unknown               Unknown  Unknown
 47: ufs_model_gfs.x    0000000000FE7855  Unknown               Unknown  Unknown
 47: ufs_model_gfs.x    0000000000FEC0FF  Unknown               Unknown  Unknown
 47: ufs_model_gfs.x    0000000000C9628A  Unknown               Unknown  Unknown
 47: ufs_model_gfs.x    0000000000CB7D0F  Unknown               Unknown  Unknown
 47: ufs_model_gfs.x    0000000000FE92FA  Unknown               Unknown  Unknown
 47: ufs_model_gfs.x    0000000000A18F00  Unknown               Unknown  Unknown
 47: ufs_model_gfs.x    0000000000736BE1  Unknown               Unknown  Unknown
 47: ufs_model_gfs.x    0000000000436749  MAIN__                    409  UFS.F90
 47: ufs_model_gfs.x    000000000043549D  Unknown               Unknown  Unknown
 47: libc.so.6          0000148AA17EAEEC  Unknown               Unknown  Unknown
 47: libc.so.6          0000148AA17EAFB5  __libc_start_main     Unknown  Unknown
  2: ufs_model_gfs.x    00000000004353A1  Unknown               Unknown  Unknown
 47: ufs_model_gfs.x    00000000004353A1  Unknown               Unknown  Unknown
 78: forrtl: error (78): process killed (SIGTERM)
 78: Image              PC                Routine            Line        Source             
 78: libc.so.6          00001494AD001980  Unknown               Unknown  Unknown
 78: libnetcdff.so.7.2  00001494B0EBDFB4  __libm_pow_l9         Unknown  Unknown
 78: ufs_model_gfs.x    0000000003FB656D  module_mp_thompso        4033  module_mp_thompson.F90
 78: ufs_model_gfs.x    0000000003F908D7  module_mp_thompso        1466  module_mp_thompson.F90
 78: ufs_model_gfs.x    0000000003FE262E  mp_thompson_mp_mp         897  mp_thompson.F90
 78: ufs_model_gfs.x    0000000003B5C49D  _coupled_p8_ugwpv        1349  ccpp_fv3_gfs_v17_coupled_p8_ugwpv1_phys_ts_cap.F90
 78: ufs_model_gfs.x    00000000039AC850  ccpp_static_api_m         644  ccpp_static_api.F90
 78: ufs_model_gfs.x    00000000039A8530  ccpp_driver_mp_cc         234  CCPP_driver.F90
 78: libiomp5.so        00001494B0563493  __kmp_invoke_micr     Unknown  Unknown
 78: libiomp5.so        00001494B04D1CA4  __kmp_fork_call       Unknown  Unknown
 78: libiomp5.so        00001494B0489D23  __kmpc_fork_call      Unknown  Unknown
 78: ufs_model_gfs.x    00000000039A7479  ccpp_driver_mp_cc         204  CCPP_driver.F90
 78: ufs_model_gfs.x    00000000031A5FC8  atmos_model_mod_m         387  atmos_model.F90
 78: ufs_model_gfs.x    000000000304CD3F  module_fcst_grid_        1481  module_fcst_grid_comp.F90
 78: ufs_model_gfs.x    0000000000FE7855  Unknown               Unknown  Unknown
 78: ufs_model_gfs.x    0000000000FEC0FF  Unknown               Unknown  Unknown
 78: ufs_model_gfs.x    0000000000C9649A  Unknown               Unknown  Unknown
 78: ufs_model_gfs.x    0000000000CB7D0F  Unknown               Unknown  Unknown
 78: ufs_model_gfs.x    0000000000FE92FA  Unknown               Unknown  Unknown
 78: ufs_model_gfs.x    0000000000A18F00  Unknown               Unknown  Unknown
 78: ufs_model_gfs.x    0000000000736BE1  Unknown               Unknown  Unknown
 78: ufs_model_gfs.x    0000000003038F9F  ufsatm_cap_mod_mp        1497  ufsatm_cap.F90
 78: ufs_model_gfs.x    0000000003038A09  ufsatm_cap_mod_mp        1437  ufsatm_cap.F90
 78: ufs_model_gfs.x    0000000000D51C38  Unknown               Unknown  Unknown
 78: ufs_model_gfs.x    0000000000D51BA6  Unknown               Unknown  Unknown
 78: ufs_model_gfs.x    0000000000D5067C  Unknown               Unknown  Unknown
 78: ufs_model_gfs.x    0000000000B937FE  Unknown               Unknown  Unknown
 78: ufs_model_gfs.x    0000000006AC85DA  Unknown               Unknown  Unknown
 78: ufs_model_gfs.x    0000000000FE7855  Unknown               Unknown  Unknown
 78: ufs_model_gfs.x    0000000000FEC0FF  Unknown               Unknown  Unknown
 78: ufs_model_gfs.x    0000000000C9628A  Unknown               Unknown  Unknown
 78: ufs_model_gfs.x    0000000000CB7D0F  Unknown               Unknown  Unknown
 78: ufs_model_gfs.x    0000000000FE92FA  Unknown               Unknown  Unknown
 78: ufs_model_gfs.x    0000000000A18F00  Unknown               Unknown  Unknown
 78: ufs_model_gfs.x    0000000000736BE1  Unknown               Unknown  Unknown
 78: ufs_model_gfs.x    0000000000448377  Unknown               Unknown  Unknown
 78: ufs_model_gfs.x    0000000000447BCA  Unknown               Unknown  Unknown
 78: ufs_model_gfs.x    0000000000D51C38  Unknown               Unknown  Unknown
 78: ufs_model_gfs.x    0000000000D51BA6  Unknown               Unknown  Unknown
 78: ufs_model_gfs.x    0000000000D5067C  Unknown               Unknown  Unknown
 78: ufs_model_gfs.x    0000000000B937FE  Unknown               Unknown  Unknown
 78: ufs_model_gfs.x    0000000000444BEF  Unknown               Unknown  Unknown
 78: ufs_model_gfs.x    0000000000FE7855  Unknown               Unknown  Unknown
 78: ufs_model_gfs.x    0000000000FEC0FF  Unknown               Unknown  Unknown
 78: ufs_model_gfs.x    0000000000C9628A  Unknown               Unknown  Unknown
 78: ufs_model_gfs.x    0000000000CB7D0F  Unknown               Unknown  Unknown
 78: ufs_model_gfs.x    0000000000FE92FA  Unknown               Unknown  Unknown
 78: ufs_model_gfs.x    0000000000A18F00  Unknown               Unknown  Unknown
 78: ufs_model_gfs.x    0000000000736BE1  Unknown               Unknown  Unknown
 78: ufs_model_gfs.x    0000000000436749  MAIN__                    409  UFS.F90
  3: forrtl: error (78): process killed (SIGTERM)
  3: Image              PC                Routine            Line        Source             
  3: libc.so.6          000014F384E01980  Unknown               Unknown  Unknown
  3: libnetcdff.so.7.2  000014F388C64F6E  __libm_pow_l9         Unknown  Unknown
  3: ufs_model_gfs.x    0000000003FBE5EA  module_mp_thompso        6487  module_mp_thompson.F90
  3: ufs_model_gfs.x    0000000003F96723  module_mp_thompso        1706  module_mp_thompson.F90
  3: ufs_model_gfs.x    0000000003FE262E  mp_thompson_mp_mp         897  mp_thompson.F90
  3: ufs_model_gfs.x    0000000003B5C49D  _coupled_p8_ugwpv        1349  ccpp_fv3_gfs_v17_coupled_p8_ugwpv1_phys_ts_cap.F90
  3: ufs_model_gfs.x    00000000039AC850  ccpp_static_api_m         644  ccpp_static_api.F90
  3: ufs_model_gfs.x    00000000039A8530  ccpp_driver_mp_cc         234  CCPP_driver.F90
  3: libiomp5.so        000014F388363493  __kmp_invoke_micr     Unknown  Unknown
  3: libiomp5.so        000014F3882D1CA4  __kmp_fork_call       Unknown  Unknown
  3: libiomp5.so        000014F388289D23  __kmpc_fork_call      Unknown  Unknown
  3: ufs_model_gfs.x    00000000039A7479  ccpp_driver_mp_cc         204  CCPP_driver.F90
  3: ufs_model_gfs.x    00000000031A5FC8  atmos_model_mod_m         387  atmos_model.F90
  3: ufs_model_gfs.x    000000000304CD3F  module_fcst_grid_        1481  module_fcst_grid_comp.F90
  3: ufs_model_gfs.x    0000000000FE7855  Unknown               Unknown  Unknown
  3: ufs_model_gfs.x    0000000000FEC0FF  Unknown               Unknown  Unknown
  3: ufs_model_gfs.x    0000000000C9649A  Unknown               Unknown  Unknown
  3: ufs_model_gfs.x    0000000000CB7D0F  Unknown               Unknown  Unknown
  3: ufs_model_gfs.x    0000000000FE92FA  Unknown               Unknown  Unknown
  3: ufs_model_gfs.x    0000000000A18F00  Unknown               Unknown  Unknown
  3: ufs_model_gfs.x    0000000000736BE1  Unknown               Unknown  Unknown
  3: ufs_model_gfs.x    0000000003038F9F  ufsatm_cap_mod_mp        1497  ufsatm_cap.F90
  3: ufs_model_gfs.x    0000000003038A09  ufsatm_cap_mod_mp        1437  ufsatm_cap.F90
  3: ufs_model_gfs.x    0000000000D51C38  Unknown               Unknown  Unknown
  3: ufs_model_gfs.x    0000000000D51BA6  Unknown               Unknown  Unknown
  3: ufs_model_gfs.x    0000000000D5067C  Unknown               Unknown  Unknown
  3: ufs_model_gfs.x    0000000000B937FE  Unknown               Unknown  Unknown
  3: ufs_model_gfs.x    0000000006AC85DA  Unknown               Unknown  Unknown
  3: ufs_model_gfs.x    0000000000FE7855  Unknown               Unknown  Unknown
  3: ufs_model_gfs.x    0000000000FEC0FF  Unknown               Unknown  Unknown
  3: ufs_model_gfs.x    0000000000C9628A  Unknown               Unknown  Unknown
  3: ufs_model_gfs.x    0000000000CB7D0F  Unknown               Unknown  Unknown
  3: ufs_model_gfs.x    0000000000FE92FA  Unknown               Unknown  Unknown
  3: ufs_model_gfs.x    0000000000A18F00  Unknown               Unknown  Unknown
  3: ufs_model_gfs.x    0000000000736BE1  Unknown               Unknown  Unknown
  3: ufs_model_gfs.x    0000000000448377  Unknown               Unknown  Unknown
  3: ufs_model_gfs.x    0000000000447BCA  Unknown               Unknown  Unknown
  3: ufs_model_gfs.x    0000000000D51C38  Unknown               Unknown  Unknown
  3: ufs_model_gfs.x    0000000000D51BA6  Unknown               Unknown  Unknown
  3: ufs_model_gfs.x    0000000000D5067C  Unknown               Unknown  Unknown
  3: ufs_model_gfs.x    0000000000B937FE  Unknown               Unknown  Unknown
  3: ufs_model_gfs.x    0000000000444BEF  Unknown               Unknown  Unknown
  3: ufs_model_gfs.x    0000000000FE7855  Unknown               Unknown  Unknown
  3: ufs_model_gfs.x    0000000000FEC0FF  Unknown               Unknown  Unknown
  3: ufs_model_gfs.x    0000000000C9628A  Unknown               Unknown  Unknown
  3: ufs_model_gfs.x    0000000000CB7D0F  Unknown               Unknown  Unknown
  3: ufs_model_gfs.x    0000000000FE92FA  Unknown               Unknown  Unknown
  3: ufs_model_gfs.x    0000000000A18F00  Unknown               Unknown  Unknown
  3: ufs_model_gfs.x    0000000000736BE1  Unknown               Unknown  Unknown
  3: ufs_model_gfs.x    0000000000436749  MAIN__                    409  UFS.F90
 78:  NOTE: gocart aerosol initialization is reading input data with all MPI ranks
 78: ufs_model_gfs.x    000000000043549D  Unknown               Unknown  Unknown
 78: libc.so.6          00001494ACFEAEEC  Unknown               Unknown  Unknown
 78: libc.so.6          00001494ACFEAFB5  __libc_start_main     Unknown  Unknown
 78: ufs_model_gfs.x    00000000004353A1  Unknown               Unknown  Unknown
  3:  NOTE: gocart aerosol initialization is reading input data with all MPI ranks
  3: ufs_model_gfs.x    000000000043549D  Unknown               Unknown  Unknown
  3: libc.so.6          000014F384DEAEEC  Unknown               Unknown  Unknown
  3: libc.so.6          000014F384DEAFB5  __libc_start_main     Unknown  Unknown
  3: ufs_model_gfs.x    00000000004353A1  Unknown               Unknown  Unknown
  5: forrtl: error (78): process killed (SIGTERM)
  5: Image              PC                Routine            Line        Source             
  5: libc.so.6          000014D6DD001980  Unknown               Unknown  Unknown
  5: ufs_model_gfs.x    0000000003FB2279  module_mp_thompso        3308  module_mp_thompson.F90
  5: ufs_model_gfs.x    0000000003F908D7  module_mp_thompso        1466  module_mp_thompson.F90
  5: ufs_model_gfs.x    0000000003FE262E  mp_thompson_mp_mp         897  mp_thompson.F90
  5: ufs_model_gfs.x    0000000003B5C49D  _coupled_p8_ugwpv        1349  ccpp_fv3_gfs_v17_coupled_p8_ugwpv1_phys_ts_cap.F90
  5: ufs_model_gfs.x    00000000039AC850  ccpp_static_api_m         644  ccpp_static_api.F90
  5: ufs_model_gfs.x    00000000039A8530  ccpp_driver_mp_cc         234  CCPP_driver.F90
  5: libiomp5.so        000014D6E0563493  __kmp_invoke_micr     Unknown  Unknown
  5: libiomp5.so        000014D6E04D1CA4  __kmp_fork_call       Unknown  Unknown
  5: libiomp5.so        000014D6E0489D23  __kmpc_fork_call      Unknown  Unknown
  5: ufs_model_gfs.x    00000000039A7479  ccpp_driver_mp_cc         204  CCPP_driver.F90
  5: ufs_model_gfs.x    00000000031A5FC8  atmos_model_mod_m         387  atmos_model.F90
  5: ufs_model_gfs.x    000000000304CD3F  module_fcst_grid_        1481  module_fcst_grid_comp.F90
  5: ufs_model_gfs.x    0000000000FE7855  Unknown               Unknown  Unknown
  5: ufs_model_gfs.x    0000000000FEC0FF  Unknown               Unknown  Unknown
  5: ufs_model_gfs.x    0000000000C9649A  Unknown               Unknown  Unknown
  5: ufs_model_gfs.x    0000000000CB7D0F  Unknown               Unknown  Unknown
  5: ufs_model_gfs.x    0000000000FE92FA  Unknown               Unknown  Unknown
  5: ufs_model_gfs.x    0000000000A18F00  Unknown               Unknown  Unknown
  5: ufs_model_gfs.x    0000000000736BE1  Unknown               Unknown  Unknown
  5: ufs_model_gfs.x    0000000003038F9F  ufsatm_cap_mod_mp        1497  ufsatm_cap.F90
  5: ufs_model_gfs.x    0000000003038A09  ufsatm_cap_mod_mp        1437  ufsatm_cap.F90
  5: ufs_model_gfs.x    0000000000D51C38  Unknown               Unknown  Unknown
  5: ufs_model_gfs.x    0000000000D51BA6  Unknown               Unknown  Unknown
  5: ufs_model_gfs.x    0000000000D5067C  Unknown               Unknown  Unknown
  5: ufs_model_gfs.x    0000000000B937FE  Unknown               Unknown  Unknown
  5: ufs_model_gfs.x    0000000006AC85DA  Unknown               Unknown  Unknown
  5: ufs_model_gfs.x    0000000000FE7855  Unknown               Unknown  Unknown
  5: ufs_model_gfs.x    0000000000FEC0FF  Unknown               Unknown  Unknown
  5: ufs_model_gfs.x    0000000000C9628A  Unknown               Unknown  Unknown
  5: ufs_model_gfs.x    0000000000CB7D0F  Unknown               Unknown  Unknown
  5: ufs_model_gfs.x    0000000000FE92FA  Unknown               Unknown  Unknown
  5: ufs_model_gfs.x    0000000000A18F00  Unknown               Unknown  Unknown
  5: ufs_model_gfs.x    0000000000736BE1  Unknown               Unknown  Unknown
  5: ufs_model_gfs.x    0000000000448377  Unknown               Unknown  Unknown
  5: ufs_model_gfs.x    0000000000447BCA  Unknown               Unknown  Unknown
  5: ufs_model_gfs.x    0000000000D51C38  Unknown               Unknown  Unknown
  5: ufs_model_gfs.x    0000000000D51BA6  Unknown               Unknown  Unknown
  5: ufs_model_gfs.x    0000000000D5067C  Unknown               Unknown  Unknown
  5: ufs_model_gfs.x    0000000000B937FE  Unknown               Unknown  Unknown
  5: ufs_model_gfs.x    0000000000444BEF  Unknown               Unknown  Unknown
  5: ufs_model_gfs.x    0000000000FE7855  Unknown               Unknown  Unknown
  5: ufs_model_gfs.x    0000000000FEC0FF  Unknown               Unknown  Unknown
  5: ufs_model_gfs.x    0000000000C9628A  Unknown               Unknown  Unknown
  5: ufs_model_gfs.x    0000000000CB7D0F  Unknown               Unknown  Unknown
  5: ufs_model_gfs.x    0000000000FE92FA  Unknown               Unknown  Unknown
  5: ufs_model_gfs.x    0000000000A18F00  Unknown               Unknown  Unknown
  5: ufs_model_gfs.x    0000000000736BE1  Unknown               Unknown  Unknown
  5: ufs_model_gfs.x    0000000000436749  MAIN__                    409  UFS.F90
  5: ufs_model_gfs.x    000000000043549D  Unknown               Unknown  Unknown
  5:  NOTE: gocart aerosol initialization is reading input data with all MPI ranks
  5: libc.so.6          000014D6DCFEAEEC  Unknown               Unknown  Unknown
  5: libc.so.6          000014D6DCFEAFB5  __libc_start_main     Unknown  Unknown
  5: ufs_model_gfs.x    00000000004353A1  Unknown               Unknown  Unknown
 86:  NOTE: gocart aerosol initialization is reading input data with all MPI ranks
 86: forrtl: error (78): process killed (SIGTERM)
 86: Image              PC                Routine            Line        Source             
 86: libc.so.6          0000148C4AA01980  Unknown               Unknown  Unknown
 86: ufs_model_gfs.x    0000000003EC7F7C  gfs_surface_gener         238  GFS_surface_generic_post.F90
 86: ufs_model_gfs.x    0000000003B2A5F0  _coupled_p8_ugwpv        2734  ccpp_fv3_gfs_v17_coupled_p8_ugwpv1_phys_ps_cap.F90
 86: ufs_model_gfs.x    00000000039AC664  ccpp_static_api_m         635  ccpp_static_api.F90
 86: ufs_model_gfs.x    00000000039A828A  ccpp_driver_mp_cc         226  CCPP_driver.F90
 86: libiomp5.so        0000148C4DF63493  __kmp_invoke_micr     Unknown  Unknown
 86: libiomp5.so        0000148C4DED1CA4  __kmp_fork_call       Unknown  Unknown
 86: libiomp5.so        0000148C4DE89D23  __kmpc_fork_call      Unknown  Unknown
 86: ufs_model_gfs.x    00000000039A7479  ccpp_driver_mp_cc         204  CCPP_driver.F90
 86: ufs_model_gfs.x    00000000031A5FC8  atmos_model_mod_m         387  atmos_model.F90
 86: ufs_model_gfs.x    000000000304CD3F  module_fcst_grid_        1481  module_fcst_grid_comp.F90
 86: ufs_model_gfs.x    0000000000FE7855  Unknown               Unknown  Unknown
 86: ufs_model_gfs.x    0000000000FEC0FF  Unknown               Unknown  Unknown
 86: ufs_model_gfs.x    0000000000C9649A  Unknown               Unknown  Unknown
 86: ufs_model_gfs.x    0000000000CB7D0F  Unknown               Unknown  Unknown
 86: ufs_model_gfs.x    0000000000FE92FA  Unknown               Unknown  Unknown
 86: ufs_model_gfs.x    0000000000A18F00  Unknown               Unknown  Unknown
 86: ufs_model_gfs.x    0000000000736BE1  Unknown               Unknown  Unknown
 86: ufs_model_gfs.x    0000000003038F9F  ufsatm_cap_mod_mp        1497  ufsatm_cap.F90
 86: ufs_model_gfs.x    0000000003038A09  ufsatm_cap_mod_mp        1437  ufsatm_cap.F90
 86: ufs_model_gfs.x    0000000000D51C38  Unknown               Unknown  Unknown
 86: ufs_model_gfs.x    0000000000D51BA6  Unknown               Unknown  Unknown
 86: ufs_model_gfs.x    0000000000D5067C  Unknown               Unknown  Unknown
 86: ufs_model_gfs.x    0000000000B937FE  Unknown               Unknown  Unknown
 86: ufs_model_gfs.x    0000000006AC85DA  Unknown               Unknown  Unknown
 86: ufs_model_gfs.x    0000000000FE7855  Unknown               Unknown  Unknown
 86: ufs_model_gfs.x    0000000000FEC0FF  Unknown               Unknown  Unknown
 86: ufs_model_gfs.x    0000000000C9628A  Unknown               Unknown  Unknown
 86: ufs_model_gfs.x    0000000000CB7D0F  Unknown               Unknown  Unknown
 86: ufs_model_gfs.x    0000000000FE92FA  Unknown               Unknown  Unknown
 86: ufs_model_gfs.x    0000000000A18F00  Unknown               Unknown  Unknown
 86: ufs_model_gfs.x    0000000000736BE1  Unknown               Unknown  Unknown
 86: ufs_model_gfs.x    0000000000448377  Unknown               Unknown  Unknown
 86: ufs_model_gfs.x    0000000000447BCA  Unknown               Unknown  Unknown
 86: ufs_model_gfs.x    0000000000D51C38  Unknown               Unknown  Unknown
 86: ufs_model_gfs.x    0000000000D51BA6  Unknown               Unknown  Unknown
 86: ufs_model_gfs.x    0000000000D5067C  Unknown               Unknown  Unknown
 86: ufs_model_gfs.x    0000000000B937FE  Unknown               Unknown  Unknown
 86: ufs_model_gfs.x    0000000000444BEF  Unknown               Unknown  Unknown
 86: ufs_model_gfs.x    0000000000FE7855  Unknown               Unknown  Unknown
 86: ufs_model_gfs.x    0000000000FEC0FF  Unknown               Unknown  Unknown
 86: ufs_model_gfs.x    0000000000C9628A  Unknown               Unknown  Unknown
 86: ufs_model_gfs.x    0000000000CB7D0F  Unknown               Unknown  Unknown
 86: ufs_model_gfs.x    0000000000FE92FA  Unknown               Unknown  Unknown
 86: ufs_model_gfs.x    0000000000A18F00  Unknown               Unknown  Unknown
 86: ufs_model_gfs.x    0000000000736BE1  Unknown               Unknown  Unknown
 86: ufs_model_gfs.x    0000000000436749  MAIN__                    409  UFS.F90
 86: ufs_model_gfs.x    000000000043549D  Unknown               Unknown  Unknown
 86: libc.so.6          0000148C4A9EAEEC  Unknown               Unknown  Unknown
 86: libc.so.6          0000148C4A9EAFB5  __libc_start_main     Unknown  Unknown
 86: ufs_model_gfs.x    00000000004353A1  Unknown               Unknown  Unknown
151: forrtl: error (78): process killed (SIGTERM)
151: Image              PC                Routine            Line        Source             
151: libc.so.6          0000147890401980  Unknown               Unknown  Unknown
151: libc.so.6          00001478904BE1E7  __sched_yield         Unknown  Unknown
151: libmpi_intel.so.1  0000147890DD166D  MPI_Probe             Unknown  Unknown
151: ufs_model_gfs.x    0000000000CAC940  Unknown               Unknown  Unknown
151: ufs_model_gfs.x    000000000101F1BA  Unknown               Unknown  Unknown
151: ufs_model_gfs.x    000000000101D613  Unknown               Unknown  Unknown
151: ufs_model_gfs.x    0000000001277EB2  Unknown               Unknown  Unknown
151: ufs_model_gfs.x    0000000001269A7F  Unknown               Unknown  Unknown
151: ufs_model_gfs.x    0000000000C260A6  Unknown               Unknown  Unknown
151: ufs_model_gfs.x    00000000009D667F  Unknown               Unknown  Unknown
151: ufs_model_gfs.x    000000000303A444  ufsatm_cap_mod_mp        1603  ufsatm_cap.F90
151: ufs_model_gfs.x    0000000003038A72  ufsatm_cap_mod_mp        1440  ufsatm_cap.F90
151: ufs_model_gfs.x    0000000000D51C38  Unknown               Unknown  Unknown
151: ufs_model_gfs.x    0000000000D51BA6  Unknown               Unknown  Unknown
151: ufs_model_gfs.x    0000000000D5067C  Unknown               Unknown  Unknown
151: ufs_model_gfs.x    0000000000B937FE  Unknown               Unknown  Unknown
151: ufs_model_gfs.x    0000000006AC85DA  Unknown               Unknown  Unknown
151: ufs_model_gfs.x    0000000000FE7855  Unknown               Unknown  Unknown
151: ufs_model_gfs.x    0000000000FEC0FF  Unknown               Unknown  Unknown
151: ufs_model_gfs.x    0000000000C9628A  Unknown               Unknown  Unknown
151: ufs_model_gfs.x    0000000000CB7D0F  Unknown               Unknown  Unknown
151: ufs_model_gfs.x    0000000000FE92FA  Unknown               Unknown  Unknown
151: ufs_model_gfs.x    0000000000A18F00  Unknown               Unknown  Unknown
151: ufs_model_gfs.x    0000000000736BE1  Unknown               Unknown  Unknown
151: ufs_model_gfs.x    0000000000448377  Unknown               Unknown  Unknown
151: ufs_model_gfs.x    0000000000447BCA  Unknown               Unknown  Unknown
151: ufs_model_gfs.x    0000000000D51C38  Unknown               Unknown  Unknown
151: ufs_model_gfs.x    0000000000D51BA6  Unknown               Unknown  Unknown
151: ufs_model_gfs.x    0000000000D5067C  Unknown               Unknown  Unknown
151: ufs_model_gfs.x    0000000000B937FE  Unknown               Unknown  Unknown
151: ufs_model_gfs.x    0000000000444BEF  Unknown               Unknown  Unknown
151: ufs_model_gfs.x    0000000000FE7855  Unknown               Unknown  Unknown
151: ufs_model_gfs.x    0000000000FEC0FF  Unknown               Unknown  Unknown
151: ufs_model_gfs.x    0000000000C9628A  Unknown               Unknown  Unknown
151: ufs_model_gfs.x    0000000000CB7D0F  Unknown               Unknown  Unknown
151: ufs_model_gfs.x    0000000000FE92FA  Unknown               Unknown  Unknown
151: ufs_model_gfs.x    0000000000A18F00  Unknown               Unknown  Unknown
151: ufs_model_gfs.x    0000000000736BE1  Unknown               Unknown  Unknown
151: ufs_model_gfs.x    0000000000436749  MAIN__                    409  UFS.F90
151: ufs_model_gfs.x    000000000043549D  Unknown               Unknown  Unknown
151: libc.so.6          00001478903EAEEC  Unknown               Unknown  Unknown
151: libc.so.6          00001478903EAFB5  __libc_start_main     Unknown  Unknown
151: ufs_model_gfs.x    00000000004353A1  Unknown               Unknown  Unknown
 57: forrtl: error (78): process killed (SIGTERM)
 57: Image              PC                Routine            Line        Source             
 57: libc.so.6          0000149A80601980  Unknown               Unknown  Unknown
 57: ufs_model_gfs.x    0000000004020E35  satmedmfvdifq_mp_         859  satmedmfvdifq.F
 57: ufs_model_gfs.x    0000000003B2DF56  _coupled_p8_ugwpv        3036  ccpp_fv3_gfs_v17_coupled_p8_ugwpv1_phys_ps_cap.F90
 57: ufs_model_gfs.x    00000000039AC664  ccpp_static_api_m         635  ccpp_static_api.F90
 57: ufs_model_gfs.x    00000000039A828A  ccpp_driver_mp_cc         226  CCPP_driver.F90
 57: libiomp5.so        0000149A83B63493  __kmp_invoke_micr     Unknown  Unknown
 57: libiomp5.so        0000149A83AD1CA4  __kmp_fork_call       Unknown  Unknown
 57: libiomp5.so        0000149A83A89D23  __kmpc_fork_call      Unknown  Unknown
 57: ufs_model_gfs.x    00000000039A7479  ccpp_driver_mp_cc         204  CCPP_driver.F90
 57: ufs_model_gfs.x    00000000031A5FC8  atmos_model_mod_m         387  atmos_model.F90
 57: ufs_model_gfs.x    000000000304CD3F  module_fcst_grid_        1481  module_fcst_grid_comp.F90
 57: ufs_model_gfs.x    0000000000FE7855  Unknown               Unknown  Unknown
 57: ufs_model_gfs.x    0000000000FEC0FF  Unknown               Unknown  Unknown
 57: ufs_model_gfs.x    0000000000C9649A  Unknown               Unknown  Unknown
 57: ufs_model_gfs.x    0000000000CB7D0F  Unknown               Unknown  Unknown
 57: ufs_model_gfs.x    0000000000FE92FA  Unknown               Unknown  Unknown
 57: ufs_model_gfs.x    0000000000A18F00  Unknown               Unknown  Unknown
 57: ufs_model_gfs.x    0000000000736BE1  Unknown               Unknown  Unknown
 57: ufs_model_gfs.x    0000000003038F9F  ufsatm_cap_mod_mp        1497  ufsatm_cap.F90
 57: ufs_model_gfs.x    0000000003038A09  ufsatm_cap_mod_mp        1437  ufsatm_cap.F90
 57: ufs_model_gfs.x    0000000000D51C38  Unknown               Unknown  Unknown
 57: ufs_model_gfs.x    0000000000D51BA6  Unknown               Unknown  Unknown
 57: ufs_model_gfs.x    0000000000D5067C  Unknown               Unknown  Unknown
 57: ufs_model_gfs.x    0000000000B937FE  Unknown               Unknown  Unknown
 57: ufs_model_gfs.x    0000000006AC85DA  Unknown               Unknown  Unknown
 57: ufs_model_gfs.x    0000000000FE7855  Unknown               Unknown  Unknown
 57: ufs_model_gfs.x    0000000000FEC0FF  Unknown               Unknown  Unknown
 57: ufs_model_gfs.x    0000000000C9628A  Unknown               Unknown  Unknown
 57: ufs_model_gfs.x    0000000000CB7D0F  Unknown               Unknown  Unknown
 57: ufs_model_gfs.x    0000000000FE92FA  Unknown               Unknown  Unknown
 57: ufs_model_gfs.x    0000000000A18F00  Unknown               Unknown  Unknown
 57: ufs_model_gfs.x    0000000000736BE1  Unknown               Unknown  Unknown
 57: ufs_model_gfs.x    0000000000448377  Unknown               Unknown  Unknown
 57: ufs_model_gfs.x    0000000000447BCA  Unknown               Unknown  Unknown
 57: ufs_model_gfs.x    0000000000D51C38  Unknown               Unknown  Unknown
 57: ufs_model_gfs.x    0000000000D51BA6  Unknown               Unknown  Unknown
 57: ufs_model_gfs.x    0000000000D5067C  Unknown               Unknown  Unknown
 57: ufs_model_gfs.x    0000000000B937FE  Unknown               Unknown  Unknown
 57: ufs_model_gfs.x    0000000000444BEF  Unknown               Unknown  Unknown
 57: ufs_model_gfs.x    0000000000FE7855  Unknown               Unknown  Unknown
 57: ufs_model_gfs.x    0000000000FEC0FF  Unknown               Unknown  Unknown
 57: ufs_model_gfs.x    0000000000C9628A  Unknown               Unknown  Unknown
 57: ufs_model_gfs.x    0000000000CB7D0F  Unknown               Unknown  Unknown
 57: ufs_model_gfs.x    0000000000FE92FA  Unknown               Unknown  Unknown
 57: ufs_model_gfs.x    0000000000A18F00  Unknown               Unknown  Unknown
 57: ufs_model_gfs.x    0000000000736BE1  Unknown               Unknown  Unknown
 57: ufs_model_gfs.x    0000000000436749  MAIN__                    409  UFS.F90
 57: ufs_model_gfs.x    000000000043549D  Unknown               Unknown  Unknown
 57: libc.so.6          0000149A805EAEEC  Unknown               Unknown  Unknown
 57: libc.so.6          0000149A805EAFB5  __libc_start_main     Unknown  Unknown
 79: forrtl: error (78): process killed (SIGTERM)
 79: Image              PC                Routine            Line        Source             
 79: libc.so.6          0000148EDC601980  Unknown               Unknown  Unknown
 79: libnetcdff.so.7.2  0000148EE0524F5A  __libm_pow_l9         Unknown  Unknown
 79: ufs_model_gfs.x    0000000003FB4225  module_mp_thompso        3712  module_mp_thompson.F90
 79: ufs_model_gfs.x    0000000003F908D7  module_mp_thompso        1466  module_mp_thompson.F90
 79: ufs_model_gfs.x    0000000003FE262E  mp_thompson_mp_mp         897  mp_thompson.F90
 79: ufs_model_gfs.x    0000000003B5C49D  _coupled_p8_ugwpv        1349  ccpp_fv3_gfs_v17_coupled_p8_ugwpv1_phys_ts_cap.F90
 79: ufs_model_gfs.x    00000000039AC850  ccpp_static_api_m         644  ccpp_static_api.F90
 79: ufs_model_gfs.x    00000000039A8530  ccpp_driver_mp_cc         234  CCPP_driver.F90
 79: libiomp5.so        0000148EDFB63493  __kmp_invoke_micr     Unknown  Unknown
 79: libiomp5.so        0000148EDFAD1CA4  __kmp_fork_call       Unknown  Unknown
 79: libiomp5.so        0000148EDFA89D23  __kmpc_fork_call      Unknown  Unknown
 79: ufs_model_gfs.x    00000000039A7479  ccpp_driver_mp_cc         204  CCPP_driver.F90
 79: ufs_model_gfs.x    00000000031A5FC8  atmos_model_mod_m         387  atmos_model.F90
 79: ufs_model_gfs.x    000000000304CD3F  module_fcst_grid_        1481  module_fcst_grid_comp.F90
 79: ufs_model_gfs.x    0000000000FE7855  Unknown               Unknown  Unknown
 79: ufs_model_gfs.x    0000000000FEC0FF  Unknown               Unknown  Unknown
 79: ufs_model_gfs.x    0000000000C9649A  Unknown               Unknown  Unknown
 79: ufs_model_gfs.x    0000000000CB7D0F  Unknown               Unknown  Unknown
 79: ufs_model_gfs.x    0000000000FE92FA  Unknown               Unknown  Unknown
 79: ufs_model_gfs.x    0000000000A18F00  Unknown               Unknown  Unknown
 79: ufs_model_gfs.x    0000000000736BE1  Unknown               Unknown  Unknown
 79: ufs_model_gfs.x    0000000003038F9F  ufsatm_cap_mod_mp        1497  ufsatm_cap.F90
 79: ufs_model_gfs.x    0000000003038A09  ufsatm_cap_mod_mp        1437  ufsatm_cap.F90
 79: ufs_model_gfs.x    0000000000D51C38  Unknown               Unknown  Unknown
 79: ufs_model_gfs.x    0000000000D51BA6  Unknown               Unknown  Unknown
 79: ufs_model_gfs.x    0000000000D5067C  Unknown               Unknown  Unknown
 79: ufs_model_gfs.x    0000000000B937FE  Unknown               Unknown  Unknown
 79: ufs_model_gfs.x    0000000006AC85DA  Unknown               Unknown  Unknown
 79: ufs_model_gfs.x    0000000000FE7855  Unknown               Unknown  Unknown
 79: ufs_model_gfs.x    0000000000FEC0FF  Unknown               Unknown  Unknown
 79: ufs_model_gfs.x    0000000000C9628A  Unknown               Unknown  Unknown
 79: ufs_model_gfs.x    0000000000CB7D0F  Unknown               Unknown  Unknown
 79: ufs_model_gfs.x    0000000000FE92FA  Unknown               Unknown  Unknown
 79: ufs_model_gfs.x    0000000000A18F00  Unknown               Unknown  Unknown
 79: ufs_model_gfs.x    0000000000736BE1  Unknown               Unknown  Unknown
 79: ufs_model_gfs.x    0000000000448377  Unknown               Unknown  Unknown
 79: ufs_model_gfs.x    0000000000447BCA  Unknown               Unknown  Unknown
 79: ufs_model_gfs.x    0000000000D51C38  Unknown               Unknown  Unknown
 79: ufs_model_gfs.x    0000000000D51BA6  Unknown               Unknown  Unknown
 79: ufs_model_gfs.x    0000000000D5067C  Unknown               Unknown  Unknown
 79: ufs_model_gfs.x    0000000000B937FE  Unknown               Unknown  Unknown
 79: ufs_model_gfs.x    0000000000444BEF  Unknown               Unknown  Unknown
 79: ufs_model_gfs.x    0000000000FE7855  Unknown               Unknown  Unknown
 79: ufs_model_gfs.x    0000000000FEC0FF  Unknown               Unknown  Unknown
 79: ufs_model_gfs.x    0000000000C9628A  Unknown               Unknown  Unknown
 79: ufs_model_gfs.x    0000000000CB7D0F  Unknown               Unknown  Unknown
 79: ufs_model_gfs.x    0000000000FE92FA  Unknown               Unknown  Unknown
 79: ufs_model_gfs.x    0000000000A18F00  Unknown               Unknown  Unknown
 79: ufs_model_gfs.x    0000000000736BE1  Unknown               Unknown  Unknown
 79: ufs_model_gfs.x    0000000000436749  MAIN__                    409  UFS.F90
 57:  NOTE: gocart aerosol initialization is reading input data with all MPI ranks
 57: ufs_model_gfs.x    00000000004353A1  Unknown               Unknown  Unknown
 79:  NOTE: gocart aerosol initialization is reading input data with all MPI ranks
 79: ufs_model_gfs.x    000000000043549D  Unknown               Unknown  Unknown
 79: libc.so.6          0000148EDC5EAEEC  Unknown               Unknown  Unknown
 79: libc.so.6          0000148EDC5EAFB5  __libc_start_main     Unknown  Unknown
 79: ufs_model_gfs.x    00000000004353A1  Unknown               Unknown  Unknown
 46: forrtl: error (78): process killed (SIGTERM)
 46: Image              PC                Routine            Line        Source             
 46: libc.so.6          0000147DD3A01980  Unknown               Unknown  Unknown
 46: ufs_model_gfs.x    0000000003E5DC9F  gfs_scnv_generic_          97  GFS_SCNV_generic_post.F90
 46: ufs_model_gfs.x    0000000003B57177  _coupled_p8_ugwpv        1117  ccpp_fv3_gfs_v17_coupled_p8_ugwpv1_phys_ts_cap.F90
 46: ufs_model_gfs.x    00000000039AC850  ccpp_static_api_m         644  ccpp_static_api.F90
 46: ufs_model_gfs.x    00000000039A8530  ccpp_driver_mp_cc         234  CCPP_driver.F90
 46: libiomp5.so        0000147DD6F63493  __kmp_invoke_micr     Unknown  Unknown
 46: libiomp5.so        0000147DD6ED1CA4  __kmp_fork_call       Unknown  Unknown
 46: libiomp5.so        0000147DD6E89D23  __kmpc_fork_call      Unknown  Unknown
 46: ufs_model_gfs.x    00000000039A7479  ccpp_driver_mp_cc         204  CCPP_driver.F90
 46: ufs_model_gfs.x    00000000031A5FC8  atmos_model_mod_m         387  atmos_model.F90
 46: ufs_model_gfs.x    000000000304CD3F  module_fcst_grid_        1481  module_fcst_grid_comp.F90
 46: ufs_model_gfs.x    0000000000FE7855  Unknown               Unknown  Unknown
 46: ufs_model_gfs.x    0000000000FEC0FF  Unknown               Unknown  Unknown
 46: ufs_model_gfs.x    0000000000C9649A  Unknown               Unknown  Unknown
 46: ufs_model_gfs.x    0000000000CB7D0F  Unknown               Unknown  Unknown
 46: ufs_model_gfs.x    0000000000FE92FA  Unknown               Unknown  Unknown
 46: ufs_model_gfs.x    0000000000A18F00  Unknown               Unknown  Unknown
 46: ufs_model_gfs.x    0000000000736BE1  Unknown               Unknown  Unknown
 46: ufs_model_gfs.x    0000000003038F9F  ufsatm_cap_mod_mp        1497  ufsatm_cap.F90
 46: ufs_model_gfs.x    0000000003038A09  ufsatm_cap_mod_mp        1437  ufsatm_cap.F90
 46: ufs_model_gfs.x    0000000000D51C38  Unknown               Unknown  Unknown
 46: ufs_model_gfs.x    0000000000D51BA6  Unknown               Unknown  Unknown
 46: ufs_model_gfs.x    0000000000D5067C  Unknown               Unknown  Unknown
 46: ufs_model_gfs.x    0000000000B937FE  Unknown               Unknown  Unknown
 46: ufs_model_gfs.x    0000000006AC85DA  Unknown               Unknown  Unknown
 46: ufs_model_gfs.x    0000000000FE7855  Unknown               Unknown  Unknown
 46: ufs_model_gfs.x    0000000000FEC0FF  Unknown               Unknown  Unknown
 46: ufs_model_gfs.x    0000000000C9628A  Unknown               Unknown  Unknown
 46: ufs_model_gfs.x    0000000000CB7D0F  Unknown               Unknown  Unknown
 46: ufs_model_gfs.x    0000000000FE92FA  Unknown               Unknown  Unknown
 46: ufs_model_gfs.x    0000000000A18F00  Unknown               Unknown  Unknown
 46: ufs_model_gfs.x    0000000000736BE1  Unknown               Unknown  Unknown
 46: ufs_model_gfs.x    0000000000448377  Unknown               Unknown  Unknown
 46: ufs_model_gfs.x    0000000000447BCA  Unknown               Unknown  Unknown
 46: ufs_model_gfs.x    0000000000D51C38  Unknown               Unknown  Unknown
 46: ufs_model_gfs.x    0000000000D51BA6  Unknown               Unknown  Unknown
 46: ufs_model_gfs.x    0000000000D5067C  Unknown               Unknown  Unknown
 46: ufs_model_gfs.x    0000000000B937FE  Unknown               Unknown  Unknown
 46: ufs_model_gfs.x    0000000000444BEF  Unknown               Unknown  Unknown
 46: ufs_model_gfs.x    0000000000FE7855  Unknown               Unknown  Unknown
 46: ufs_model_gfs.x    0000000000FEC0FF  Unknown               Unknown  Unknown
 46: ufs_model_gfs.x    0000000000C9628A  Unknown               Unknown  Unknown
 46: ufs_model_gfs.x    0000000000CB7D0F  Unknown               Unknown  Unknown
 46: ufs_model_gfs.x    0000000000FE92FA  Unknown               Unknown  Unknown
 46: ufs_model_gfs.x    0000000000A18F00  Unknown               Unknown  Unknown
 46: ufs_model_gfs.x    0000000000736BE1  Unknown               Unknown  Unknown
 46: ufs_model_gfs.x    0000000000436749  MAIN__                    409  UFS.F90
 46: ufs_model_gfs.x    000000000043549D  Unknown               Unknown  Unknown
 46: libc.so.6          0000147DD39EAEEC  Unknown               Unknown  Unknown
 46: libc.so.6          0000147DD39EAFB5  __libc_start_main     Unknown  Unknown
 88: forrtl: error (78): process killed (SIGTERM)
 88: Image              PC                Routine            Line        Source             
 88: libc.so.6          000015455CC01980  Unknown               Unknown  Unknown
 88: libnetcdff.so.7.2  0000154560B1EEE7  __libm_pow_l9         Unknown  Unknown
 88: ufs_model_gfs.x    0000000003FB37A3  module_mp_thompso        3548  module_mp_thompson.F90
 88: ufs_model_gfs.x    0000000003F908D7  module_mp_thompso        1466  module_mp_thompson.F90
 88: ufs_model_gfs.x    0000000003FE262E  mp_thompson_mp_mp         897  mp_thompson.F90
 88: ufs_model_gfs.x    0000000003B5C49D  _coupled_p8_ugwpv        1349  ccpp_fv3_gfs_v17_coupled_p8_ugwpv1_phys_ts_cap.F90
 88: ufs_model_gfs.x    00000000039AC850  ccpp_static_api_m         644  ccpp_static_api.F90
 88: ufs_model_gfs.x    00000000039A8530  ccpp_driver_mp_cc         234  CCPP_driver.F90
 88: libiomp5.so        0000154560163493  __kmp_invoke_micr     Unknown  Unknown
 88: libiomp5.so        00001545600D1CA4  __kmp_fork_call       Unknown  Unknown
 88: libiomp5.so        0000154560089D23  __kmpc_fork_call      Unknown  Unknown
 88: ufs_model_gfs.x    00000000039A7479  ccpp_driver_mp_cc         204  CCPP_driver.F90
 88: ufs_model_gfs.x    00000000031A5FC8  atmos_model_mod_m         387  atmos_model.F90
 88: ufs_model_gfs.x    000000000304CD3F  module_fcst_grid_        1481  module_fcst_grid_comp.F90
 88: ufs_model_gfs.x    0000000000FE7855  Unknown               Unknown  Unknown
 88: ufs_model_gfs.x    0000000000FEC0FF  Unknown               Unknown  Unknown
 88: ufs_model_gfs.x    0000000000C9649A  Unknown               Unknown  Unknown
 88: ufs_model_gfs.x    0000000000CB7D0F  Unknown               Unknown  Unknown
 88: ufs_model_gfs.x    0000000000FE92FA  Unknown               Unknown  Unknown
 88: ufs_model_gfs.x    0000000000A18F00  Unknown               Unknown  Unknown
 88: ufs_model_gfs.x    0000000000736BE1  Unknown               Unknown  Unknown
 88: ufs_model_gfs.x    0000000003038F9F  ufsatm_cap_mod_mp        1497  ufsatm_cap.F90
 88: ufs_model_gfs.x    0000000003038A09  ufsatm_cap_mod_mp        1437  ufsatm_cap.F90
 88: ufs_model_gfs.x    0000000000D51C38  Unknown               Unknown  Unknown
 88: ufs_model_gfs.x    0000000000D51BA6  Unknown               Unknown  Unknown
 88: ufs_model_gfs.x    0000000000D5067C  Unknown               Unknown  Unknown
 88: ufs_model_gfs.x    0000000000B937FE  Unknown               Unknown  Unknown
 88: ufs_model_gfs.x    0000000006AC85DA  Unknown               Unknown  Unknown
 88: ufs_model_gfs.x    0000000000FE7855  Unknown               Unknown  Unknown
 88: ufs_model_gfs.x    0000000000FEC0FF  Unknown               Unknown  Unknown
 88: ufs_model_gfs.x    0000000000C9628A  Unknown               Unknown  Unknown
 88: ufs_model_gfs.x    0000000000CB7D0F  Unknown               Unknown  Unknown
 88: ufs_model_gfs.x    0000000000FE92FA  Unknown               Unknown  Unknown
 88: ufs_model_gfs.x    0000000000A18F00  Unknown               Unknown  Unknown
 88: ufs_model_gfs.x    0000000000736BE1  Unknown               Unknown  Unknown
 88: ufs_model_gfs.x    0000000000448377  Unknown               Unknown  Unknown
 88: ufs_model_gfs.x    0000000000447BCA  Unknown               Unknown  Unknown
 88: ufs_model_gfs.x    0000000000D51C38  Unknown               Unknown  Unknown
 88: ufs_model_gfs.x    0000000000D51BA6  Unknown               Unknown  Unknown
 88: ufs_model_gfs.x    0000000000D5067C  Unknown               Unknown  Unknown
 88: ufs_model_gfs.x    0000000000B937FE  Unknown               Unknown  Unknown
 88: ufs_model_gfs.x    0000000000444BEF  Unknown               Unknown  Unknown
 88: ufs_model_gfs.x    0000000000FE7855  Unknown               Unknown  Unknown
 88: ufs_model_gfs.x    0000000000FEC0FF  Unknown               Unknown  Unknown
 88: ufs_model_gfs.x    0000000000C9628A  Unknown               Unknown  Unknown
 88: ufs_model_gfs.x    0000000000CB7D0F  Unknown               Unknown  Unknown
 88: ufs_model_gfs.x    0000000000FE92FA  Unknown               Unknown  Unknown
 88: ufs_model_gfs.x    0000000000A18F00  Unknown               Unknown  Unknown
 88: ufs_model_gfs.x    0000000000736BE1  Unknown               Unknown  Unknown
 88: ufs_model_gfs.x    0000000000436749  MAIN__                    409  UFS.F90
 46:  NOTE: gocart aerosol initialization is reading input data with all MPI ranks
 46: ufs_model_gfs.x    00000000004353A1  Unknown               Unknown  Unknown
 88:  NOTE: gocart aerosol initialization is reading input data with all MPI ranks
 88: ufs_model_gfs.x    000000000043549D  Unknown               Unknown  Unknown
 88: libc.so.6          000015455CBEAEEC  Unknown               Unknown  Unknown
 88: libc.so.6          000015455CBEAFB5  __libc_start_main     Unknown  Unknown
 88: ufs_model_gfs.x    00000000004353A1  Unknown               Unknown  Unknown
 53: forrtl: error (78): process killed (SIGTERM)
 53: Image              PC                Routine            Line        Source             
 53: libc.so.6          0000150FD5C01980  Unknown               Unknown  Unknown
 53: libnetcdff.so.7.2  0000150FD9993FB4  __libm_pow_l9         Unknown  Unknown
 53: ufs_model_gfs.x    0000000003FAC354  module_mp_thompso        6492  module_mp_thompson.F90
 53: ufs_model_gfs.x    0000000003F908D7  module_mp_thompso        1466  module_mp_thompson.F90
 53: ufs_model_gfs.x    0000000003FE262E  mp_thompson_mp_mp         897  mp_thompson.F90
 53: ufs_model_gfs.x    0000000003B5C49D  _coupled_p8_ugwpv        1349  ccpp_fv3_gfs_v17_coupled_p8_ugwpv1_phys_ts_cap.F90
 53: ufs_model_gfs.x    00000000039AC850  ccpp_static_api_m         644  ccpp_static_api.F90
 53: ufs_model_gfs.x    00000000039A8530  ccpp_driver_mp_cc         234  CCPP_driver.F90
 53: libiomp5.so        0000150FD9163493  __kmp_invoke_micr     Unknown  Unknown
 53: libiomp5.so        0000150FD90D1CA4  __kmp_fork_call       Unknown  Unknown
 53: libiomp5.so        0000150FD9089D23  __kmpc_fork_call      Unknown  Unknown
 53: ufs_model_gfs.x    00000000039A7479  ccpp_driver_mp_cc         204  CCPP_driver.F90
 53: ufs_model_gfs.x    00000000031A5FC8  atmos_model_mod_m         387  atmos_model.F90
 53: ufs_model_gfs.x    000000000304CD3F  module_fcst_grid_        1481  module_fcst_grid_comp.F90
 53: ufs_model_gfs.x    0000000000FE7855  Unknown               Unknown  Unknown
 53: ufs_model_gfs.x    0000000000FEC0FF  Unknown               Unknown  Unknown
 53: ufs_model_gfs.x    0000000000C9649A  Unknown               Unknown  Unknown
 53: ufs_model_gfs.x    0000000000CB7D0F  Unknown               Unknown  Unknown
 53: ufs_model_gfs.x    0000000000FE92FA  Unknown               Unknown  Unknown
 53: ufs_model_gfs.x    0000000000A18F00  Unknown               Unknown  Unknown
 53: ufs_model_gfs.x    0000000000736BE1  Unknown               Unknown  Unknown
 53: ufs_model_gfs.x    0000000003038F9F  ufsatm_cap_mod_mp        1497  ufsatm_cap.F90
 53: ufs_model_gfs.x    0000000003038A09  ufsatm_cap_mod_mp        1437  ufsatm_cap.F90
 53: ufs_model_gfs.x    0000000000D51C38  Unknown               Unknown  Unknown
 53: ufs_model_gfs.x    0000000000D51BA6  Unknown               Unknown  Unknown
 53: ufs_model_gfs.x    0000000000D5067C  Unknown               Unknown  Unknown
 53: ufs_model_gfs.x    0000000000B937FE  Unknown               Unknown  Unknown
 53: ufs_model_gfs.x    0000000006AC85DA  Unknown               Unknown  Unknown
 53: ufs_model_gfs.x    0000000000FE7855  Unknown               Unknown  Unknown
 53: ufs_model_gfs.x    0000000000FEC0FF  Unknown               Unknown  Unknown
 53: ufs_model_gfs.x    0000000000C9628A  Unknown               Unknown  Unknown
 53: ufs_model_gfs.x    0000000000CB7D0F  Unknown               Unknown  Unknown
 53: ufs_model_gfs.x    0000000000FE92FA  Unknown               Unknown  Unknown
 53: ufs_model_gfs.x    0000000000A18F00  Unknown               Unknown  Unknown
 53: ufs_model_gfs.x    0000000000736BE1  Unknown               Unknown  Unknown
 53: ufs_model_gfs.x    0000000000448377  Unknown               Unknown  Unknown
 53: ufs_model_gfs.x    0000000000447BCA  Unknown               Unknown  Unknown
 53: ufs_model_gfs.x    0000000000D51C38  Unknown               Unknown  Unknown
 53: ufs_model_gfs.x    0000000000D51BA6  Unknown               Unknown  Unknown
 53: ufs_model_gfs.x    0000000000D5067C  Unknown               Unknown  Unknown
 53: ufs_model_gfs.x    0000000000B937FE  Unknown               Unknown  Unknown
 53: ufs_model_gfs.x    0000000000444BEF  Unknown               Unknown  Unknown
 53: ufs_model_gfs.x    0000000000FE7855  Unknown               Unknown  Unknown
 53: ufs_model_gfs.x    0000000000FEC0FF  Unknown               Unknown  Unknown
 53: ufs_model_gfs.x    0000000000C9628A  Unknown               Unknown  Unknown
 53: ufs_model_gfs.x    0000000000CB7D0F  Unknown               Unknown  Unknown
 53: ufs_model_gfs.x    0000000000FE92FA  Unknown               Unknown  Unknown
 53: ufs_model_gfs.x    0000000000A18F00  Unknown               Unknown  Unknown
 53: ufs_model_gfs.x    0000000000736BE1  Unknown               Unknown  Unknown
 53: ufs_model_gfs.x    0000000000436749  MAIN__                    409  UFS.F90
 53:  NOTE: gocart aerosol initialization is reading input data with all MPI ranks
 53: ufs_model_gfs.x    000000000043549D  Unknown               Unknown  Unknown
 53: libc.so.6          0000150FD5BEAEEC  Unknown               Unknown  Unknown
 53: libc.so.6          0000150FD5BEAFB5  __libc_start_main     Unknown  Unknown
 53: ufs_model_gfs.x    00000000004353A1  Unknown               Unknown  Unknown
 80: forrtl: error (78): process killed (SIGTERM)
 80: Image              PC                Routine            Line        Source             
 80: libc.so.6          00001502BE201980  Unknown               Unknown  Unknown
 80: ufs_model_gfs.x    0000000003FB2755  module_mp_thompso        3357  module_mp_thompson.F90
 80: ufs_model_gfs.x    0000000003F908D7  module_mp_thompso        1466  module_mp_thompson.F90
 80: ufs_model_gfs.x    0000000003FE262E  mp_thompson_mp_mp         897  mp_thompson.F90
 80: ufs_model_gfs.x    0000000003B5C49D  _coupled_p8_ugwpv        1349  ccpp_fv3_gfs_v17_coupled_p8_ugwpv1_phys_ts_cap.F90
 80: ufs_model_gfs.x    00000000039AC850  ccpp_static_api_m         644  ccpp_static_api.F90
 80: ufs_model_gfs.x    00000000039A8530  ccpp_driver_mp_cc         234  CCPP_driver.F90
 80: libiomp5.so        00001502C1763493  __kmp_invoke_micr     Unknown  Unknown
 80: libiomp5.so        00001502C16D1CA4  __kmp_fork_call       Unknown  Unknown
 80: libiomp5.so        00001502C1689D23  __kmpc_fork_call      Unknown  Unknown
 80: ufs_model_gfs.x    00000000039A7479  ccpp_driver_mp_cc         204  CCPP_driver.F90
 80: ufs_model_gfs.x    00000000031A5FC8  atmos_model_mod_m         387  atmos_model.F90
 80: ufs_model_gfs.x    000000000304CD3F  module_fcst_grid_        1481  module_fcst_grid_comp.F90
 80: ufs_model_gfs.x    0000000000FE7855  Unknown               Unknown  Unknown
 80: ufs_model_gfs.x    0000000000FEC0FF  Unknown               Unknown  Unknown
 80: ufs_model_gfs.x    0000000000C9649A  Unknown               Unknown  Unknown
 80: ufs_model_gfs.x    0000000000CB7D0F  Unknown               Unknown  Unknown
 80: ufs_model_gfs.x    0000000000FE92FA  Unknown               Unknown  Unknown
 80: ufs_model_gfs.x    0000000000A18F00  Unknown               Unknown  Unknown
 80: ufs_model_gfs.x    0000000000736BE1  Unknown               Unknown  Unknown
 80: ufs_model_gfs.x    0000000003038F9F  ufsatm_cap_mod_mp        1497  ufsatm_cap.F90
 80: ufs_model_gfs.x    0000000003038A09  ufsatm_cap_mod_mp        1437  ufsatm_cap.F90
 80: ufs_model_gfs.x    0000000000D51C38  Unknown               Unknown  Unknown
 80: ufs_model_gfs.x    0000000000D51BA6  Unknown               Unknown  Unknown
 80: ufs_model_gfs.x    0000000000D5067C  Unknown               Unknown  Unknown
 80: ufs_model_gfs.x    0000000000B937FE  Unknown               Unknown  Unknown
 80: ufs_model_gfs.x    0000000006AC85DA  Unknown               Unknown  Unknown
 80: ufs_model_gfs.x    0000000000FE7855  Unknown               Unknown  Unknown
 80: ufs_model_gfs.x    0000000000FEC0FF  Unknown               Unknown  Unknown
 80: ufs_model_gfs.x    0000000000C9628A  Unknown               Unknown  Unknown
 80: ufs_model_gfs.x    0000000000CB7D0F  Unknown               Unknown  Unknown
 80: ufs_model_gfs.x    0000000000FE92FA  Unknown               Unknown  Unknown
 80: ufs_model_gfs.x    0000000000A18F00  Unknown               Unknown  Unknown
 80: ufs_model_gfs.x    0000000000736BE1  Unknown               Unknown  Unknown
 80: ufs_model_gfs.x    0000000000448377  Unknown               Unknown  Unknown
 80: ufs_model_gfs.x    0000000000447BCA  Unknown               Unknown  Unknown
 80: ufs_model_gfs.x    0000000000D51C38  Unknown               Unknown  Unknown
 80: ufs_model_gfs.x    0000000000D51BA6  Unknown               Unknown  Unknown
 80: ufs_model_gfs.x    0000000000D5067C  Unknown               Unknown  Unknown
 80: ufs_model_gfs.x    0000000000B937FE  Unknown               Unknown  Unknown
 80: ufs_model_gfs.x    0000000000444BEF  Unknown               Unknown  Unknown
 80: ufs_model_gfs.x    0000000000FE7855  Unknown               Unknown  Unknown
 80: ufs_model_gfs.x    0000000000FEC0FF  Unknown               Unknown  Unknown
 80: ufs_model_gfs.x    0000000000C9628A  Unknown               Unknown  Unknown
 80: ufs_model_gfs.x    0000000000CB7D0F  Unknown               Unknown  Unknown
 80: ufs_model_gfs.x    0000000000FE92FA  Unknown               Unknown  Unknown
 80: ufs_model_gfs.x    0000000000A18F00  Unknown               Unknown  Unknown
 80: ufs_model_gfs.x    0000000000736BE1  Unknown               Unknown  Unknown
 80:  NOTE: gocart aerosol initialization is reading input data with all MPI ranks
 80: ufs_model_gfs.x    0000000000436749  MAIN__                    409  UFS.F90
 80: ufs_model_gfs.x    000000000043549D  Unknown               Unknown  Unknown
 80: libc.so.6          00001502BE1EAEEC  Unknown               Unknown  Unknown
 80: libc.so.6          00001502BE1EAFB5  __libc_start_main     Unknown  Unknown
 80: ufs_model_gfs.x    00000000004353A1  Unknown               Unknown  Unknown
 13:  NOTE: gocart aerosol initialization is reading input data with all MPI ranks
 13: forrtl: error (78): process killed (SIGTERM)
 13: Image              PC                Routine            Line        Source             
 13: libc.so.6          00001536EC401980  Unknown               Unknown  Unknown
 13: ufs_model_gfs.x    0000000003E259F8  gfs_gwd_generic_p          88  GFS_GWD_generic_post.F90
 13: ufs_model_gfs.x    0000000003B3EB9A  _coupled_p8_ugwpv        4100  ccpp_fv3_gfs_v17_coupled_p8_ugwpv1_phys_ps_cap.F90
 13: ufs_model_gfs.x    00000000039AC664  ccpp_static_api_m         635  ccpp_static_api.F90
 13: ufs_model_gfs.x    00000000039A828A  ccpp_driver_mp_cc         226  CCPP_driver.F90
 13: libiomp5.so        00001536EF963493  __kmp_invoke_micr     Unknown  Unknown
 13: libiomp5.so        00001536EF8D1CA4  __kmp_fork_call       Unknown  Unknown
 13: libiomp5.so        00001536EF889D23  __kmpc_fork_call      Unknown  Unknown
 13: ufs_model_gfs.x    00000000039A7479  ccpp_driver_mp_cc         204  CCPP_driver.F90
 13: ufs_model_gfs.x    00000000031A5FC8  atmos_model_mod_m         387  atmos_model.F90
 13: ufs_model_gfs.x    000000000304CD3F  module_fcst_grid_        1481  module_fcst_grid_comp.F90
 13: ufs_model_gfs.x    0000000000FE7855  Unknown               Unknown  Unknown
 13: ufs_model_gfs.x    0000000000FEC0FF  Unknown               Unknown  Unknown
 13: ufs_model_gfs.x    0000000000C9649A  Unknown               Unknown  Unknown
 13: ufs_model_gfs.x    0000000000CB7D0F  Unknown               Unknown  Unknown
 13: ufs_model_gfs.x    0000000000FE92FA  Unknown               Unknown  Unknown
 13: ufs_model_gfs.x    0000000000A18F00  Unknown               Unknown  Unknown
 13: ufs_model_gfs.x    0000000000736BE1  Unknown               Unknown  Unknown
 13: ufs_model_gfs.x    0000000003038F9F  ufsatm_cap_mod_mp        1497  ufsatm_cap.F90
 13: ufs_model_gfs.x    0000000003038A09  ufsatm_cap_mod_mp        1437  ufsatm_cap.F90
 13: ufs_model_gfs.x    0000000000D51C38  Unknown               Unknown  Unknown
 13: ufs_model_gfs.x    0000000000D51BA6  Unknown               Unknown  Unknown
 13: ufs_model_gfs.x    0000000000D5067C  Unknown               Unknown  Unknown
 13: ufs_model_gfs.x    0000000000B937FE  Unknown               Unknown  Unknown
 13: ufs_model_gfs.x    0000000006AC85DA  Unknown               Unknown  Unknown
 13: ufs_model_gfs.x    0000000000FE7855  Unknown               Unknown  Unknown
 13: ufs_model_gfs.x    0000000000FEC0FF  Unknown               Unknown  Unknown
 13: ufs_model_gfs.x    0000000000C9628A  Unknown               Unknown  Unknown
 13: ufs_model_gfs.x    0000000000CB7D0F  Unknown               Unknown  Unknown
 13: ufs_model_gfs.x    0000000000FE92FA  Unknown               Unknown  Unknown
 13: ufs_model_gfs.x    0000000000A18F00  Unknown               Unknown  Unknown
 13: ufs_model_gfs.x    0000000000736BE1  Unknown               Unknown  Unknown
 13: ufs_model_gfs.x    0000000000448377  Unknown               Unknown  Unknown
 13: ufs_model_gfs.x    0000000000447BCA  Unknown               Unknown  Unknown
 13: ufs_model_gfs.x    0000000000D51C38  Unknown               Unknown  Unknown
 13: ufs_model_gfs.x    0000000000D51BA6  Unknown               Unknown  Unknown
 13: ufs_model_gfs.x    0000000000D5067C  Unknown               Unknown  Unknown
