331: ufs_model_gfs.x    0000000000448377  Unknown               Unknown  Unknown
331: ufs_model_gfs.x    0000000000447BCA  Unknown               Unknown  Unknown
331: ufs_model_gfs.x    0000000000D51C38  Unknown               Unknown  Unknown
331: ufs_model_gfs.x    0000000000D51BA6  Unknown               Unknown  Unknown
331: ufs_model_gfs.x    0000000000D5067C  Unknown               Unknown  Unknown
331: ufs_model_gfs.x    0000000000B937FE  Unknown               Unknown  Unknown
331: ufs_model_gfs.x    0000000000444BEF  Unknown               Unknown  Unknown
331: ufs_model_gfs.x    0000000000FE7855  Unknown               Unknown  Unknown
331: ufs_model_gfs.x    0000000000FEC0FF  Unknown               Unknown  Unknown
331: ufs_model_gfs.x    0000000000C9628A  Unknown               Unknown  Unknown
331: ufs_model_gfs.x    0000000000CB7D0F  Unknown               Unknown  Unknown
331: ufs_model_gfs.x    0000000000FE92FA  Unknown               Unknown  Unknown
331: ufs_model_gfs.x    0000000000A18F00  Unknown               Unknown  Unknown
331: ufs_model_gfs.x    0000000000736BE1  Unknown               Unknown  Unknown
331: ufs_model_gfs.x    0000000000436749  MAIN__                    409  UFS.F90
331: ufs_model_gfs.x    000000000043549D  Unknown               Unknown  Unknown
331: libc.so.6          000014A817FEAEEC  Unknown               Unknown  Unknown
331: libc.so.6          000014A817FEAFB5  __libc_start_main     Unknown  Unknown
331: ufs_model_gfs.x    00000000004353A1  Unknown               Unknown  Unknown
307: forrtl: error (78): process killed (SIGTERM)
307: Image              PC                Routine            Line        Source             
307: libc.so.6          0000153353201980  Unknown               Unknown  Unknown
307: libc.so.6          00001533532BE1E7  __sched_yield         Unknown  Unknown
307: libmpi_intel.so.1  000015335415C815  Unknown               Unknown  Unknown
307: libmpi_intel.so.1  0000153354199335  Unknown               Unknown  Unknown
307: libmpi_intel.so.1  0000153354199B31  MPI_Waitall           Unknown  Unknown
307: libmpifort_intel.  00001533565AC83E  pmpi_waitall          Unknown  Unknown
307: ufs_model_gfs.x    000000000642C792  ice_boundary_mp_i        4698  ice_boundary.F90
307: ufs_model_gfs.x    0000000006601C98  ice_transport_rem         598  ice_transport_remap.F90
307: ufs_model_gfs.x    00000000065ED301  ice_transport_dri         539  ice_transport_driver.F90
307: ufs_model_gfs.x    00000000066BE8EE  ice_step_mod_mp_s        1047  ice_step_mod.F90
307: ufs_model_gfs.x    000000000648DFC0  cice_runmod_mp_ci         270  CICE_RunMod.F90
307: ufs_model_gfs.x    00000000060F8F68  ice_comp_nuopc_mp        1273  ice_comp_nuopc.F90
307: ufs_model_gfs.x    0000000000D51C38  Unknown               Unknown  Unknown
307: ufs_model_gfs.x    0000000000D51BA6  Unknown               Unknown  Unknown
307: ufs_model_gfs.x    0000000000D5067C  Unknown               Unknown  Unknown
307: ufs_model_gfs.x    0000000000B937FE  Unknown               Unknown  Unknown
307: ufs_model_gfs.x    0000000006AC85DA  Unknown               Unknown  Unknown
307: ufs_model_gfs.x    0000000000FE7855  Unknown               Unknown  Unknown
307: ufs_model_gfs.x    0000000000FEC0FF  Unknown               Unknown  Unknown
307: ufs_model_gfs.x    0000000000C9649A  Unknown               Unknown  Unknown
307: ufs_model_gfs.x    0000000000CB7D0F  Unknown               Unknown  Unknown
307: ufs_model_gfs.x    0000000000FE92FA  Unknown               Unknown  Unknown
307: ufs_model_gfs.x    0000000000A18F00  Unknown               Unknown  Unknown
307: ufs_model_gfs.x    0000000000736BE1  Unknown               Unknown  Unknown
307: ufs_model_gfs.x    0000000000448377  Unknown               Unknown  Unknown
307: ufs_model_gfs.x    0000000000447BCA  Unknown               Unknown  Unknown
307: ufs_model_gfs.x    0000000000D51C38  Unknown               Unknown  Unknown
307: ufs_model_gfs.x    0000000000D51BA6  Unknown               Unknown  Unknown
307: ufs_model_gfs.x    0000000000D5067C  Unknown               Unknown  Unknown
307: ufs_model_gfs.x    0000000000B937FE  Unknown               Unknown  Unknown
307: ufs_model_gfs.x    0000000000444BEF  Unknown               Unknown  Unknown
307: ufs_model_gfs.x    0000000000FE7855  Unknown               Unknown  Unknown
307: ufs_model_gfs.x    0000000000FEC0FF  Unknown               Unknown  Unknown
307: ufs_model_gfs.x    0000000000C9628A  Unknown               Unknown  Unknown
307: ufs_model_gfs.x    0000000000CB7D0F  Unknown               Unknown  Unknown
307: ufs_model_gfs.x    0000000000FE92FA  Unknown               Unknown  Unknown
307: ufs_model_gfs.x    0000000000A18F00  Unknown               Unknown  Unknown
307: ufs_model_gfs.x    0000000000736BE1  Unknown               Unknown  Unknown
307: ufs_model_gfs.x    0000000000436749  MAIN__                    409  UFS.F90
307: ufs_model_gfs.x    000000000043549D  Unknown               Unknown  Unknown
307: libc.so.6          00001533531EAEEC  Unknown               Unknown  Unknown
307: libc.so.6          00001533531EAFB5  __libc_start_main     Unknown  Unknown
307: ufs_model_gfs.x    00000000004353A1  Unknown               Unknown  Unknown
315: forrtl: error (78): process killed (SIGTERM)
315: Image              PC                Routine            Line        Source             
315: libc.so.6          0000148242C01980  Unknown               Unknown  Unknown
315: libc.so.6          0000148242CBE1E7  __sched_yield         Unknown  Unknown
315: libmpi_intel.so.1  0000148243B5C815  Unknown               Unknown  Unknown
315: libmpi_intel.so.1  0000148243B99335  Unknown               Unknown  Unknown
315: libmpi_intel.so.1  0000148243B99B31  MPI_Waitall           Unknown  Unknown
315: libmpifort_intel.  000014824657F83E  pmpi_waitall          Unknown  Unknown
315: ufs_model_gfs.x    000000000640CFA7  ice_boundary_mp_i        1511  ice_boundary.F90
315: ufs_model_gfs.x    0000000006601A1F  ice_transport_rem         549  ice_transport_remap.F90
315: ufs_model_gfs.x    00000000065ED301  ice_transport_dri         539  ice_transport_driver.F90
315: ufs_model_gfs.x    00000000066BE8EE  ice_step_mod_mp_s        1047  ice_step_mod.F90
315: ufs_model_gfs.x    000000000648DFC0  cice_runmod_mp_ci         270  CICE_RunMod.F90
315: ufs_model_gfs.x    00000000060F8F68  ice_comp_nuopc_mp        1273  ice_comp_nuopc.F90
315: ufs_model_gfs.x    0000000000D51C38  Unknown               Unknown  Unknown
315: ufs_model_gfs.x    0000000000D51BA6  Unknown               Unknown  Unknown
315: ufs_model_gfs.x    0000000000D5067C  Unknown               Unknown  Unknown
315: ufs_model_gfs.x    0000000000B937FE  Unknown               Unknown  Unknown
315: ufs_model_gfs.x    0000000006AC85DA  Unknown               Unknown  Unknown
315: ufs_model_gfs.x    0000000000FE7855  Unknown               Unknown  Unknown
315: ufs_model_gfs.x    0000000000FEC0FF  Unknown               Unknown  Unknown
315: ufs_model_gfs.x    0000000000C9649A  Unknown               Unknown  Unknown
315: ufs_model_gfs.x    0000000000CB7D0F  Unknown               Unknown  Unknown
315: ufs_model_gfs.x    0000000000FE92FA  Unknown               Unknown  Unknown
315: ufs_model_gfs.x    0000000000A18F00  Unknown               Unknown  Unknown
315: ufs_model_gfs.x    0000000000736BE1  Unknown               Unknown  Unknown
315: ufs_model_gfs.x    0000000000448377  Unknown               Unknown  Unknown
315: ufs_model_gfs.x    0000000000447BCA  Unknown               Unknown  Unknown
315: ufs_model_gfs.x    0000000000D51C38  Unknown               Unknown  Unknown
315: ufs_model_gfs.x    0000000000D51BA6  Unknown               Unknown  Unknown
315: ufs_model_gfs.x    0000000000D5067C  Unknown               Unknown  Unknown
315: ufs_model_gfs.x    0000000000B937FE  Unknown               Unknown  Unknown
315: ufs_model_gfs.x    0000000000444BEF  Unknown               Unknown  Unknown
315: ufs_model_gfs.x    0000000000FE7855  Unknown               Unknown  Unknown
315: ufs_model_gfs.x    0000000000FEC0FF  Unknown               Unknown  Unknown
315: ufs_model_gfs.x    0000000000C9628A  Unknown               Unknown  Unknown
315: ufs_model_gfs.x    0000000000CB7D0F  Unknown               Unknown  Unknown
315: ufs_model_gfs.x    0000000000FE92FA  Unknown               Unknown  Unknown
315: ufs_model_gfs.x    0000000000A18F00  Unknown               Unknown  Unknown
315: ufs_model_gfs.x    0000000000736BE1  Unknown               Unknown  Unknown
315: ufs_model_gfs.x    0000000000436749  MAIN__                    409  UFS.F90
315: ufs_model_gfs.x    000000000043549D  Unknown               Unknown  Unknown
315: libc.so.6          0000148242BEAEEC  Unknown               Unknown  Unknown
315: libc.so.6          0000148242BEAFB5  __libc_start_main     Unknown  Unknown
315: ufs_model_gfs.x    00000000004353A1  Unknown               Unknown  Unknown
298: forrtl: error (78): process killed (SIGTERM)
298: Image              PC                Routine            Line        Source             
298: libc.so.6          0000150B05401980  Unknown               Unknown  Unknown
298: libc.so.6          0000150B054BE1E7  __sched_yield         Unknown  Unknown
298: libmpi_intel.so.1  0000150B05DB92AC  Unknown               Unknown  Unknown
298: libmpi_intel.so.1  0000150B05DD06BC  MPI_Probe             Unknown  Unknown
298: ufs_model_gfs.x    0000000000CAC940  Unknown               Unknown  Unknown
298: ufs_model_gfs.x    000000000101F1BA  Unknown               Unknown  Unknown
298: ufs_model_gfs.x    000000000101D613  Unknown               Unknown  Unknown
298: ufs_model_gfs.x    000000000101D613  Unknown               Unknown  Unknown
298: ufs_model_gfs.x    0000000001277EB2  Unknown               Unknown  Unknown
298: ufs_model_gfs.x    0000000001269A7F  Unknown               Unknown  Unknown
298: ufs_model_gfs.x    0000000000C260A6  Unknown               Unknown  Unknown
298: ufs_model_gfs.x    00000000009D667F  Unknown               Unknown  Unknown
298: ufs_model_gfs.x    000000000049EB2A  Unknown               Unknown  Unknown
298: ufs_model_gfs.x    0000000000FE7855  Unknown               Unknown  Unknown
298: ufs_model_gfs.x    0000000000FEC0FF  Unknown               Unknown  Unknown
298: ufs_model_gfs.x    0000000000C9628A  Unknown               Unknown  Unknown
298: ufs_model_gfs.x    0000000000CB7D0F  Unknown               Unknown  Unknown
298: ufs_model_gfs.x    0000000000FE92FA  Unknown               Unknown  Unknown
298: ufs_model_gfs.x    0000000000A18F00  Unknown               Unknown  Unknown
298: ufs_model_gfs.x    0000000000A08761  Unknown               Unknown  Unknown
298: ufs_model_gfs.x    0000000000445828  Unknown               Unknown  Unknown
298: ufs_model_gfs.x    00000000004470A6  Unknown               Unknown  Unknown
298: ufs_model_gfs.x    0000000000D51C38  Unknown               Unknown  Unknown
298: ufs_model_gfs.x    0000000000D51BA6  Unknown               Unknown  Unknown
298: ufs_model_gfs.x    0000000000D5067C  Unknown               Unknown  Unknown
298: ufs_model_gfs.x    0000000000B937FE  Unknown               Unknown  Unknown
298: ufs_model_gfs.x    0000000000444BEF  Unknown               Unknown  Unknown
298: ufs_model_gfs.x    0000000000FE7855  Unknown               Unknown  Unknown
298: ufs_model_gfs.x    0000000000FEC0FF  Unknown               Unknown  Unknown
298: ufs_model_gfs.x    0000000000C9628A  Unknown               Unknown  Unknown
298: ufs_model_gfs.x    0000000000CB7D0F  Unknown               Unknown  Unknown
298: ufs_model_gfs.x    0000000000FE92FA  Unknown               Unknown  Unknown
298: ufs_model_gfs.x    0000000000A18F00  Unknown               Unknown  Unknown
298: ufs_model_gfs.x    0000000000736BE1  Unknown               Unknown  Unknown
298: ufs_model_gfs.x    0000000000436749  MAIN__                    409  UFS.F90
298: ufs_model_gfs.x    000000000043549D  Unknown               Unknown  Unknown
298: libc.so.6          0000150B053EAEEC  Unknown               Unknown  Unknown
298: libc.so.6          0000150B053EAFB5  __libc_start_main     Unknown  Unknown
298: ufs_model_gfs.x    00000000004353A1  Unknown               Unknown  Unknown
328: forrtl: error (78): process killed (SIGTERM)
328: Image              PC                Routine            Line        Source             
328: libc.so.6          0000147BA9201980  Unknown               Unknown  Unknown
328: libc.so.6          0000147BA92BE1E7  __sched_yield         Unknown  Unknown
328: libmpi_intel.so.1  0000147BAA15C815  Unknown               Unknown  Unknown
328: libmpi_intel.so.1  0000147BAA199335  Unknown               Unknown  Unknown
328: libmpi_intel.so.1  0000147BAA199B31  MPI_Waitall           Unknown  Unknown
328: libmpifort_intel.  0000147BAC5AC83E  pmpi_waitall          Unknown  Unknown
328: ufs_model_gfs.x    00000000064198FF  ice_boundary_mp_i        3071  ice_boundary.F90
328: ufs_model_gfs.x    0000000006601A96  ice_transport_rem         559  ice_transport_remap.F90
328: ufs_model_gfs.x    00000000065ED301  ice_transport_dri         539  ice_transport_driver.F90
328: ufs_model_gfs.x    00000000066BE8EE  ice_step_mod_mp_s        1047  ice_step_mod.F90
328: ufs_model_gfs.x    000000000648DFC0  cice_runmod_mp_ci         270  CICE_RunMod.F90
328: ufs_model_gfs.x    00000000060F8F68  ice_comp_nuopc_mp        1273  ice_comp_nuopc.F90
328: ufs_model_gfs.x    0000000000D51C38  Unknown               Unknown  Unknown
328: ufs_model_gfs.x    0000000000D51BA6  Unknown               Unknown  Unknown
328: ufs_model_gfs.x    0000000000D5067C  Unknown               Unknown  Unknown
328: ufs_model_gfs.x    0000000000B937FE  Unknown               Unknown  Unknown
328: ufs_model_gfs.x    0000000006AC85DA  Unknown               Unknown  Unknown
328: ufs_model_gfs.x    0000000000FE7855  Unknown               Unknown  Unknown
328: ufs_model_gfs.x    0000000000FEC0FF  Unknown               Unknown  Unknown
328: ufs_model_gfs.x    0000000000C9649A  Unknown               Unknown  Unknown
328: ufs_model_gfs.x    0000000000CB7D0F  Unknown               Unknown  Unknown
328: ufs_model_gfs.x    0000000000FE92FA  Unknown               Unknown  Unknown
328: ufs_model_gfs.x    0000000000A18F00  Unknown               Unknown  Unknown
328: ufs_model_gfs.x    0000000000736BE1  Unknown               Unknown  Unknown
328: ufs_model_gfs.x    0000000000448377  Unknown               Unknown  Unknown
328: ufs_model_gfs.x    0000000000447BCA  Unknown               Unknown  Unknown
328: ufs_model_gfs.x    0000000000D51C38  Unknown               Unknown  Unknown
328: ufs_model_gfs.x    0000000000D51BA6  Unknown               Unknown  Unknown
328: ufs_model_gfs.x    0000000000D5067C  Unknown               Unknown  Unknown
328: ufs_model_gfs.x    0000000000B937FE  Unknown               Unknown  Unknown
328: ufs_model_gfs.x    0000000000444BEF  Unknown               Unknown  Unknown
328: ufs_model_gfs.x    0000000000FE7855  Unknown               Unknown  Unknown
328: ufs_model_gfs.x    0000000000FEC0FF  Unknown               Unknown  Unknown
328: ufs_model_gfs.x    0000000000C9628A  Unknown               Unknown  Unknown
328: ufs_model_gfs.x    0000000000CB7D0F  Unknown               Unknown  Unknown
328: ufs_model_gfs.x    0000000000FE92FA  Unknown               Unknown  Unknown
328: ufs_model_gfs.x    0000000000A18F00  Unknown               Unknown  Unknown
328: ufs_model_gfs.x    0000000000736BE1  Unknown               Unknown  Unknown
328: ufs_model_gfs.x    0000000000436749  MAIN__                    409  UFS.F90
328: ufs_model_gfs.x    000000000043549D  Unknown               Unknown  Unknown
328: libc.so.6          0000147BA91EAEEC  Unknown               Unknown  Unknown
328: libc.so.6          0000147BA91EAFB5  __libc_start_main     Unknown  Unknown
328: ufs_model_gfs.x    00000000004353A1  Unknown               Unknown  Unknown
335: forrtl: error (78): process killed (SIGTERM)
335: Image              PC                Routine            Line        Source             
335: libc.so.6          0000155269201980  Unknown               Unknown  Unknown
335: libc.so.6          00001552692BE1E7  __sched_yield         Unknown  Unknown
335: libmpi_intel.so.1  000015526A15C815  Unknown               Unknown  Unknown
335: libmpi_intel.so.1  000015526A199335  Unknown               Unknown  Unknown
335: libmpi_intel.so.1  000015526A199B31  MPI_Waitall           Unknown  Unknown
335: libmpifort_intel.  000015526C5AC83E  pmpi_waitall          Unknown  Unknown
335: ufs_model_gfs.x    000000000640CFA7  ice_boundary_mp_i        1511  ice_boundary.F90
335: ufs_model_gfs.x    0000000006601A1F  ice_transport_rem         549  ice_transport_remap.F90
335: ufs_model_gfs.x    00000000065ED301  ice_transport_dri         539  ice_transport_driver.F90
335: ufs_model_gfs.x    00000000066BE8EE  ice_step_mod_mp_s        1047  ice_step_mod.F90
335: ufs_model_gfs.x    000000000648DFC0  cice_runmod_mp_ci         270  CICE_RunMod.F90
335: ufs_model_gfs.x    00000000060F8F68  ice_comp_nuopc_mp        1273  ice_comp_nuopc.F90
335: ufs_model_gfs.x    0000000000D51C38  Unknown               Unknown  Unknown
335: ufs_model_gfs.x    0000000000D51BA6  Unknown               Unknown  Unknown
335: ufs_model_gfs.x    0000000000D5067C  Unknown               Unknown  Unknown
335: ufs_model_gfs.x    0000000000B937FE  Unknown               Unknown  Unknown
335: ufs_model_gfs.x    0000000006AC85DA  Unknown               Unknown  Unknown
335: ufs_model_gfs.x    0000000000FE7855  Unknown               Unknown  Unknown
335: ufs_model_gfs.x    0000000000FEC0FF  Unknown               Unknown  Unknown
335: ufs_model_gfs.x    0000000000C9649A  Unknown               Unknown  Unknown
335: ufs_model_gfs.x    0000000000CB7D0F  Unknown               Unknown  Unknown
335: ufs_model_gfs.x    0000000000FE92FA  Unknown               Unknown  Unknown
335: ufs_model_gfs.x    0000000000A18F00  Unknown               Unknown  Unknown
335: ufs_model_gfs.x    0000000000736BE1  Unknown               Unknown  Unknown
335: ufs_model_gfs.x    0000000000448377  Unknown               Unknown  Unknown
335: ufs_model_gfs.x    0000000000447BCA  Unknown               Unknown  Unknown
335: ufs_model_gfs.x    0000000000D51C38  Unknown               Unknown  Unknown
335: ufs_model_gfs.x    0000000000D51BA6  Unknown               Unknown  Unknown
335: ufs_model_gfs.x    0000000000D5067C  Unknown               Unknown  Unknown
335: ufs_model_gfs.x    0000000000B937FE  Unknown               Unknown  Unknown
335: ufs_model_gfs.x    0000000000444BEF  Unknown               Unknown  Unknown
335: ufs_model_gfs.x    0000000000FE7855  Unknown               Unknown  Unknown
335: ufs_model_gfs.x    0000000000FEC0FF  Unknown               Unknown  Unknown
335: ufs_model_gfs.x    0000000000C9628A  Unknown               Unknown  Unknown
335: ufs_model_gfs.x    0000000000CB7D0F  Unknown               Unknown  Unknown
335: ufs_model_gfs.x    0000000000FE92FA  Unknown               Unknown  Unknown
335: ufs_model_gfs.x    0000000000A18F00  Unknown               Unknown  Unknown
335: ufs_model_gfs.x    0000000000736BE1  Unknown               Unknown  Unknown
335: ufs_model_gfs.x    0000000000436749  MAIN__                    409  UFS.F90
335: ufs_model_gfs.x    000000000043549D  Unknown               Unknown  Unknown
335: libc.so.6          00001552691EAEEC  Unknown               Unknown  Unknown
335: libc.so.6          00001552691EAFB5  __libc_start_main     Unknown  Unknown
335: ufs_model_gfs.x    00000000004353A1  Unknown               Unknown  Unknown
312: forrtl: error (78): process killed (SIGTERM)
312: Image              PC                Routine            Line        Source             
312: libc.so.6          000014C9EDE01980  Unknown               Unknown  Unknown
312: libc.so.6          000014C9EDEBE1E7  __sched_yield         Unknown  Unknown
312: libmpi_intel.so.1  000014C9EED5C815  Unknown               Unknown  Unknown
312: libmpi_intel.so.1  000014C9EED99335  Unknown               Unknown  Unknown
312: libmpi_intel.so.1  000014C9EED99B31  MPI_Waitall           Unknown  Unknown
312: libmpifort_intel.  000014C9F16F583E  pmpi_waitall          Unknown  Unknown
312: ufs_model_gfs.x    000000000640CFA7  ice_boundary_mp_i        1511  ice_boundary.F90
312: ufs_model_gfs.x    0000000006601A3E  ice_transport_rem         551  ice_transport_remap.F90
312: ufs_model_gfs.x    00000000065ED301  ice_transport_dri         539  ice_transport_driver.F90
312: ufs_model_gfs.x    00000000066BE8EE  ice_step_mod_mp_s        1047  ice_step_mod.F90
312: ufs_model_gfs.x    000000000648DFC0  cice_runmod_mp_ci         270  CICE_RunMod.F90
312: ufs_model_gfs.x    00000000060F8F68  ice_comp_nuopc_mp        1273  ice_comp_nuopc.F90
312: ufs_model_gfs.x    0000000000D51C38  Unknown               Unknown  Unknown
312: ufs_model_gfs.x    0000000000D51BA6  Unknown               Unknown  Unknown
312: ufs_model_gfs.x    0000000000D5067C  Unknown               Unknown  Unknown
312: ufs_model_gfs.x    0000000000B937FE  Unknown               Unknown  Unknown
312: ufs_model_gfs.x    0000000006AC85DA  Unknown               Unknown  Unknown
312: ufs_model_gfs.x    0000000000FE7855  Unknown               Unknown  Unknown
312: ufs_model_gfs.x    0000000000FEC0FF  Unknown               Unknown  Unknown
312: ufs_model_gfs.x    0000000000C9649A  Unknown               Unknown  Unknown
312: ufs_model_gfs.x    0000000000CB7D0F  Unknown               Unknown  Unknown
312: ufs_model_gfs.x    0000000000FE92FA  Unknown               Unknown  Unknown
312: ufs_model_gfs.x    0000000000A18F00  Unknown               Unknown  Unknown
312: ufs_model_gfs.x    0000000000736BE1  Unknown               Unknown  Unknown
312: ufs_model_gfs.x    0000000000448377  Unknown               Unknown  Unknown
312: ufs_model_gfs.x    0000000000447BCA  Unknown               Unknown  Unknown
312: ufs_model_gfs.x    0000000000D51C38  Unknown               Unknown  Unknown
312: ufs_model_gfs.x    0000000000D51BA6  Unknown               Unknown  Unknown
312: ufs_model_gfs.x    0000000000D5067C  Unknown               Unknown  Unknown
312: ufs_model_gfs.x    0000000000B937FE  Unknown               Unknown  Unknown
312: ufs_model_gfs.x    0000000000444BEF  Unknown               Unknown  Unknown
312: ufs_model_gfs.x    0000000000FE7855  Unknown               Unknown  Unknown
312: ufs_model_gfs.x    0000000000FEC0FF  Unknown               Unknown  Unknown
312: ufs_model_gfs.x    0000000000C9628A  Unknown               Unknown  Unknown
312: ufs_model_gfs.x    0000000000CB7D0F  Unknown               Unknown  Unknown
312: ufs_model_gfs.x    0000000000FE92FA  Unknown               Unknown  Unknown
312: ufs_model_gfs.x    0000000000A18F00  Unknown               Unknown  Unknown
312: ufs_model_gfs.x    0000000000736BE1  Unknown               Unknown  Unknown
312: ufs_model_gfs.x    0000000000436749  MAIN__                    409  UFS.F90
312: ufs_model_gfs.x    000000000043549D  Unknown               Unknown  Unknown
312: libc.so.6          000014C9EDDEAEEC  Unknown               Unknown  Unknown
312: libc.so.6          000014C9EDDEAFB5  __libc_start_main     Unknown  Unknown
312: ufs_model_gfs.x    00000000004353A1  Unknown               Unknown  Unknown
329: forrtl: error (78): process killed (SIGTERM)
329: Image              PC                Routine            Line        Source             
329: libc.so.6          0000154D08601980  Unknown               Unknown  Unknown
329: libc.so.6          0000154D086BE1E7  __sched_yield         Unknown  Unknown
329: libmpi_intel.so.1  0000154D0955C815  Unknown               Unknown  Unknown
329: libmpi_intel.so.1  0000154D09599335  Unknown               Unknown  Unknown
329: libmpi_intel.so.1  0000154D09599B31  MPI_Waitall           Unknown  Unknown
329: libmpifort_intel.  0000154D0B9AC83E  pmpi_waitall          Unknown  Unknown
329: ufs_model_gfs.x    00000000064198FF  ice_boundary_mp_i        3071  ice_boundary.F90
329: ufs_model_gfs.x    0000000006601A78  ice_transport_rem         557  ice_transport_remap.F90
329: ufs_model_gfs.x    00000000065ED301  ice_transport_dri         539  ice_transport_driver.F90
329: ufs_model_gfs.x    00000000066BE8EE  ice_step_mod_mp_s        1047  ice_step_mod.F90
329: ufs_model_gfs.x    000000000648DFC0  cice_runmod_mp_ci         270  CICE_RunMod.F90
329: ufs_model_gfs.x    00000000060F8F68  ice_comp_nuopc_mp        1273  ice_comp_nuopc.F90
329: ufs_model_gfs.x    0000000000D51C38  Unknown               Unknown  Unknown
329: ufs_model_gfs.x    0000000000D51BA6  Unknown               Unknown  Unknown
329: ufs_model_gfs.x    0000000000D5067C  Unknown               Unknown  Unknown
329: ufs_model_gfs.x    0000000000B937FE  Unknown               Unknown  Unknown
329: ufs_model_gfs.x    0000000006AC85DA  Unknown               Unknown  Unknown
329: ufs_model_gfs.x    0000000000FE7855  Unknown               Unknown  Unknown
329: ufs_model_gfs.x    0000000000FEC0FF  Unknown               Unknown  Unknown
329: ufs_model_gfs.x    0000000000C9649A  Unknown               Unknown  Unknown
329: ufs_model_gfs.x    0000000000CB7D0F  Unknown               Unknown  Unknown
329: ufs_model_gfs.x    0000000000FE92FA  Unknown               Unknown  Unknown
329: ufs_model_gfs.x    0000000000A18F00  Unknown               Unknown  Unknown
329: ufs_model_gfs.x    0000000000736BE1  Unknown               Unknown  Unknown
329: ufs_model_gfs.x    0000000000448377  Unknown               Unknown  Unknown
329: ufs_model_gfs.x    0000000000447BCA  Unknown               Unknown  Unknown
329: ufs_model_gfs.x    0000000000D51C38  Unknown               Unknown  Unknown
329: ufs_model_gfs.x    0000000000D51BA6  Unknown               Unknown  Unknown
329: ufs_model_gfs.x    0000000000D5067C  Unknown               Unknown  Unknown
329: ufs_model_gfs.x    0000000000B937FE  Unknown               Unknown  Unknown
329: ufs_model_gfs.x    0000000000444BEF  Unknown               Unknown  Unknown
329: ufs_model_gfs.x    0000000000FE7855  Unknown               Unknown  Unknown
329: ufs_model_gfs.x    0000000000FEC0FF  Unknown               Unknown  Unknown
329: ufs_model_gfs.x    0000000000C9628A  Unknown               Unknown  Unknown
329: ufs_model_gfs.x    0000000000CB7D0F  Unknown               Unknown  Unknown
329: ufs_model_gfs.x    0000000000FE92FA  Unknown               Unknown  Unknown
329: ufs_model_gfs.x    0000000000A18F00  Unknown               Unknown  Unknown
329: ufs_model_gfs.x    0000000000736BE1  Unknown               Unknown  Unknown
329: ufs_model_gfs.x    0000000000436749  MAIN__                    409  UFS.F90
329: ufs_model_gfs.x    000000000043549D  Unknown               Unknown  Unknown
329: libc.so.6          0000154D085EAEEC  Unknown               Unknown  Unknown
329: libc.so.6          0000154D085EAFB5  __libc_start_main     Unknown  Unknown
329: ufs_model_gfs.x    00000000004353A1  Unknown               Unknown  Unknown
313: forrtl: error (78): process killed (SIGTERM)
313: Image              PC                Routine            Line        Source             
313: libc.so.6          0000146B58001980  Unknown               Unknown  Unknown
313: libfabric.so.1.25  0000146B55020180  Unknown               Unknown  Unknown
313: libfabric.so.1.25  0000146B55052F70  Unknown               Unknown  Unknown
313: libfabric.so.1.25  0000146B5505D1E9  Unknown               Unknown  Unknown
313: libfabric.so.1.25  0000146B55035B20  Unknown               Unknown  Unknown
313: libmpi_intel.so.1  0000146B58F4E6C0  Unknown               Unknown  Unknown
313: libmpi_intel.so.1  0000146B58F99335  Unknown               Unknown  Unknown
313: libmpi_intel.so.1  0000146B58F99B31  MPI_Waitall           Unknown  Unknown
313: libmpifort_intel.  0000146B5B99783E  pmpi_waitall          Unknown  Unknown
313: ufs_model_gfs.x    000000000640CFA7  ice_boundary_mp_i        1511  ice_boundary.F90
313: ufs_model_gfs.x    0000000006601A1F  ice_transport_rem         549  ice_transport_remap.F90
313: ufs_model_gfs.x    00000000065ED301  ice_transport_dri         539  ice_transport_driver.F90
313: ufs_model_gfs.x    00000000066BE8EE  ice_step_mod_mp_s        1047  ice_step_mod.F90
313: ufs_model_gfs.x    000000000648DFC0  cice_runmod_mp_ci         270  CICE_RunMod.F90
313: ufs_model_gfs.x    00000000060F8F68  ice_comp_nuopc_mp        1273  ice_comp_nuopc.F90
313: ufs_model_gfs.x    0000000000D51C38  Unknown               Unknown  Unknown
313: ufs_model_gfs.x    0000000000D51BA6  Unknown               Unknown  Unknown
313: ufs_model_gfs.x    0000000000D5067C  Unknown               Unknown  Unknown
313: ufs_model_gfs.x    0000000000B937FE  Unknown               Unknown  Unknown
313: ufs_model_gfs.x    0000000006AC85DA  Unknown               Unknown  Unknown
313: ufs_model_gfs.x    0000000000FE7855  Unknown               Unknown  Unknown
313: ufs_model_gfs.x    0000000000FEC0FF  Unknown               Unknown  Unknown
313: ufs_model_gfs.x    0000000000C9649A  Unknown               Unknown  Unknown
313: ufs_model_gfs.x    0000000000CB7D0F  Unknown               Unknown  Unknown
313: ufs_model_gfs.x    0000000000FE92FA  Unknown               Unknown  Unknown
313: ufs_model_gfs.x    0000000000A18F00  Unknown               Unknown  Unknown
313: ufs_model_gfs.x    0000000000736BE1  Unknown               Unknown  Unknown
313: ufs_model_gfs.x    0000000000448377  Unknown               Unknown  Unknown
313: ufs_model_gfs.x    0000000000447BCA  Unknown               Unknown  Unknown
313: ufs_model_gfs.x    0000000000D51C38  Unknown               Unknown  Unknown
313: ufs_model_gfs.x    0000000000D51BA6  Unknown               Unknown  Unknown
313: ufs_model_gfs.x    0000000000D5067C  Unknown               Unknown  Unknown
313: ufs_model_gfs.x    0000000000B937FE  Unknown               Unknown  Unknown
313: ufs_model_gfs.x    0000000000444BEF  Unknown               Unknown  Unknown
313: ufs_model_gfs.x    0000000000FE7855  Unknown               Unknown  Unknown
313: ufs_model_gfs.x    0000000000FEC0FF  Unknown               Unknown  Unknown
313: ufs_model_gfs.x    0000000000C9628A  Unknown               Unknown  Unknown
313: ufs_model_gfs.x    0000000000CB7D0F  Unknown               Unknown  Unknown
313: ufs_model_gfs.x    0000000000FE92FA  Unknown               Unknown  Unknown
313: ufs_model_gfs.x    0000000000A18F00  Unknown               Unknown  Unknown
313: ufs_model_gfs.x    0000000000736BE1  Unknown               Unknown  Unknown
313: ufs_model_gfs.x    0000000000436749  MAIN__                    409  UFS.F90
313: ufs_model_gfs.x    000000000043549D  Unknown               Unknown  Unknown
313: libc.so.6          0000146B57FEAEEC  Unknown               Unknown  Unknown
313: libc.so.6          0000146B57FEAFB5  __libc_start_main     Unknown  Unknown
313: ufs_model_gfs.x    00000000004353A1  Unknown               Unknown  Unknown
330: forrtl: error (78): process killed (SIGTERM)
330: Image              PC                Routine            Line        Source             
330: libc.so.6          0000149E1E201980  Unknown               Unknown  Unknown
330: libc.so.6          0000149E1E2BE1E7  __sched_yield         Unknown  Unknown
330: libmpi_intel.so.1  0000149E1F15C815  Unknown               Unknown  Unknown
330: libmpi_intel.so.1  0000149E1F199335  Unknown               Unknown  Unknown
330: libmpi_intel.so.1  0000149E1F199B31  MPI_Waitall           Unknown  Unknown
330: libmpifort_intel.  0000149E215AC83E  pmpi_waitall          Unknown  Unknown
330: ufs_model_gfs.x    00000000064198FF  ice_boundary_mp_i        3071  ice_boundary.F90
330: ufs_model_gfs.x    0000000006601A5A  ice_transport_rem         555  ice_transport_remap.F90
330: ufs_model_gfs.x    00000000065ED301  ice_transport_dri         539  ice_transport_driver.F90
330: ufs_model_gfs.x    00000000066BE8EE  ice_step_mod_mp_s        1047  ice_step_mod.F90
330: ufs_model_gfs.x    000000000648DFC0  cice_runmod_mp_ci         270  CICE_RunMod.F90
330: ufs_model_gfs.x    00000000060F8F68  ice_comp_nuopc_mp        1273  ice_comp_nuopc.F90
330: ufs_model_gfs.x    0000000000D51C38  Unknown               Unknown  Unknown
330: ufs_model_gfs.x    0000000000D51BA6  Unknown               Unknown  Unknown
330: ufs_model_gfs.x    0000000000D5067C  Unknown               Unknown  Unknown
330: ufs_model_gfs.x    0000000000B937FE  Unknown               Unknown  Unknown
330: ufs_model_gfs.x    0000000006AC85DA  Unknown               Unknown  Unknown
330: ufs_model_gfs.x    0000000000FE7855  Unknown               Unknown  Unknown
330: ufs_model_gfs.x    0000000000FEC0FF  Unknown               Unknown  Unknown
330: ufs_model_gfs.x    0000000000C9649A  Unknown               Unknown  Unknown
330: ufs_model_gfs.x    0000000000CB7D0F  Unknown               Unknown  Unknown
330: ufs_model_gfs.x    0000000000FE92FA  Unknown               Unknown  Unknown
330: ufs_model_gfs.x    0000000000A18F00  Unknown               Unknown  Unknown
330: ufs_model_gfs.x    0000000000736BE1  Unknown               Unknown  Unknown
330: ufs_model_gfs.x    0000000000448377  Unknown               Unknown  Unknown
330: ufs_model_gfs.x    0000000000447BCA  Unknown               Unknown  Unknown
330: ufs_model_gfs.x    0000000000D51C38  Unknown               Unknown  Unknown
330: ufs_model_gfs.x    0000000000D51BA6  Unknown               Unknown  Unknown
330: ufs_model_gfs.x    0000000000D5067C  Unknown               Unknown  Unknown
330: ufs_model_gfs.x    0000000000B937FE  Unknown               Unknown  Unknown
330: ufs_model_gfs.x    0000000000444BEF  Unknown               Unknown  Unknown
330: ufs_model_gfs.x    0000000000FE7855  Unknown               Unknown  Unknown
330: ufs_model_gfs.x    0000000000FEC0FF  Unknown               Unknown  Unknown
330: ufs_model_gfs.x    0000000000C9628A  Unknown               Unknown  Unknown
330: ufs_model_gfs.x    0000000000CB7D0F  Unknown               Unknown  Unknown
330: ufs_model_gfs.x    0000000000FE92FA  Unknown               Unknown  Unknown
330: ufs_model_gfs.x    0000000000A18F00  Unknown               Unknown  Unknown
330: ufs_model_gfs.x    0000000000736BE1  Unknown               Unknown  Unknown
330: ufs_model_gfs.x    0000000000436749  MAIN__                    409  UFS.F90
330: ufs_model_gfs.x    000000000043549D  Unknown               Unknown  Unknown
330: libc.so.6          0000149E1E1EAEEC  Unknown               Unknown  Unknown
330: libc.so.6          0000149E1E1EAFB5  __libc_start_main     Unknown  Unknown
330: ufs_model_gfs.x    00000000004353A1  Unknown               Unknown  Unknown
198: forrtl: error (78): process killed (SIGTERM)
198: Image              PC                Routine            Line        Source             
198: libc.so.6          00001472FD601980  Unknown               Unknown  Unknown
198: libc.so.6          00001472FD6BE1E7  __sched_yield         Unknown  Unknown
198: libmpi_intel.so.1  00001472FDFB92AC  Unknown               Unknown  Unknown
198: libmpi_intel.so.1  00001472FDFD06BC  MPI_Probe             Unknown  Unknown
198: ufs_model_gfs.x    0000000000CAC940  Unknown               Unknown  Unknown
198: ufs_model_gfs.x    000000000101F1BA  Unknown               Unknown  Unknown
198: ufs_model_gfs.x    000000000101D613  Unknown               Unknown  Unknown
198: ufs_model_gfs.x    0000000001277EB2  Unknown               Unknown  Unknown
198: ufs_model_gfs.x    0000000001269A7F  Unknown               Unknown  Unknown
198: ufs_model_gfs.x    0000000000C260A6  Unknown               Unknown  Unknown
198: ufs_model_gfs.x    00000000009D667F  Unknown               Unknown  Unknown
198: ufs_model_gfs.x    000000000303A444  ufsatm_cap_mod_mp        1603  ufsatm_cap.F90
198: ufs_model_gfs.x    0000000003038A72  ufsatm_cap_mod_mp        1440  ufsatm_cap.F90
198: ufs_model_gfs.x    0000000000D51C38  Unknown               Unknown  Unknown
198: ufs_model_gfs.x    0000000000D51BA6  Unknown               Unknown  Unknown
198: ufs_model_gfs.x    0000000000D5067C  Unknown               Unknown  Unknown
198: ufs_model_gfs.x    0000000000B937FE  Unknown               Unknown  Unknown
198: ufs_model_gfs.x    0000000006AC85DA  Unknown               Unknown  Unknown
198: ufs_model_gfs.x    0000000000FE7855  Unknown               Unknown  Unknown
198: ufs_model_gfs.x    0000000000FEC0FF  Unknown               Unknown  Unknown
198: ufs_model_gfs.x    0000000000C9628A  Unknown               Unknown  Unknown
198: ufs_model_gfs.x    0000000000CB7D0F  Unknown               Unknown  Unknown
198: ufs_model_gfs.x    0000000000FE92FA  Unknown               Unknown  Unknown
198: ufs_model_gfs.x    0000000000A18F00  Unknown               Unknown  Unknown
198: ufs_model_gfs.x    0000000000736BE1  Unknown               Unknown  Unknown
198: ufs_model_gfs.x    0000000000448377  Unknown               Unknown  Unknown
198: ufs_model_gfs.x    0000000000447BCA  Unknown               Unknown  Unknown
198: ufs_model_gfs.x    0000000000D51C38  Unknown               Unknown  Unknown
198: ufs_model_gfs.x    0000000000D51BA6  Unknown               Unknown  Unknown
198: ufs_model_gfs.x    0000000000D5067C  Unknown               Unknown  Unknown
198: ufs_model_gfs.x    0000000000B937FE  Unknown               Unknown  Unknown
198: ufs_model_gfs.x    0000000000444BEF  Unknown               Unknown  Unknown
198: ufs_model_gfs.x    0000000000FE7855  Unknown               Unknown  Unknown
198: ufs_model_gfs.x    0000000000FEC0FF  Unknown               Unknown  Unknown
198: ufs_model_gfs.x    0000000000C9628A  Unknown               Unknown  Unknown
198: ufs_model_gfs.x    0000000000CB7D0F  Unknown               Unknown  Unknown
198: ufs_model_gfs.x    0000000000FE92FA  Unknown               Unknown  Unknown
198: ufs_model_gfs.x    0000000000A18F00  Unknown               Unknown  Unknown
198: ufs_model_gfs.x    0000000000736BE1  Unknown               Unknown  Unknown
198: ufs_model_gfs.x    0000000000436749  MAIN__                    409  UFS.F90
198: ufs_model_gfs.x    000000000043549D  Unknown               Unknown  Unknown
198: libc.so.6          00001472FD5EAEEC  Unknown               Unknown  Unknown
198: libc.so.6          00001472FD5EAFB5  __libc_start_main     Unknown  Unknown
198: ufs_model_gfs.x    00000000004353A1  Unknown               Unknown  Unknown
197: forrtl: error (78): process killed (SIGTERM)
197: Image              PC                Routine            Line        Source             
197: libc.so.6          00001482B5601980  Unknown               Unknown  Unknown
197: libc.so.6          00001482B56BE1E7  __sched_yield         Unknown  Unknown
197: libmpi_intel.so.1  00001482B5FB92AC  Unknown               Unknown  Unknown
197: libmpi_intel.so.1  00001482B5FD06BC  MPI_Probe             Unknown  Unknown
197: ufs_model_gfs.x    0000000000CAC940  Unknown               Unknown  Unknown
197: ufs_model_gfs.x    000000000101F1BA  Unknown               Unknown  Unknown
197: ufs_model_gfs.x    000000000101D613  Unknown               Unknown  Unknown
197: ufs_model_gfs.x    0000000001277EB2  Unknown               Unknown  Unknown
197: ufs_model_gfs.x    0000000001269A7F  Unknown               Unknown  Unknown
197: ufs_model_gfs.x    0000000000C260A6  Unknown               Unknown  Unknown
197: ufs_model_gfs.x    00000000009D667F  Unknown               Unknown  Unknown
197: ufs_model_gfs.x    000000000303A444  ufsatm_cap_mod_mp        1603  ufsatm_cap.F90
197: ufs_model_gfs.x    0000000003038A72  ufsatm_cap_mod_mp        1440  ufsatm_cap.F90
197: ufs_model_gfs.x    0000000000D51C38  Unknown               Unknown  Unknown
197: ufs_model_gfs.x    0000000000D51BA6  Unknown               Unknown  Unknown
197: ufs_model_gfs.x    0000000000D5067C  Unknown               Unknown  Unknown
197: ufs_model_gfs.x    0000000000B937FE  Unknown               Unknown  Unknown
197: ufs_model_gfs.x    0000000006AC85DA  Unknown               Unknown  Unknown
197: ufs_model_gfs.x    0000000000FE7855  Unknown               Unknown  Unknown
197: ufs_model_gfs.x    0000000000FEC0FF  Unknown               Unknown  Unknown
197: ufs_model_gfs.x    0000000000C9628A  Unknown               Unknown  Unknown
197: ufs_model_gfs.x    0000000000CB7D0F  Unknown               Unknown  Unknown
197: ufs_model_gfs.x    0000000000FE92FA  Unknown               Unknown  Unknown
197: ufs_model_gfs.x    0000000000A18F00  Unknown               Unknown  Unknown
197: ufs_model_gfs.x    0000000000736BE1  Unknown               Unknown  Unknown
197: ufs_model_gfs.x    0000000000448377  Unknown               Unknown  Unknown
197: ufs_model_gfs.x    0000000000447BCA  Unknown               Unknown  Unknown
197: ufs_model_gfs.x    0000000000D51C38  Unknown               Unknown  Unknown
197: ufs_model_gfs.x    0000000000D51BA6  Unknown               Unknown  Unknown
197: ufs_model_gfs.x    0000000000D5067C  Unknown               Unknown  Unknown
197: ufs_model_gfs.x    0000000000B937FE  Unknown               Unknown  Unknown
197: ufs_model_gfs.x    0000000000444BEF  Unknown               Unknown  Unknown
197: ufs_model_gfs.x    0000000000FE7855  Unknown               Unknown  Unknown
197: ufs_model_gfs.x    0000000000FEC0FF  Unknown               Unknown  Unknown
197: ufs_model_gfs.x    0000000000C9628A  Unknown               Unknown  Unknown
197: ufs_model_gfs.x    0000000000CB7D0F  Unknown               Unknown  Unknown
197: ufs_model_gfs.x    0000000000FE92FA  Unknown               Unknown  Unknown
197: ufs_model_gfs.x    0000000000A18F00  Unknown               Unknown  Unknown
197: ufs_model_gfs.x    0000000000736BE1  Unknown               Unknown  Unknown
197: ufs_model_gfs.x    0000000000436749  MAIN__                    409  UFS.F90
197: ufs_model_gfs.x    000000000043549D  Unknown               Unknown  Unknown
197: libc.so.6          00001482B55EAEEC  Unknown               Unknown  Unknown
197: libc.so.6          00001482B55EAFB5  __libc_start_main     Unknown  Unknown
197: ufs_model_gfs.x    00000000004353A1  Unknown               Unknown  Unknown
311: forrtl: error (78): process killed (SIGTERM)
311: Image              PC                Routine            Line        Source             
311: libc.so.6          0000148D69601980  Unknown               Unknown  Unknown
311: libc.so.6          0000148D696BE1E7  __sched_yield         Unknown  Unknown
311: libmpi_intel.so.1  0000148D6A55C815  Unknown               Unknown  Unknown
311: libmpi_intel.so.1  0000148D6A599335  Unknown               Unknown  Unknown
311: libmpi_intel.so.1  0000148D6A599B31  MPI_Waitall           Unknown  Unknown
311: libmpifort_intel.  0000148D6CF6983E  pmpi_waitall          Unknown  Unknown
311: ufs_model_gfs.x    00000000064198FF  ice_boundary_mp_i        3071  ice_boundary.F90
311: ufs_model_gfs.x    0000000006601A5A  ice_transport_rem         555  ice_transport_remap.F90
311: ufs_model_gfs.x    00000000065ED301  ice_transport_dri         539  ice_transport_driver.F90
311: ufs_model_gfs.x    00000000066BE8EE  ice_step_mod_mp_s        1047  ice_step_mod.F90
311: ufs_model_gfs.x    000000000648DFC0  cice_runmod_mp_ci         270  CICE_RunMod.F90
311: ufs_model_gfs.x    00000000060F8F68  ice_comp_nuopc_mp        1273  ice_comp_nuopc.F90
311: ufs_model_gfs.x    0000000000D51C38  Unknown               Unknown  Unknown
311: ufs_model_gfs.x    0000000000D51BA6  Unknown               Unknown  Unknown
311: ufs_model_gfs.x    0000000000D5067C  Unknown               Unknown  Unknown
311: ufs_model_gfs.x    0000000000B937FE  Unknown               Unknown  Unknown
311: ufs_model_gfs.x    0000000006AC85DA  Unknown               Unknown  Unknown
311: ufs_model_gfs.x    0000000000FE7855  Unknown               Unknown  Unknown
311: ufs_model_gfs.x    0000000000FEC0FF  Unknown               Unknown  Unknown
311: ufs_model_gfs.x    0000000000C9649A  Unknown               Unknown  Unknown
311: ufs_model_gfs.x    0000000000CB7D0F  Unknown               Unknown  Unknown
311: ufs_model_gfs.x    0000000000FE92FA  Unknown               Unknown  Unknown
311: ufs_model_gfs.x    0000000000A18F00  Unknown               Unknown  Unknown
311: ufs_model_gfs.x    0000000000736BE1  Unknown               Unknown  Unknown
311: ufs_model_gfs.x    0000000000448377  Unknown               Unknown  Unknown
311: ufs_model_gfs.x    0000000000447BCA  Unknown               Unknown  Unknown
311: ufs_model_gfs.x    0000000000D51C38  Unknown               Unknown  Unknown
311: ufs_model_gfs.x    0000000000D51BA6  Unknown               Unknown  Unknown
311: ufs_model_gfs.x    0000000000D5067C  Unknown               Unknown  Unknown
311: ufs_model_gfs.x    0000000000B937FE  Unknown               Unknown  Unknown
311: ufs_model_gfs.x    0000000000444BEF  Unknown               Unknown  Unknown
311: ufs_model_gfs.x    0000000000FE7855  Unknown               Unknown  Unknown
311: ufs_model_gfs.x    0000000000FEC0FF  Unknown               Unknown  Unknown
311: ufs_model_gfs.x    0000000000C9628A  Unknown               Unknown  Unknown
311: ufs_model_gfs.x    0000000000CB7D0F  Unknown               Unknown  Unknown
311: ufs_model_gfs.x    0000000000FE92FA  Unknown               Unknown  Unknown
311: ufs_model_gfs.x    0000000000A18F00  Unknown               Unknown  Unknown
311: ufs_model_gfs.x    0000000000736BE1  Unknown               Unknown  Unknown
311: ufs_model_gfs.x    0000000000436749  MAIN__                    409  UFS.F90
311: ufs_model_gfs.x    000000000043549D  Unknown               Unknown  Unknown
311: libc.so.6          0000148D695EAEEC  Unknown               Unknown  Unknown
311: libc.so.6          0000148D695EAFB5  __libc_start_main     Unknown  Unknown
311: ufs_model_gfs.x    00000000004353A1  Unknown               Unknown  Unknown
317: forrtl: error (78): process killed (SIGTERM)
317: Image              PC                Routine            Line        Source             
317: libc.so.6          0000152273801980  Unknown               Unknown  Unknown
317: libc.so.6          00001522738BE1E7  __sched_yield         Unknown  Unknown
317: libmpi_intel.so.1  000015227475C815  Unknown               Unknown  Unknown
317: libmpi_intel.so.1  0000152274799335  Unknown               Unknown  Unknown
317: libmpi_intel.so.1  0000152274799B31  MPI_Waitall           Unknown  Unknown
317: libmpifort_intel.  00001522770EB83E  pmpi_waitall          Unknown  Unknown
317: ufs_model_gfs.x    00000000064198FF  ice_boundary_mp_i        3071  ice_boundary.F90
317: ufs_model_gfs.x    0000000006601A5A  ice_transport_rem         555  ice_transport_remap.F90
317: ufs_model_gfs.x    00000000065ED301  ice_transport_dri         539  ice_transport_driver.F90
317: ufs_model_gfs.x    00000000066BE8EE  ice_step_mod_mp_s        1047  ice_step_mod.F90
317: ufs_model_gfs.x    000000000648DFC0  cice_runmod_mp_ci         270  CICE_RunMod.F90
317: ufs_model_gfs.x    00000000060F8F68  ice_comp_nuopc_mp        1273  ice_comp_nuopc.F90
317: ufs_model_gfs.x    0000000000D51C38  Unknown               Unknown  Unknown
317: ufs_model_gfs.x    0000000000D51BA6  Unknown               Unknown  Unknown
317: ufs_model_gfs.x    0000000000D5067C  Unknown               Unknown  Unknown
317: ufs_model_gfs.x    0000000000B937FE  Unknown               Unknown  Unknown
317: ufs_model_gfs.x    0000000006AC85DA  Unknown               Unknown  Unknown
317: ufs_model_gfs.x    0000000000FE7855  Unknown               Unknown  Unknown
317: ufs_model_gfs.x    0000000000FEC0FF  Unknown               Unknown  Unknown
317: ufs_model_gfs.x    0000000000C9649A  Unknown               Unknown  Unknown
317: ufs_model_gfs.x    0000000000CB7D0F  Unknown               Unknown  Unknown
317: ufs_model_gfs.x    0000000000FE92FA  Unknown               Unknown  Unknown
317: ufs_model_gfs.x    0000000000A18F00  Unknown               Unknown  Unknown
317: ufs_model_gfs.x    0000000000736BE1  Unknown               Unknown  Unknown
317: ufs_model_gfs.x    0000000000448377  Unknown               Unknown  Unknown
317: ufs_model_gfs.x    0000000000447BCA  Unknown               Unknown  Unknown
317: ufs_model_gfs.x    0000000000D51C38  Unknown               Unknown  Unknown
317: ufs_model_gfs.x    0000000000D51BA6  Unknown               Unknown  Unknown
317: ufs_model_gfs.x    0000000000D5067C  Unknown               Unknown  Unknown
317: ufs_model_gfs.x    0000000000B937FE  Unknown               Unknown  Unknown
317: ufs_model_gfs.x    0000000000444BEF  Unknown               Unknown  Unknown
317: ufs_model_gfs.x    0000000000FE7855  Unknown               Unknown  Unknown
317: ufs_model_gfs.x    0000000000FEC0FF  Unknown               Unknown  Unknown
317: ufs_model_gfs.x    0000000000C9628A  Unknown               Unknown  Unknown
317: ufs_model_gfs.x    0000000000CB7D0F  Unknown               Unknown  Unknown
317: ufs_model_gfs.x    0000000000FE92FA  Unknown               Unknown  Unknown
317: ufs_model_gfs.x    0000000000A18F00  Unknown               Unknown  Unknown
317: ufs_model_gfs.x    0000000000736BE1  Unknown               Unknown  Unknown
317: ufs_model_gfs.x    0000000000436749  MAIN__                    409  UFS.F90
317: ufs_model_gfs.x    000000000043549D  Unknown               Unknown  Unknown
317: libc.so.6          00001522737EAEEC  Unknown               Unknown  Unknown
317: libc.so.6          00001522737EAFB5  __libc_start_main     Unknown  Unknown
317: ufs_model_gfs.x    00000000004353A1  Unknown               Unknown  Unknown
333: forrtl: error (78): process killed (SIGTERM)
333: Image              PC                Routine            Line        Source             
333: libc.so.6          0000147091A01980  Unknown               Unknown  Unknown
333: libc.so.6          0000147091ABE1E7  __sched_yield         Unknown  Unknown
333: libmpi_intel.so.1  000014709295C815  Unknown               Unknown  Unknown
333: libmpi_intel.so.1  0000147092999335  Unknown               Unknown  Unknown
333: libmpi_intel.so.1  0000147092999B31  MPI_Waitall           Unknown  Unknown
333: libmpifort_intel.  000014709535983E  pmpi_waitall          Unknown  Unknown
333: ufs_model_gfs.x    000000000640CFA7  ice_boundary_mp_i        1511  ice_boundary.F90
333: ufs_model_gfs.x    0000000006601A1F  ice_transport_rem         549  ice_transport_remap.F90
333: ufs_model_gfs.x    00000000065ED301  ice_transport_dri         539  ice_transport_driver.F90
333: ufs_model_gfs.x    00000000066BE8EE  ice_step_mod_mp_s        1047  ice_step_mod.F90
333: ufs_model_gfs.x    000000000648DFC0  cice_runmod_mp_ci         270  CICE_RunMod.F90
333: ufs_model_gfs.x    00000000060F8F68  ice_comp_nuopc_mp        1273  ice_comp_nuopc.F90
333: ufs_model_gfs.x    0000000000D51C38  Unknown               Unknown  Unknown
333: ufs_model_gfs.x    0000000000D51BA6  Unknown               Unknown  Unknown
333: ufs_model_gfs.x    0000000000D5067C  Unknown               Unknown  Unknown
333: ufs_model_gfs.x    0000000000B937FE  Unknown               Unknown  Unknown
333: ufs_model_gfs.x    0000000006AC85DA  Unknown               Unknown  Unknown
333: ufs_model_gfs.x    0000000000FE7855  Unknown               Unknown  Unknown
333: ufs_model_gfs.x    0000000000FEC0FF  Unknown               Unknown  Unknown
333: ufs_model_gfs.x    0000000000C9649A  Unknown               Unknown  Unknown
333: ufs_model_gfs.x    0000000000CB7D0F  Unknown               Unknown  Unknown
333: ufs_model_gfs.x    0000000000FE92FA  Unknown               Unknown  Unknown
333: ufs_model_gfs.x    0000000000A18F00  Unknown               Unknown  Unknown
333: ufs_model_gfs.x    0000000000736BE1  Unknown               Unknown  Unknown
333: ufs_model_gfs.x    0000000000448377  Unknown               Unknown  Unknown
333: ufs_model_gfs.x    0000000000447BCA  Unknown               Unknown  Unknown
333: ufs_model_gfs.x    0000000000D51C38  Unknown               Unknown  Unknown
333: ufs_model_gfs.x    0000000000D51BA6  Unknown               Unknown  Unknown
333: ufs_model_gfs.x    0000000000D5067C  Unknown               Unknown  Unknown
333: ufs_model_gfs.x    0000000000B937FE  Unknown               Unknown  Unknown
333: ufs_model_gfs.x    0000000000444BEF  Unknown               Unknown  Unknown
333: ufs_model_gfs.x    0000000000FE7855  Unknown               Unknown  Unknown
333: ufs_model_gfs.x    0000000000FEC0FF  Unknown               Unknown  Unknown
333: ufs_model_gfs.x    0000000000C9628A  Unknown               Unknown  Unknown
333: ufs_model_gfs.x    0000000000CB7D0F  Unknown               Unknown  Unknown
333: ufs_model_gfs.x    0000000000FE92FA  Unknown               Unknown  Unknown
333: ufs_model_gfs.x    0000000000A18F00  Unknown               Unknown  Unknown
333: ufs_model_gfs.x    0000000000736BE1  Unknown               Unknown  Unknown
333: ufs_model_gfs.x    0000000000436749  MAIN__                    409  UFS.F90
333: ufs_model_gfs.x    000000000043549D  Unknown               Unknown  Unknown
333: libc.so.6          00001470919EAEEC  Unknown               Unknown  Unknown
333: libc.so.6          00001470919EAFB5  __libc_start_main     Unknown  Unknown
333: ufs_model_gfs.x    00000000004353A1  Unknown               Unknown  Unknown
148: forrtl: error (78): process killed (SIGTERM)
148: Image              PC                Routine            Line        Source             
148: libc.so.6          00001500D1201980  Unknown               Unknown  Unknown
148: libmpi_intel.so.1  00001500D1BCDA26  MPI_Probe             Unknown  Unknown
148: ufs_model_gfs.x    0000000000CAC940  Unknown               Unknown  Unknown
148: ufs_model_gfs.x    000000000101F1BA  Unknown               Unknown  Unknown
148: ufs_model_gfs.x    000000000101D613  Unknown               Unknown  Unknown
148: ufs_model_gfs.x    0000000001277EB2  Unknown               Unknown  Unknown
148: ufs_model_gfs.x    0000000001269A7F  Unknown               Unknown  Unknown
148: ufs_model_gfs.x    0000000000C260A6  Unknown               Unknown  Unknown
148: ufs_model_gfs.x    00000000009D667F  Unknown               Unknown  Unknown
148: ufs_model_gfs.x    000000000303A444  ufsatm_cap_mod_mp        1603  ufsatm_cap.F90
148: ufs_model_gfs.x    0000000003038A72  ufsatm_cap_mod_mp        1440  ufsatm_cap.F90
148: ufs_model_gfs.x    0000000000D51C38  Unknown               Unknown  Unknown
148: ufs_model_gfs.x    0000000000D51BA6  Unknown               Unknown  Unknown
148: ufs_model_gfs.x    0000000000D5067C  Unknown               Unknown  Unknown
148: ufs_model_gfs.x    0000000000B937FE  Unknown               Unknown  Unknown
148: ufs_model_gfs.x    0000000006AC85DA  Unknown               Unknown  Unknown
148: ufs_model_gfs.x    0000000000FE7855  Unknown               Unknown  Unknown
148: ufs_model_gfs.x    0000000000FEC0FF  Unknown               Unknown  Unknown
148: ufs_model_gfs.x    0000000000C9628A  Unknown               Unknown  Unknown
148: ufs_model_gfs.x    0000000000CB7D0F  Unknown               Unknown  Unknown
148: ufs_model_gfs.x    0000000000FE92FA  Unknown               Unknown  Unknown
148: ufs_model_gfs.x    0000000000A18F00  Unknown               Unknown  Unknown
148: ufs_model_gfs.x    0000000000736BE1  Unknown               Unknown  Unknown
148: ufs_model_gfs.x    0000000000448377  Unknown               Unknown  Unknown
148: ufs_model_gfs.x    0000000000447BCA  Unknown               Unknown  Unknown
148: ufs_model_gfs.x    0000000000D51C38  Unknown               Unknown  Unknown
148: ufs_model_gfs.x    0000000000D51BA6  Unknown               Unknown  Unknown
148: ufs_model_gfs.x    0000000000D5067C  Unknown               Unknown  Unknown
148: ufs_model_gfs.x    0000000000B937FE  Unknown               Unknown  Unknown
148: ufs_model_gfs.x    0000000000444BEF  Unknown               Unknown  Unknown
148: ufs_model_gfs.x    0000000000FE7855  Unknown               Unknown  Unknown
148: ufs_model_gfs.x    0000000000FEC0FF  Unknown               Unknown  Unknown
148: ufs_model_gfs.x    0000000000C9628A  Unknown               Unknown  Unknown
148: ufs_model_gfs.x    0000000000CB7D0F  Unknown               Unknown  Unknown
148: ufs_model_gfs.x    0000000000FE92FA  Unknown               Unknown  Unknown
148: ufs_model_gfs.x    0000000000A18F00  Unknown               Unknown  Unknown
148: ufs_model_gfs.x    0000000000736BE1  Unknown               Unknown  Unknown
148: ufs_model_gfs.x    0000000000436749  MAIN__                    409  UFS.F90
148: ufs_model_gfs.x    000000000043549D  Unknown               Unknown  Unknown
148: libc.so.6          00001500D11EAEEC  Unknown               Unknown  Unknown
148: libc.so.6          00001500D11EAFB5  __libc_start_main     Unknown  Unknown
148: ufs_model_gfs.x    00000000004353A1  Unknown               Unknown  Unknown
185: forrtl: error (78): process killed (SIGTERM)
185: Image              PC                Routine            Line        Source             
185: libc.so.6          0000147FC1601980  Unknown               Unknown  Unknown
185: libc.so.6          0000147FC16BE1E7  __sched_yield         Unknown  Unknown
185: libmpi_intel.so.1  0000147FC1FD166D  MPI_Probe             Unknown  Unknown
185: ufs_model_gfs.x    0000000000CAC940  Unknown               Unknown  Unknown
185: ufs_model_gfs.x    000000000101F1BA  Unknown               Unknown  Unknown
185: ufs_model_gfs.x    000000000101D613  Unknown               Unknown  Unknown
185: ufs_model_gfs.x    0000000001277EB2  Unknown               Unknown  Unknown
185: ufs_model_gfs.x    0000000001269A7F  Unknown               Unknown  Unknown
185: ufs_model_gfs.x    0000000000C260A6  Unknown               Unknown  Unknown
185: ufs_model_gfs.x    00000000009D667F  Unknown               Unknown  Unknown
185: ufs_model_gfs.x    000000000303A444  ufsatm_cap_mod_mp        1603  ufsatm_cap.F90
185: ufs_model_gfs.x    0000000003038A72  ufsatm_cap_mod_mp        1440  ufsatm_cap.F90
185: ufs_model_gfs.x    0000000000D51C38  Unknown               Unknown  Unknown
185: ufs_model_gfs.x    0000000000D51BA6  Unknown               Unknown  Unknown
185: ufs_model_gfs.x    0000000000D5067C  Unknown               Unknown  Unknown
185: ufs_model_gfs.x    0000000000B937FE  Unknown               Unknown  Unknown
185: ufs_model_gfs.x    0000000006AC85DA  Unknown               Unknown  Unknown
185: ufs_model_gfs.x    0000000000FE7855  Unknown               Unknown  Unknown
185: ufs_model_gfs.x    0000000000FEC0FF  Unknown               Unknown  Unknown
185: ufs_model_gfs.x    0000000000C9628A  Unknown               Unknown  Unknown
185: ufs_model_gfs.x    0000000000CB7D0F  Unknown               Unknown  Unknown
185: ufs_model_gfs.x    0000000000FE92FA  Unknown               Unknown  Unknown
185: ufs_model_gfs.x    0000000000A18F00  Unknown               Unknown  Unknown
185: ufs_model_gfs.x    0000000000736BE1  Unknown               Unknown  Unknown
185: ufs_model_gfs.x    0000000000448377  Unknown               Unknown  Unknown
185: ufs_model_gfs.x    0000000000447BCA  Unknown               Unknown  Unknown
185: ufs_model_gfs.x    0000000000D51C38  Unknown               Unknown  Unknown
185: ufs_model_gfs.x    0000000000D51BA6  Unknown               Unknown  Unknown
185: ufs_model_gfs.x    0000000000D5067C  Unknown               Unknown  Unknown
185: ufs_model_gfs.x    0000000000B937FE  Unknown               Unknown  Unknown
185: ufs_model_gfs.x    0000000000444BEF  Unknown               Unknown  Unknown
185: ufs_model_gfs.x    0000000000FE7855  Unknown               Unknown  Unknown
185: ufs_model_gfs.x    0000000000FEC0FF  Unknown               Unknown  Unknown
185: ufs_model_gfs.x    0000000000C9628A  Unknown               Unknown  Unknown
185: ufs_model_gfs.x    0000000000CB7D0F  Unknown               Unknown  Unknown
185: ufs_model_gfs.x    0000000000FE92FA  Unknown               Unknown  Unknown
185: ufs_model_gfs.x    0000000000A18F00  Unknown               Unknown  Unknown
185: ufs_model_gfs.x    0000000000736BE1  Unknown               Unknown  Unknown
185: ufs_model_gfs.x    0000000000436749  MAIN__                    409  UFS.F90
185: ufs_model_gfs.x    000000000043549D  Unknown               Unknown  Unknown
185: libc.so.6          0000147FC15EAEEC  Unknown               Unknown  Unknown
185: libc.so.6          0000147FC15EAFB5  __libc_start_main     Unknown  Unknown
185: ufs_model_gfs.x    00000000004353A1  Unknown               Unknown  Unknown
152: forrtl: error (78): process killed (SIGTERM)
152: Image              PC                Routine            Line        Source             
152: libc.so.6          000014D853201980  Unknown               Unknown  Unknown
152: libmpi_intel.so.1  000014D853BD0D24  MPI_Probe             Unknown  Unknown
152: ufs_model_gfs.x    0000000000CAC940  Unknown               Unknown  Unknown
152: ufs_model_gfs.x    000000000101F1BA  Unknown               Unknown  Unknown
152: ufs_model_gfs.x    000000000101D613  Unknown               Unknown  Unknown
152: ufs_model_gfs.x    0000000001277EB2  Unknown               Unknown  Unknown
152: ufs_model_gfs.x    0000000001269A7F  Unknown               Unknown  Unknown
152: ufs_model_gfs.x    0000000000C260A6  Unknown               Unknown  Unknown
152: ufs_model_gfs.x    00000000009D667F  Unknown               Unknown  Unknown
152: ufs_model_gfs.x    000000000303A444  ufsatm_cap_mod_mp        1603  ufsatm_cap.F90
152: ufs_model_gfs.x    0000000003038A72  ufsatm_cap_mod_mp        1440  ufsatm_cap.F90
152: ufs_model_gfs.x    0000000000D51C38  Unknown               Unknown  Unknown
152: ufs_model_gfs.x    0000000000D51BA6  Unknown               Unknown  Unknown
152: ufs_model_gfs.x    0000000000D5067C  Unknown               Unknown  Unknown
152: ufs_model_gfs.x    0000000000B937FE  Unknown               Unknown  Unknown
152: ufs_model_gfs.x    0000000006AC85DA  Unknown               Unknown  Unknown
152: ufs_model_gfs.x    0000000000FE7855  Unknown               Unknown  Unknown
152: ufs_model_gfs.x    0000000000FEC0FF  Unknown               Unknown  Unknown
152: ufs_model_gfs.x    0000000000C9628A  Unknown               Unknown  Unknown
152: ufs_model_gfs.x    0000000000CB7D0F  Unknown               Unknown  Unknown
152: ufs_model_gfs.x    0000000000FE92FA  Unknown               Unknown  Unknown
152: ufs_model_gfs.x    0000000000A18F00  Unknown               Unknown  Unknown
152: ufs_model_gfs.x    0000000000736BE1  Unknown               Unknown  Unknown
152: ufs_model_gfs.x    0000000000448377  Unknown               Unknown  Unknown
152: ufs_model_gfs.x    0000000000447BCA  Unknown               Unknown  Unknown
152: ufs_model_gfs.x    0000000000D51C38  Unknown               Unknown  Unknown
152: ufs_model_gfs.x    0000000000D51BA6  Unknown               Unknown  Unknown
152: ufs_model_gfs.x    0000000000D5067C  Unknown               Unknown  Unknown
152: ufs_model_gfs.x    0000000000B937FE  Unknown               Unknown  Unknown
152: ufs_model_gfs.x    0000000000444BEF  Unknown               Unknown  Unknown
152: ufs_model_gfs.x    0000000000FE7855  Unknown               Unknown  Unknown
152: ufs_model_gfs.x    0000000000FEC0FF  Unknown               Unknown  Unknown
152: ufs_model_gfs.x    0000000000C9628A  Unknown               Unknown  Unknown
152: ufs_model_gfs.x    0000000000CB7D0F  Unknown               Unknown  Unknown
152: ufs_model_gfs.x    0000000000FE92FA  Unknown               Unknown  Unknown
152: ufs_model_gfs.x    0000000000A18F00  Unknown               Unknown  Unknown
152: ufs_model_gfs.x    0000000000736BE1  Unknown               Unknown  Unknown
152: ufs_model_gfs.x    0000000000436749  MAIN__                    409  UFS.F90
152: ufs_model_gfs.x    000000000043549D  Unknown               Unknown  Unknown
152: libc.so.6          000014D8531EAEEC  Unknown               Unknown  Unknown
152: libc.so.6          000014D8531EAFB5  __libc_start_main     Unknown  Unknown
152: ufs_model_gfs.x    00000000004353A1  Unknown               Unknown  Unknown
124:  NOTE: gocart aerosol initialization is reading input data with all MPI ranks
124: forrtl: error (78): process killed (SIGTERM)
124: Image              PC                Routine            Line        Source             
124: libc.so.6          0000149D23401980  Unknown               Unknown  Unknown
124: libnetcdff.so.7.2  0000149D272FCF5A  __libm_pow_l9         Unknown  Unknown
124: ufs_model_gfs.x    0000000003FAC354  module_mp_thompso        6492  module_mp_thompson.F90
124: ufs_model_gfs.x    0000000003F908D7  module_mp_thompso        1466  module_mp_thompson.F90
124: ufs_model_gfs.x    0000000003FE262E  mp_thompson_mp_mp         897  mp_thompson.F90
124: ufs_model_gfs.x    0000000003B5C49D  _coupled_p8_ugwpv        1349  ccpp_fv3_gfs_v17_coupled_p8_ugwpv1_phys_ts_cap.F90
124: ufs_model_gfs.x    00000000039AC850  ccpp_static_api_m         644  ccpp_static_api.F90
124: ufs_model_gfs.x    00000000039A8530  ccpp_driver_mp_cc         234  CCPP_driver.F90
124: libiomp5.so        0000149D26963493  __kmp_invoke_micr     Unknown  Unknown
124: libiomp5.so        0000149D268D1CA4  __kmp_fork_call       Unknown  Unknown
124: libiomp5.so        0000149D26889D23  __kmpc_fork_call      Unknown  Unknown
124: ufs_model_gfs.x    00000000039A7479  ccpp_driver_mp_cc         204  CCPP_driver.F90
124: ufs_model_gfs.x    00000000031A5FC8  atmos_model_mod_m         387  atmos_model.F90
124: ufs_model_gfs.x    000000000304CD3F  module_fcst_grid_        1481  module_fcst_grid_comp.F90
124: ufs_model_gfs.x    0000000000FE7855  Unknown               Unknown  Unknown
124: ufs_model_gfs.x    0000000000FEC0FF  Unknown               Unknown  Unknown
124: ufs_model_gfs.x    0000000000C9649A  Unknown               Unknown  Unknown
124: ufs_model_gfs.x    0000000000CB7D0F  Unknown               Unknown  Unknown
124: ufs_model_gfs.x    0000000000FE92FA  Unknown               Unknown  Unknown
124: ufs_model_gfs.x    0000000000A18F00  Unknown               Unknown  Unknown
124: ufs_model_gfs.x    0000000000736BE1  Unknown               Unknown  Unknown
124: ufs_model_gfs.x    0000000003038F9F  ufsatm_cap_mod_mp        1497  ufsatm_cap.F90
124: ufs_model_gfs.x    0000000003038A09  ufsatm_cap_mod_mp        1437  ufsatm_cap.F90
124: ufs_model_gfs.x    0000000000D51C38  Unknown               Unknown  Unknown
124: ufs_model_gfs.x    0000000000D51BA6  Unknown               Unknown  Unknown
124: ufs_model_gfs.x    0000000000D5067C  Unknown               Unknown  Unknown
124: ufs_model_gfs.x    0000000000B937FE  Unknown               Unknown  Unknown
124: ufs_model_gfs.x    0000000006AC85DA  Unknown               Unknown  Unknown
124: ufs_model_gfs.x    0000000000FE7855  Unknown               Unknown  Unknown
124: ufs_model_gfs.x    0000000000FEC0FF  Unknown               Unknown  Unknown
124: ufs_model_gfs.x    0000000000C9628A  Unknown               Unknown  Unknown
124: ufs_model_gfs.x    0000000000CB7D0F  Unknown               Unknown  Unknown
124: ufs_model_gfs.x    0000000000FE92FA  Unknown               Unknown  Unknown
124: ufs_model_gfs.x    0000000000A18F00  Unknown               Unknown  Unknown
124: ufs_model_gfs.x    0000000000736BE1  Unknown               Unknown  Unknown
124: ufs_model_gfs.x    0000000000448377  Unknown               Unknown  Unknown
124: ufs_model_gfs.x    0000000000447BCA  Unknown               Unknown  Unknown
124: ufs_model_gfs.x    0000000000D51C38  Unknown               Unknown  Unknown
124: ufs_model_gfs.x    0000000000D51BA6  Unknown               Unknown  Unknown
124: ufs_model_gfs.x    0000000000D5067C  Unknown               Unknown  Unknown
124: ufs_model_gfs.x    0000000000B937FE  Unknown               Unknown  Unknown
124: ufs_model_gfs.x    0000000000444BEF  Unknown               Unknown  Unknown
124: ufs_model_gfs.x    0000000000FE7855  Unknown               Unknown  Unknown
124: ufs_model_gfs.x    0000000000FEC0FF  Unknown               Unknown  Unknown
124: ufs_model_gfs.x    0000000000C9628A  Unknown               Unknown  Unknown
124: ufs_model_gfs.x    0000000000CB7D0F  Unknown               Unknown  Unknown
124: ufs_model_gfs.x    0000000000FE92FA  Unknown               Unknown  Unknown
124: ufs_model_gfs.x    0000000000A18F00  Unknown               Unknown  Unknown
124: ufs_model_gfs.x    0000000000736BE1  Unknown               Unknown  Unknown
124: ufs_model_gfs.x    0000000000436749  MAIN__                    409  UFS.F90
124: ufs_model_gfs.x    000000000043549D  Unknown               Unknown  Unknown
124: libc.so.6          0000149D233EAEEC  Unknown               Unknown  Unknown
124: libc.so.6          0000149D233EAFB5  __libc_start_main     Unknown  Unknown
124: ufs_model_gfs.x    00000000004353A1  Unknown               Unknown  Unknown
107:  NOTE: gocart aerosol initialization is reading input data with all MPI ranks
107: forrtl: error (78): process killed (SIGTERM)
107: Image              PC                Routine            Line        Source             
107: libc.so.6          000014A9FCE01980  Unknown               Unknown  Unknown
107: ufs_model_gfs.x    0000000003FAC2DB  module_mp_thompso        6489  module_mp_thompson.F90
107: ufs_model_gfs.x    0000000003F908D7  module_mp_thompso        1466  module_mp_thompson.F90
107: ufs_model_gfs.x    0000000003FE262E  mp_thompson_mp_mp         897  mp_thompson.F90
107: ufs_model_gfs.x    0000000003B5C49D  _coupled_p8_ugwpv        1349  ccpp_fv3_gfs_v17_coupled_p8_ugwpv1_phys_ts_cap.F90
107: ufs_model_gfs.x    00000000039AC850  ccpp_static_api_m         644  ccpp_static_api.F90
107: ufs_model_gfs.x    00000000039A8530  ccpp_driver_mp_cc         234  CCPP_driver.F90
107: libiomp5.so        000014AA00363493  __kmp_invoke_micr     Unknown  Unknown
107: libiomp5.so        000014AA002D1CA4  __kmp_fork_call       Unknown  Unknown
107: libiomp5.so        000014AA00289D23  __kmpc_fork_call      Unknown  Unknown
107: ufs_model_gfs.x    00000000039A7479  ccpp_driver_mp_cc         204  CCPP_driver.F90
107: ufs_model_gfs.x    00000000031A5FC8  atmos_model_mod_m         387  atmos_model.F90
107: ufs_model_gfs.x    000000000304CD3F  module_fcst_grid_        1481  module_fcst_grid_comp.F90
107: ufs_model_gfs.x    0000000000FE7855  Unknown               Unknown  Unknown
107: ufs_model_gfs.x    0000000000FEC0FF  Unknown               Unknown  Unknown
107: ufs_model_gfs.x    0000000000C9649A  Unknown               Unknown  Unknown
107: ufs_model_gfs.x    0000000000CB7D0F  Unknown               Unknown  Unknown
107: ufs_model_gfs.x    0000000000FE92FA  Unknown               Unknown  Unknown
107: ufs_model_gfs.x    0000000000A18F00  Unknown               Unknown  Unknown
107: ufs_model_gfs.x    0000000000736BE1  Unknown               Unknown  Unknown
107: ufs_model_gfs.x    0000000003038F9F  ufsatm_cap_mod_mp        1497  ufsatm_cap.F90
107: ufs_model_gfs.x    0000000003038A09  ufsatm_cap_mod_mp        1437  ufsatm_cap.F90
107: ufs_model_gfs.x    0000000000D51C38  Unknown               Unknown  Unknown
107: ufs_model_gfs.x    0000000000D51BA6  Unknown               Unknown  Unknown
107: ufs_model_gfs.x    0000000000D5067C  Unknown               Unknown  Unknown
107: ufs_model_gfs.x    0000000000B937FE  Unknown               Unknown  Unknown
107: ufs_model_gfs.x    0000000006AC85DA  Unknown               Unknown  Unknown
107: ufs_model_gfs.x    0000000000FE7855  Unknown               Unknown  Unknown
107: ufs_model_gfs.x    0000000000FEC0FF  Unknown               Unknown  Unknown
107: ufs_model_gfs.x    0000000000C9628A  Unknown               Unknown  Unknown
107: ufs_model_gfs.x    0000000000CB7D0F  Unknown               Unknown  Unknown
107: ufs_model_gfs.x    0000000000FE92FA  Unknown               Unknown  Unknown
107: ufs_model_gfs.x    0000000000A18F00  Unknown               Unknown  Unknown
107: ufs_model_gfs.x    0000000000736BE1  Unknown               Unknown  Unknown
107: ufs_model_gfs.x    0000000000448377  Unknown               Unknown  Unknown
107: ufs_model_gfs.x    0000000000447BCA  Unknown               Unknown  Unknown
107: ufs_model_gfs.x    0000000000D51C38  Unknown               Unknown  Unknown
107: ufs_model_gfs.x    0000000000D51BA6  Unknown               Unknown  Unknown
107: ufs_model_gfs.x    0000000000D5067C  Unknown               Unknown  Unknown
107: ufs_model_gfs.x    0000000000B937FE  Unknown               Unknown  Unknown
107: ufs_model_gfs.x    0000000000444BEF  Unknown               Unknown  Unknown
107: ufs_model_gfs.x    0000000000FE7855  Unknown               Unknown  Unknown
107: ufs_model_gfs.x    0000000000FEC0FF  Unknown               Unknown  Unknown
107: ufs_model_gfs.x    0000000000C9628A  Unknown               Unknown  Unknown
107: ufs_model_gfs.x    0000000000CB7D0F  Unknown               Unknown  Unknown
107: ufs_model_gfs.x    0000000000FE92FA  Unknown               Unknown  Unknown
107: ufs_model_gfs.x    0000000000A18F00  Unknown               Unknown  Unknown
107: ufs_model_gfs.x    0000000000736BE1  Unknown               Unknown  Unknown
107: ufs_model_gfs.x    0000000000436749  MAIN__                    409  UFS.F90
107: ufs_model_gfs.x    000000000043549D  Unknown               Unknown  Unknown
107: libc.so.6          000014A9FCDEAEEC  Unknown               Unknown  Unknown
107: libc.so.6          000014A9FCDEAFB5  __libc_start_main     Unknown  Unknown
107: ufs_model_gfs.x    00000000004353A1  Unknown               Unknown  Unknown
114:  NOTE: gocart aerosol initialization is reading input data with all MPI ranks
114: forrtl: error (78): process killed (SIGTERM)
114: Image              PC                Routine            Line        Source             
114: libc.so.6          000014E3A7001980  Unknown               Unknown  Unknown
