297: ufs_model_gfs.x    0000000001277EB2  Unknown               Unknown  Unknown
297: ufs_model_gfs.x    0000000001269A7F  Unknown               Unknown  Unknown
297: ufs_model_gfs.x    0000000000C260A6  Unknown               Unknown  Unknown
297: ufs_model_gfs.x    00000000009D667F  Unknown               Unknown  Unknown
297: ufs_model_gfs.x    000000000049EB2A  Unknown               Unknown  Unknown
297: ufs_model_gfs.x    0000000000FE7855  Unknown               Unknown  Unknown
297: ufs_model_gfs.x    0000000000FEC0FF  Unknown               Unknown  Unknown
297: ufs_model_gfs.x    0000000000C9628A  Unknown               Unknown  Unknown
297: ufs_model_gfs.x    0000000000CB7D0F  Unknown               Unknown  Unknown
297: ufs_model_gfs.x    0000000000FE92FA  Unknown               Unknown  Unknown
297: ufs_model_gfs.x    0000000000A18F00  Unknown               Unknown  Unknown
297: ufs_model_gfs.x    0000000000A08761  Unknown               Unknown  Unknown
297: ufs_model_gfs.x    0000000000445828  Unknown               Unknown  Unknown
297: ufs_model_gfs.x    00000000004470A6  Unknown               Unknown  Unknown
297: ufs_model_gfs.x    0000000000D51C38  Unknown               Unknown  Unknown
297: ufs_model_gfs.x    0000000000D51BA6  Unknown               Unknown  Unknown
297: ufs_model_gfs.x    0000000000D5067C  Unknown               Unknown  Unknown
297: ufs_model_gfs.x    0000000000B937FE  Unknown               Unknown  Unknown
297: ufs_model_gfs.x    0000000000444BEF  Unknown               Unknown  Unknown
297: ufs_model_gfs.x    0000000000FE7855  Unknown               Unknown  Unknown
297: ufs_model_gfs.x    0000000000FEC0FF  Unknown               Unknown  Unknown
297: ufs_model_gfs.x    0000000000C9628A  Unknown               Unknown  Unknown
297: ufs_model_gfs.x    0000000000CB7D0F  Unknown               Unknown  Unknown
297: ufs_model_gfs.x    0000000000FE92FA  Unknown               Unknown  Unknown
297: ufs_model_gfs.x    0000000000A18F00  Unknown               Unknown  Unknown
297: ufs_model_gfs.x    0000000000736BE1  Unknown               Unknown  Unknown
297: ufs_model_gfs.x    0000000000436749  MAIN__                    409  UFS.F90
297: ufs_model_gfs.x    000000000043549D  Unknown               Unknown  Unknown
297: libc.so.6          000014DE857EAEEC  Unknown               Unknown  Unknown
297: libc.so.6          000014DE857EAFB5  __libc_start_main     Unknown  Unknown
297: ufs_model_gfs.x    00000000004353A1  Unknown               Unknown  Unknown
320: forrtl: error (78): process killed (SIGTERM)
320: Image              PC                Routine            Line        Source             
320: libc.so.6          000014C401201980  Unknown               Unknown  Unknown
320: libc.so.6          000014C4012BE1E7  __sched_yield         Unknown  Unknown
320: libmpi_intel.so.1  000014C40215C815  Unknown               Unknown  Unknown
320: libmpi_intel.so.1  000014C402199335  Unknown               Unknown  Unknown
320: libmpi_intel.so.1  000014C402199B31  MPI_Waitall           Unknown  Unknown
320: libmpifort_intel.  000014C404BE983E  pmpi_waitall          Unknown  Unknown
320: ufs_model_gfs.x    000000000642C792  ice_boundary_mp_i        4698  ice_boundary.F90
320: ufs_model_gfs.x    0000000006601C98  ice_transport_rem         598  ice_transport_remap.F90
320: ufs_model_gfs.x    00000000065ED301  ice_transport_dri         539  ice_transport_driver.F90
320: ufs_model_gfs.x    00000000066BE8EE  ice_step_mod_mp_s        1047  ice_step_mod.F90
320: ufs_model_gfs.x    000000000648DFC0  cice_runmod_mp_ci         270  CICE_RunMod.F90
320: ufs_model_gfs.x    00000000060F8F68  ice_comp_nuopc_mp        1273  ice_comp_nuopc.F90
320: ufs_model_gfs.x    0000000000D51C38  Unknown               Unknown  Unknown
320: ufs_model_gfs.x    0000000000D51BA6  Unknown               Unknown  Unknown
320: ufs_model_gfs.x    0000000000D5067C  Unknown               Unknown  Unknown
320: ufs_model_gfs.x    0000000000B937FE  Unknown               Unknown  Unknown
320: ufs_model_gfs.x    0000000006AC85DA  Unknown               Unknown  Unknown
320: ufs_model_gfs.x    0000000000FE7855  Unknown               Unknown  Unknown
320: ufs_model_gfs.x    0000000000FEC0FF  Unknown               Unknown  Unknown
320: ufs_model_gfs.x    0000000000C9649A  Unknown               Unknown  Unknown
320: ufs_model_gfs.x    0000000000CB7D0F  Unknown               Unknown  Unknown
320: ufs_model_gfs.x    0000000000FE92FA  Unknown               Unknown  Unknown
320: ufs_model_gfs.x    0000000000A18F00  Unknown               Unknown  Unknown
320: ufs_model_gfs.x    0000000000736BE1  Unknown               Unknown  Unknown
320: ufs_model_gfs.x    0000000000448377  Unknown               Unknown  Unknown
320: ufs_model_gfs.x    0000000000447BCA  Unknown               Unknown  Unknown
320: ufs_model_gfs.x    0000000000D51C38  Unknown               Unknown  Unknown
320: ufs_model_gfs.x    0000000000D51BA6  Unknown               Unknown  Unknown
320: ufs_model_gfs.x    0000000000D5067C  Unknown               Unknown  Unknown
320: ufs_model_gfs.x    0000000000B937FE  Unknown               Unknown  Unknown
320: ufs_model_gfs.x    0000000000444BEF  Unknown               Unknown  Unknown
320: ufs_model_gfs.x    0000000000FE7855  Unknown               Unknown  Unknown
320: ufs_model_gfs.x    0000000000FEC0FF  Unknown               Unknown  Unknown
320: ufs_model_gfs.x    0000000000C9628A  Unknown               Unknown  Unknown
320: ufs_model_gfs.x    0000000000CB7D0F  Unknown               Unknown  Unknown
320: ufs_model_gfs.x    0000000000FE92FA  Unknown               Unknown  Unknown
320: ufs_model_gfs.x    0000000000A18F00  Unknown               Unknown  Unknown
320: ufs_model_gfs.x    0000000000736BE1  Unknown               Unknown  Unknown
320: ufs_model_gfs.x    0000000000436749  MAIN__                    409  UFS.F90
320: ufs_model_gfs.x    000000000043549D  Unknown               Unknown  Unknown
320: libc.so.6          000014C4011EAEEC  Unknown               Unknown  Unknown
320: libc.so.6          000014C4011EAFB5  __libc_start_main     Unknown  Unknown
320: ufs_model_gfs.x    00000000004353A1  Unknown               Unknown  Unknown
236: forrtl: error (78): process killed (SIGTERM)
236: Image              PC                Routine            Line        Source             
236: libc.so.6          000014A007201980  Unknown               Unknown  Unknown
236: libc.so.6          000014A0072BE1E7  __sched_yield         Unknown  Unknown
236: libmpi_intel.so.1  000014A007BD166D  MPI_Probe             Unknown  Unknown
236: ufs_model_gfs.x    0000000000CAC940  Unknown               Unknown  Unknown
236: ufs_model_gfs.x    000000000101F1BA  Unknown               Unknown  Unknown
236: ufs_model_gfs.x    000000000101D613  Unknown               Unknown  Unknown
236: ufs_model_gfs.x    000000000101D613  Unknown               Unknown  Unknown
236: ufs_model_gfs.x    0000000001277EB2  Unknown               Unknown  Unknown
236: ufs_model_gfs.x    0000000001269A7F  Unknown               Unknown  Unknown
236: ufs_model_gfs.x    0000000000C260A6  Unknown               Unknown  Unknown
236: ufs_model_gfs.x    00000000009D667F  Unknown               Unknown  Unknown
236: ufs_model_gfs.x    000000000049EB2A  Unknown               Unknown  Unknown
236: ufs_model_gfs.x    0000000000FE7855  Unknown               Unknown  Unknown
236: ufs_model_gfs.x    0000000000FEC0FF  Unknown               Unknown  Unknown
236: ufs_model_gfs.x    0000000000C9628A  Unknown               Unknown  Unknown
236: ufs_model_gfs.x    0000000000CB7D0F  Unknown               Unknown  Unknown
236: ufs_model_gfs.x    0000000000FE92FA  Unknown               Unknown  Unknown
236: ufs_model_gfs.x    0000000000A18F00  Unknown               Unknown  Unknown
236: ufs_model_gfs.x    0000000000A08761  Unknown               Unknown  Unknown
236: ufs_model_gfs.x    0000000000445828  Unknown               Unknown  Unknown
236: ufs_model_gfs.x    00000000004470A6  Unknown               Unknown  Unknown
236: ufs_model_gfs.x    0000000000D51C38  Unknown               Unknown  Unknown
236: ufs_model_gfs.x    0000000000D51BA6  Unknown               Unknown  Unknown
236: ufs_model_gfs.x    0000000000D5067C  Unknown               Unknown  Unknown
236: ufs_model_gfs.x    0000000000B937FE  Unknown               Unknown  Unknown
236: ufs_model_gfs.x    0000000000444BEF  Unknown               Unknown  Unknown
236: ufs_model_gfs.x    0000000000FE7855  Unknown               Unknown  Unknown
236: ufs_model_gfs.x    0000000000FEC0FF  Unknown               Unknown  Unknown
236: ufs_model_gfs.x    0000000000C9628A  Unknown               Unknown  Unknown
236: ufs_model_gfs.x    0000000000CB7D0F  Unknown               Unknown  Unknown
236: ufs_model_gfs.x    0000000000FE92FA  Unknown               Unknown  Unknown
236: ufs_model_gfs.x    0000000000A18F00  Unknown               Unknown  Unknown
236: ufs_model_gfs.x    0000000000736BE1  Unknown               Unknown  Unknown
236: ufs_model_gfs.x    0000000000436749  MAIN__                    409  UFS.F90
236: ufs_model_gfs.x    000000000043549D  Unknown               Unknown  Unknown
236: libc.so.6          000014A0071EAEEC  Unknown               Unknown  Unknown
236: libc.so.6          000014A0071EAFB5  __libc_start_main     Unknown  Unknown
236: ufs_model_gfs.x    00000000004353A1  Unknown               Unknown  Unknown
302: forrtl: error (78): process killed (SIGTERM)
302: Image              PC                Routine            Line        Source             
302: libc.so.6          000014BACB601980  Unknown               Unknown  Unknown
302: libc.so.6          000014BACB6BE1E7  __sched_yield         Unknown  Unknown
302: libmpi_intel.so.1  000014BACBFD166D  MPI_Probe             Unknown  Unknown
302: ufs_model_gfs.x    0000000000CAC940  Unknown               Unknown  Unknown
302: ufs_model_gfs.x    000000000101F1BA  Unknown               Unknown  Unknown
302: ufs_model_gfs.x    000000000101D613  Unknown               Unknown  Unknown
302: ufs_model_gfs.x    000000000101D613  Unknown               Unknown  Unknown
302: ufs_model_gfs.x    0000000001277EB2  Unknown               Unknown  Unknown
302: ufs_model_gfs.x    0000000001269A7F  Unknown               Unknown  Unknown
302: ufs_model_gfs.x    0000000000C260A6  Unknown               Unknown  Unknown
302: ufs_model_gfs.x    00000000009D667F  Unknown               Unknown  Unknown
302: ufs_model_gfs.x    000000000049EB2A  Unknown               Unknown  Unknown
302: ufs_model_gfs.x    0000000000FE7855  Unknown               Unknown  Unknown
302: ufs_model_gfs.x    0000000000FEC0FF  Unknown               Unknown  Unknown
302: ufs_model_gfs.x    0000000000C9628A  Unknown               Unknown  Unknown
302: ufs_model_gfs.x    0000000000CB7D0F  Unknown               Unknown  Unknown
302: ufs_model_gfs.x    0000000000FE92FA  Unknown               Unknown  Unknown
302: ufs_model_gfs.x    0000000000A18F00  Unknown               Unknown  Unknown
302: ufs_model_gfs.x    0000000000A08761  Unknown               Unknown  Unknown
302: ufs_model_gfs.x    0000000000445828  Unknown               Unknown  Unknown
302: ufs_model_gfs.x    00000000004470A6  Unknown               Unknown  Unknown
302: ufs_model_gfs.x    0000000000D51C38  Unknown               Unknown  Unknown
302: ufs_model_gfs.x    0000000000D51BA6  Unknown               Unknown  Unknown
302: ufs_model_gfs.x    0000000000D5067C  Unknown               Unknown  Unknown
302: ufs_model_gfs.x    0000000000B937FE  Unknown               Unknown  Unknown
302: ufs_model_gfs.x    0000000000444BEF  Unknown               Unknown  Unknown
302: ufs_model_gfs.x    0000000000FE7855  Unknown               Unknown  Unknown
302: ufs_model_gfs.x    0000000000FEC0FF  Unknown               Unknown  Unknown
302: ufs_model_gfs.x    0000000000C9628A  Unknown               Unknown  Unknown
302: ufs_model_gfs.x    0000000000CB7D0F  Unknown               Unknown  Unknown
302: ufs_model_gfs.x    0000000000FE92FA  Unknown               Unknown  Unknown
302: ufs_model_gfs.x    0000000000A18F00  Unknown               Unknown  Unknown
302: ufs_model_gfs.x    0000000000736BE1  Unknown               Unknown  Unknown
302: ufs_model_gfs.x    0000000000436749  MAIN__                    409  UFS.F90
302: ufs_model_gfs.x    000000000043549D  Unknown               Unknown  Unknown
302: libc.so.6          000014BACB5EAEEC  Unknown               Unknown  Unknown
302: libc.so.6          000014BACB5EAFB5  __libc_start_main     Unknown  Unknown
302: ufs_model_gfs.x    00000000004353A1  Unknown               Unknown  Unknown
327: forrtl: error (78): process killed (SIGTERM)
327: Image              PC                Routine            Line        Source             
327: libc.so.6          000014F730201980  Unknown               Unknown  Unknown
327: libc.so.6          000014F7302BE1E7  __sched_yield         Unknown  Unknown
327: libmpi_intel.so.1  000014F73115C815  Unknown               Unknown  Unknown
327: libmpi_intel.so.1  000014F731199335  Unknown               Unknown  Unknown
327: libmpi_intel.so.1  000014F731199B31  MPI_Waitall           Unknown  Unknown
327: libmpifort_intel.  000014F7335AC83E  pmpi_waitall          Unknown  Unknown
327: ufs_model_gfs.x    000000000642C792  ice_boundary_mp_i        4698  ice_boundary.F90
327: ufs_model_gfs.x    0000000006601C98  ice_transport_rem         598  ice_transport_remap.F90
327: ufs_model_gfs.x    00000000065ED301  ice_transport_dri         539  ice_transport_driver.F90
327: ufs_model_gfs.x    00000000066BE8EE  ice_step_mod_mp_s        1047  ice_step_mod.F90
327: ufs_model_gfs.x    000000000648DFC0  cice_runmod_mp_ci         270  CICE_RunMod.F90
327: ufs_model_gfs.x    00000000060F8F68  ice_comp_nuopc_mp        1273  ice_comp_nuopc.F90
327: ufs_model_gfs.x    0000000000D51C38  Unknown               Unknown  Unknown
327: ufs_model_gfs.x    0000000000D51BA6  Unknown               Unknown  Unknown
327: ufs_model_gfs.x    0000000000D5067C  Unknown               Unknown  Unknown
327: ufs_model_gfs.x    0000000000B937FE  Unknown               Unknown  Unknown
327: ufs_model_gfs.x    0000000006AC85DA  Unknown               Unknown  Unknown
327: ufs_model_gfs.x    0000000000FE7855  Unknown               Unknown  Unknown
327: ufs_model_gfs.x    0000000000FEC0FF  Unknown               Unknown  Unknown
327: ufs_model_gfs.x    0000000000C9649A  Unknown               Unknown  Unknown
327: ufs_model_gfs.x    0000000000CB7D0F  Unknown               Unknown  Unknown
327: ufs_model_gfs.x    0000000000FE92FA  Unknown               Unknown  Unknown
327: ufs_model_gfs.x    0000000000A18F00  Unknown               Unknown  Unknown
327: ufs_model_gfs.x    0000000000736BE1  Unknown               Unknown  Unknown
327: ufs_model_gfs.x    0000000000448377  Unknown               Unknown  Unknown
327: ufs_model_gfs.x    0000000000447BCA  Unknown               Unknown  Unknown
327: ufs_model_gfs.x    0000000000D51C38  Unknown               Unknown  Unknown
327: ufs_model_gfs.x    0000000000D51BA6  Unknown               Unknown  Unknown
327: ufs_model_gfs.x    0000000000D5067C  Unknown               Unknown  Unknown
327: ufs_model_gfs.x    0000000000B937FE  Unknown               Unknown  Unknown
327: ufs_model_gfs.x    0000000000444BEF  Unknown               Unknown  Unknown
327: ufs_model_gfs.x    0000000000FE7855  Unknown               Unknown  Unknown
327: ufs_model_gfs.x    0000000000FEC0FF  Unknown               Unknown  Unknown
327: ufs_model_gfs.x    0000000000C9628A  Unknown               Unknown  Unknown
327: ufs_model_gfs.x    0000000000CB7D0F  Unknown               Unknown  Unknown
327: ufs_model_gfs.x    0000000000FE92FA  Unknown               Unknown  Unknown
327: ufs_model_gfs.x    0000000000A18F00  Unknown               Unknown  Unknown
327: ufs_model_gfs.x    0000000000736BE1  Unknown               Unknown  Unknown
327: ufs_model_gfs.x    0000000000436749  MAIN__                    409  UFS.F90
327: ufs_model_gfs.x    000000000043549D  Unknown               Unknown  Unknown
327: libc.so.6          000014F7301EAEEC  Unknown               Unknown  Unknown
327: libc.so.6          000014F7301EAFB5  __libc_start_main     Unknown  Unknown
327: ufs_model_gfs.x    00000000004353A1  Unknown               Unknown  Unknown
318: forrtl: error (78): process killed (SIGTERM)
318: Image              PC                Routine            Line        Source             
318: libc.so.6          0000149C09E01980  Unknown               Unknown  Unknown
318: libc.so.6          0000149C09EBE1E7  __sched_yield         Unknown  Unknown
318: libmpi_intel.so.1  0000149C0AD5C815  Unknown               Unknown  Unknown
318: libmpi_intel.so.1  0000149C0AD99335  Unknown               Unknown  Unknown
318: libmpi_intel.so.1  0000149C0AD99B31  MPI_Waitall           Unknown  Unknown
318: libmpifort_intel.  0000149C0D7B083E  pmpi_waitall          Unknown  Unknown
318: ufs_model_gfs.x    00000000064198FF  ice_boundary_mp_i        3071  ice_boundary.F90
318: ufs_model_gfs.x    0000000006601A78  ice_transport_rem         557  ice_transport_remap.F90
318: ufs_model_gfs.x    00000000065ED301  ice_transport_dri         539  ice_transport_driver.F90
318: ufs_model_gfs.x    00000000066BE8EE  ice_step_mod_mp_s        1047  ice_step_mod.F90
318: ufs_model_gfs.x    000000000648DFC0  cice_runmod_mp_ci         270  CICE_RunMod.F90
318: ufs_model_gfs.x    00000000060F8F68  ice_comp_nuopc_mp        1273  ice_comp_nuopc.F90
318: ufs_model_gfs.x    0000000000D51C38  Unknown               Unknown  Unknown
318: ufs_model_gfs.x    0000000000D51BA6  Unknown               Unknown  Unknown
318: ufs_model_gfs.x    0000000000D5067C  Unknown               Unknown  Unknown
318: ufs_model_gfs.x    0000000000B937FE  Unknown               Unknown  Unknown
318: ufs_model_gfs.x    0000000006AC85DA  Unknown               Unknown  Unknown
318: ufs_model_gfs.x    0000000000FE7855  Unknown               Unknown  Unknown
318: ufs_model_gfs.x    0000000000FEC0FF  Unknown               Unknown  Unknown
318: ufs_model_gfs.x    0000000000C9649A  Unknown               Unknown  Unknown
318: ufs_model_gfs.x    0000000000CB7D0F  Unknown               Unknown  Unknown
318: ufs_model_gfs.x    0000000000FE92FA  Unknown               Unknown  Unknown
318: ufs_model_gfs.x    0000000000A18F00  Unknown               Unknown  Unknown
318: ufs_model_gfs.x    0000000000736BE1  Unknown               Unknown  Unknown
318: ufs_model_gfs.x    0000000000448377  Unknown               Unknown  Unknown
318: ufs_model_gfs.x    0000000000447BCA  Unknown               Unknown  Unknown
318: ufs_model_gfs.x    0000000000D51C38  Unknown               Unknown  Unknown
318: ufs_model_gfs.x    0000000000D51BA6  Unknown               Unknown  Unknown
318: ufs_model_gfs.x    0000000000D5067C  Unknown               Unknown  Unknown
318: ufs_model_gfs.x    0000000000B937FE  Unknown               Unknown  Unknown
318: ufs_model_gfs.x    0000000000444BEF  Unknown               Unknown  Unknown
318: ufs_model_gfs.x    0000000000FE7855  Unknown               Unknown  Unknown
318: ufs_model_gfs.x    0000000000FEC0FF  Unknown               Unknown  Unknown
318: ufs_model_gfs.x    0000000000C9628A  Unknown               Unknown  Unknown
318: ufs_model_gfs.x    0000000000CB7D0F  Unknown               Unknown  Unknown
318: ufs_model_gfs.x    0000000000FE92FA  Unknown               Unknown  Unknown
318: ufs_model_gfs.x    0000000000A18F00  Unknown               Unknown  Unknown
318: ufs_model_gfs.x    0000000000736BE1  Unknown               Unknown  Unknown
318: ufs_model_gfs.x    0000000000436749  MAIN__                    409  UFS.F90
318: ufs_model_gfs.x    000000000043549D  Unknown               Unknown  Unknown
318: libc.so.6          0000149C09DEAEEC  Unknown               Unknown  Unknown
318: libc.so.6          0000149C09DEAFB5  __libc_start_main     Unknown  Unknown
318: ufs_model_gfs.x    00000000004353A1  Unknown               Unknown  Unknown
195: forrtl: error (78): process killed (SIGTERM)
195: Image              PC                Routine            Line        Source             
195: libc.so.6          000014D6A7201980  Unknown               Unknown  Unknown
195: libc.so.6          000014D6A72BE1E7  __sched_yield         Unknown  Unknown
195: libmpi_intel.so.1  000014D6A7BD166D  MPI_Probe             Unknown  Unknown
195: ufs_model_gfs.x    0000000000CAC940  Unknown               Unknown  Unknown
195: ufs_model_gfs.x    000000000101F1BA  Unknown               Unknown  Unknown
195: ufs_model_gfs.x    000000000101D613  Unknown               Unknown  Unknown
195: ufs_model_gfs.x    0000000001277EB2  Unknown               Unknown  Unknown
195: ufs_model_gfs.x    0000000001269A7F  Unknown               Unknown  Unknown
195: ufs_model_gfs.x    0000000000C260A6  Unknown               Unknown  Unknown
195: ufs_model_gfs.x    00000000009D667F  Unknown               Unknown  Unknown
195: ufs_model_gfs.x    000000000303A444  ufsatm_cap_mod_mp        1603  ufsatm_cap.F90
195: ufs_model_gfs.x    0000000003038A72  ufsatm_cap_mod_mp        1440  ufsatm_cap.F90
195: ufs_model_gfs.x    0000000000D51C38  Unknown               Unknown  Unknown
195: ufs_model_gfs.x    0000000000D51BA6  Unknown               Unknown  Unknown
195: ufs_model_gfs.x    0000000000D5067C  Unknown               Unknown  Unknown
195: ufs_model_gfs.x    0000000000B937FE  Unknown               Unknown  Unknown
195: ufs_model_gfs.x    0000000006AC85DA  Unknown               Unknown  Unknown
195: ufs_model_gfs.x    0000000000FE7855  Unknown               Unknown  Unknown
195: ufs_model_gfs.x    0000000000FEC0FF  Unknown               Unknown  Unknown
195: ufs_model_gfs.x    0000000000C9628A  Unknown               Unknown  Unknown
195: ufs_model_gfs.x    0000000000CB7D0F  Unknown               Unknown  Unknown
195: ufs_model_gfs.x    0000000000FE92FA  Unknown               Unknown  Unknown
195: ufs_model_gfs.x    0000000000A18F00  Unknown               Unknown  Unknown
195: ufs_model_gfs.x    0000000000736BE1  Unknown               Unknown  Unknown
195: ufs_model_gfs.x    0000000000448377  Unknown               Unknown  Unknown
195: ufs_model_gfs.x    0000000000447BCA  Unknown               Unknown  Unknown
195: ufs_model_gfs.x    0000000000D51C38  Unknown               Unknown  Unknown
195: ufs_model_gfs.x    0000000000D51BA6  Unknown               Unknown  Unknown
195: ufs_model_gfs.x    0000000000D5067C  Unknown               Unknown  Unknown
195: ufs_model_gfs.x    0000000000B937FE  Unknown               Unknown  Unknown
195: ufs_model_gfs.x    0000000000444BEF  Unknown               Unknown  Unknown
195: ufs_model_gfs.x    0000000000FE7855  Unknown               Unknown  Unknown
195: ufs_model_gfs.x    0000000000FEC0FF  Unknown               Unknown  Unknown
195: ufs_model_gfs.x    0000000000C9628A  Unknown               Unknown  Unknown
195: ufs_model_gfs.x    0000000000CB7D0F  Unknown               Unknown  Unknown
195: ufs_model_gfs.x    0000000000FE92FA  Unknown               Unknown  Unknown
195: ufs_model_gfs.x    0000000000A18F00  Unknown               Unknown  Unknown
195: ufs_model_gfs.x    0000000000736BE1  Unknown               Unknown  Unknown
195: ufs_model_gfs.x    0000000000436749  MAIN__                    409  UFS.F90
195: ufs_model_gfs.x    000000000043549D  Unknown               Unknown  Unknown
195: libc.so.6          000014D6A71EAEEC  Unknown               Unknown  Unknown
195: libc.so.6          000014D6A71EAFB5  __libc_start_main     Unknown  Unknown
195: ufs_model_gfs.x    00000000004353A1  Unknown               Unknown  Unknown
342: forrtl: error (78): process killed (SIGTERM)
342: Image              PC                Routine            Line        Source             
342: libc.so.6          000014BED2801980  Unknown               Unknown  Unknown
342: libc.so.6          000014BED28BE1E7  __sched_yield         Unknown  Unknown
342: libmpi_intel.so.1  000014BED375C815  Unknown               Unknown  Unknown
342: libmpi_intel.so.1  000014BED3799335  Unknown               Unknown  Unknown
342: libmpi_intel.so.1  000014BED3799B31  MPI_Waitall           Unknown  Unknown
342: libmpifort_intel.  000014BED609483E  pmpi_waitall          Unknown  Unknown
342: ufs_model_gfs.x    000000000642C792  ice_boundary_mp_i        4698  ice_boundary.F90
342: ufs_model_gfs.x    0000000006601CD4  ice_transport_rem         602  ice_transport_remap.F90
342: ufs_model_gfs.x    00000000065ED301  ice_transport_dri         539  ice_transport_driver.F90
342: ufs_model_gfs.x    00000000066BE8EE  ice_step_mod_mp_s        1047  ice_step_mod.F90
342: ufs_model_gfs.x    000000000648DFC0  cice_runmod_mp_ci         270  CICE_RunMod.F90
342: ufs_model_gfs.x    00000000060F8F68  ice_comp_nuopc_mp        1273  ice_comp_nuopc.F90
342: ufs_model_gfs.x    0000000000D51C38  Unknown               Unknown  Unknown
342: ufs_model_gfs.x    0000000000D51BA6  Unknown               Unknown  Unknown
342: ufs_model_gfs.x    0000000000D5067C  Unknown               Unknown  Unknown
342: ufs_model_gfs.x    0000000000B937FE  Unknown               Unknown  Unknown
342: ufs_model_gfs.x    0000000006AC85DA  Unknown               Unknown  Unknown
342: ufs_model_gfs.x    0000000000FE7855  Unknown               Unknown  Unknown
342: ufs_model_gfs.x    0000000000FEC0FF  Unknown               Unknown  Unknown
342: ufs_model_gfs.x    0000000000C9649A  Unknown               Unknown  Unknown
342: ufs_model_gfs.x    0000000000CB7D0F  Unknown               Unknown  Unknown
342: ufs_model_gfs.x    0000000000FE92FA  Unknown               Unknown  Unknown
342: ufs_model_gfs.x    0000000000A18F00  Unknown               Unknown  Unknown
342: ufs_model_gfs.x    0000000000736BE1  Unknown               Unknown  Unknown
342: ufs_model_gfs.x    0000000000448377  Unknown               Unknown  Unknown
342: ufs_model_gfs.x    0000000000447BCA  Unknown               Unknown  Unknown
342: ufs_model_gfs.x    0000000000D51C38  Unknown               Unknown  Unknown
342: ufs_model_gfs.x    0000000000D51BA6  Unknown               Unknown  Unknown
342: ufs_model_gfs.x    0000000000D5067C  Unknown               Unknown  Unknown
342: ufs_model_gfs.x    0000000000B937FE  Unknown               Unknown  Unknown
342: ufs_model_gfs.x    0000000000444BEF  Unknown               Unknown  Unknown
342: ufs_model_gfs.x    0000000000FE7855  Unknown               Unknown  Unknown
342: ufs_model_gfs.x    0000000000FEC0FF  Unknown               Unknown  Unknown
342: ufs_model_gfs.x    0000000000C9628A  Unknown               Unknown  Unknown
342: ufs_model_gfs.x    0000000000CB7D0F  Unknown               Unknown  Unknown
342: ufs_model_gfs.x    0000000000FE92FA  Unknown               Unknown  Unknown
342: ufs_model_gfs.x    0000000000A18F00  Unknown               Unknown  Unknown
342: ufs_model_gfs.x    0000000000736BE1  Unknown               Unknown  Unknown
342: ufs_model_gfs.x    0000000000436749  MAIN__                    409  UFS.F90
342: ufs_model_gfs.x    000000000043549D  Unknown               Unknown  Unknown
342: libc.so.6          000014BED27EAEEC  Unknown               Unknown  Unknown
342: libc.so.6          000014BED27EAFB5  __libc_start_main     Unknown  Unknown
342: ufs_model_gfs.x    00000000004353A1  Unknown               Unknown  Unknown
322: forrtl: error (78): process killed (SIGTERM)
322: Image              PC                Routine            Line        Source             
322: libc.so.6          000014A10F001980  Unknown               Unknown  Unknown
322: libc.so.6          000014A10F0BE1E7  __sched_yield         Unknown  Unknown
322: libmpi_intel.so.1  000014A10FF5C815  Unknown               Unknown  Unknown
322: libmpi_intel.so.1  000014A10FF99335  Unknown               Unknown  Unknown
322: libmpi_intel.so.1  000014A10FF99B31  MPI_Waitall           Unknown  Unknown
322: libmpifort_intel.  000014A1129AC83E  pmpi_waitall          Unknown  Unknown
322: ufs_model_gfs.x    000000000642C792  ice_boundary_mp_i        4698  ice_boundary.F90
322: ufs_model_gfs.x    0000000006601CD4  ice_transport_rem         602  ice_transport_remap.F90
322: ufs_model_gfs.x    00000000065ED301  ice_transport_dri         539  ice_transport_driver.F90
322: ufs_model_gfs.x    00000000066BE8EE  ice_step_mod_mp_s        1047  ice_step_mod.F90
322: ufs_model_gfs.x    000000000648DFC0  cice_runmod_mp_ci         270  CICE_RunMod.F90
322: ufs_model_gfs.x    00000000060F8F68  ice_comp_nuopc_mp        1273  ice_comp_nuopc.F90
322: ufs_model_gfs.x    0000000000D51C38  Unknown               Unknown  Unknown
322: ufs_model_gfs.x    0000000000D51BA6  Unknown               Unknown  Unknown
322: ufs_model_gfs.x    0000000000D5067C  Unknown               Unknown  Unknown
322: ufs_model_gfs.x    0000000000B937FE  Unknown               Unknown  Unknown
322: ufs_model_gfs.x    0000000006AC85DA  Unknown               Unknown  Unknown
322: ufs_model_gfs.x    0000000000FE7855  Unknown               Unknown  Unknown
322: ufs_model_gfs.x    0000000000FEC0FF  Unknown               Unknown  Unknown
322: ufs_model_gfs.x    0000000000C9649A  Unknown               Unknown  Unknown
322: ufs_model_gfs.x    0000000000CB7D0F  Unknown               Unknown  Unknown
322: ufs_model_gfs.x    0000000000FE92FA  Unknown               Unknown  Unknown
322: ufs_model_gfs.x    0000000000A18F00  Unknown               Unknown  Unknown
322: ufs_model_gfs.x    0000000000736BE1  Unknown               Unknown  Unknown
322: ufs_model_gfs.x    0000000000448377  Unknown               Unknown  Unknown
322: ufs_model_gfs.x    0000000000447BCA  Unknown               Unknown  Unknown
322: ufs_model_gfs.x    0000000000D51C38  Unknown               Unknown  Unknown
322: ufs_model_gfs.x    0000000000D51BA6  Unknown               Unknown  Unknown
322: ufs_model_gfs.x    0000000000D5067C  Unknown               Unknown  Unknown
322: ufs_model_gfs.x    0000000000B937FE  Unknown               Unknown  Unknown
322: ufs_model_gfs.x    0000000000444BEF  Unknown               Unknown  Unknown
322: ufs_model_gfs.x    0000000000FE7855  Unknown               Unknown  Unknown
322: ufs_model_gfs.x    0000000000FEC0FF  Unknown               Unknown  Unknown
322: ufs_model_gfs.x    0000000000C9628A  Unknown               Unknown  Unknown
322: ufs_model_gfs.x    0000000000CB7D0F  Unknown               Unknown  Unknown
322: ufs_model_gfs.x    0000000000FE92FA  Unknown               Unknown  Unknown
322: ufs_model_gfs.x    0000000000A18F00  Unknown               Unknown  Unknown
322: ufs_model_gfs.x    0000000000736BE1  Unknown               Unknown  Unknown
322: ufs_model_gfs.x    0000000000436749  MAIN__                    409  UFS.F90
322: ufs_model_gfs.x    000000000043549D  Unknown               Unknown  Unknown
322: libc.so.6          000014A10EFEAEEC  Unknown               Unknown  Unknown
322: libc.so.6          000014A10EFEAFB5  __libc_start_main     Unknown  Unknown
322: ufs_model_gfs.x    00000000004353A1  Unknown               Unknown  Unknown
203: forrtl: error (78): process killed (SIGTERM)
203: Image              PC                Routine            Line        Source             
203: libc.so.6          00001528B1801980  Unknown               Unknown  Unknown
203: libc.so.6          00001528B18BE1E7  __sched_yield         Unknown  Unknown
203: libmpi_intel.so.1  00001528B21D166D  MPI_Probe             Unknown  Unknown
203: ufs_model_gfs.x    0000000000CAC940  Unknown               Unknown  Unknown
203: ufs_model_gfs.x    000000000101F1BA  Unknown               Unknown  Unknown
203: ufs_model_gfs.x    000000000101D613  Unknown               Unknown  Unknown
203: ufs_model_gfs.x    0000000001277EB2  Unknown               Unknown  Unknown
203: ufs_model_gfs.x    0000000001269A7F  Unknown               Unknown  Unknown
203: ufs_model_gfs.x    0000000000C260A6  Unknown               Unknown  Unknown
203: ufs_model_gfs.x    00000000009D667F  Unknown               Unknown  Unknown
203: ufs_model_gfs.x    000000000303A444  ufsatm_cap_mod_mp        1603  ufsatm_cap.F90
203: ufs_model_gfs.x    0000000003038A72  ufsatm_cap_mod_mp        1440  ufsatm_cap.F90
203: ufs_model_gfs.x    0000000000D51C38  Unknown               Unknown  Unknown
203: ufs_model_gfs.x    0000000000D51BA6  Unknown               Unknown  Unknown
203: ufs_model_gfs.x    0000000000D5067C  Unknown               Unknown  Unknown
203: ufs_model_gfs.x    0000000000B937FE  Unknown               Unknown  Unknown
203: ufs_model_gfs.x    0000000006AC85DA  Unknown               Unknown  Unknown
203: ufs_model_gfs.x    0000000000FE7855  Unknown               Unknown  Unknown
203: ufs_model_gfs.x    0000000000FEC0FF  Unknown               Unknown  Unknown
203: ufs_model_gfs.x    0000000000C9628A  Unknown               Unknown  Unknown
203: ufs_model_gfs.x    0000000000CB7D0F  Unknown               Unknown  Unknown
203: ufs_model_gfs.x    0000000000FE92FA  Unknown               Unknown  Unknown
203: ufs_model_gfs.x    0000000000A18F00  Unknown               Unknown  Unknown
203: ufs_model_gfs.x    0000000000736BE1  Unknown               Unknown  Unknown
203: ufs_model_gfs.x    0000000000448377  Unknown               Unknown  Unknown
203: ufs_model_gfs.x    0000000000447BCA  Unknown               Unknown  Unknown
203: ufs_model_gfs.x    0000000000D51C38  Unknown               Unknown  Unknown
203: ufs_model_gfs.x    0000000000D51BA6  Unknown               Unknown  Unknown
203: ufs_model_gfs.x    0000000000D5067C  Unknown               Unknown  Unknown
203: ufs_model_gfs.x    0000000000B937FE  Unknown               Unknown  Unknown
203: ufs_model_gfs.x    0000000000444BEF  Unknown               Unknown  Unknown
203: ufs_model_gfs.x    0000000000FE7855  Unknown               Unknown  Unknown
203: ufs_model_gfs.x    0000000000FEC0FF  Unknown               Unknown  Unknown
203: ufs_model_gfs.x    0000000000C9628A  Unknown               Unknown  Unknown
203: ufs_model_gfs.x    0000000000CB7D0F  Unknown               Unknown  Unknown
203: ufs_model_gfs.x    0000000000FE92FA  Unknown               Unknown  Unknown
203: ufs_model_gfs.x    0000000000A18F00  Unknown               Unknown  Unknown
203: ufs_model_gfs.x    0000000000736BE1  Unknown               Unknown  Unknown
203: ufs_model_gfs.x    0000000000436749  MAIN__                    409  UFS.F90
203: ufs_model_gfs.x    000000000043549D  Unknown               Unknown  Unknown
203: libc.so.6          00001528B17EAEEC  Unknown               Unknown  Unknown
203: libc.so.6          00001528B17EAFB5  __libc_start_main     Unknown  Unknown
203: ufs_model_gfs.x    00000000004353A1  Unknown               Unknown  Unknown
305: forrtl: error (78): process killed (SIGTERM)
305: Image              PC                Routine            Line        Source             
305: libc.so.6          0000153B1E401980  Unknown               Unknown  Unknown
305: libc.so.6          0000153B1E4BE1E7  __sched_yield         Unknown  Unknown
305: libmpi_intel.so.1  0000153B1F35C815  Unknown               Unknown  Unknown
305: libmpi_intel.so.1  0000153B1F399335  Unknown               Unknown  Unknown
305: libmpi_intel.so.1  0000153B1F399B31  MPI_Waitall           Unknown  Unknown
305: libmpifort_intel.  0000153B217AC83E  pmpi_waitall          Unknown  Unknown
305: ufs_model_gfs.x    000000000642C792  ice_boundary_mp_i        4698  ice_boundary.F90
305: ufs_model_gfs.x    0000000006601CD4  ice_transport_rem         602  ice_transport_remap.F90
305: ufs_model_gfs.x    00000000065ED301  ice_transport_dri         539  ice_transport_driver.F90
305: ufs_model_gfs.x    00000000066BE8EE  ice_step_mod_mp_s        1047  ice_step_mod.F90
305: ufs_model_gfs.x    000000000648DFC0  cice_runmod_mp_ci         270  CICE_RunMod.F90
305: ufs_model_gfs.x    00000000060F8F68  ice_comp_nuopc_mp        1273  ice_comp_nuopc.F90
305: ufs_model_gfs.x    0000000000D51C38  Unknown               Unknown  Unknown
305: ufs_model_gfs.x    0000000000D51BA6  Unknown               Unknown  Unknown
305: ufs_model_gfs.x    0000000000D5067C  Unknown               Unknown  Unknown
305: ufs_model_gfs.x    0000000000B937FE  Unknown               Unknown  Unknown
305: ufs_model_gfs.x    0000000006AC85DA  Unknown               Unknown  Unknown
305: ufs_model_gfs.x    0000000000FE7855  Unknown               Unknown  Unknown
305: ufs_model_gfs.x    0000000000FEC0FF  Unknown               Unknown  Unknown
305: ufs_model_gfs.x    0000000000C9649A  Unknown               Unknown  Unknown
305: ufs_model_gfs.x    0000000000CB7D0F  Unknown               Unknown  Unknown
305: ufs_model_gfs.x    0000000000FE92FA  Unknown               Unknown  Unknown
305: ufs_model_gfs.x    0000000000A18F00  Unknown               Unknown  Unknown
305: ufs_model_gfs.x    0000000000736BE1  Unknown               Unknown  Unknown
305: ufs_model_gfs.x    0000000000448377  Unknown               Unknown  Unknown
305: ufs_model_gfs.x    0000000000447BCA  Unknown               Unknown  Unknown
305: ufs_model_gfs.x    0000000000D51C38  Unknown               Unknown  Unknown
305: ufs_model_gfs.x    0000000000D51BA6  Unknown               Unknown  Unknown
305: ufs_model_gfs.x    0000000000D5067C  Unknown               Unknown  Unknown
305: ufs_model_gfs.x    0000000000B937FE  Unknown               Unknown  Unknown
305: ufs_model_gfs.x    0000000000444BEF  Unknown               Unknown  Unknown
305: ufs_model_gfs.x    0000000000FE7855  Unknown               Unknown  Unknown
305: ufs_model_gfs.x    0000000000FEC0FF  Unknown               Unknown  Unknown
305: ufs_model_gfs.x    0000000000C9628A  Unknown               Unknown  Unknown
305: ufs_model_gfs.x    0000000000CB7D0F  Unknown               Unknown  Unknown
305: ufs_model_gfs.x    0000000000FE92FA  Unknown               Unknown  Unknown
305: ufs_model_gfs.x    0000000000A18F00  Unknown               Unknown  Unknown
305: ufs_model_gfs.x    0000000000736BE1  Unknown               Unknown  Unknown
305: ufs_model_gfs.x    0000000000436749  MAIN__                    409  UFS.F90
305: ufs_model_gfs.x    000000000043549D  Unknown               Unknown  Unknown
305: libc.so.6          0000153B1E3EAEEC  Unknown               Unknown  Unknown
305: libc.so.6          0000153B1E3EAFB5  __libc_start_main     Unknown  Unknown
305: ufs_model_gfs.x    00000000004353A1  Unknown               Unknown  Unknown
239: forrtl: error (78): process killed (SIGTERM)
239: Image              PC                Routine            Line        Source             
239: libc.so.6          000014DB47801980  Unknown               Unknown  Unknown
239: libc.so.6          000014DB478BE1E7  __sched_yield         Unknown  Unknown
239: libmpi_intel.so.1  000014DB481B92AC  Unknown               Unknown  Unknown
239: libmpi_intel.so.1  000014DB481D06BC  MPI_Probe             Unknown  Unknown
239: ufs_model_gfs.x    0000000000CAC940  Unknown               Unknown  Unknown
239: ufs_model_gfs.x    000000000101F1BA  Unknown               Unknown  Unknown
239: ufs_model_gfs.x    000000000101D613  Unknown               Unknown  Unknown
239: ufs_model_gfs.x    000000000101D613  Unknown               Unknown  Unknown
239: ufs_model_gfs.x    0000000001277EB2  Unknown               Unknown  Unknown
239: ufs_model_gfs.x    0000000001269A7F  Unknown               Unknown  Unknown
239: ufs_model_gfs.x    0000000000C260A6  Unknown               Unknown  Unknown
239: ufs_model_gfs.x    00000000009D667F  Unknown               Unknown  Unknown
239: ufs_model_gfs.x    000000000049EB2A  Unknown               Unknown  Unknown
239: ufs_model_gfs.x    0000000000FE7855  Unknown               Unknown  Unknown
239: ufs_model_gfs.x    0000000000FEC0FF  Unknown               Unknown  Unknown
239: ufs_model_gfs.x    0000000000C9628A  Unknown               Unknown  Unknown
239: ufs_model_gfs.x    0000000000CB7D0F  Unknown               Unknown  Unknown
239: ufs_model_gfs.x    0000000000FE92FA  Unknown               Unknown  Unknown
239: ufs_model_gfs.x    0000000000A18F00  Unknown               Unknown  Unknown
239: ufs_model_gfs.x    0000000000A08761  Unknown               Unknown  Unknown
239: ufs_model_gfs.x    0000000000445828  Unknown               Unknown  Unknown
239: ufs_model_gfs.x    00000000004470A6  Unknown               Unknown  Unknown
239: ufs_model_gfs.x    0000000000D51C38  Unknown               Unknown  Unknown
239: ufs_model_gfs.x    0000000000D51BA6  Unknown               Unknown  Unknown
239: ufs_model_gfs.x    0000000000D5067C  Unknown               Unknown  Unknown
239: ufs_model_gfs.x    0000000000B937FE  Unknown               Unknown  Unknown
239: ufs_model_gfs.x    0000000000444BEF  Unknown               Unknown  Unknown
239: ufs_model_gfs.x    0000000000FE7855  Unknown               Unknown  Unknown
239: ufs_model_gfs.x    0000000000FEC0FF  Unknown               Unknown  Unknown
239: ufs_model_gfs.x    0000000000C9628A  Unknown               Unknown  Unknown
239: ufs_model_gfs.x    0000000000CB7D0F  Unknown               Unknown  Unknown
239: ufs_model_gfs.x    0000000000FE92FA  Unknown               Unknown  Unknown
239: ufs_model_gfs.x    0000000000A18F00  Unknown               Unknown  Unknown
239: ufs_model_gfs.x    0000000000736BE1  Unknown               Unknown  Unknown
239: ufs_model_gfs.x    0000000000436749  MAIN__                    409  UFS.F90
239: ufs_model_gfs.x    000000000043549D  Unknown               Unknown  Unknown
239: libc.so.6          000014DB477EAEEC  Unknown               Unknown  Unknown
239: libc.so.6          000014DB477EAFB5  __libc_start_main     Unknown  Unknown
239: ufs_model_gfs.x    00000000004353A1  Unknown               Unknown  Unknown
193: forrtl: error (78): process killed (SIGTERM)
193: Image              PC                Routine            Line        Source             
193: libc.so.6          0000146EEDA01980  Unknown               Unknown  Unknown
193: libc.so.6          0000146EEDABE1E7  __sched_yield         Unknown  Unknown
193: libmpi_intel.so.1  0000146EEE3B92AC  Unknown               Unknown  Unknown
193: libmpi_intel.so.1  0000146EEE3D06BC  MPI_Probe             Unknown  Unknown
193: ufs_model_gfs.x    0000000000CAC940  Unknown               Unknown  Unknown
193: ufs_model_gfs.x    000000000101F1BA  Unknown               Unknown  Unknown
193: ufs_model_gfs.x    000000000101D613  Unknown               Unknown  Unknown
193: ufs_model_gfs.x    0000000001277EB2  Unknown               Unknown  Unknown
193: ufs_model_gfs.x    0000000001269A7F  Unknown               Unknown  Unknown
193: ufs_model_gfs.x    0000000000C260A6  Unknown               Unknown  Unknown
193: ufs_model_gfs.x    00000000009D667F  Unknown               Unknown  Unknown
193: ufs_model_gfs.x    000000000303A444  ufsatm_cap_mod_mp        1603  ufsatm_cap.F90
193: ufs_model_gfs.x    0000000003038A72  ufsatm_cap_mod_mp        1440  ufsatm_cap.F90
193: ufs_model_gfs.x    0000000000D51C38  Unknown               Unknown  Unknown
193: ufs_model_gfs.x    0000000000D51BA6  Unknown               Unknown  Unknown
193: ufs_model_gfs.x    0000000000D5067C  Unknown               Unknown  Unknown
193: ufs_model_gfs.x    0000000000B937FE  Unknown               Unknown  Unknown
193: ufs_model_gfs.x    0000000006AC85DA  Unknown               Unknown  Unknown
193: ufs_model_gfs.x    0000000000FE7855  Unknown               Unknown  Unknown
193: ufs_model_gfs.x    0000000000FEC0FF  Unknown               Unknown  Unknown
193: ufs_model_gfs.x    0000000000C9628A  Unknown               Unknown  Unknown
193: ufs_model_gfs.x    0000000000CB7D0F  Unknown               Unknown  Unknown
193: ufs_model_gfs.x    0000000000FE92FA  Unknown               Unknown  Unknown
193: ufs_model_gfs.x    0000000000A18F00  Unknown               Unknown  Unknown
193: ufs_model_gfs.x    0000000000736BE1  Unknown               Unknown  Unknown
193: ufs_model_gfs.x    0000000000448377  Unknown               Unknown  Unknown
193: ufs_model_gfs.x    0000000000447BCA  Unknown               Unknown  Unknown
193: ufs_model_gfs.x    0000000000D51C38  Unknown               Unknown  Unknown
193: ufs_model_gfs.x    0000000000D51BA6  Unknown               Unknown  Unknown
193: ufs_model_gfs.x    0000000000D5067C  Unknown               Unknown  Unknown
193: ufs_model_gfs.x    0000000000B937FE  Unknown               Unknown  Unknown
193: ufs_model_gfs.x    0000000000444BEF  Unknown               Unknown  Unknown
193: ufs_model_gfs.x    0000000000FE7855  Unknown               Unknown  Unknown
193: ufs_model_gfs.x    0000000000FEC0FF  Unknown               Unknown  Unknown
193: ufs_model_gfs.x    0000000000C9628A  Unknown               Unknown  Unknown
193: ufs_model_gfs.x    0000000000CB7D0F  Unknown               Unknown  Unknown
193: ufs_model_gfs.x    0000000000FE92FA  Unknown               Unknown  Unknown
193: ufs_model_gfs.x    0000000000A18F00  Unknown               Unknown  Unknown
193: ufs_model_gfs.x    0000000000736BE1  Unknown               Unknown  Unknown
193: ufs_model_gfs.x    0000000000436749  MAIN__                    409  UFS.F90
193: ufs_model_gfs.x    000000000043549D  Unknown               Unknown  Unknown
193: libc.so.6          0000146EED9EAEEC  Unknown               Unknown  Unknown
193: libc.so.6          0000146EED9EAFB5  __libc_start_main     Unknown  Unknown
193: ufs_model_gfs.x    00000000004353A1  Unknown               Unknown  Unknown
199: forrtl: error (78): process killed (SIGTERM)
199: Image              PC                Routine            Line        Source             
199: libc.so.6          00001464D0801980  Unknown               Unknown  Unknown
199: libc.so.6          00001464D08BE1E7  __sched_yield         Unknown  Unknown
199: libmpi_intel.so.1  00001464D11D166D  MPI_Probe             Unknown  Unknown
199: ufs_model_gfs.x    0000000000CAC940  Unknown               Unknown  Unknown
199: ufs_model_gfs.x    000000000101F1BA  Unknown               Unknown  Unknown
199: ufs_model_gfs.x    000000000101D613  Unknown               Unknown  Unknown
199: ufs_model_gfs.x    0000000001277EB2  Unknown               Unknown  Unknown
199: ufs_model_gfs.x    0000000001269A7F  Unknown               Unknown  Unknown
199: ufs_model_gfs.x    0000000000C260A6  Unknown               Unknown  Unknown
199: ufs_model_gfs.x    00000000009D667F  Unknown               Unknown  Unknown
199: ufs_model_gfs.x    000000000303A444  ufsatm_cap_mod_mp        1603  ufsatm_cap.F90
199: ufs_model_gfs.x    0000000003038A72  ufsatm_cap_mod_mp        1440  ufsatm_cap.F90
199: ufs_model_gfs.x    0000000000D51C38  Unknown               Unknown  Unknown
199: ufs_model_gfs.x    0000000000D51BA6  Unknown               Unknown  Unknown
199: ufs_model_gfs.x    0000000000D5067C  Unknown               Unknown  Unknown
199: ufs_model_gfs.x    0000000000B937FE  Unknown               Unknown  Unknown
199: ufs_model_gfs.x    0000000006AC85DA  Unknown               Unknown  Unknown
199: ufs_model_gfs.x    0000000000FE7855  Unknown               Unknown  Unknown
199: ufs_model_gfs.x    0000000000FEC0FF  Unknown               Unknown  Unknown
199: ufs_model_gfs.x    0000000000C9628A  Unknown               Unknown  Unknown
199: ufs_model_gfs.x    0000000000CB7D0F  Unknown               Unknown  Unknown
199: ufs_model_gfs.x    0000000000FE92FA  Unknown               Unknown  Unknown
199: ufs_model_gfs.x    0000000000A18F00  Unknown               Unknown  Unknown
199: ufs_model_gfs.x    0000000000736BE1  Unknown               Unknown  Unknown
199: ufs_model_gfs.x    0000000000448377  Unknown               Unknown  Unknown
199: ufs_model_gfs.x    0000000000447BCA  Unknown               Unknown  Unknown
199: ufs_model_gfs.x    0000000000D51C38  Unknown               Unknown  Unknown
199: ufs_model_gfs.x    0000000000D51BA6  Unknown               Unknown  Unknown
199: ufs_model_gfs.x    0000000000D5067C  Unknown               Unknown  Unknown
199: ufs_model_gfs.x    0000000000B937FE  Unknown               Unknown  Unknown
199: ufs_model_gfs.x    0000000000444BEF  Unknown               Unknown  Unknown
199: ufs_model_gfs.x    0000000000FE7855  Unknown               Unknown  Unknown
199: ufs_model_gfs.x    0000000000FEC0FF  Unknown               Unknown  Unknown
199: ufs_model_gfs.x    0000000000C9628A  Unknown               Unknown  Unknown
199: ufs_model_gfs.x    0000000000CB7D0F  Unknown               Unknown  Unknown
199: ufs_model_gfs.x    0000000000FE92FA  Unknown               Unknown  Unknown
199: ufs_model_gfs.x    0000000000A18F00  Unknown               Unknown  Unknown
199: ufs_model_gfs.x    0000000000736BE1  Unknown               Unknown  Unknown
199: ufs_model_gfs.x    0000000000436749  MAIN__                    409  UFS.F90
199: ufs_model_gfs.x    000000000043549D  Unknown               Unknown  Unknown
199: libc.so.6          00001464D07EAEEC  Unknown               Unknown  Unknown
199: libc.so.6          00001464D07EAFB5  __libc_start_main     Unknown  Unknown
199: ufs_model_gfs.x    00000000004353A1  Unknown               Unknown  Unknown
336: forrtl: error (78): process killed (SIGTERM)
336: Image              PC                Routine            Line        Source             
336: libc.so.6          0000152C43601980  Unknown               Unknown  Unknown
336: libc.so.6          0000152C436BE1E7  __sched_yield         Unknown  Unknown
336: libmpi_intel.so.1  0000152C4455C815  Unknown               Unknown  Unknown
336: libmpi_intel.so.1  0000152C44599335  Unknown               Unknown  Unknown
336: libmpi_intel.so.1  0000152C44599B31  MPI_Waitall           Unknown  Unknown
336: libmpifort_intel.  0000152C46EF383E  pmpi_waitall          Unknown  Unknown
336: ufs_model_gfs.x    000000000640CFA7  ice_boundary_mp_i        1511  ice_boundary.F90
336: ufs_model_gfs.x    0000000006601A3E  ice_transport_rem         551  ice_transport_remap.F90
336: ufs_model_gfs.x    00000000065ED301  ice_transport_dri         539  ice_transport_driver.F90
336: ufs_model_gfs.x    00000000066BE8EE  ice_step_mod_mp_s        1047  ice_step_mod.F90
336: ufs_model_gfs.x    000000000648DFC0  cice_runmod_mp_ci         270  CICE_RunMod.F90
336: ufs_model_gfs.x    00000000060F8F68  ice_comp_nuopc_mp        1273  ice_comp_nuopc.F90
336: ufs_model_gfs.x    0000000000D51C38  Unknown               Unknown  Unknown
336: ufs_model_gfs.x    0000000000D51BA6  Unknown               Unknown  Unknown
336: ufs_model_gfs.x    0000000000D5067C  Unknown               Unknown  Unknown
336: ufs_model_gfs.x    0000000000B937FE  Unknown               Unknown  Unknown
336: ufs_model_gfs.x    0000000006AC85DA  Unknown               Unknown  Unknown
336: ufs_model_gfs.x    0000000000FE7855  Unknown               Unknown  Unknown
336: ufs_model_gfs.x    0000000000FEC0FF  Unknown               Unknown  Unknown
336: ufs_model_gfs.x    0000000000C9649A  Unknown               Unknown  Unknown
336: ufs_model_gfs.x    0000000000CB7D0F  Unknown               Unknown  Unknown
336: ufs_model_gfs.x    0000000000FE92FA  Unknown               Unknown  Unknown
336: ufs_model_gfs.x    0000000000A18F00  Unknown               Unknown  Unknown
336: ufs_model_gfs.x    0000000000736BE1  Unknown               Unknown  Unknown
336: ufs_model_gfs.x    0000000000448377  Unknown               Unknown  Unknown
336: ufs_model_gfs.x    0000000000447BCA  Unknown               Unknown  Unknown
336: ufs_model_gfs.x    0000000000D51C38  Unknown               Unknown  Unknown
336: ufs_model_gfs.x    0000000000D51BA6  Unknown               Unknown  Unknown
336: ufs_model_gfs.x    0000000000D5067C  Unknown               Unknown  Unknown
336: ufs_model_gfs.x    0000000000B937FE  Unknown               Unknown  Unknown
336: ufs_model_gfs.x    0000000000444BEF  Unknown               Unknown  Unknown
336: ufs_model_gfs.x    0000000000FE7855  Unknown               Unknown  Unknown
336: ufs_model_gfs.x    0000000000FEC0FF  Unknown               Unknown  Unknown
336: ufs_model_gfs.x    0000000000C9628A  Unknown               Unknown  Unknown
336: ufs_model_gfs.x    0000000000CB7D0F  Unknown               Unknown  Unknown
336: ufs_model_gfs.x    0000000000FE92FA  Unknown               Unknown  Unknown
336: ufs_model_gfs.x    0000000000A18F00  Unknown               Unknown  Unknown
336: ufs_model_gfs.x    0000000000736BE1  Unknown               Unknown  Unknown
336: ufs_model_gfs.x    0000000000436749  MAIN__                    409  UFS.F90
336: ufs_model_gfs.x    000000000043549D  Unknown               Unknown  Unknown
336: libc.so.6          0000152C435EAEEC  Unknown               Unknown  Unknown
336: libc.so.6          0000152C435EAFB5  __libc_start_main     Unknown  Unknown
336: ufs_model_gfs.x    00000000004353A1  Unknown               Unknown  Unknown
194: forrtl: error (78): process killed (SIGTERM)
194: Image              PC                Routine            Line        Source             
194: libc.so.6          00001485D1201980  Unknown               Unknown  Unknown
194: libc.so.6          00001485D12BE1E7  __sched_yield         Unknown  Unknown
194: libmpi_intel.so.1  00001485D1BB92AC  Unknown               Unknown  Unknown
194: libmpi_intel.so.1  00001485D1BD06BC  MPI_Probe             Unknown  Unknown
194: ufs_model_gfs.x    0000000000CAC940  Unknown               Unknown  Unknown
194: ufs_model_gfs.x    000000000101F1BA  Unknown               Unknown  Unknown
194: ufs_model_gfs.x    000000000101D613  Unknown               Unknown  Unknown
194: ufs_model_gfs.x    0000000001277EB2  Unknown               Unknown  Unknown
194: ufs_model_gfs.x    0000000001269A7F  Unknown               Unknown  Unknown
194: ufs_model_gfs.x    0000000000C260A6  Unknown               Unknown  Unknown
194: ufs_model_gfs.x    00000000009D667F  Unknown               Unknown  Unknown
194: ufs_model_gfs.x    000000000303A444  ufsatm_cap_mod_mp        1603  ufsatm_cap.F90
194: ufs_model_gfs.x    0000000003038A72  ufsatm_cap_mod_mp        1440  ufsatm_cap.F90
194: ufs_model_gfs.x    0000000000D51C38  Unknown               Unknown  Unknown
194: ufs_model_gfs.x    0000000000D51BA6  Unknown               Unknown  Unknown
194: ufs_model_gfs.x    0000000000D5067C  Unknown               Unknown  Unknown
194: ufs_model_gfs.x    0000000000B937FE  Unknown               Unknown  Unknown
194: ufs_model_gfs.x    0000000006AC85DA  Unknown               Unknown  Unknown
194: ufs_model_gfs.x    0000000000FE7855  Unknown               Unknown  Unknown
194: ufs_model_gfs.x    0000000000FEC0FF  Unknown               Unknown  Unknown
194: ufs_model_gfs.x    0000000000C9628A  Unknown               Unknown  Unknown
194: ufs_model_gfs.x    0000000000CB7D0F  Unknown               Unknown  Unknown
194: ufs_model_gfs.x    0000000000FE92FA  Unknown               Unknown  Unknown
194: ufs_model_gfs.x    0000000000A18F00  Unknown               Unknown  Unknown
194: ufs_model_gfs.x    0000000000736BE1  Unknown               Unknown  Unknown
194: ufs_model_gfs.x    0000000000448377  Unknown               Unknown  Unknown
194: ufs_model_gfs.x    0000000000447BCA  Unknown               Unknown  Unknown
194: ufs_model_gfs.x    0000000000D51C38  Unknown               Unknown  Unknown
194: ufs_model_gfs.x    0000000000D51BA6  Unknown               Unknown  Unknown
194: ufs_model_gfs.x    0000000000D5067C  Unknown               Unknown  Unknown
194: ufs_model_gfs.x    0000000000B937FE  Unknown               Unknown  Unknown
194: ufs_model_gfs.x    0000000000444BEF  Unknown               Unknown  Unknown
194: ufs_model_gfs.x    0000000000FE7855  Unknown               Unknown  Unknown
194: ufs_model_gfs.x    0000000000FEC0FF  Unknown               Unknown  Unknown
194: ufs_model_gfs.x    0000000000C9628A  Unknown               Unknown  Unknown
194: ufs_model_gfs.x    0000000000CB7D0F  Unknown               Unknown  Unknown
194: ufs_model_gfs.x    0000000000FE92FA  Unknown               Unknown  Unknown
194: ufs_model_gfs.x    0000000000A18F00  Unknown               Unknown  Unknown
194: ufs_model_gfs.x    0000000000736BE1  Unknown               Unknown  Unknown
194: ufs_model_gfs.x    0000000000436749  MAIN__                    409  UFS.F90
194: ufs_model_gfs.x    000000000043549D  Unknown               Unknown  Unknown
194: libc.so.6          00001485D11EAEEC  Unknown               Unknown  Unknown
194: libc.so.6          00001485D11EAFB5  __libc_start_main     Unknown  Unknown
194: ufs_model_gfs.x    00000000004353A1  Unknown               Unknown  Unknown
316: forrtl: error (78): process killed (SIGTERM)
316: Image              PC                Routine            Line        Source             
316: libc.so.6          0000153D4CA01980  Unknown               Unknown  Unknown
316: libc.so.6          0000153D4CABE1E7  __sched_yield         Unknown  Unknown
316: libmpi_intel.so.1  0000153D4D95C815  Unknown               Unknown  Unknown
316: libmpi_intel.so.1  0000153D4D999335  Unknown               Unknown  Unknown
316: libmpi_intel.so.1  0000153D4D999B31  MPI_Waitall           Unknown  Unknown
316: libmpifort_intel.  0000153D4FDAC83E  pmpi_waitall          Unknown  Unknown
316: ufs_model_gfs.x    000000000640CFA7  ice_boundary_mp_i        1511  ice_boundary.F90
316: ufs_model_gfs.x    0000000006601A3E  ice_transport_rem         551  ice_transport_remap.F90
316: ufs_model_gfs.x    00000000065ED301  ice_transport_dri         539  ice_transport_driver.F90
316: ufs_model_gfs.x    00000000066BE8EE  ice_step_mod_mp_s        1047  ice_step_mod.F90
316: ufs_model_gfs.x    000000000648DFC0  cice_runmod_mp_ci         270  CICE_RunMod.F90
316: ufs_model_gfs.x    00000000060F8F68  ice_comp_nuopc_mp        1273  ice_comp_nuopc.F90
316: ufs_model_gfs.x    0000000000D51C38  Unknown               Unknown  Unknown
316: ufs_model_gfs.x    0000000000D51BA6  Unknown               Unknown  Unknown
316: ufs_model_gfs.x    0000000000D5067C  Unknown               Unknown  Unknown
316: ufs_model_gfs.x    0000000000B937FE  Unknown               Unknown  Unknown
316: ufs_model_gfs.x    0000000006AC85DA  Unknown               Unknown  Unknown
316: ufs_model_gfs.x    0000000000FE7855  Unknown               Unknown  Unknown
316: ufs_model_gfs.x    0000000000FEC0FF  Unknown               Unknown  Unknown
316: ufs_model_gfs.x    0000000000C9649A  Unknown               Unknown  Unknown
316: ufs_model_gfs.x    0000000000CB7D0F  Unknown               Unknown  Unknown
316: ufs_model_gfs.x    0000000000FE92FA  Unknown               Unknown  Unknown
316: ufs_model_gfs.x    0000000000A18F00  Unknown               Unknown  Unknown
316: ufs_model_gfs.x    0000000000736BE1  Unknown               Unknown  Unknown
316: ufs_model_gfs.x    0000000000448377  Unknown               Unknown  Unknown
316: ufs_model_gfs.x    0000000000447BCA  Unknown               Unknown  Unknown
316: ufs_model_gfs.x    0000000000D51C38  Unknown               Unknown  Unknown
316: ufs_model_gfs.x    0000000000D51BA6  Unknown               Unknown  Unknown
316: ufs_model_gfs.x    0000000000D5067C  Unknown               Unknown  Unknown
316: ufs_model_gfs.x    0000000000B937FE  Unknown               Unknown  Unknown
316: ufs_model_gfs.x    0000000000444BEF  Unknown               Unknown  Unknown
316: ufs_model_gfs.x    0000000000FE7855  Unknown               Unknown  Unknown
316: ufs_model_gfs.x    0000000000FEC0FF  Unknown               Unknown  Unknown
316: ufs_model_gfs.x    0000000000C9628A  Unknown               Unknown  Unknown
316: ufs_model_gfs.x    0000000000CB7D0F  Unknown               Unknown  Unknown
316: ufs_model_gfs.x    0000000000FE92FA  Unknown               Unknown  Unknown
316: ufs_model_gfs.x    0000000000A18F00  Unknown               Unknown  Unknown
316: ufs_model_gfs.x    0000000000736BE1  Unknown               Unknown  Unknown
316: ufs_model_gfs.x    0000000000436749  MAIN__                    409  UFS.F90
316: ufs_model_gfs.x    000000000043549D  Unknown               Unknown  Unknown
316: libc.so.6          0000153D4C9EAEEC  Unknown               Unknown  Unknown
316: libc.so.6          0000153D4C9EAFB5  __libc_start_main     Unknown  Unknown
316: ufs_model_gfs.x    00000000004353A1  Unknown               Unknown  Unknown
319: forrtl: error (78): process killed (SIGTERM)
319: Image              PC                Routine            Line        Source             
319: libc.so.6          000014BC4CA01980  Unknown               Unknown  Unknown
319: libc.so.6          000014BC4CABE1E7  __sched_yield         Unknown  Unknown
319: libmpi_intel.so.1  000014BC4D95C815  Unknown               Unknown  Unknown
319: libmpi_intel.so.1  000014BC4D999335  Unknown               Unknown  Unknown
319: libmpi_intel.so.1  000014BC4D999B31  MPI_Waitall           Unknown  Unknown
319: libmpifort_intel.  000014BC4FDAC83E  pmpi_waitall          Unknown  Unknown
319: ufs_model_gfs.x    00000000064198FF  ice_boundary_mp_i        3071  ice_boundary.F90
319: ufs_model_gfs.x    0000000006601A96  ice_transport_rem         559  ice_transport_remap.F90
319: ufs_model_gfs.x    00000000065ED301  ice_transport_dri         539  ice_transport_driver.F90
319: ufs_model_gfs.x    00000000066BE8EE  ice_step_mod_mp_s        1047  ice_step_mod.F90
319: ufs_model_gfs.x    000000000648DFC0  cice_runmod_mp_ci         270  CICE_RunMod.F90
319: ufs_model_gfs.x    00000000060F8F68  ice_comp_nuopc_mp        1273  ice_comp_nuopc.F90
319: ufs_model_gfs.x    0000000000D51C38  Unknown               Unknown  Unknown
319: ufs_model_gfs.x    0000000000D51BA6  Unknown               Unknown  Unknown
319: ufs_model_gfs.x    0000000000D5067C  Unknown               Unknown  Unknown
319: ufs_model_gfs.x    0000000000B937FE  Unknown               Unknown  Unknown
319: ufs_model_gfs.x    0000000006AC85DA  Unknown               Unknown  Unknown
319: ufs_model_gfs.x    0000000000FE7855  Unknown               Unknown  Unknown
319: ufs_model_gfs.x    0000000000FEC0FF  Unknown               Unknown  Unknown
319: ufs_model_gfs.x    0000000000C9649A  Unknown               Unknown  Unknown
319: ufs_model_gfs.x    0000000000CB7D0F  Unknown               Unknown  Unknown
319: ufs_model_gfs.x    0000000000FE92FA  Unknown               Unknown  Unknown
319: ufs_model_gfs.x    0000000000A18F00  Unknown               Unknown  Unknown
319: ufs_model_gfs.x    0000000000736BE1  Unknown               Unknown  Unknown
319: ufs_model_gfs.x    0000000000448377  Unknown               Unknown  Unknown
319: ufs_model_gfs.x    0000000000447BCA  Unknown               Unknown  Unknown
319: ufs_model_gfs.x    0000000000D51C38  Unknown               Unknown  Unknown
319: ufs_model_gfs.x    0000000000D51BA6  Unknown               Unknown  Unknown
319: ufs_model_gfs.x    0000000000D5067C  Unknown               Unknown  Unknown
319: ufs_model_gfs.x    0000000000B937FE  Unknown               Unknown  Unknown
319: ufs_model_gfs.x    0000000000444BEF  Unknown               Unknown  Unknown
319: ufs_model_gfs.x    0000000000FE7855  Unknown               Unknown  Unknown
319: ufs_model_gfs.x    0000000000FEC0FF  Unknown               Unknown  Unknown
319: ufs_model_gfs.x    0000000000C9628A  Unknown               Unknown  Unknown
319: ufs_model_gfs.x    0000000000CB7D0F  Unknown               Unknown  Unknown
319: ufs_model_gfs.x    0000000000FE92FA  Unknown               Unknown  Unknown
319: ufs_model_gfs.x    0000000000A18F00  Unknown               Unknown  Unknown
319: ufs_model_gfs.x    0000000000736BE1  Unknown               Unknown  Unknown
319: ufs_model_gfs.x    0000000000436749  MAIN__                    409  UFS.F90
319: ufs_model_gfs.x    000000000043549D  Unknown               Unknown  Unknown
319: libc.so.6          000014BC4C9EAEEC  Unknown               Unknown  Unknown
319: libc.so.6          000014BC4C9EAFB5  __libc_start_main     Unknown  Unknown
319: ufs_model_gfs.x    00000000004353A1  Unknown               Unknown  Unknown
308: forrtl: error (78): process killed (SIGTERM)
308: Image              PC                Routine            Line        Source             
308: libc.so.6          0000145E0A601980  Unknown               Unknown  Unknown
308: libc.so.6          0000145E0A6BE1E7  __sched_yield         Unknown  Unknown
308: libmpi_intel.so.1  0000145E0B55C815  Unknown               Unknown  Unknown
308: libmpi_intel.so.1  0000145E0B599335  Unknown               Unknown  Unknown
308: libmpi_intel.so.1  0000145E0B599B31  MPI_Waitall           Unknown  Unknown
308: libmpifort_intel.  0000145E0D9AC83E  pmpi_waitall          Unknown  Unknown
308: ufs_model_gfs.x    00000000064198FF  ice_boundary_mp_i        3071  ice_boundary.F90
308: ufs_model_gfs.x    0000000006601A96  ice_transport_rem         559  ice_transport_remap.F90
308: ufs_model_gfs.x    00000000065ED301  ice_transport_dri         539  ice_transport_driver.F90
308: ufs_model_gfs.x    00000000066BE8EE  ice_step_mod_mp_s        1047  ice_step_mod.F90
308: ufs_model_gfs.x    000000000648DFC0  cice_runmod_mp_ci         270  CICE_RunMod.F90
308: ufs_model_gfs.x    00000000060F8F68  ice_comp_nuopc_mp        1273  ice_comp_nuopc.F90
308: ufs_model_gfs.x    0000000000D51C38  Unknown               Unknown  Unknown
308: ufs_model_gfs.x    0000000000D51BA6  Unknown               Unknown  Unknown
308: ufs_model_gfs.x    0000000000D5067C  Unknown               Unknown  Unknown
308: ufs_model_gfs.x    0000000000B937FE  Unknown               Unknown  Unknown
308: ufs_model_gfs.x    0000000006AC85DA  Unknown               Unknown  Unknown
308: ufs_model_gfs.x    0000000000FE7855  Unknown               Unknown  Unknown
308: ufs_model_gfs.x    0000000000FEC0FF  Unknown               Unknown  Unknown
308: ufs_model_gfs.x    0000000000C9649A  Unknown               Unknown  Unknown
308: ufs_model_gfs.x    0000000000CB7D0F  Unknown               Unknown  Unknown
308: ufs_model_gfs.x    0000000000FE92FA  Unknown               Unknown  Unknown
308: ufs_model_gfs.x    0000000000A18F00  Unknown               Unknown  Unknown
308: ufs_model_gfs.x    0000000000736BE1  Unknown               Unknown  Unknown
308: ufs_model_gfs.x    0000000000448377  Unknown               Unknown  Unknown
308: ufs_model_gfs.x    0000000000447BCA  Unknown               Unknown  Unknown
308: ufs_model_gfs.x    0000000000D51C38  Unknown               Unknown  Unknown
308: ufs_model_gfs.x    0000000000D51BA6  Unknown               Unknown  Unknown
308: ufs_model_gfs.x    0000000000D5067C  Unknown               Unknown  Unknown
308: ufs_model_gfs.x    0000000000B937FE  Unknown               Unknown  Unknown
308: ufs_model_gfs.x    0000000000444BEF  Unknown               Unknown  Unknown
308: ufs_model_gfs.x    0000000000FE7855  Unknown               Unknown  Unknown
308: ufs_model_gfs.x    0000000000FEC0FF  Unknown               Unknown  Unknown
308: ufs_model_gfs.x    0000000000C9628A  Unknown               Unknown  Unknown
308: ufs_model_gfs.x    0000000000CB7D0F  Unknown               Unknown  Unknown
308: ufs_model_gfs.x    0000000000FE92FA  Unknown               Unknown  Unknown
308: ufs_model_gfs.x    0000000000A18F00  Unknown               Unknown  Unknown
308: ufs_model_gfs.x    0000000000736BE1  Unknown               Unknown  Unknown
308: ufs_model_gfs.x    0000000000436749  MAIN__                    409  UFS.F90
308: ufs_model_gfs.x    000000000043549D  Unknown               Unknown  Unknown
308: libc.so.6          0000145E0A5EAEEC  Unknown               Unknown  Unknown
308: libc.so.6          0000145E0A5EAFB5  __libc_start_main     Unknown  Unknown
308: ufs_model_gfs.x    00000000004353A1  Unknown               Unknown  Unknown
325: forrtl: error (78): process killed (SIGTERM)
325: Image              PC                Routine            Line        Source             
325: libc.so.6          0000152F12A01980  Unknown               Unknown  Unknown
325: libc.so.6          0000152F12ABE1E7  __sched_yield         Unknown  Unknown
325: libmpi_intel.so.1  0000152F1395C815  Unknown               Unknown  Unknown
325: libmpi_intel.so.1  0000152F13999335  Unknown               Unknown  Unknown
325: libmpi_intel.so.1  0000152F13999B31  MPI_Waitall           Unknown  Unknown
325: libmpifort_intel.  0000152F163A883E  pmpi_waitall          Unknown  Unknown
325: ufs_model_gfs.x    000000000642C792  ice_boundary_mp_i        4698  ice_boundary.F90
325: ufs_model_gfs.x    0000000006601CD4  ice_transport_rem         602  ice_transport_remap.F90
325: ufs_model_gfs.x    00000000065ED301  ice_transport_dri         539  ice_transport_driver.F90
325: ufs_model_gfs.x    00000000066BE8EE  ice_step_mod_mp_s        1047  ice_step_mod.F90
325: ufs_model_gfs.x    000000000648DFC0  cice_runmod_mp_ci         270  CICE_RunMod.F90
325: ufs_model_gfs.x    00000000060F8F68  ice_comp_nuopc_mp        1273  ice_comp_nuopc.F90
325: ufs_model_gfs.x    0000000000D51C38  Unknown               Unknown  Unknown
325: ufs_model_gfs.x    0000000000D51BA6  Unknown               Unknown  Unknown
325: ufs_model_gfs.x    0000000000D5067C  Unknown               Unknown  Unknown
325: ufs_model_gfs.x    0000000000B937FE  Unknown               Unknown  Unknown
325: ufs_model_gfs.x    0000000006AC85DA  Unknown               Unknown  Unknown
325: ufs_model_gfs.x    0000000000FE7855  Unknown               Unknown  Unknown
325: ufs_model_gfs.x    0000000000FEC0FF  Unknown               Unknown  Unknown
325: ufs_model_gfs.x    0000000000C9649A  Unknown               Unknown  Unknown
325: ufs_model_gfs.x    0000000000CB7D0F  Unknown               Unknown  Unknown
325: ufs_model_gfs.x    0000000000FE92FA  Unknown               Unknown  Unknown
325: ufs_model_gfs.x    0000000000A18F00  Unknown               Unknown  Unknown
325: ufs_model_gfs.x    0000000000736BE1  Unknown               Unknown  Unknown
325: ufs_model_gfs.x    0000000000448377  Unknown               Unknown  Unknown
325: ufs_model_gfs.x    0000000000447BCA  Unknown               Unknown  Unknown
325: ufs_model_gfs.x    0000000000D51C38  Unknown               Unknown  Unknown
325: ufs_model_gfs.x    0000000000D51BA6  Unknown               Unknown  Unknown
325: ufs_model_gfs.x    0000000000D5067C  Unknown               Unknown  Unknown
325: ufs_model_gfs.x    0000000000B937FE  Unknown               Unknown  Unknown
325: ufs_model_gfs.x    0000000000444BEF  Unknown               Unknown  Unknown
325: ufs_model_gfs.x    0000000000FE7855  Unknown               Unknown  Unknown
325: ufs_model_gfs.x    0000000000FEC0FF  Unknown               Unknown  Unknown
325: ufs_model_gfs.x    0000000000C9628A  Unknown               Unknown  Unknown
325: ufs_model_gfs.x    0000000000CB7D0F  Unknown               Unknown  Unknown
325: ufs_model_gfs.x    0000000000FE92FA  Unknown               Unknown  Unknown
325: ufs_model_gfs.x    0000000000A18F00  Unknown               Unknown  Unknown
325: ufs_model_gfs.x    0000000000736BE1  Unknown               Unknown  Unknown
325: ufs_model_gfs.x    0000000000436749  MAIN__                    409  UFS.F90
325: ufs_model_gfs.x    000000000043549D  Unknown               Unknown  Unknown
325: libc.so.6          0000152F129EAEEC  Unknown               Unknown  Unknown
325: libc.so.6          0000152F129EAFB5  __libc_start_main     Unknown  Unknown
325: ufs_model_gfs.x    00000000004353A1  Unknown               Unknown  Unknown
331: forrtl: error (78): process killed (SIGTERM)
331: Image              PC                Routine            Line        Source             
331: libc.so.6          000014A818001980  Unknown               Unknown  Unknown
331: libc.so.6          000014A8180BE1E7  __sched_yield         Unknown  Unknown
331: libmpi_intel.so.1  000014A818F5C815  Unknown               Unknown  Unknown
331: libmpi_intel.so.1  000014A818F99335  Unknown               Unknown  Unknown
331: libmpi_intel.so.1  000014A818F99B31  MPI_Waitall           Unknown  Unknown
331: libmpifort_intel.  000014A81B8CF83E  pmpi_waitall          Unknown  Unknown
331: ufs_model_gfs.x    000000000640CFA7  ice_boundary_mp_i        1511  ice_boundary.F90
331: ufs_model_gfs.x    0000000006601A3E  ice_transport_rem         551  ice_transport_remap.F90
331: ufs_model_gfs.x    00000000065ED301  ice_transport_dri         539  ice_transport_driver.F90
331: ufs_model_gfs.x    00000000066BE8EE  ice_step_mod_mp_s        1047  ice_step_mod.F90
331: ufs_model_gfs.x    000000000648DFC0  cice_runmod_mp_ci         270  CICE_RunMod.F90
331: ufs_model_gfs.x    00000000060F8F68  ice_comp_nuopc_mp        1273  ice_comp_nuopc.F90
331: ufs_model_gfs.x    0000000000D51C38  Unknown               Unknown  Unknown
331: ufs_model_gfs.x    0000000000D51BA6  Unknown               Unknown  Unknown
331: ufs_model_gfs.x    0000000000D5067C  Unknown               Unknown  Unknown
331: ufs_model_gfs.x    0000000000B937FE  Unknown               Unknown  Unknown
331: ufs_model_gfs.x    0000000006AC85DA  Unknown               Unknown  Unknown
331: ufs_model_gfs.x    0000000000FE7855  Unknown               Unknown  Unknown
331: ufs_model_gfs.x    0000000000FEC0FF  Unknown               Unknown  Unknown
331: ufs_model_gfs.x    0000000000C9649A  Unknown               Unknown  Unknown
331: ufs_model_gfs.x    0000000000CB7D0F  Unknown               Unknown  Unknown
331: ufs_model_gfs.x    0000000000FE92FA  Unknown               Unknown  Unknown
331: ufs_model_gfs.x    0000000000A18F00  Unknown               Unknown  Unknown
331: ufs_model_gfs.x    0000000000736BE1  Unknown               Unknown  Unknown
